{"pid": 61872, "started": 1790171368.1023338, "script": "C:\\Users\\ljh\\tralalero Shooter\\tools\\reststop-previs-v4\\render.py", "threads": 4, "logicalProcessors": [0, 1, 2, 3, 4, 5, 6, 7], "priority": "below-normal", "availableMemoryBytes": 16242528256}
00:01.515  blend            | Read blend: "C:\Users\ljh\tralalero Shooter\outputs\reststop-blender-v4-2026-09-23\reststop-v4.blend"
00:04.765  render           | Saved: 'C:\Users\ljh\tralalero Shooter\outputs\reststop-blender-v4-2026-09-23\images\01-reststop.png'
00:05.968  render           | Saved: 'C:\Users\ljh\tralalero Shooter\outputs\reststop-blender-v4-2026-09-23\images\02-reststop.png'
00:07.578  render           | Saved: 'C:\Users\ljh\tralalero Shooter\outputs\reststop-blender-v4-2026-09-23\images\03-reststop.png'
00:08.843  render           | Saved: 'C:\Users\ljh\tralalero Shooter\outputs\reststop-blender-v4-2026-09-23\images\04-reststop.png'
00:09.843  render           | Saved: 'C:\Users\ljh\tralalero Shooter\outputs\reststop-blender-v4-2026-09-23\images\05-reststop.png'
00:10.968  render           | Saved: 'C:\Users\ljh\tralalero Shooter\outputs\reststop-blender-v4-2026-09-23\images\06-reststop.png'
00:11.890  render           | Saved: 'C:\Users\ljh\tralalero Shooter\outputs\reststop-blender-v4-2026-09-23\images\07-reststop.png'
00:12.718  render           | Saved: 'C:\Users\ljh\tralalero Shooter\outputs\reststop-blender-v4-2026-09-23\images\08-reststop.png'
00:13.515  render           | Saved: 'C:\Users\ljh\tralalero Shooter\outputs\reststop-blender-v4-2026-09-23\images\09-reststop.png'
00:14.343  render           | Saved: 'C:\Users\ljh\tralalero Shooter\outputs\reststop-blender-v4-2026-09-23\images\10-reststop.png'
00:15.437  render           | Saved: 'C:\Users\ljh\tralalero Shooter\outputs\reststop-blender-v4-2026-09-23\images\02-alt.png'
00:16.796  render           | Saved: 'C:\Users\ljh\tralalero Shooter\outputs\reststop-blender-v4-2026-09-23\images\04-alt.png'
00:17.703  render           | Saved: 'C:\Users\ljh\tralalero Shooter\outputs\reststop-blender-v4-2026-09-23\images\07-alt.png'
00:18.546  render           | Saved: 'C:\Users\ljh\tralalero Shooter\outputs\reststop-blender-v4-2026-09-23\images\08-alt.png'
00:19.375  render           | Saved: 'C:\Users\ljh\tralalero Shooter\outputs\reststop-blender-v4-2026-09-23\images\09-alt.png'
TEN_IMAGES_RENDERED
Blender 5.2.1 LTS (hash 9e2066aef7ef built 2026-08-25 02:38:20)

Blender quit
