{"pid": 30060, "started": 1790171448.5030339, "script": "C:\\Users\\ljh\\tralalero Shooter\\tools\\reststop-previs-v4\\verify_export.py", "threads": 4, "logicalProcessors": [0, 1, 2, 3, 4, 5, 6, 7], "priority": "below-normal", "availableMemoryBytes": 16422641664}
Failed to remove: (<built-in function unlink>, 'C:\\Users\\ljh\\AppData\\Roaming\\Blender Foundation\\Blender\\5.2\\extensions\\.local\\lib\\python3.13\\site-packages\\cryptography\\hazmat\\bindings\\_rust.pyd', PermissionError(13, '액세스가 거부되었습니다'))
Failed to remove: (<built-in function rmdir>, 'C:\\Users\\ljh\\AppData\\Roaming\\Blender Foundation\\Blender\\5.2\\extensions\\.local\\lib\\python3.13\\site-packages\\cryptography\\hazmat\\bindings', OSError(41, '디렉터리가 비어 있지 않습니다'))
Failed to remove: (<built-in function rmdir>, 'C:\\Users\\ljh\\AppData\\Roaming\\Blender Foundation\\Blender\\5.2\\extensions\\.local\\lib\\python3.13\\site-packages\\cryptography\\hazmat', OSError(41, '디렉터리가 비어 있지 않습니다'))
Failed to remove: (<built-in function rmdir>, 'C:\\Users\\ljh\\AppData\\Roaming\\Blender Foundation\\Blender\\5.2\\extensions\\.local\\lib\\python3.13\\site-packages\\cryptography', OSError(41, '디렉터리가 비어 있지 않습니다'))
22:50:50 | INFO: Data are loaded, start creating Blender stuff
22:50:50 | INFO: Blender create Mesh node cuboid.173
22:50:50 | INFO: Blender create Mesh node cuboid.172
22:50:50 | INFO: Blender create Mesh node cylinder.044
22:50:50 | INFO: Blender create Mesh node rounded_surface.041
22:50:50 | INFO: Blender create Mesh node rounded_surface.040
22:50:50 | INFO: Blender create Mesh node cuboid.176
22:50:50 | INFO: Blender create Mesh node cylinder.046
22:50:50 | INFO: Blender create Mesh node cuboid.174
22:50:50 | INFO: Blender create Mesh node cylinder.045
22:50:50 | INFO: Blender create Mesh node cuboid.199
22:50:50 | INFO: Blender create Mesh node cuboid.184
22:50:50 | INFO: Blender create Mesh node cuboid.180
22:50:50 | INFO: Blender create Mesh node cuboid.183
22:50:50 | INFO: Blender create Mesh node rounded_surface.044
22:50:50 | INFO: Blender create Mesh node rounded_surface.043
22:50:51 | INFO: Blender create Mesh node cuboid.182
22:50:51 | INFO: Blender create Mesh node cuboid.198
22:50:51 | INFO: Blender create Mesh node rounded_surface.042
22:50:51 | INFO: Blender create Mesh node cylinder.047
22:50:51 | INFO: Blender create Mesh node cylinder.048
22:50:51 | INFO: Blender create Mesh node cylinder.049
22:50:51 | INFO: Blender create Mesh node cylinder.050
22:50:51 | INFO: Blender create Mesh node cuboid.197
22:50:51 | INFO: Blender create Mesh node cuboid.177
22:50:51 | INFO: Blender create Mesh node cuboid.178
22:50:51 | INFO: Blender create Mesh node cuboid.179
22:50:51 | INFO: Blender create Mesh node cuboid.181
22:50:51 | INFO: Blender create Mesh node cuboid.206
22:50:51 | INFO: Blender create Mesh node cuboid.201
22:50:51 | INFO: Blender create Mesh node cuboid.205
22:50:51 | INFO: Blender create Mesh node rounded_surface.047
22:50:51 | INFO: Blender create Mesh node rounded_surface.046
22:50:51 | INFO: Blender create Mesh node cuboid.204
22:50:51 | INFO: Blender create Mesh node rounded_surface.045
22:50:51 | INFO: Blender create Mesh node cuboid.200
22:50:51 | INFO: Blender create Mesh node cuboid.202
22:50:51 | INFO: Blender create Mesh node cuboid.203
22:50:51 | INFO: Blender create Mesh node cuboid.281
22:50:51 | INFO: Blender create Mesh node cuboid.277
22:50:51 | INFO: Blender create Mesh node cuboid.280
22:50:51 | INFO: Blender create Mesh node cuboid.279
22:50:51 | INFO: Blender create Mesh node rounded_surface.048
22:50:51 | INFO: Blender create Mesh node cuboid.215
22:50:51 | INFO: Blender create Mesh node cuboid.276
22:50:51 | INFO: Blender create Mesh node cuboid.278
22:50:51 | INFO: Blender create Mesh node cuboid.364
22:50:51 | INFO: Blender create Mesh node cuboid.367
22:50:51 | INFO: Blender create Mesh node cuboid.365
22:50:51 | INFO: Blender create Mesh node cuboid.366
22:50:51 | INFO: Blender create Mesh node cylinder.105
22:50:51 | INFO: Blender create Mesh node cylinder.106
22:50:51 | INFO: Blender create Mesh node cylinder.107
22:50:51 | INFO: Blender create Mesh node cylinder.108
22:50:51 | INFO: Blender create Mesh node cuboid.282
22:50:51 | INFO: Blender create Mesh node cuboid.368
22:50:51 | INFO: Blender create Mesh node cuboid.370
22:50:51 | INFO: Blender create Mesh node rounded_surface.050
22:50:51 | INFO: Blender create Mesh node cuboid.369
22:50:51 | INFO: Blender create Mesh node rounded_surface.049
22:50:51 | INFO: Blender create Mesh node cuboid.371
22:50:51 | INFO: Blender create Mesh node cuboid.376
22:50:51 | INFO: Blender create Mesh node cuboid.373
22:50:51 | INFO: Blender create Mesh node cuboid.377
22:50:51 | INFO: Blender create Mesh node cylinder.109
22:50:51 | INFO: Blender create Mesh node cuboid.375
22:50:51 | INFO: Blender create Mesh node cuboid.372
22:50:51 | INFO: Blender create Mesh node cuboid.374
22:50:51 | INFO: Blender create Mesh node Automatic_route_01
22:50:51 | INFO: Blender create Mesh node Automatic_route_02
22:50:51 | INFO: Blender create Mesh node Automatic_route_03
22:50:51 | INFO: Blender create Mesh node Automatic_route_04
22:50:51 | INFO: Blender create Mesh node Automatic_route_06
22:50:51 | INFO: Blender create Mesh node Automatic_route_07
22:50:51 | INFO: Blender create Mesh node Automatic_route_08
22:50:51 | INFO: Blender create Mesh node Automatic_route_09
22:50:51 | INFO: Blender create Mesh node Automatic_route_10
22:50:51 | INFO: Blender create Mesh node Convenience_identity
22:50:51 | INFO: Blender create Mesh node cuboid.076
22:50:51 | INFO: Blender create Mesh node cuboid.057
22:50:51 | INFO: Blender create Mesh node cuboid.039
22:50:51 | INFO: Blender create Mesh node cuboid.054
22:50:51 | INFO: Blender create Mesh node Dining_food_menu
22:50:51 | INFO: Blender create Mesh node Dining_food_menu.001
22:50:51 | INFO: Blender create Mesh node Dining_food_menu.002
22:50:51 | INFO: Blender create Mesh node cuboid.042
22:50:51 | INFO: Blender create Mesh node cuboid.041
22:50:51 | INFO: Blender create Mesh node Dining_roof
22:50:51 | INFO: Blender create Mesh node cuboid.058
22:50:51 | INFO: Blender create Mesh node Dining_roof_seam
22:50:51 | INFO: Blender create Mesh node Dining_roof_seam.001
22:50:51 | INFO: Blender create Mesh node Dining_roof_seam.002
22:50:51 | INFO: Blender create Mesh node Dining_roof_seam.003
22:50:51 | INFO: Blender create Mesh node Dining_roof_seam.004
22:50:51 | INFO: Blender create Mesh node Dining_roof_seam.005
22:50:51 | INFO: Blender create Mesh node Dining_roof_seam.006
22:50:51 | INFO: Blender create Mesh node Dining_roof_seam.007
22:50:51 | INFO: Blender create Mesh node Dining_roof_seam.008
22:50:51 | INFO: Blender create Mesh node Dining_roof_seam.009
22:50:51 | INFO: Blender create Mesh node Dining_roof_seam.010
22:50:51 | INFO: Blender create Mesh node Dining_roof_seam.011
22:50:51 | INFO: Blender create Mesh node Dining_roof_seam.012
22:50:51 | INFO: Blender create Mesh node Dining_roof_seam.013
22:50:51 | INFO: Blender create Mesh node Dining_roof_seam.014
22:50:51 | INFO: Blender create Mesh node Dining_roof_seam.015
22:50:51 | INFO: Blender create Mesh node Dining_roof_seam.016
22:50:51 | INFO: Blender create Mesh node Dining_roof_seam.017
22:50:51 | INFO: Blender create Mesh node Dining_roof_seam.018
22:50:51 | INFO: Blender create Mesh node Dining_roof_seam.019
22:50:51 | INFO: Blender create Mesh node Dining_roof_seam.020
22:50:51 | INFO: Blender create Mesh node Dining_roof_seam.021
22:50:51 | INFO: Blender create Mesh node Dining_roof_seam.022
22:50:51 | INFO: Blender create Mesh node Dining_roof_seam.023
22:50:51 | INFO: Blender create Mesh node Dining_roof_seam.024
22:50:51 | INFO: Blender create Mesh node Dining_roof_seam.025
22:50:51 | INFO: Blender create Mesh node Dining_sign
22:50:51 | INFO: Blender create Mesh node cuboid.070
22:50:51 | INFO: Blender create Mesh node Entry_green_guide
22:50:51 | INFO: Blender create Mesh node cuboid.005
22:50:51 | INFO: Blender create Mesh node Entry_sign
22:50:51 | INFO: Blender create Mesh node cuboid.004
22:50:51 | INFO: Blender create Mesh node cuboid.003
22:50:51 | INFO: Blender create Mesh node Exit_guidance
22:50:51 | INFO: Blender create Mesh node Exit_road
22:50:51 | INFO: Blender create Mesh node Exit_road_sign
22:50:51 | INFO: Blender create Mesh node cuboid.130
22:50:51 | INFO: Blender create Mesh node cuboid.131
22:50:51 | INFO: Blender create Mesh node Front_arcade_arch
22:50:51 | INFO: Blender create Mesh node Front_arcade_arch.001
22:50:51 | INFO: Blender create Mesh node Front_arcade_arch.002
22:50:51 | INFO: Blender create Mesh node Front_arcade_arch.003
22:50:51 | INFO: Blender create Mesh node Front_arcade_arch.004
22:50:51 | INFO: Blender create Mesh node Front_arcade_arch.005
22:50:51 | INFO: Blender create Mesh node Front_arcade_arch.006
22:50:51 | INFO: Blender create Mesh node Front_arcade_arch.007
22:50:51 | INFO: Blender create Mesh node Front_arcade_arch.008
22:50:51 | INFO: Blender create Mesh node Front_arcade_arch.009
22:50:51 | INFO: Blender create Mesh node Front_arcade_arch.010
22:50:51 | INFO: Blender create Mesh node Front_arcade_arch.011
22:50:51 | INFO: Blender create Mesh node Front_arcade_arch.012
22:50:51 | INFO: Blender create Mesh node Front_arcade_arch.013
22:50:51 | INFO: Blender create Mesh node Front_arcade_arch.014
22:50:51 | INFO: Blender create Mesh node Front_arcade_arch.015
22:50:51 | INFO: Blender create Mesh node Front_arcade_arch.016
22:50:51 | INFO: Blender create Mesh node Front_arcade_arch.017
22:50:51 | INFO: Blender create Mesh node Front_arcade_arch.018
22:50:51 | INFO: Blender create Mesh node Front_arcade_arch.019
22:50:51 | INFO: Blender create Mesh node Front_arcade_arch.020
22:50:51 | INFO: Blender create Mesh node Front_arcade_arch.021
22:50:51 | INFO: Blender create Mesh node Front_arcade_arch.022
22:50:51 | INFO: Blender create Mesh node Front_arcade_arch.023
22:50:51 | INFO: Blender create Mesh node Front_arcade_arch.024
22:50:51 | INFO: Blender create Mesh node Front_arcade_arch.025
22:50:51 | INFO: Blender create Mesh node Front_arcade_arch.026
22:50:51 | INFO: Blender create Mesh node Front_arcade_arch.027
22:50:51 | INFO: Blender create Mesh node Front_arcade_arch.028
22:50:51 | INFO: Blender create Mesh node Front_arcade_arch.029
22:50:51 | INFO: Blender create Mesh node Front_arcade_arch.030
22:50:51 | INFO: Blender create Mesh node Front_arcade_arch.031
22:50:51 | INFO: Blender create Mesh node Front_arcade_arch.032
22:50:51 | INFO: Blender create Mesh node Front_arcade_arch.033
22:50:51 | INFO: Blender create Mesh node Front_arcade_arch.034
22:50:51 | INFO: Blender create Mesh node Front_arcade_arch.035
22:50:51 | INFO: Blender create Mesh node Front_arcade_arch.036
22:50:51 | INFO: Blender create Mesh node Front_arcade_arch.037
22:50:51 | INFO: Blender create Mesh node Front_arcade_arch.038
22:50:51 | INFO: Blender create Mesh node Front_arcade_arch.039
22:50:51 | INFO: Blender create Mesh node Front_arcade_arch.040
22:50:51 | INFO: Blender create Mesh node Front_arcade_arch.041
22:50:51 | INFO: Blender create Mesh node Front_arcade_arch.042
22:50:51 | INFO: Blender create Mesh node Front_arcade_arch.043
22:50:51 | INFO: Blender create Mesh node Front_arcade_arch.044
22:50:51 | INFO: Blender create Mesh node Front_arcade_arch.045
22:50:51 | INFO: Blender create Mesh node Front_arcade_arch.046
22:50:51 | INFO: Blender create Mesh node Front_arcade_arch.047
22:50:51 | INFO: Blender create Mesh node Front_arcade_arch.048
22:50:51 | INFO: Blender create Mesh node Front_arcade_arch.049
22:50:51 | INFO: Blender create Mesh node Front_arcade_arch.050
22:50:51 | INFO: Blender create Mesh node Front_arcade_arch.051
22:50:51 | INFO: Blender create Mesh node Front_arcade_arch.052
22:50:51 | INFO: Blender create Mesh node Front_arcade_transparent_cover
22:50:51 | INFO: Blender create Mesh node cuboid.119
22:50:51 | INFO: Blender create Mesh node cuboid.120
22:50:51 | INFO: Blender create Mesh node cuboid.121
22:50:51 | INFO: Blender create Mesh node cuboid.113
22:50:51 | INFO: Blender create Mesh node Fuel_identity
22:50:51 | INFO: Blender create Mesh node cuboid.126
22:50:51 | INFO: Blender create Mesh node Fuel_shop_name
22:50:51 | INFO: Blender create Mesh node Hall_counter_menu
22:50:51 | INFO: Blender create Mesh node Hall_counter_menu.001
22:50:51 | INFO: Blender create Mesh node Hall_counter_menu.002
22:50:51 | INFO: Blender create Mesh node Highway
22:50:51 | INFO: Blender create Mesh node cuboid.379
22:50:51 | INFO: Blender create Mesh node cylinder.110
22:50:51 | INFO: Blender create Mesh node rounded_surface.053
22:50:51 | INFO: Blender create Mesh node rounded_surface.052
22:50:51 | INFO: Blender create Mesh node rounded_surface.051
22:50:51 | INFO: Blender create Mesh node cuboid.378
22:50:51 | INFO: Blender create Mesh node cylinder.111
22:50:51 | INFO: Blender create Mesh node cuboid.074
22:50:51 | INFO: Blender create Mesh node cuboid.071
22:50:51 | INFO: Blender create Mesh node Large_convenience_store_roof
22:50:51 | INFO: Blender create Mesh node cuboid.075
22:50:51 | INFO: Blender create Mesh node Large_convenience_store_roof_seam
22:50:51 | INFO: Blender create Mesh node Large_convenience_store_roof_seam.001
22:50:51 | INFO: Blender create Mesh node Large_convenience_store_roof_seam.002
22:50:51 | INFO: Blender create Mesh node Large_convenience_store_roof_seam.003
22:50:51 | INFO: Blender create Mesh node Large_convenience_store_roof_seam.004
22:50:51 | INFO: Blender create Mesh node Large_convenience_store_roof_seam.005
22:50:51 | INFO: Blender create Mesh node Large_convenience_store_roof_seam.006
22:50:51 | INFO: Blender create Mesh node Large_convenience_store_roof_seam.007
22:50:51 | INFO: Blender create Mesh node Large_convenience_store_roof_seam.008
22:50:51 | INFO: Blender create Mesh node Large_convenience_store_roof_seam.009
22:50:51 | INFO: Blender create Mesh node Large_convenience_store_roof_seam.010
22:50:51 | INFO: Blender create Mesh node Large_convenience_store_roof_seam.011
22:50:51 | INFO: Blender create Mesh node Large_convenience_store_roof_seam.012
22:50:51 | INFO: Blender create Mesh node Large_convenience_store_roof_seam.013
22:50:51 | INFO: Blender create Mesh node Large_convenience_store_roof_seam.014
22:50:51 | INFO: Blender create Mesh node Large_convenience_store_roof_seam.015
22:50:51 | INFO: Blender create Mesh node Large_convenience_store_roof_seam.016
22:50:51 | INFO: Blender create Mesh node Large_convenience_store_roof_seam.017
22:50:51 | INFO: Blender create Mesh node Large_convenience_store_roof_seam.018
22:50:51 | INFO: Blender create Mesh node Large_convenience_store_roof_seam.019
22:50:51 | INFO: Blender create Mesh node Large_convenience_store_roof_seam.020
22:50:51 | INFO: Blender create Mesh node Large_convenience_store_roof_seam.021
22:50:51 | INFO: Blender create Mesh node Large_convenience_store_roof_seam.022
22:50:51 | INFO: Blender create Mesh node Large_convenience_store_roof_seam.023
22:50:51 | INFO: Blender create Mesh node Large_convenience_store_roof_seam.024
22:50:51 | INFO: Blender create Mesh node Large_convenience_store_roof_seam.025
22:50:51 | INFO: Blender create Mesh node Large_convenience_store_roof_seam.026
22:50:51 | INFO: Blender create Mesh node Large_convenience_store_roof_seam.027
22:50:51 | INFO: Blender create Mesh node Large_convenience_store_roof_seam.028
22:50:51 | INFO: Blender create Mesh node Large_convenience_store_roof_seam.029
22:50:51 | INFO: Blender create Mesh node cuboid.014
22:50:51 | INFO: Blender create Mesh node cuboid.038
22:50:51 | INFO: Blender create Mesh node cuboid.035
22:50:51 | INFO: Blender create Mesh node Main_hall_roof
22:50:51 | INFO: Blender create Mesh node cuboid.040
22:50:51 | INFO: Blender create Mesh node Main_hall_roof_seam
22:50:51 | INFO: Blender create Mesh node Main_hall_roof_seam.001
22:50:51 | INFO: Blender create Mesh node Main_hall_roof_seam.002
22:50:51 | INFO: Blender create Mesh node Main_hall_roof_seam.003
22:50:51 | INFO: Blender create Mesh node Main_hall_roof_seam.004
22:50:51 | INFO: Blender create Mesh node Main_hall_roof_seam.005
22:50:51 | INFO: Blender create Mesh node Main_hall_roof_seam.006
22:50:51 | INFO: Blender create Mesh node Main_hall_roof_seam.007
22:50:51 | INFO: Blender create Mesh node Main_hall_roof_seam.008
22:50:51 | INFO: Blender create Mesh node Main_hall_roof_seam.009
22:50:51 | INFO: Blender create Mesh node Main_hall_roof_seam.010
22:50:51 | INFO: Blender create Mesh node Main_hall_roof_seam.011
22:50:51 | INFO: Blender create Mesh node Main_hall_roof_seam.012
22:50:51 | INFO: Blender create Mesh node Main_hall_roof_seam.013
22:50:51 | INFO: Blender create Mesh node Main_hall_roof_seam.014
22:50:51 | INFO: Blender create Mesh node Main_hall_roof_seam.015
22:50:51 | INFO: Blender create Mesh node Main_hall_roof_seam.016
22:50:51 | INFO: Blender create Mesh node Main_hall_roof_seam.017
22:50:51 | INFO: Blender create Mesh node Main_hall_roof_seam.018
22:50:51 | INFO: Blender create Mesh node Main_hall_roof_seam.019
22:50:51 | INFO: Blender create Mesh node Main_hall_roof_seam.020
22:50:51 | INFO: Blender create Mesh node Main_hall_roof_seam.021
22:50:51 | INFO: Blender create Mesh node Main_hall_roof_seam.022
22:50:51 | INFO: Blender create Mesh node Main_hall_roof_seam.023
22:50:51 | INFO: Blender create Mesh node Main_hall_roof_seam.024
22:50:51 | INFO: Blender create Mesh node Main_hall_roof_seam.025
22:50:51 | INFO: Blender create Mesh node Main_hall_roof_seam.026
22:50:51 | INFO: Blender create Mesh node Main_hall_roof_seam.027
22:50:51 | INFO: Blender create Mesh node Main_hall_roof_seam.028
22:50:51 | INFO: Blender create Mesh node Main_hall_roof_seam.029
22:50:51 | INFO: Blender create Mesh node Main_hall_roof_seam.030
22:50:51 | INFO: Blender create Mesh node Main_hall_roof_seam.031
22:50:51 | INFO: Blender create Mesh node Main_hall_roof_seam.032
22:50:51 | INFO: Blender create Mesh node Main_identity
22:50:51 | INFO: Blender create Mesh node cuboid.043
22:50:51 | INFO: Blender create Mesh node Men_zone
22:50:51 | INFO: Blender create Mesh node cuboid.110
22:50:51 | INFO: Blender create Mesh node Outdoor_snack_menu
22:50:51 | INFO: Blender create Mesh node Outdoor_snack_menu.001
22:50:51 | INFO: Blender create Mesh node Outdoor_snack_menu.002
22:50:51 | INFO: Blender create Mesh node cuboid.008
22:50:51 | INFO: Blender create Mesh node cuboid.011
22:50:51 | INFO: Blender create Mesh node cuboid.112
22:50:51 | INFO: Blender create Mesh node Pump_hose
22:50:51 | INFO: Blender create Mesh node Pump_hose.001
22:50:51 | INFO: Blender create Mesh node Pump_hose.002
22:50:51 | INFO: Blender create Mesh node Pump_hose.003
22:50:51 | INFO: Blender create Mesh node Pump_hose.004
22:50:51 | INFO: Blender create Mesh node Pump_hose.005
22:50:51 | INFO: Blender create Mesh node Pump_hose.006
22:50:51 | INFO: Blender create Mesh node Pump_hose.007
22:50:51 | INFO: Blender create Mesh node Rail_boundary_01_1
22:50:51 | INFO: Blender create Mesh node Rail_boundary_01_-1
22:50:51 | INFO: Blender create Mesh node Rail_boundary_02_1
22:50:51 | INFO: Blender create Mesh node Rail_boundary_02_-1
22:50:51 | INFO: Blender create Mesh node Rail_boundary_03_1
22:50:51 | INFO: Blender create Mesh node Rail_boundary_03_-1
22:50:51 | INFO: Blender create Mesh node Rail_boundary_04_1
22:50:51 | INFO: Blender create Mesh node Rail_boundary_04_-1
22:50:51 | INFO: Blender create Mesh node Rail_boundary_06_1
22:50:51 | INFO: Blender create Mesh node Rail_boundary_06_-1
22:50:51 | INFO: Blender create Mesh node Rail_boundary_07_1
22:50:51 | INFO: Blender create Mesh node Rail_boundary_07_-1
22:50:51 | INFO: Blender create Mesh node Rail_boundary_08_1
22:50:51 | INFO: Blender create Mesh node Rail_boundary_08_-1
22:50:51 | INFO: Blender create Mesh node Rail_boundary_09_1
22:50:51 | INFO: Blender create Mesh node Rail_boundary_09_-1
22:50:51 | INFO: Blender create Mesh node Rail_boundary_10_1
22:50:51 | INFO: Blender create Mesh node Rail_boundary_10_-1
22:50:51 | INFO: Blender create Mesh node Restroom
22:50:51 | INFO: Blender create Mesh node cuboid.090
22:50:51 | INFO: Blender create Mesh node cuboid.092
22:50:51 | INFO: Blender create Mesh node Restroom_direction
22:50:51 | INFO: Blender create Mesh node cuboid.089
22:50:51 | INFO: Blender create Mesh node cuboid.098
22:50:51 | INFO: Blender create Mesh node cuboid.096
22:50:51 | INFO: Blender create Mesh node cuboid.097
22:50:51 | INFO: Blender create Mesh node cuboid.116
22:50:51 | INFO: Blender create Mesh node Restroom_identity
22:50:51 | INFO: Blender create Mesh node cuboid.103
22:50:51 | INFO: Blender create Mesh node cuboid.094
22:50:51 | INFO: Blender create Mesh node cuboid.095
22:50:51 | INFO: Blender create Mesh node cuboid.093
22:50:51 | INFO: Blender create Mesh node Restroom_seam
22:50:51 | INFO: Blender create Mesh node Restroom_seam.001
22:50:51 | INFO: Blender create Mesh node Restroom_seam.002
22:50:51 | INFO: Blender create Mesh node Restroom_seam.003
22:50:51 | INFO: Blender create Mesh node Restroom_seam.004
22:50:51 | INFO: Blender create Mesh node Restroom_seam.005
22:50:51 | INFO: Blender create Mesh node Restroom_seam.006
22:50:51 | INFO: Blender create Mesh node Restroom_seam.007
22:50:51 | INFO: Blender create Mesh node Restroom_seam.008
22:50:51 | INFO: Blender create Mesh node Restroom_seam.009
22:50:51 | INFO: Blender create Mesh node Restroom_seam.010
22:50:51 | INFO: Blender create Mesh node Restroom_seam.011
22:50:51 | INFO: Blender create Mesh node Restroom_seam.012
22:50:51 | INFO: Blender create Mesh node Restroom_seam.013
22:50:51 | INFO: Blender create Mesh node Restroom_seam.014
22:50:51 | INFO: Blender create Mesh node Restroom_seam.015
22:50:51 | INFO: Blender create Mesh node Restroom_seam.016
22:50:51 | INFO: Blender create Mesh node Restroom_seam.017
22:50:51 | INFO: Blender create Mesh node Restroom_seam.018
22:50:51 | INFO: Blender create Mesh node Restroom_seam.019
22:50:51 | INFO: Blender create Mesh node Restroom_seam.020
22:50:51 | INFO: Blender create Mesh node Restroom_seam.021
22:50:51 | INFO: Blender create Mesh node Restroom_seam.022
22:50:51 | INFO: Blender create Mesh node Restroom_seam.023
22:50:51 | INFO: Blender create Mesh node Restroom_seam.024
22:50:51 | INFO: Blender create Mesh node Reststop_entry
22:50:51 | INFO: Blender create Mesh node Sink_tap
22:50:51 | INFO: Blender create Mesh node Sink_tap.001
22:50:51 | INFO: Blender create Mesh node Sink_tap.002
22:50:51 | INFO: Blender create Mesh node Sink_tap.003
22:50:51 | INFO: Blender create Mesh node Sink_tap.004
22:50:51 | INFO: Blender create Mesh node Sink_tap.005
22:50:51 | INFO: Blender create Mesh node Sink_tap.006
22:50:51 | INFO: Blender create Mesh node Sink_tap.007
22:50:51 | INFO: Blender create Mesh node Sink_tap.008
22:50:51 | INFO: Blender create Mesh node Sink_tap.009
22:50:51 | INFO: Blender create Mesh node Sink_tap.010
22:50:51 | INFO: Blender create Mesh node Sink_tap.011
22:50:51 | INFO: Blender create Mesh node Sink_tap.012
22:50:51 | INFO: Blender create Mesh node Sink_tap.013
22:50:51 | INFO: Blender create Mesh node Sink_tap.014
22:50:51 | INFO: Blender create Mesh node Sink_tap.015
22:50:51 | INFO: Blender create Mesh node Sink_tap.016
22:50:51 | INFO: Blender create Mesh node Sink_tap.017
22:50:51 | INFO: Blender create Mesh node Sink_tap.018
22:50:51 | INFO: Blender create Mesh node Sink_tap.019
22:50:51 | INFO: Blender create Mesh node Sink_tap.020
22:50:51 | INFO: Blender create Mesh node Sink_tap.021
22:50:51 | INFO: Blender create Mesh node Sink_tap.022
22:50:51 | INFO: Blender create Mesh node Sink_tap.023
22:50:51 | INFO: Blender create Mesh node Sink_tap.024
22:50:51 | INFO: Blender create Mesh node Sink_tap.025
22:50:51 | INFO: Blender create Mesh node Sink_tap.026
22:50:51 | INFO: Blender create Mesh node Sink_tap.027
22:50:51 | INFO: Blender create Mesh node Sink_tap.028
22:50:51 | INFO: Blender create Mesh node Sink_tap.029
22:50:51 | INFO: Blender create Mesh node Sink_tap.030
22:50:51 | INFO: Blender create Mesh node Sink_tap.031
22:50:51 | INFO: Blender create Mesh node Sink_tap.032
22:50:51 | INFO: Blender create Mesh node Sink_tap.033
22:50:51 | INFO: Blender create Mesh node Sink_tap.034
22:50:51 | INFO: Blender create Mesh node Sink_tap.035
22:50:51 | INFO: Blender create Mesh node Sink_tap.036
22:50:51 | INFO: Blender create Mesh node Sink_tap.037
22:50:51 | INFO: Blender create Mesh node Sink_tap.038
22:50:51 | INFO: Blender create Mesh node Sink_tap.039
22:50:51 | INFO: Blender create Mesh node Sink_tap.040
22:50:51 | INFO: Blender create Mesh node Sink_tap.041
22:50:51 | INFO: Blender create Mesh node Sink_tap.042
22:50:51 | INFO: Blender create Mesh node Sink_tap.043
22:50:51 | INFO: Blender create Mesh node Sink_tap.044
22:50:51 | INFO: Blender create Mesh node cuboid.099
22:50:51 | INFO: Blender create Mesh node cuboid.020
22:50:51 | INFO: Blender create Mesh node cuboid.017
22:50:51 | INFO: Blender create Mesh node cuboid.019
22:50:51 | INFO: Blender create Mesh node cuboid.016
22:50:51 | INFO: Blender create Mesh node cuboid.018
22:50:51 | INFO: Blender create Mesh node cuboid.015
22:50:51 | INFO: Blender create Mesh node cuboid
22:50:51 | INFO: Blender create Mesh node Women_zone
22:50:51 | INFO: Blender create Mesh node cuboid.111
22:50:51 | INFO: Blender create Mesh node Vehicle_081_shared
22:50:51 | INFO: Blender create Mesh node Vehicle_082_shared
22:50:51 | INFO: Blender create Mesh node Vehicle_067_shared
22:50:51 | INFO: Blender create Mesh node cuboid.216
22:50:51 | INFO: Blender create Mesh node cuboid.217
22:50:51 | INFO: Blender create Mesh node cuboid.218
22:50:51 | INFO: Blender create Mesh node rounded_surface.007
22:50:51 | INFO: Blender create Mesh node cuboid.059
22:50:51 | INFO: Blender create Mesh node cylinder.016
22:50:51 | INFO: Blender create Mesh node cuboid.219
22:50:51 | INFO: Blender create Mesh node cuboid.220
22:50:51 | INFO: Blender create Mesh node cuboid.221
22:50:51 | INFO: Blender create Mesh node cuboid.222
22:50:51 | INFO: Blender create Mesh node cuboid.223
22:50:51 | INFO: Blender create Mesh node cuboid.224
22:50:51 | INFO: Blender create Mesh node cuboid.225
22:50:51 | INFO: Blender create Mesh node cuboid.226
22:50:51 | INFO: Blender create Mesh node cuboid.227
22:50:51 | INFO: Blender create Mesh node cuboid.228
22:50:51 | INFO: Blender create Mesh node cuboid.229
22:50:51 | INFO: Blender create Mesh node cuboid.230
22:50:51 | INFO: Blender create Mesh node cuboid.231
22:50:51 | INFO: Blender create Mesh node cuboid.232
22:50:51 | INFO: Blender create Mesh node cuboid.233
22:50:51 | INFO: Blender create Mesh node cuboid.234
22:50:51 | INFO: Blender create Mesh node cuboid.235
22:50:51 | INFO: Blender create Mesh node cuboid.236
22:50:51 | INFO: Blender create Mesh node cuboid.237
22:50:51 | INFO: Blender create Mesh node cuboid.238
22:50:51 | INFO: Blender create Mesh node cuboid.239
22:50:51 | INFO: Blender create Mesh node cuboid.240
22:50:51 | INFO: Blender create Mesh node cuboid.241
22:50:51 | INFO: Blender create Mesh node cuboid.242
22:50:51 | INFO: Blender create Mesh node cuboid.243
22:50:51 | INFO: Blender create Mesh node cuboid.244
22:50:51 | INFO: Blender create Mesh node cuboid.245
22:50:51 | INFO: Blender create Mesh node cuboid.246
22:50:51 | INFO: Blender create Mesh node cuboid.247
22:50:51 | INFO: Blender create Mesh node cuboid.248
22:50:51 | INFO: Blender create Mesh node cuboid.249
22:50:51 | INFO: Blender create Mesh node cuboid.250
22:50:51 | INFO: Blender create Mesh node cuboid.251
22:50:51 | INFO: Blender create Mesh node cuboid.252
22:50:51 | INFO: Blender create Mesh node cuboid.253
22:50:51 | INFO: Blender create Mesh node cuboid.254
22:50:51 | INFO: Blender create Mesh node cuboid.255
22:50:51 | INFO: Blender create Mesh node cuboid.256
22:50:51 | INFO: Blender create Mesh node cuboid.257
22:50:51 | INFO: Blender create Mesh node cuboid.258
22:50:51 | INFO: Blender create Mesh node cuboid.259
22:50:51 | INFO: Blender create Mesh node cuboid.260
22:50:51 | INFO: Blender create Mesh node cuboid.261
22:50:51 | INFO: Blender create Mesh node cuboid.262
22:50:51 | INFO: Blender create Mesh node cuboid.263
22:50:51 | INFO: Blender create Mesh node cuboid.264
22:50:51 | INFO: Blender create Mesh node cuboid.265
22:50:51 | INFO: Blender create Mesh node cuboid.266
22:50:51 | INFO: Blender create Mesh node cuboid.267
22:50:51 | INFO: Blender create Mesh node cuboid.268
22:50:51 | INFO: Blender create Mesh node cuboid.269
22:50:51 | INFO: Blender create Mesh node cuboid.270
22:50:51 | INFO: Blender create Mesh node cuboid.271
22:50:51 | INFO: Blender create Mesh node cuboid.272
22:50:51 | INFO: Blender create Mesh node cuboid.273
22:50:51 | INFO: Blender create Mesh node cuboid.274
22:50:51 | INFO: Blender create Mesh node cuboid.275
22:50:51 | INFO: Blender create Mesh node cuboid.185
22:50:51 | INFO: Blender create Mesh node cuboid.186
22:50:51 | INFO: Blender create Mesh node cuboid.187
22:50:51 | INFO: Blender create Mesh node cuboid.188
22:50:51 | INFO: Blender create Mesh node cuboid.189
22:50:51 | INFO: Blender create Mesh node cuboid.190
22:50:51 | INFO: Blender create Mesh node cuboid.191
22:50:51 | INFO: Blender create Mesh node cuboid.192
22:50:51 | INFO: Blender create Mesh node cuboid.193
22:50:51 | INFO: Blender create Mesh node cuboid.194
22:50:51 | INFO: Blender create Mesh node cuboid.195
22:50:51 | INFO: Blender create Mesh node cuboid.196
22:50:51 | INFO: Blender create Mesh node cuboid.207
22:50:51 | INFO: Blender create Mesh node cuboid.208
22:50:51 | INFO: Blender create Mesh node cuboid.209
22:50:51 | INFO: Blender create Mesh node cuboid.210
22:50:51 | INFO: Blender create Mesh node cuboid.211
22:50:51 | INFO: Blender create Mesh node cuboid.212
22:50:51 | INFO: Blender create Mesh node cuboid.213
22:50:51 | INFO: Blender create Mesh node cuboid.214
22:50:51 | INFO: Blender create Mesh node Fixed_water_pipe
22:50:51 | INFO: Blender create Mesh node Fixed_water_pipe.001
22:50:51 | INFO: Blender create Mesh node Vehicle_054_shared
22:50:51 | INFO: Blender create Mesh node Vehicle_083_shared
22:50:52 | INFO: Blender create Mesh node Vehicle_080_shared
22:50:52 | INFO: Blender create Mesh node cuboid.283
22:50:52 | INFO: Blender create Mesh node cylinder.052
22:50:52 | INFO: Blender create Mesh node cylinder.051
22:50:52 | INFO: Blender create Mesh node cuboid.284
22:50:52 | INFO: Blender create Mesh node cuboid.285
22:50:52 | INFO: Blender create Mesh node cuboid.077
22:50:52 | INFO: Blender create Mesh node cuboid.286
22:50:52 | INFO: Blender create Mesh node cylinder.054
22:50:52 | INFO: Blender create Mesh node cylinder.053
22:50:52 | INFO: Blender create Mesh node cuboid.287
22:50:52 | INFO: Blender create Mesh node cuboid.288
22:50:52 | INFO: Blender create Mesh node cuboid.289
22:50:52 | INFO: Blender create Mesh node cylinder.056
22:50:52 | INFO: Blender create Mesh node cylinder.055
22:50:52 | INFO: Blender create Mesh node cuboid.290
22:50:52 | INFO: Blender create Mesh node cuboid.291
22:50:52 | INFO: Blender create Mesh node cuboid.292
22:50:52 | INFO: Blender create Mesh node cylinder.058
22:50:52 | INFO: Blender create Mesh node cylinder.057
22:50:52 | INFO: Blender create Mesh node cuboid.293
22:50:52 | INFO: Blender create Mesh node cuboid.294
22:50:52 | INFO: Blender create Mesh node cuboid.295
22:50:52 | INFO: Blender create Mesh node cylinder.060
22:50:52 | INFO: Blender create Mesh node cylinder.059
22:50:52 | INFO: Blender create Mesh node cuboid.296
22:50:52 | INFO: Blender create Mesh node cuboid.297
22:50:52 | INFO: Blender create Mesh node cuboid.298
22:50:52 | INFO: Blender create Mesh node cylinder.062
22:50:52 | INFO: Blender create Mesh node cylinder.061
22:50:52 | INFO: Blender create Mesh node cuboid.299
22:50:52 | INFO: Blender create Mesh node cuboid.300
22:50:52 | INFO: Blender create Mesh node cuboid.301
22:50:52 | INFO: Blender create Mesh node cylinder.064
22:50:52 | INFO: Blender create Mesh node cylinder.063
22:50:52 | INFO: Blender create Mesh node cuboid.302
22:50:52 | INFO: Blender create Mesh node cuboid.303
22:50:52 | INFO: Blender create Mesh node cuboid.304
22:50:52 | INFO: Blender create Mesh node cylinder.066
22:50:52 | INFO: Blender create Mesh node cylinder.065
22:50:52 | INFO: Blender create Mesh node cuboid.305
22:50:52 | INFO: Blender create Mesh node cuboid.306
22:50:52 | INFO: Blender create Mesh node cuboid.307
22:50:52 | INFO: Blender create Mesh node cylinder.068
22:50:52 | INFO: Blender create Mesh node cylinder.067
22:50:52 | INFO: Blender create Mesh node cuboid.308
22:50:52 | INFO: Blender create Mesh node cuboid.309
22:50:52 | INFO: Blender create Mesh node cuboid.310
22:50:52 | INFO: Blender create Mesh node cylinder.070
22:50:52 | INFO: Blender create Mesh node cylinder.069
22:50:52 | INFO: Blender create Mesh node cuboid.311
22:50:52 | INFO: Blender create Mesh node cuboid.312
22:50:52 | INFO: Blender create Mesh node cuboid.313
22:50:52 | INFO: Blender create Mesh node cylinder.072
22:50:52 | INFO: Blender create Mesh node cylinder.071
22:50:52 | INFO: Blender create Mesh node cuboid.314
22:50:52 | INFO: Blender create Mesh node cuboid.315
22:50:52 | INFO: Blender create Mesh node cuboid.316
22:50:52 | INFO: Blender create Mesh node cylinder.074
22:50:52 | INFO: Blender create Mesh node cylinder.073
22:50:52 | INFO: Blender create Mesh node cuboid.317
22:50:52 | INFO: Blender create Mesh node cuboid.318
22:50:52 | INFO: Blender create Mesh node cuboid.319
22:50:52 | INFO: Blender create Mesh node cylinder.076
22:50:52 | INFO: Blender create Mesh node cylinder.075
22:50:52 | INFO: Blender create Mesh node cuboid.320
22:50:52 | INFO: Blender create Mesh node cuboid.321
22:50:52 | INFO: Blender create Mesh node cuboid.322
22:50:52 | INFO: Blender create Mesh node cylinder.078
22:50:52 | INFO: Blender create Mesh node cylinder.077
22:50:52 | INFO: Blender create Mesh node cuboid.323
22:50:52 | INFO: Blender create Mesh node cuboid.324
22:50:52 | INFO: Blender create Mesh node cuboid.325
22:50:52 | INFO: Blender create Mesh node cylinder.080
22:50:52 | INFO: Blender create Mesh node cylinder.079
22:50:52 | INFO: Blender create Mesh node cuboid.326
22:50:52 | INFO: Blender create Mesh node cuboid.327
22:50:52 | INFO: Blender create Mesh node cuboid.328
22:50:52 | INFO: Blender create Mesh node cylinder.082
22:50:52 | INFO: Blender create Mesh node cylinder.081
22:50:52 | INFO: Blender create Mesh node cuboid.329
22:50:52 | INFO: Blender create Mesh node cuboid.330
22:50:52 | INFO: Blender create Mesh node cuboid.331
22:50:52 | INFO: Blender create Mesh node cylinder.084
22:50:52 | INFO: Blender create Mesh node cylinder.083
22:50:52 | INFO: Blender create Mesh node cuboid.332
22:50:52 | INFO: Blender create Mesh node cuboid.333
22:50:52 | INFO: Blender create Mesh node cuboid.334
22:50:52 | INFO: Blender create Mesh node cylinder.086
22:50:52 | INFO: Blender create Mesh node cylinder.085
22:50:52 | INFO: Blender create Mesh node cuboid.335
22:50:52 | INFO: Blender create Mesh node cuboid.336
22:50:52 | INFO: Blender create Mesh node cuboid.337
22:50:52 | INFO: Blender create Mesh node cylinder.088
22:50:52 | INFO: Blender create Mesh node cylinder.087
22:50:52 | INFO: Blender create Mesh node cuboid.338
22:50:52 | INFO: Blender create Mesh node cuboid.339
22:50:52 | INFO: Blender create Mesh node cuboid.340
22:50:52 | INFO: Blender create Mesh node cylinder.090
22:50:52 | INFO: Blender create Mesh node cylinder.089
22:50:52 | INFO: Blender create Mesh node cuboid.341
22:50:52 | INFO: Blender create Mesh node cuboid.342
22:50:52 | INFO: Blender create Mesh node cuboid.343
22:50:52 | INFO: Blender create Mesh node cylinder.092
22:50:52 | INFO: Blender create Mesh node cylinder.091
22:50:52 | INFO: Blender create Mesh node cuboid.344
22:50:52 | INFO: Blender create Mesh node cuboid.345
22:50:52 | INFO: Blender create Mesh node cuboid.346
22:50:52 | INFO: Blender create Mesh node cylinder.094
22:50:52 | INFO: Blender create Mesh node cylinder.093
22:50:52 | INFO: Blender create Mesh node cuboid.347
22:50:52 | INFO: Blender create Mesh node cuboid.348
22:50:52 | INFO: Blender create Mesh node cuboid.349
22:50:52 | INFO: Blender create Mesh node cylinder.096
22:50:52 | INFO: Blender create Mesh node cylinder.095
22:50:52 | INFO: Blender create Mesh node cuboid.350
22:50:52 | INFO: Blender create Mesh node cuboid.351
22:50:52 | INFO: Blender create Mesh node cuboid.352
22:50:52 | INFO: Blender create Mesh node cylinder.098
22:50:52 | INFO: Blender create Mesh node cylinder.097
22:50:52 | INFO: Blender create Mesh node cuboid.353
22:50:52 | INFO: Blender create Mesh node cuboid.354
22:50:52 | INFO: Blender create Mesh node cuboid.355
22:50:52 | INFO: Blender create Mesh node cylinder.100
22:50:52 | INFO: Blender create Mesh node cylinder.099
22:50:52 | INFO: Blender create Mesh node cuboid.356
22:50:52 | INFO: Blender create Mesh node cuboid.357
22:50:52 | INFO: Blender create Mesh node cuboid.358
22:50:52 | INFO: Blender create Mesh node cylinder.102
22:50:52 | INFO: Blender create Mesh node cylinder.101
22:50:52 | INFO: Blender create Mesh node cuboid.359
22:50:52 | INFO: Blender create Mesh node cuboid.360
22:50:52 | INFO: Blender create Mesh node cuboid.361
22:50:52 | INFO: Blender create Mesh node cylinder.104
22:50:52 | INFO: Blender create Mesh node cylinder.103
22:50:52 | INFO: Blender create Mesh node cuboid.362
22:50:52 | INFO: Blender create Mesh node cuboid.363
22:50:52 | INFO: glTF import finished in 1.78s
FRESH_GLB_VALID {"fresh_import": true, "mesh_objects": 998, "triangles": 1780524, "materials": 32, "min": [-285.0, -393.0, -21.0], "max": [455.0, 257.0, 15.0], "required_zones": {"01_": true, "02_": true, "03_": true, "04_05_": true, "06_": true, "07_": true, "08_": true, "09_": true, "10_": true}, "animation": "Static environment only"}
00:07.562  render           | Saved: 'C:\Users\ljh\tralalero Shooter\outputs\reststop-blender-v4-2026-09-23\fresh-glb-overview.png'
Info: Saved as "reststop-v4-environment-reimport.blend"
Blender 5.2.1 LTS (hash 9e2066aef7ef built 2026-08-25 02:38:20)

Blender quit
