{"pid": 95384, "started": 1790311345.956665, "script": "C:\\Users\\ljh\\tralalero Shooter\\tools\\reconstruct-reststop-toilet-topology.py", "threads": 4, "logicalProcessors": [0, 1, 2, 3, 4, 5, 6, 7], "priority": "below-normal", "availableMemoryBytes": 32916652032}
13:42:26 | INFO: Data are loaded, start creating Blender stuff
13:42:26 | INFO: Blender create Mesh node geometry_0
13:42:27 | INFO: glTF import finished in 0.95s
13:42:27 | INFO: Data are loaded, start creating Blender stuff
13:42:27 | INFO: Blender create Mesh node geometry_0
13:42:28 | INFO: glTF import finished in 0.66s
Traceback (most recent call last):
  File "C:\Users\ljh\tralalero Shooter\tools\run-limited-generation.py", line 57, in <module>
    runpy.run_path(str(args.script.resolve()),run_name='__main__')
    ~~~~~~~~~~~~~~^^^^^^^^^^^^^^^^^^^^^^^^^^^^^^^^^^^^^^^^^^^^^^^^
  File "<frozen runpy>", line 287, in run_path
  File "<frozen runpy>", line 98, in _run_module_code
  File "<frozen runpy>", line 88, in _run_code
  File "C:\Users\ljh\tralalero Shooter\tools\reconstruct-reststop-toilet-topology.py", line 82, in <module>
    triangles=tris(low);assert 0<triangles<=15000,triangles
                               ^^^^^^^^^^^^^^^^^^
AssertionError: 107356

Error: script failed, file: 'tools/run-limited-generation.py', exiting.
Blender 5.2.1 LTS (hash 9e2066aef7ef built 2026-08-25 02:38:20)

Blender quit
