{"pid": 97520, "started": 1790312112.962314, "script": "C:\\Users\\ljh\\tralalero Shooter\\tools\\reconstruct-reststop-toilet-topology.py", "threads": 4, "logicalProcessors": [0, 1, 2, 3, 4, 5, 6, 7], "priority": "below-normal", "availableMemoryBytes": 32802619392}
13:55:13 | INFO: Data are loaded, start creating Blender stuff
13:55:13 | INFO: Blender create Mesh node geometry_0
13:55:14 | INFO: glTF import finished in 0.92s
13:55:14 | INFO: Data are loaded, start creating Blender stuff
13:55:14 | INFO: Blender create Mesh node geometry_0
13:55:15 | INFO: glTF import finished in 0.64s
INFO Draco is available, use library at C:\Users\ljh\AppData\Local\Programs\Blender Foundation\Blender 5.2\5.2\scripts\addons_core\io_scene_gltf2\bf_intern_draco_bridge.dll
INFO MeshOptimizer is available, use library at C:\Users\ljh\AppData\Local\Programs\Blender Foundation\Blender 5.2\5.2\scripts\addons_core\io_scene_gltf2\bf_intern_meshopt_bridge.dll
13:55:30 | INFO: Starting glTF 2.0 export
13:55:30 | INFO: Extracting primitive: geometry_0.001
13:55:30 | INFO: Primitives created: 1
13:55:30 | INFO: Finished glTF 2.0 export in 0.01659679412841797 s

Info: No new files have been packed
Info: Saved as "model.blend"
13:55:31 | INFO: Data are loaded, start creating Blender stuff
13:55:31 | INFO: Blender create Mesh node geometry_0.001
13:55:31 | INFO: glTF import finished in 0.02s
C:\Users\ljh\tralalero Shooter\tools\reststop-production-review-render.py:12: DeprecationWarning: 'Material.use_nodes' is expected to be removed in Blender 6.0
  mat=bpy.data.materials.new('Pre-texture geometry');mat.use_nodes=True;mat.node_tree.nodes['Principled BSDF'].inputs['Base Color'].default_value=(.35,.35,.35,1)
C:\Users\ljh\tralalero Shooter\tools\reststop-production-review-render.py:30: DeprecationWarning: 'World.use_nodes' is expected to be removed in Blender 6.0
  world=bpy.data.worlds.new('Review studio');world.use_nodes=True;world.node_tree.nodes['Background'].inputs['Strength'].default_value=.6;scene.world=world
00:22.203  render           | Saved: 'C:\Users\ljh\tralalero Shooter\outputs\reststop-production-2026-09-24\manual\T03-r6\shape\quality\hero.png'
00:25.406  render           | Saved: 'C:\Users\ljh\tralalero Shooter\outputs\reststop-production-2026-09-24\manual\T03-r6\shape\quality\top.png'
00:28.765  render           | Saved: 'C:\Users\ljh\tralalero Shooter\outputs\reststop-production-2026-09-24\manual\T03-r6\shape\quality\opposite.png'
00:31.984  render           | Saved: 'C:\Users\ljh\tralalero Shooter\outputs\reststop-production-2026-09-24\manual\T03-r6\shape\quality\front.png'
C:\Users\ljh\tralalero Shooter\tools\reststop-production-review-render.py:44: DeprecationWarning: 'Material.use_nodes' is expected to be removed in Blender 6.0
  m=bpy.data.materials.new('Geometry only');m.use_nodes=True;p=m.node_tree.nodes.get('Principled BSDF');p.inputs['Base Color'].default_value=(.35,.35,.35,1);p.inputs['Roughness'].default_value=.75;scene.view_layers[0].material_override=m
00:35.312  render           | Saved: 'C:\Users\ljh\tralalero Shooter\outputs\reststop-production-2026-09-24\manual\T03-r6\shape\quality\neutral.png'
{"folder": "C:\\Users\\ljh\\tralalero Shooter\\outputs\\reststop-production-2026-09-24\\manual\\T03-r6\\shape", "triangles": 14750, "requires_actual_geometry_review": true}
Blender 5.2.1 LTS (hash 9e2066aef7ef built 2026-08-25 02:38:20)

Blender quit
