{"pid": 76520, "started": 1790310595.4553688, "script": "C:\\Users\\ljh\\tralalero Shooter\\tools\\reconstruct-reststop-toilet-topology.py", "threads": 4, "logicalProcessors": [0, 1, 2, 3, 4, 5, 6, 7], "priority": "below-normal", "availableMemoryBytes": 33094299648}
13:29:55 | INFO: Data are loaded, start creating Blender stuff
13:29:55 | INFO: Blender create Mesh node geometry_0
13:29:56 | INFO: glTF import finished in 0.97s
INFO Draco is available, use library at C:\Users\ljh\AppData\Local\Programs\Blender Foundation\Blender 5.2\5.2\scripts\addons_core\io_scene_gltf2\bf_intern_draco_bridge.dll
INFO MeshOptimizer is available, use library at C:\Users\ljh\AppData\Local\Programs\Blender Foundation\Blender 5.2\5.2\scripts\addons_core\io_scene_gltf2\bf_intern_meshopt_bridge.dll
13:29:58 | INFO: Starting glTF 2.0 export
13:29:58 | WARNING: Mesh geometry_0.001 is not valid, and may be exported wrongly
13:29:58 | INFO: Extracting primitive: geometry_0.001
13:29:58 | INFO: Primitives created: 1
13:29:58 | INFO: Finished glTF 2.0 export in 0.016262292861938477 s

Info: No new files have been packed
Info: Saved as "model.blend"
13:29:58 | INFO: Data are loaded, start creating Blender stuff
13:29:58 | INFO: Blender create Mesh node geometry_0.001
13:29:58 | INFO: glTF import finished in 0.03s
C:\Users\ljh\tralalero Shooter\tools\reststop-production-review-render.py:12: DeprecationWarning: 'Material.use_nodes' is expected to be removed in Blender 6.0
  mat=bpy.data.materials.new('Pre-texture geometry');mat.use_nodes=True;mat.node_tree.nodes['Principled BSDF'].inputs['Base Color'].default_value=(.35,.35,.35,1)
C:\Users\ljh\tralalero Shooter\tools\reststop-production-review-render.py:30: DeprecationWarning: 'World.use_nodes' is expected to be removed in Blender 6.0
  world=bpy.data.worlds.new('Review studio');world.use_nodes=True;world.node_tree.nodes['Background'].inputs['Strength'].default_value=.6;scene.world=world
00:06.718  render           | Saved: 'C:\Users\ljh\tralalero Shooter\outputs\reststop-production-2026-09-24\manual\T03-r4\shape\quality\hero.png'
00:09.593  render           | Saved: 'C:\Users\ljh\tralalero Shooter\outputs\reststop-production-2026-09-24\manual\T03-r4\shape\quality\top.png'
00:12.547  render           | Saved: 'C:\Users\ljh\tralalero Shooter\outputs\reststop-production-2026-09-24\manual\T03-r4\shape\quality\opposite.png'
00:15.484  render           | Saved: 'C:\Users\ljh\tralalero Shooter\outputs\reststop-production-2026-09-24\manual\T03-r4\shape\quality\front.png'
C:\Users\ljh\tralalero Shooter\tools\reststop-production-review-render.py:44: DeprecationWarning: 'Material.use_nodes' is expected to be removed in Blender 6.0
  m=bpy.data.materials.new('Geometry only');m.use_nodes=True;p=m.node_tree.nodes.get('Principled BSDF');p.inputs['Base Color'].default_value=(.35,.35,.35,1);p.inputs['Roughness'].default_value=.75;scene.view_layers[0].material_override=m
00:18.422  render           | Saved: 'C:\Users\ljh\tralalero Shooter\outputs\reststop-production-2026-09-24\manual\T03-r4\shape\quality\neutral.png'
{"folder": "C:\\Users\\ljh\\tralalero Shooter\\outputs\\reststop-production-2026-09-24\\manual\\T03-r4\\shape", "triangles": 14726, "requires_actual_geometry_review": true}
Blender 5.2.1 LTS (hash 9e2066aef7ef built 2026-08-25 02:38:20)

Blender quit
