{"pid": 34900, "started": 1790312487.839598, "script": "C:\\Users\\ljh\\tralalero Shooter\\tools\\reconstruct-reststop-toilet-topology.py", "threads": 4, "logicalProcessors": [0, 1, 2, 3, 4, 5, 6, 7], "priority": "below-normal", "availableMemoryBytes": 32695472128}
00:00.750  blend            | Read blend: "C:\Users\ljh\tralalero Shooter\outputs\reststop-production-2026-09-24\manual\T03-r6\shape\model.blend"
APP_STAGE Bake BaseColor
Info: Baking map saved to internal image, save it externally or pack it
APP_STAGE Bake Roughness
Info: Baking map saved to internal image, save it externally or pack it
APP_STAGE Bake Metallic
Info: Baking map saved to internal image, save it externally or pack it
APP_STAGE Bake Normal
Info: Baking map saved to internal image, save it externally or pack it
INFO Draco is available, use library at C:\Users\ljh\AppData\Local\Programs\Blender Foundation\Blender 5.2\5.2\scripts\addons_core\io_scene_gltf2\bf_intern_draco_bridge.dll
INFO MeshOptimizer is available, use library at C:\Users\ljh\AppData\Local\Programs\Blender Foundation\Blender 5.2\5.2\scripts\addons_core\io_scene_gltf2\bf_intern_meshopt_bridge.dll
14:01:36 | INFO: Starting glTF 2.0 export
14:01:36 | INFO: Extracting primitive: geometry_0.001
14:01:36 | WARNING: More than one shader node tex image used for a texture. The resulting glTF sampler will behave like the first shader node tex image.
14:01:36 | INFO: Primitives created: 1
14:01:36 | INFO: Finished glTF 2.0 export in 0.2930006980895996 s


FBX export starting... 'C:\\Users\\ljh\\tralalero Shooter\\outputs\\reststop-production-2026-09-24\\manual\\T03-r6\\final\\model.fbx'
export finished in 0.0250 sec.
Info: Packed 4 file(s)
Info: Saved as "model.blend"
14:01:36 | INFO: Data are loaded, start creating Blender stuff
14:01:36 | INFO: Blender create Mesh node geometry_0.001
14:01:36 | INFO: glTF import finished in 0.02s
C:\Users\ljh\tralalero Shooter\tools\reststop-production-review-render.py:30: DeprecationWarning: 'World.use_nodes' is expected to be removed in Blender 6.0
  world=bpy.data.worlds.new('Review studio');world.use_nodes=True;world.node_tree.nodes['Background'].inputs['Strength'].default_value=.6;scene.world=world
00:13.219  render           | Saved: 'C:\Users\ljh\tralalero Shooter\outputs\reststop-production-2026-09-24\manual\T03-r6\final\quality\hero.png'
00:16.578  render           | Saved: 'C:\Users\ljh\tralalero Shooter\outputs\reststop-production-2026-09-24\manual\T03-r6\final\quality\top.png'
00:20.125  render           | Saved: 'C:\Users\ljh\tralalero Shooter\outputs\reststop-production-2026-09-24\manual\T03-r6\final\quality\opposite.png'
00:23.453  render           | Saved: 'C:\Users\ljh\tralalero Shooter\outputs\reststop-production-2026-09-24\manual\T03-r6\final\quality\front.png'
C:\Users\ljh\tralalero Shooter\tools\reststop-production-review-render.py:44: DeprecationWarning: 'Material.use_nodes' is expected to be removed in Blender 6.0
  m=bpy.data.materials.new('Geometry only');m.use_nodes=True;p=m.node_tree.nodes.get('Principled BSDF');p.inputs['Base Color'].default_value=(.35,.35,.35,1);p.inputs['Roughness'].default_value=.75;scene.view_layers[0].material_override=m
00:26.797  render           | Saved: 'C:\Users\ljh\tralalero Shooter\outputs\reststop-production-2026-09-24\manual\T03-r6\final\quality\neutral.png'
{"folder": "C:\\Users\\ljh\\tralalero Shooter\\outputs\\reststop-production-2026-09-24\\manual\\T03-r6\\final", "triangles": 14750, "fresh_format_and_visual_validation_required": true}
Blender 5.2.1 LTS (hash 9e2066aef7ef built 2026-08-25 02:38:20)

Blender quit
