APP_STAGE Import source GLB
09:51:58 | INFO: Data are loaded, start creating Blender stuff
09:51:58 | INFO: Blender create Mesh node geometry_0
09:51:58 | INFO: glTF import finished in 0.07s
Warning: No mesh data to join
APP_STAGE Clean mesh
APP_STAGE Reduce triangle count
APP_STAGE Unwrap UV atlas
APP_STAGE Bake BaseColor
Blender 4.4.0 (hash 05377985c527 built 2025-03-18 03:22:03)
Fra:1 Mem:464.43M (Peak 487.89M) | Time:01:29:52.70 | Mem:0.00M, Peak:0.00M | Scene | Synchronizing object | Detailed_Source
Fra:1 Mem:477.58M (Peak 496.94M) | Time:01:29:52.72 | Mem:0.00M, Peak:0.00M | Scene | Initializing
Fra:1 Mem:477.57M (Peak 496.94M) | Time:01:29:52.72 | Mem:0.00M, Peak:0.00M | Scene | Updating Images | Loading BaseColor
Fra:1 Mem:477.57M (Peak 496.94M) | Time:01:29:52.72 | Mem:0.00M, Peak:0.00M | Scene | Updating Images | Loading Image_1
Info: Baking map saved to internal image, save it externally or pack it
APP_STAGE Bake Roughness
Fra:1 Mem:466.58M (Peak 1087.00M) | Time:01:29:54.29 | Mem:0.00M, Peak:0.00M | Scene | Synchronizing object | Detailed_Source
Fra:1 Mem:477.60M (Peak 1087.00M) | Time:01:29:54.31 | Mem:0.00M, Peak:0.00M | Scene | Initializing
Fra:1 Mem:477.59M (Peak 1087.00M) | Time:01:29:54.31 | Mem:0.00M, Peak:0.00M | Scene | Updating Images | Loading Roughness
Fra:1 Mem:477.59M (Peak 1087.00M) | Time:01:29:54.31 | Mem:0.00M, Peak:0.00M | Scene | Updating Images | Loading Image_0
Fra:1 Mem:493.59M (Peak 1087.00M) | Time:01:29:54.31 | Mem:0.00M, Peak:0.00M | Scene | Updating Images | Loading Image_1
Info: Baking map saved to internal image, save it externally or pack it
APP_STAGE Bake Metallic
Fra:1 Mem:466.60M (Peak 1087.02M) | Time:01:29:55.80 | Mem:0.00M, Peak:0.00M | Scene | Synchronizing object | Detailed_Source
Fra:1 Mem:477.62M (Peak 1087.02M) | Time:01:29:55.82 | Mem:0.00M, Peak:0.00M | Scene | Initializing
Fra:1 Mem:477.62M (Peak 1087.02M) | Time:01:29:55.82 | Mem:0.00M, Peak:0.00M | Scene | Updating Images | Loading Metallic
Fra:1 Mem:493.62M (Peak 1087.02M) | Time:01:29:55.82 | Mem:0.00M, Peak:0.00M | Scene | Updating Images | Loading Image_1
Fra:1 Mem:493.62M (Peak 1087.02M) | Time:01:29:55.82 | Mem:0.00M, Peak:0.00M | Scene | Updating Images | Loading Image_0
Info: Baking map saved to internal image, save it externally or pack it
APP_STAGE Bake Normal
Fra:1 Mem:466.61M (Peak 1087.04M) | Time:01:29:57.28 | Mem:0.00M, Peak:0.00M | Scene | Synchronizing object | Detailed_Source
Fra:1 Mem:479.50M (Peak 1087.04M) | Time:01:29:57.30 | Mem:0.00M, Peak:0.00M | Scene | Initializing
Fra:1 Mem:479.49M (Peak 1087.04M) | Time:01:29:57.30 | Mem:0.00M, Peak:0.00M | Scene | Updating Images | Loading Normal
Fra:1 Mem:479.49M (Peak 1087.04M) | Time:01:29:57.30 | Mem:0.00M, Peak:0.00M | Scene | Updating Images | Loading Image_0
Fra:1 Mem:511.49M (Peak 1087.04M) | Time:01:29:57.30 | Mem:0.00M, Peak:0.00M | Scene | Updating Images | Loading Image_1
Info: Baking map saved to internal image, save it externally or pack it
APP_STAGE Export FBX and GLB

FBX export starting... 'C:\\Users\\ljh\\tralalero Shooter\\outputs\\harbor-opening-refinement-2026-09-16\\trellis\\02-merchant_330e875fc8\\model.fbx'
export finished in 0.0358 sec.
INFO Draco mesh compression is available, use library at C:\Program Files\Blender Foundation\Blender 4.4\4.4\scripts\addons_core\io_scene_gltf2\extern_draco.dll
09:52:07 | INFO: Starting glTF 2.0 export
09:52:07 | INFO: Extracting primitive: geometry_0.001
09:52:07 | WARNING: More than one shader node tex image used for a texture. The resulting glTF sampler will behave like the first shader node tex image.
09:52:07 | INFO: Primitives created: 1
09:52:07 | INFO: Finished glTF 2.0 export in 0.3123631477355957 s

APP_STAGE Render preview
Fra:1 Mem:98.74M (Peak 162.48M) | Time:00:00.00 | Mem:0.00M, Peak:0.00M | Scene, ViewLayer | Synchronizing object | Asset_Optimized
Fra:1 Mem:102.30M (Peak 162.48M) | Time:00:00.01 | Mem:0.00M, Peak:0.00M | Scene, ViewLayer | Initializing
Fra:1 Mem:102.06M (Peak 162.48M) | Time:00:00.01 | Mem:0.00M, Peak:0.00M | Scene, ViewLayer | Waiting for render to start
Fra:1 Mem:102.06M (Peak 162.48M) | Time:00:00.01 | Mem:0.00M, Peak:0.00M | Scene, ViewLayer | Loading render kernels (may take a few minutes the first time)
Fra:1 Mem:102.06M (Peak 162.48M) | Time:00:00.01 | Mem:0.00M, Peak:0.00M | Scene, ViewLayer | Updating Scene
Fra:1 Mem:102.06M (Peak 162.48M) | Time:00:00.01 | Mem:0.00M, Peak:0.00M | Scene, ViewLayer | Updating Shaders
Fra:1 Mem:102.14M (Peak 162.48M) | Time:00:00.01 | Mem:0.00M, Peak:0.00M | Scene, ViewLayer | Updating Procedurals
Fra:1 Mem:102.14M (Peak 162.48M) | Time:00:00.01 | Mem:0.00M, Peak:0.00M | Scene, ViewLayer | Updating Background
Fra:1 Mem:102.14M (Peak 162.48M) | Time:00:00.01 | Mem:0.00M, Peak:0.00M | Scene, ViewLayer | Updating Camera
Fra:1 Mem:102.14M (Peak 162.48M) | Time:00:00.01 | Mem:0.00M, Peak:0.00M | Scene, ViewLayer | Updating Meshes Flags
Fra:1 Mem:102.14M (Peak 162.48M) | Time:00:00.01 | Mem:0.00M, Peak:0.00M | Scene, ViewLayer | Updating Objects
Fra:1 Mem:102.14M (Peak 162.48M) | Time:00:00.01 | Mem:0.00M, Peak:0.00M | Scene, ViewLayer | Updating Objects | Copying Transformations to device
Fra:1 Mem:102.14M (Peak 162.48M) | Time:00:00.01 | Mem:0.00M, Peak:0.00M | Scene, ViewLayer | Updating Objects | Applying Static Transformations
Fra:1 Mem:102.14M (Peak 162.48M) | Time:00:00.01 | Mem:0.00M, Peak:0.00M | Scene, ViewLayer | Updating Particle Systems
Fra:1 Mem:102.14M (Peak 162.48M) | Time:00:00.01 | Mem:0.00M, Peak:0.00M | Scene, ViewLayer | Updating Particle Systems | Copying Particles to device
Fra:1 Mem:102.14M (Peak 162.48M) | Time:00:00.01 | Mem:0.00M, Peak:0.00M | Scene, ViewLayer | Updating Meshes
Fra:1 Mem:102.50M (Peak 162.48M) | Time:00:00.01 | Mem:0.00M, Peak:0.00M | Scene, ViewLayer | Updating Mesh | Computing attributes
Fra:1 Mem:104.37M (Peak 162.48M) | Time:00:00.01 | Mem:0.00M, Peak:0.00M | Scene, ViewLayer | Updating Mesh | Copying Attributes to device
Fra:1 Mem:104.37M (Peak 162.48M) | Time:00:00.01 | Mem:1.87M, Peak:1.87M | Scene, ViewLayer | Updating Scene BVH | Building
Fra:1 Mem:104.37M (Peak 162.48M) | Time:00:00.01 | Mem:1.87M, Peak:1.87M | Scene, ViewLayer | Updating Scene BVH | Building BVH
Fra:1 Mem:104.37M (Peak 162.48M) | Time:00:00.01 | Mem:2.59M, Peak:2.59M | Scene, ViewLayer | Updating Scene BVH | Building BVH 0%
Fra:1 Mem:104.37M (Peak 162.48M) | Time:00:00.01 | Mem:3.45M, Peak:4.16M | Scene, ViewLayer | Updating Scene BVH | Copying BVH to device
Fra:1 Mem:104.37M (Peak 162.48M) | Time:00:00.01 | Mem:3.45M, Peak:4.16M | Scene, ViewLayer | Updating Mesh | Computing normals
Fra:1 Mem:105.50M (Peak 162.48M) | Time:00:00.01 | Mem:3.45M, Peak:4.16M | Scene, ViewLayer | Updating Mesh | Copying Mesh to device
Fra:1 Mem:105.50M (Peak 162.48M) | Time:00:00.01 | Mem:4.58M, Peak:4.58M | Scene, ViewLayer | Updating Objects Flags
Fra:1 Mem:105.50M (Peak 162.48M) | Time:00:00.01 | Mem:4.58M, Peak:4.58M | Scene, ViewLayer | Updating Primitive Offsets
Fra:1 Mem:105.50M (Peak 162.48M) | Time:00:00.01 | Mem:4.58M, Peak:4.58M | Scene, ViewLayer | Updating Images
Fra:1 Mem:105.50M (Peak 162.48M) | Time:00:00.01 | Mem:4.58M, Peak:4.58M | Scene, ViewLayer | Updating Images | Loading Normal.png
Fra:1 Mem:105.50M (Peak 162.48M) | Time:00:00.01 | Mem:4.58M, Peak:4.58M | Scene, ViewLayer | Updating Images | Loading BaseColor.png
Fra:1 Mem:137.50M (Peak 162.48M) | Time:00:00.01 | Mem:4.58M, Peak:4.58M | Scene, ViewLayer | Updating Images | Loading Roughness.png
Fra:1 Mem:169.52M (Peak 169.52M) | Time:00:00.05 | Mem:68.58M, Peak:68.58M | Scene, ViewLayer | Updating Camera Volume
Fra:1 Mem:169.52M (Peak 169.52M) | Time:00:00.05 | Mem:68.58M, Peak:68.58M | Scene, ViewLayer | Updating Lookup Tables
Fra:1 Mem:169.52M (Peak 169.52M) | Time:00:00.05 | Mem:68.66M, Peak:68.66M | Scene, ViewLayer | Updating Lights
Fra:1 Mem:169.52M (Peak 169.52M) | Time:00:00.05 | Mem:68.66M, Peak:68.66M | Scene, ViewLayer | Updating Lights | Computing tree
Fra:1 Mem:169.52M (Peak 169.52M) | Time:00:00.05 | Mem:68.66M, Peak:68.66M | Scene, ViewLayer | Updating Integrator
Fra:1 Mem:169.52M (Peak 169.52M) | Time:00:00.05 | Mem:68.66M, Peak:68.66M | Scene, ViewLayer | Updating Film
Fra:1 Mem:169.52M (Peak 169.52M) | Time:00:00.05 | Mem:68.58M, Peak:68.66M | Scene, ViewLayer | Updating Lookup Tables
Fra:1 Mem:169.52M (Peak 169.52M) | Time:00:00.05 | Mem:68.66M, Peak:68.66M | Scene, ViewLayer | Updating Baking
Fra:1 Mem:169.52M (Peak 169.52M) | Time:00:00.05 | Mem:68.66M, Peak:68.66M | Scene, ViewLayer | Updating Device | Writing constant memory
Fra:1 Mem:169.52M (Peak 169.52M) | Time:00:00.05 | Mem:68.66M, Peak:68.66M | Scene, ViewLayer | Loading denoising kernels (may take a few minutes the first time)
Fra:1 Mem:169.52M (Peak 169.52M) | Time:00:00.05 | Mem:68.66M, Peak:68.66M | Scene, ViewLayer | Sample 0/24
Fra:1 Mem:222.68M (Peak 222.68M) | Time:00:00.09 | Remaining:00:00.80 | Mem:121.56M, Peak:121.56M | Scene, ViewLayer | Sample 1/24
Fra:1 Mem:244.95M (Peak 278.35M) | Time:00:01.45 | Mem:121.56M, Peak:121.56M | Scene, ViewLayer | Sample 24/24
Fra:1 Mem:244.95M (Peak 278.35M) | Time:00:01.45 | Mem:121.56M, Peak:121.56M | Scene, ViewLayer | Finished
Saved: 'C:\Users\ljh\tralalero Shooter\outputs\harbor-opening-refinement-2026-09-16\trellis\02-merchant_330e875fc8\preview.png'
Time: 00:01.54 (Saving: 00:00.08)

Info: Packed 4 file(s)
Info: Saved "model.blend"
APP_STAGE Saved

Blender quit
APP_STAGE Verify exported FBX
FBX version: 7400
09:52:11 | INFO: Data are loaded, start creating Blender stuff
09:52:11 | INFO: Blender create Mesh node geometry_0.001
09:52:11 | INFO: glTF import finished in 0.02s
APP_STAGE Validated 23484 triangles
Blender 4.4.0 (hash 05377985c527 built 2025-03-18 03:22:03)

Blender quit
