{"pid": 53356, "started": 1790158039.3686628, "script": "C:\\Users\\ljh\\tralalero Shooter\\tools\\reststop-previs\\render.py", "threads": 4, "logicalProcessors": [0, 1, 2, 3, 4, 5, 6, 7], "priority": "below-normal", "availableMemoryBytes": 17198727168}
00:01.344  blend            | Read blend: "C:\Users\ljh\tralalero Shooter\outputs\reststop-blender-300s-2026-09-23\reststop-master.blend"
00:03.516  render           | Saved: 'C:\Users\ljh\tralalero Shooter\outputs\reststop-blender-300s-2026-09-23\evidence\BLENDER_EEVEE-0012.00.png'
FRAME {"time": 12, "frame": 289, "seconds": 1.8749618530273438, "file": "C:\\Users\\ljh\\tralalero Shooter\\outputs\\reststop-blender-300s-2026-09-23\\evidence\\BLENDER_EEVEE-0012.00.png"}
00:04.219  render           | Saved: 'C:\Users\ljh\tralalero Shooter\outputs\reststop-blender-300s-2026-09-23\evidence\BLENDER_EEVEE-0038.00.png'
FRAME {"time": 38, "frame": 913, "seconds": 0.6870734691619873, "file": "C:\\Users\\ljh\\tralalero Shooter\\outputs\\reststop-blender-300s-2026-09-23\\evidence\\BLENDER_EEVEE-0038.00.png"}
00:05.063  render           | Saved: 'C:\Users\ljh\tralalero Shooter\outputs\reststop-blender-300s-2026-09-23\evidence\BLENDER_EEVEE-0062.00.png'
FRAME {"time": 62, "frame": 1489, "seconds": 0.8206908702850342, "file": "C:\\Users\\ljh\\tralalero Shooter\\outputs\\reststop-blender-300s-2026-09-23\\evidence\\BLENDER_EEVEE-0062.00.png"}
00:05.938  render           | Saved: 'C:\Users\ljh\tralalero Shooter\outputs\reststop-blender-300s-2026-09-23\evidence\BLENDER_EEVEE-0090.00.png'
FRAME {"time": 90, "frame": 2161, "seconds": 0.8216328620910645, "file": "C:\\Users\\ljh\\tralalero Shooter\\outputs\\reststop-blender-300s-2026-09-23\\evidence\\BLENDER_EEVEE-0090.00.png"}
00:06.797  render           | Saved: 'C:\Users\ljh\tralalero Shooter\outputs\reststop-blender-300s-2026-09-23\evidence\BLENDER_EEVEE-0112.00.png'
FRAME {"time": 112, "frame": 2689, "seconds": 0.8289289474487305, "file": "C:\\Users\\ljh\\tralalero Shooter\\outputs\\reststop-blender-300s-2026-09-23\\evidence\\BLENDER_EEVEE-0112.00.png"}
00:07.657  render           | Saved: 'C:\Users\ljh\tralalero Shooter\outputs\reststop-blender-300s-2026-09-23\evidence\BLENDER_EEVEE-0140.00.png'
FRAME {"time": 140, "frame": 3361, "seconds": 0.8493547439575195, "file": "C:\\Users\\ljh\\tralalero Shooter\\outputs\\reststop-blender-300s-2026-09-23\\evidence\\BLENDER_EEVEE-0140.00.png"}
00:08.547  render           | Saved: 'C:\Users\ljh\tralalero Shooter\outputs\reststop-blender-300s-2026-09-23\evidence\BLENDER_EEVEE-0177.00.png'
FRAME {"time": 177, "frame": 4249, "seconds": 0.8608376979827881, "file": "C:\\Users\\ljh\\tralalero Shooter\\outputs\\reststop-blender-300s-2026-09-23\\evidence\\BLENDER_EEVEE-0177.00.png"}
00:09.485  render           | Saved: 'C:\Users\ljh\tralalero Shooter\outputs\reststop-blender-300s-2026-09-23\evidence\BLENDER_EEVEE-0207.00.png'
FRAME {"time": 207, "frame": 4969, "seconds": 0.9283339977264404, "file": "C:\\Users\\ljh\\tralalero Shooter\\outputs\\reststop-blender-300s-2026-09-23\\evidence\\BLENDER_EEVEE-0207.00.png"}
00:10.407  render           | Saved: 'C:\Users\ljh\tralalero Shooter\outputs\reststop-blender-300s-2026-09-23\evidence\BLENDER_EEVEE-0222.00.png'
FRAME {"time": 222, "frame": 5329, "seconds": 0.8830077648162842, "file": "C:\\Users\\ljh\\tralalero Shooter\\outputs\\reststop-blender-300s-2026-09-23\\evidence\\BLENDER_EEVEE-0222.00.png"}
00:11.204  render           | Saved: 'C:\Users\ljh\tralalero Shooter\outputs\reststop-blender-300s-2026-09-23\evidence\BLENDER_EEVEE-0231.00.png'
FRAME {"time": 231, "frame": 5545, "seconds": 0.7700908184051514, "file": "C:\\Users\\ljh\\tralalero Shooter\\outputs\\reststop-blender-300s-2026-09-23\\evidence\\BLENDER_EEVEE-0231.00.png"}
00:12.000  render           | Saved: 'C:\Users\ljh\tralalero Shooter\outputs\reststop-blender-300s-2026-09-23\evidence\BLENDER_EEVEE-0236.00.png'
FRAME {"time": 236, "frame": 5665, "seconds": 0.76438307762146, "file": "C:\\Users\\ljh\\tralalero Shooter\\outputs\\reststop-blender-300s-2026-09-23\\evidence\\BLENDER_EEVEE-0236.00.png"}
00:12.735  render           | Saved: 'C:\Users\ljh\tralalero Shooter\outputs\reststop-blender-300s-2026-09-23\evidence\BLENDER_EEVEE-0247.00.png'
FRAME {"time": 247, "frame": 5929, "seconds": 0.7329118251800537, "file": "C:\\Users\\ljh\\tralalero Shooter\\outputs\\reststop-blender-300s-2026-09-23\\evidence\\BLENDER_EEVEE-0247.00.png"}
00:13.532  render           | Saved: 'C:\Users\ljh\tralalero Shooter\outputs\reststop-blender-300s-2026-09-23\evidence\BLENDER_EEVEE-0266.00.png'
FRAME {"time": 266, "frame": 6385, "seconds": 0.7546615600585938, "file": "C:\\Users\\ljh\\tralalero Shooter\\outputs\\reststop-blender-300s-2026-09-23\\evidence\\BLENDER_EEVEE-0266.00.png"}
00:14.157  render           | Saved: 'C:\Users\ljh\tralalero Shooter\outputs\reststop-blender-300s-2026-09-23\evidence\BLENDER_EEVEE-0289.00.png'
FRAME {"time": 289, "frame": 6937, "seconds": 0.5999784469604492, "file": "C:\\Users\\ljh\\tralalero Shooter\\outputs\\reststop-blender-300s-2026-09-23\\evidence\\BLENDER_EEVEE-0289.00.png"}
Blender 5.2.1 LTS (hash 9e2066aef7ef built 2026-08-25 02:38:20)

Blender quit
