{"pid": 70288, "started": 1790158839.630272, "script": "C:\\Users\\ljh\\tralalero Shooter\\tools\\reststop-previs\\verify_export.py", "threads": 4, "logicalProcessors": [0, 1, 2, 3, 4, 5, 6, 7], "priority": "below-normal", "availableMemoryBytes": 18108989440}
Failed to remove: (<built-in function unlink>, 'C:\\Users\\ljh\\AppData\\Roaming\\Blender Foundation\\Blender\\5.2\\extensions\\.local\\lib\\python3.13\\site-packages\\cryptography\\hazmat\\bindings\\_rust.pyd', PermissionError(13, '액세스가 거부되었습니다'))
Failed to remove: (<built-in function rmdir>, 'C:\\Users\\ljh\\AppData\\Roaming\\Blender Foundation\\Blender\\5.2\\extensions\\.local\\lib\\python3.13\\site-packages\\cryptography\\hazmat\\bindings', OSError(41, '디렉터리가 비어 있지 않습니다'))
Failed to remove: (<built-in function rmdir>, 'C:\\Users\\ljh\\AppData\\Roaming\\Blender Foundation\\Blender\\5.2\\extensions\\.local\\lib\\python3.13\\site-packages\\cryptography\\hazmat', OSError(41, '디렉터리가 비어 있지 않습니다'))
Failed to remove: (<built-in function rmdir>, 'C:\\Users\\ljh\\AppData\\Roaming\\Blender Foundation\\Blender\\5.2\\extensions\\.local\\lib\\python3.13\\site-packages\\cryptography', OSError(41, '디렉터리가 비어 있지 않습니다'))
19:20:41 | INFO: Data are loaded, start creating Blender stuff
19:20:41 | INFO: Blender create Mesh node cuboid.172
19:20:41 | INFO: Blender create Mesh node cuboid.171
19:20:41 | INFO: Blender create Mesh node cylinder.048
19:20:41 | INFO: Blender create Mesh node rounded_surface.055
19:20:41 | INFO: Blender create Mesh node rounded_surface.054
19:20:41 | INFO: Blender create Mesh node cuboid.173
19:20:41 | INFO: Blender create Mesh node cylinder.049
19:20:41 | INFO: Blender create Mesh node cylinder.050
19:20:41 | INFO: Blender create Mesh node cuboid.184
19:20:41 | INFO: Blender create Mesh node rounded_surface.057
19:20:41 | INFO: Blender create Mesh node rounded_surface.056
19:20:41 | INFO: Blender create Mesh node cuboid.183
19:20:41 | INFO: Blender create Mesh node rounded_surface.058
19:20:41 | INFO: Blender create Mesh node cylinder.052
19:20:41 | INFO: Blender create Mesh node cylinder.053
19:20:41 | INFO: Blender create Mesh node cylinder.054
19:20:41 | INFO: Blender create Mesh node cylinder.055
19:20:41 | INFO: Blender create Mesh node cuboid.179
19:20:41 | INFO: Blender create Mesh node cuboid.180
19:20:41 | INFO: Blender create Mesh node cylinder.051
19:20:41 | INFO: Blender create Mesh node cuboid.188
19:20:41 | INFO: Blender create Mesh node cuboid.186
19:20:41 | INFO: Blender create Mesh node cuboid.187
19:20:41 | INFO: Blender create Mesh node cuboid.185
19:20:41 | INFO: Blender create Mesh node cuboid.194
19:20:41 | INFO: Blender create Mesh node cuboid.190
19:20:41 | INFO: Blender create Mesh node cuboid.193
19:20:41 | INFO: Blender create Mesh node rounded_surface.061
19:20:41 | INFO: Blender create Mesh node rounded_surface.060
19:20:41 | INFO: Blender create Mesh node cuboid.192
19:20:41 | INFO: Blender create Mesh node rounded_surface.059
19:20:41 | INFO: Blender create Mesh node cuboid.189
19:20:41 | INFO: Blender create Mesh node cuboid.191
19:20:41 | INFO: Blender create Mesh node cuboid.201
19:20:41 | INFO: Blender create Mesh node cuboid.200
19:20:41 | INFO: Blender create Mesh node cuboid.199
19:20:41 | INFO: Blender create Mesh node cuboid.209
19:20:41 | INFO: Blender create Mesh node cuboid.202
19:20:41 | INFO: Blender create Mesh node cuboid.203
19:20:41 | INFO: Blender create Mesh node cuboid.210
19:20:41 | INFO: Blender create Mesh node cuboid.205
19:20:41 | INFO: Blender create Mesh node cuboid.206
19:20:41 | INFO: Blender create Mesh node cuboid.207
19:20:41 | INFO: Blender create Mesh node cuboid.208
19:20:41 | INFO: Blender create Mesh node cuboid.204
19:20:41 | INFO: Blender create Mesh node cuboid.212
19:20:41 | INFO: Blender create Mesh node cuboid.215
19:20:41 | INFO: Blender create Mesh node cuboid.213
19:20:41 | INFO: Blender create Mesh node cuboid.211
19:20:41 | INFO: Blender create Mesh node rounded_surface.063
19:20:41 | INFO: Blender create Mesh node cuboid.009
19:20:41 | INFO: Blender create Mesh node cuboid.219
19:20:41 | INFO: Blender create Mesh node cuboid.218
19:20:41 | INFO: Blender create Mesh node cylinder.057
19:20:41 | INFO: Blender create Mesh node cuboid.216
19:20:41 | INFO: Blender create Mesh node cuboid.217
19:20:41 | INFO: Blender create Mesh node Accessible_sign
19:20:41 | INFO: Blender create Mesh node Arched_front_canopy_arch
19:20:41 | INFO: Blender create Mesh node Arched_front_canopy_arch.001
19:20:41 | INFO: Blender create Mesh node Arched_front_canopy_arch.002
19:20:41 | INFO: Blender create Mesh node Arched_front_canopy_arch.003
19:20:41 | INFO: Blender create Mesh node Arched_front_canopy_arch.004
19:20:41 | INFO: Blender create Mesh node Arched_front_canopy_arch.005
19:20:41 | INFO: Blender create Mesh node Arched_front_canopy_arch.006
19:20:41 | INFO: Blender create Mesh node Arched_front_canopy_arch.007
19:20:41 | INFO: Blender create Mesh node Arched_front_canopy_arch.008
19:20:41 | INFO: Blender create Mesh node Arched_front_canopy_arch.009
19:20:41 | INFO: Blender create Mesh node Arched_front_canopy_arch.010
19:20:41 | INFO: Blender create Mesh node Arched_front_canopy_arch.011
19:20:41 | INFO: Blender create Mesh node Arched_front_canopy_arch.012
19:20:41 | INFO: Blender create Mesh node Arched_front_canopy_arch.013
19:20:41 | INFO: Blender create Mesh node Arched_front_canopy_arch.014
19:20:41 | INFO: Blender create Mesh node Arched_front_canopy_arch.015
19:20:41 | INFO: Blender create Mesh node Arched_front_canopy_transparent_cover
19:20:41 | INFO: Blender create Mesh node cuboid.095
19:20:41 | INFO: Blender create Mesh node Convenience_name
19:20:41 | INFO: Blender create Mesh node cuboid.079
19:20:41 | INFO: Blender create Mesh node Dining_wayfinding
19:20:41 | INFO: Blender create Mesh node cuboid.136
19:20:41 | INFO: Blender create Mesh node Entry_curved_branch
19:20:41 | INFO: Blender create Mesh node Entry_green_guidance
19:20:41 | INFO: Blender create Mesh node Entry_guardrail
19:20:41 | INFO: Blender create Mesh node Entry_guardrail.001
19:20:41 | INFO: Blender create Mesh node cuboid.005
19:20:41 | INFO: Blender create Mesh node Entry_pylon_text
19:20:41 | INFO: Blender create Mesh node Entry_service_sign
19:20:41 | INFO: Blender create Mesh node cuboid.003
19:20:41 | INFO: Blender create Mesh node Exit_guidance
19:20:41 | INFO: Blender create Mesh node Exit_merge
19:20:41 | INFO: Blender create Mesh node Exit_service_sign
19:20:41 | INFO: Blender create Mesh node cuboid.134
19:20:41 | INFO: Blender create Mesh node cuboid.135
19:20:41 | INFO: Blender create Mesh node cuboid.042
19:20:41 | INFO: Blender create Mesh node cuboid.044
19:20:41 | INFO: Blender create Mesh node cuboid.043
19:20:41 | INFO: Blender create Mesh node cuboid.123
19:20:41 | INFO: Blender create Mesh node cuboid.121
19:20:41 | INFO: Blender create Mesh node Fuel_hose
19:20:41 | INFO: Blender create Mesh node Fuel_hose.001
19:20:41 | INFO: Blender create Mesh node Fuel_hose.002
19:20:41 | INFO: Blender create Mesh node Fuel_hose.003
19:20:41 | INFO: Blender create Mesh node Fuel_hose.004
19:20:41 | INFO: Blender create Mesh node Fuel_hose.005
19:20:41 | INFO: Blender create Mesh node Fuel_hose.006
19:20:41 | INFO: Blender create Mesh node Fuel_hose.007
19:20:41 | INFO: Blender create Mesh node Fuel_lane
19:20:41 | INFO: Blender create Mesh node cuboid.122
19:20:41 | INFO: Blender create Mesh node Fuel_shop_sign
19:20:41 | INFO: Blender create Mesh node cuboid.132
19:20:41 | INFO: Blender create Mesh node Fuel_sign
19:20:41 | INFO: Blender create Mesh node Hall_border
19:20:41 | INFO: Blender create Mesh node Hall_service_menu
19:20:41 | INFO: Blender create Mesh node Hall_service_menu.001
19:20:41 | INFO: Blender create Mesh node Hall_service_menu.002
19:20:41 | INFO: Blender create Mesh node Highway
19:20:41 | INFO: Blender create Mesh node Highway_edge
19:20:41 | INFO: Blender create Mesh node Highway_edge.001
19:20:41 | INFO: Blender create Mesh node Korean_food_menu
19:20:41 | INFO: Blender create Mesh node cylinder.060
19:20:41 | INFO: Blender create Mesh node rounded_surface.066
19:20:41 | INFO: Blender create Mesh node rounded_surface.065
19:20:41 | INFO: Blender create Mesh node rounded_surface.064
19:20:41 | INFO: Blender create Mesh node cylinder.061
19:20:41 | INFO: Blender create Mesh node cuboid.046
19:20:41 | INFO: Blender create Mesh node Main_name
19:20:41 | INFO: Blender create Mesh node cuboid.058
19:20:41 | INFO: Blender create Mesh node Main_roof
19:20:41 | INFO: Blender create Mesh node cuboid.056
19:20:41 | INFO: Blender create Mesh node Main_roof_seam
19:20:41 | INFO: Blender create Mesh node Main_roof_seam.001
19:20:41 | INFO: Blender create Mesh node Main_roof_seam.002
19:20:41 | INFO: Blender create Mesh node Main_roof_seam.003
19:20:41 | INFO: Blender create Mesh node Main_roof_seam.004
19:20:41 | INFO: Blender create Mesh node Main_roof_seam.005
19:20:41 | INFO: Blender create Mesh node Main_roof_seam.006
19:20:41 | INFO: Blender create Mesh node Main_roof_seam.007
19:20:41 | INFO: Blender create Mesh node Main_roof_seam.008
19:20:41 | INFO: Blender create Mesh node Main_roof_seam.009
19:20:41 | INFO: Blender create Mesh node Main_roof_seam.010
19:20:41 | INFO: Blender create Mesh node Main_roof_seam.011
19:20:41 | INFO: Blender create Mesh node Main_roof_seam.012
19:20:41 | INFO: Blender create Mesh node Main_roof_seam.013
19:20:41 | INFO: Blender create Mesh node Main_roof_seam.014
19:20:41 | INFO: Blender create Mesh node Main_roof_seam.015
19:20:41 | INFO: Blender create Mesh node Main_roof_seam.016
19:20:41 | INFO: Blender create Mesh node Main_roof_seam.017
19:20:41 | INFO: Blender create Mesh node Main_roof_seam.018
19:20:41 | INFO: Blender create Mesh node Main_roof_seam.019
19:20:41 | INFO: Blender create Mesh node Main_roof_seam.020
19:20:41 | INFO: Blender create Mesh node Main_roof_seam.021
19:20:41 | INFO: Blender create Mesh node Main_roof_seam.022
19:20:41 | INFO: Blender create Mesh node Noodles_menu
19:20:41 | INFO: Blender create Mesh node Outdoor_간식_menu
19:20:41 | INFO: Blender create Mesh node Outdoor_호두과자_menu
19:20:41 | INFO: Blender create Mesh node cuboid.006
19:20:41 | INFO: Blender create Mesh node cuboid.022
19:20:42 | INFO: Blender create Mesh node cuboid.025
19:20:42 | INFO: Blender create Mesh node Pump_digits
19:20:42 | INFO: Blender create Mesh node Pump_digits.001
19:20:42 | INFO: Blender create Mesh node Pump_digits.002
19:20:42 | INFO: Blender create Mesh node Pump_digits.003
19:20:42 | INFO: Blender create Mesh node cuboid.098
19:20:42 | INFO: Blender create Mesh node cuboid.118
19:20:42 | INFO: Blender create Mesh node cuboid.002
19:20:42 | INFO: Blender create Mesh node Restroom_gender
19:20:42 | INFO: Blender create Mesh node Restroom_gender.001
19:20:42 | INFO: Blender create Mesh node cuboid.111
19:20:42 | INFO: Blender create Mesh node Restroom_link
19:20:42 | INFO: Blender create Mesh node cuboid.097
19:20:42 | INFO: Blender create Mesh node Restroom_name
19:20:42 | INFO: Blender create Mesh node Restroom_roof
19:20:42 | INFO: Blender create Mesh node cuboid.108
19:20:42 | INFO: Blender create Mesh node Restroom_roof_seam
19:20:42 | INFO: Blender create Mesh node Restroom_roof_seam.001
19:20:42 | INFO: Blender create Mesh node Restroom_roof_seam.002
19:20:42 | INFO: Blender create Mesh node Restroom_roof_seam.003
19:20:42 | INFO: Blender create Mesh node Restroom_roof_seam.004
19:20:42 | INFO: Blender create Mesh node Restroom_roof_seam.005
19:20:42 | INFO: Blender create Mesh node Restroom_roof_seam.006
19:20:42 | INFO: Blender create Mesh node Restroom_roof_seam.007
19:20:42 | INFO: Blender create Mesh node Restroom_roof_seam.008
19:20:42 | INFO: Blender create Mesh node Restroom_roof_seam.009
19:20:42 | INFO: Blender create Mesh node cuboid.001
19:20:42 | INFO: Blender create Mesh node cuboid.004
19:20:42 | INFO: Blender create Mesh node cuboid
19:20:42 | INFO: Blender create Mesh node Store_roof
19:20:42 | INFO: Blender create Mesh node cuboid.057
19:20:42 | INFO: Blender create Mesh node Store_roof_seam
19:20:42 | INFO: Blender create Mesh node Store_roof_seam.001
19:20:42 | INFO: Blender create Mesh node Store_roof_seam.002
19:20:42 | INFO: Blender create Mesh node Store_roof_seam.003
19:20:42 | INFO: Blender create Mesh node Store_roof_seam.004
19:20:42 | INFO: Blender create Mesh node Store_roof_seam.005
19:20:42 | INFO: Blender create Mesh node Store_roof_seam.006
19:20:42 | INFO: Blender create Mesh node Store_roof_seam.007
19:20:42 | INFO: Blender create Mesh node Tactile_pavement
19:20:42 | INFO: Blender create Mesh node Tap
19:20:42 | INFO: Blender create Mesh node Tap.001
19:20:42 | INFO: Blender create Mesh node Tap.002
19:20:42 | INFO: Blender create Mesh node Tap.003
19:20:42 | INFO: Blender create Mesh node Tap.004
19:20:42 | INFO: Blender create Mesh node Tap.005
19:20:42 | INFO: Blender create Mesh node Tap.006
19:20:42 | INFO: Blender create Mesh node Tap.007
19:20:42 | INFO: Blender create Mesh node rounded_surface.036
19:20:42 | INFO: Blender create Mesh node Wet_floor_label
19:20:42 | INFO: Blender create Mesh node cuboid.147
19:20:42 | INFO: Blender create Mesh node cuboid.196
19:20:42 | INFO: Blender create Mesh node cylinder.056
19:20:42 | INFO: Blender create Mesh node rounded_surface.062
19:20:42 | INFO: Blender create Mesh node cuboid.195
19:20:42 | INFO: Blender create Mesh node cuboid.197
19:20:42 | INFO: Blender create Mesh node cuboid.198
19:20:42 | INFO: Blender create Mesh node cuboid.018
19:20:42 | INFO: Blender create Mesh node cuboid.015
19:20:42 | INFO: Blender create Mesh node cuboid.019
19:20:42 | INFO: Blender create Mesh node cuboid.013
19:20:42 | INFO: Blender create Mesh node cuboid.011
19:20:42 | INFO: Blender create Mesh node cylinder.001
19:20:42 | INFO: Blender create Mesh node cuboid.014
19:20:42 | INFO: Blender create Mesh node cylinder
19:20:42 | INFO: Blender create Mesh node cuboid.012
19:20:42 | INFO: Blender create Mesh node cuboid.010
19:20:42 | INFO: Blender create Mesh node Fuel_crossing_warning_circle
19:20:42 | INFO: Blender create Mesh node cylinder.058
19:20:42 | INFO: Blender create Mesh node cylinder.059
19:20:42 | INFO: Blender create Mesh node cuboid.220
19:20:42 | INFO: Blender create Mesh node cylinder.046
19:20:42 | INFO: Blender create Mesh node cuboid.177
19:20:42 | INFO: Blender create Mesh node cuboid.175
19:20:42 | INFO: Blender create Mesh node cylinder.047
19:20:42 | INFO: Blender create Mesh node cuboid.174
19:20:42 | INFO: Blender create Mesh node cuboid.176
19:20:42 | INFO: Blender create Mesh node cuboid.178
19:20:42 | INFO: Blender create Mesh node cuboid.181
19:20:42 | INFO: Blender create Mesh node cuboid.182
19:20:42 | INFO: glTF import finished in 0.74s
FRESH_GLB {"fresh_import": true, "mesh_objects": 260, "triangles": 388430, "materials": 29, "min": [-145.00001525878906, -127.0, -28.765933990478516], "max": [169.0, 125.0, 16.765933990478516], "animation": "Static environment export only", "required_zones": {"1": true, "2": true, "3": true, "4": true, "5": true, "6": true, "7": true, "8": true, "9": true, "10": true}}
00:05.578  render           | Saved: 'C:\Users\ljh\tralalero Shooter\outputs\reststop-blender-300s-2026-09-23\fresh-glb-overview.png'
Info: Saved as "reststop-environment-reimport.blend"
Blender 5.2.1 LTS (hash 9e2066aef7ef built 2026-08-25 02:38:20)

Blender quit
