{"pid": 70216, "started": 1790170115.1744833, "script": "C:\\Users\\ljh\\tralalero Shooter\\tools\\reststop-previs-v3\\render.py", "threads": 4, "logicalProcessors": [0, 1, 2, 3, 4, 5, 6, 7], "priority": "below-normal", "availableMemoryBytes": 15962066944}
00:01.391  blend            | Read blend: "C:\Users\ljh\tralalero Shooter\outputs\reststop-blender-v3-2026-09-23\reststop-v3.blend"
00:04.766  render           | Saved: 'C:\Users\ljh\tralalero Shooter\outputs\reststop-blender-v3-2026-09-23\images\01-reststop.png'
00:06.000  render           | Saved: 'C:\Users\ljh\tralalero Shooter\outputs\reststop-blender-v3-2026-09-23\images\02-reststop.png'
00:07.563  render           | Saved: 'C:\Users\ljh\tralalero Shooter\outputs\reststop-blender-v3-2026-09-23\images\03-reststop.png'
00:08.625  render           | Saved: 'C:\Users\ljh\tralalero Shooter\outputs\reststop-blender-v3-2026-09-23\images\04-reststop.png'
00:09.688  render           | Saved: 'C:\Users\ljh\tralalero Shooter\outputs\reststop-blender-v3-2026-09-23\images\05-reststop.png'
00:10.922  render           | Saved: 'C:\Users\ljh\tralalero Shooter\outputs\reststop-blender-v3-2026-09-23\images\06-reststop.png'
00:11.906  render           | Saved: 'C:\Users\ljh\tralalero Shooter\outputs\reststop-blender-v3-2026-09-23\images\07-reststop.png'
00:12.844  render           | Saved: 'C:\Users\ljh\tralalero Shooter\outputs\reststop-blender-v3-2026-09-23\images\08-reststop.png'
00:13.750  render           | Saved: 'C:\Users\ljh\tralalero Shooter\outputs\reststop-blender-v3-2026-09-23\images\09-reststop.png'
00:14.719  render           | Saved: 'C:\Users\ljh\tralalero Shooter\outputs\reststop-blender-v3-2026-09-23\images\10-reststop.png'
00:15.859  render           | Saved: 'C:\Users\ljh\tralalero Shooter\outputs\reststop-blender-v3-2026-09-23\images\02-alt.png'
00:17.297  render           | Saved: 'C:\Users\ljh\tralalero Shooter\outputs\reststop-blender-v3-2026-09-23\images\04-alt.png'
00:18.250  render           | Saved: 'C:\Users\ljh\tralalero Shooter\outputs\reststop-blender-v3-2026-09-23\images\07-alt.png'
00:19.172  render           | Saved: 'C:\Users\ljh\tralalero Shooter\outputs\reststop-blender-v3-2026-09-23\images\08-alt.png'
00:20.109  render           | Saved: 'C:\Users\ljh\tralalero Shooter\outputs\reststop-blender-v3-2026-09-23\images\09-alt.png'
TEN_IMAGES_RENDERED
Blender 5.2.1 LTS (hash 9e2066aef7ef built 2026-08-25 02:38:20)

Blender quit
