{"pid": 29204, "started": 1790170055.0423539, "script": "C:\\Users\\ljh\\tralalero Shooter\\tools\\reststop-previs-v3\\revise.py", "threads": 4, "logicalProcessors": [0, 1, 2, 3, 4, 5, 6, 7], "priority": "below-normal", "availableMemoryBytes": 15896690688}
00:09.672  blend            | Read blend: "C:\Users\ljh\tralalero Shooter\outputs\reststop-blender-v2-2026-09-23\reststop-v2.blend"
V3_CARTS_REMOVED 14
FBX version: 7400
Warning: No mesh data to join
VEHICLE_RAW_AXES 054 [0.9997581541538239, 0.9882937371730804, 0.4694021644827444]
VEHICLE_SUPPORT_REMOVED 054 0 813 [0.44354525208473206, 0.7662420272827148, 0.4694021644827444]
FBX version: 7400
Warning: No mesh data to join
VEHICLE_RAW_AXES 067 [2.4455995559692383, 4.5, 1.7370084524154663]
FBX version: 7400
Warning: No mesh data to join
VEHICLE_RAW_AXES 080 [0.9604697525501251, 0.9996452331542969, 0.3692311803533812]
VEHICLE_SUPPORT_REMOVED 080 128 1469 [0.407661497592926, 0.9394440352916718, 0.36594650498591363]
FBX version: 7400
Warning: No mesh data to join
VEHICLE_RAW_AXES 081 [0.5621156394481659, 1.000474900007248, 0.46649956042529084]
FBX version: 7400
Warning: No mesh data to join
VEHICLE_RAW_AXES 082 [0.5848419070243835, 0.999829113483429, 0.491366140631726]
FBX version: 7400
Warning: No mesh data to join
VEHICLE_RAW_AXES 083 [0.5054049789905548, 0.9984769225120544, 0.5466854906990193]
V3_VEHICLES {'081': 19, '082': 16, '067': 18, '054': 13, '083': 12, '080': 13}
V3_RAIL_AUTHORED
Info: No new files have been packed
Info: Saved as "reststop-v3.blend"
V3_COMPLETE {"base": "outputs/reststop-blender-v2-2026-09-23/reststop-v2.blend", "removed_cart_roots": ["Cart_train_0_0", "Cart_crossing_0", "Cart_train_1_0", "Cart_crossing_1", "Cart_train_2_0", "Cart_crossing_2", "Cart_train_3_0", "Cart_crossing_3", "Cart_train_4_0", "Cart_train_4_1", "Cart_train_4_2", "Cart_crossing_4", "Cart_train_5_0", "Cart_crossing_5"], "moving_cart_objects_remaining": 0, "vehicle_count": 91, "vehicle_types": {"081": 19, "082": 16, "067": 18, "054": 13, "083": 12, "080": 13}, "lane_limit": 2.2, "route_source": "same fixed centerline as v2, now represented by an automatic parent rail", "controller": "PLAYER_ROOT lane_offset driver; local Y/Z constrained to zero", "camera": "centerline only; original v2 lateral camera displacement removed", "fps": 24, "frames": 7200, "triangles": 2309181}
Blender 5.2.1 LTS (hash 9e2066aef7ef built 2026-08-25 02:38:20)

Blender quit
