TASK UV RASTER: independent barycentric math, no NVIDIA raster library imported
WARNING:root:WARNING: Potential Error in code: Torch already imported, torch should never be imported before this point.
[1m[33m[WARNING][0m WARNING: Potential Error in code: Torch already imported, torch should never be imported before this point.
INFO:root:aimdo: src-win/cuda-detour.c:38:INFO:aimdo_setup_hooks: installing 6 hooks
[32m[INFO][0m aimdo: src-win/cuda-detour.c:38:INFO:aimdo_setup_hooks: installing 6 hooks
INFO:root:aimdo: src-win/shmem-detect.c:80:INFO:comfy-aimdo WDDM adapter match: AMD Radeon AI PRO R9700 runtime_luid=00000000:00013dff dxgi_luid=00000000:00013dff
[32m[INFO][0m aimdo: src-win/shmem-detect.c:80:INFO:comfy-aimdo WDDM adapter match: AMD Radeon AI PRO R9700 runtime_luid=00000000:00013dff dxgi_luid=00000000:00013dff
INFO:root:aimdo: src/control.c:277:INFO:comfy-aimdo inited for GPU: AMD Radeon AI PRO R9700 (VRAM: 32624 MB)
[32m[INFO][0m aimdo: src/control.c:277:INFO:comfy-aimdo inited for GPU: AMD Radeon AI PRO R9700 (VRAM: 32624 MB)
INFO:root:DynamicVRAM support detected and enabled
[32m[INFO][0m DynamicVRAM support detected and enabled
INFO:root:Python version: 3.12.10 (tags/v3.12.10:0cc8128, Apr  8 2025, 12:21:36) [MSC v.1943 64 bit (AMD64)]
[32m[INFO][0m Python version: 3.12.10 (tags/v3.12.10:0cc8128, Apr  8 2025, 12:21:36) [MSC v.1943 64 bit (AMD64)]
INFO:root:ComfyUI version: 0.33.0
[32m[INFO][0m ComfyUI version: 0.33.0
INFO:root:comfy-aimdo version: 0.4.13
[32m[INFO][0m comfy-aimdo version: 0.4.13
INFO:root:comfy-kitchen version: 0.2.31
[32m[INFO][0m comfy-kitchen version: 0.2.31
INFO:root:comfyui-frontend-package version: 1.49.6
[32m[INFO][0m comfyui-frontend-package version: 1.49.6
INFO:root:comfyui-workflow-templates version: 0.11.44
[32m[INFO][0m comfyui-workflow-templates version: 0.11.44
INFO:root:comfyui-embedded-docs version: 0.5.10
[32m[INFO][0m comfyui-embedded-docs version: 0.5.10
INFO:root:comfy-kitchen version: 0.2.31
[32m[INFO][0m comfy-kitchen version: 0.2.31
INFO:root:comfy-aimdo version: 0.4.13
[32m[INFO][0m comfy-aimdo version: 0.4.13
INFO:root:[Prompt Server] web root: C:\AI\TRELLIS2-AMD\venv\Lib\site-packages\comfyui_frontend_package\static
[32m[INFO][0m [Prompt Server] web root: C:\AI\TRELLIS2-AMD\venv\Lib\site-packages\comfyui_frontend_package\static
INFO:root:Asset seeder disabled
[32m[INFO][0m Asset seeder disabled
INFO:OpenGL.acceleratesupport:No OpenGL_accelerate module loaded: No module named 'OpenGL_accelerate'
[32m[INFO][0m No OpenGL_accelerate module loaded: No module named 'OpenGL_accelerate'
INFO:root:
Import times for custom nodes:
[32m[INFO][0m 
Import times for custom nodes:
INFO:root:   0.0 seconds: C:\AI\TRELLIS2-AMD\ComfyUI\custom_nodes\websocket_image_save.py
[32m[INFO][0m    0.0 seconds: C:\AI\TRELLIS2-AMD\ComfyUI\custom_nodes\websocket_image_save.py
INFO:root:   0.8 seconds: C:\AI\TRELLIS2-AMD\ComfyUI\custom_nodes\ComfyUI-Trellis2
[32m[INFO][0m    0.8 seconds: C:\AI\TRELLIS2-AMD\ComfyUI\custom_nodes\ComfyUI-Trellis2
INFO:root:
[32m[INFO][0m 
INFO:alembic.runtime.migration:Context impl SQLiteImpl.
[32m[INFO][0m Context impl SQLiteImpl.
INFO:alembic.runtime.migration:Will assume non-transactional DDL.
[32m[INFO][0m Will assume non-transactional DDL.
INFO:root:Using RAM pressure cache.
[32m[INFO][0m Using RAM pressure cache.
INFO:root:Starting server

[32m[INFO][0m Starting server

INFO:root:To see the GUI go to: http://127.0.0.1:8188
[32m[INFO][0m To see the GUI go to: http://127.0.0.1:8188
TASK UV RASTER: independent barycentric math, no NVIDIA raster library imported
WARNING:root:WARNING: Potential Error in code: Torch already imported, torch should never be imported before this point.
[1m[33m[WARNING][0m WARNING: Potential Error in code: Torch already imported, torch should never be imported before this point.
INFO:root:aimdo: src-win/cuda-detour.c:38:INFO:aimdo_setup_hooks: installing 6 hooks
[32m[INFO][0m aimdo: src-win/cuda-detour.c:38:INFO:aimdo_setup_hooks: installing 6 hooks
INFO:root:aimdo: src-win/shmem-detect.c:80:INFO:comfy-aimdo WDDM adapter match: AMD Radeon AI PRO R9700 runtime_luid=00000000:00013dff dxgi_luid=00000000:00013dff
[32m[INFO][0m aimdo: src-win/shmem-detect.c:80:INFO:comfy-aimdo WDDM adapter match: AMD Radeon AI PRO R9700 runtime_luid=00000000:00013dff dxgi_luid=00000000:00013dff
INFO:root:aimdo: src/control.c:277:INFO:comfy-aimdo inited for GPU: AMD Radeon AI PRO R9700 (VRAM: 32624 MB)
[32m[INFO][0m aimdo: src/control.c:277:INFO:comfy-aimdo inited for GPU: AMD Radeon AI PRO R9700 (VRAM: 32624 MB)
INFO:root:DynamicVRAM support detected and enabled
[32m[INFO][0m DynamicVRAM support detected and enabled
INFO:root:Python version: 3.12.10 (tags/v3.12.10:0cc8128, Apr  8 2025, 12:21:36) [MSC v.1943 64 bit (AMD64)]
[32m[INFO][0m Python version: 3.12.10 (tags/v3.12.10:0cc8128, Apr  8 2025, 12:21:36) [MSC v.1943 64 bit (AMD64)]
INFO:root:ComfyUI version: 0.33.0
[32m[INFO][0m ComfyUI version: 0.33.0
INFO:root:comfy-aimdo version: 0.4.13
[32m[INFO][0m comfy-aimdo version: 0.4.13
INFO:root:comfy-kitchen version: 0.2.31
[32m[INFO][0m comfy-kitchen version: 0.2.31
INFO:root:comfyui-frontend-package version: 1.49.6
[32m[INFO][0m comfyui-frontend-package version: 1.49.6
INFO:root:comfyui-workflow-templates version: 0.11.44
[32m[INFO][0m comfyui-workflow-templates version: 0.11.44
INFO:root:comfyui-embedded-docs version: 0.5.10
[32m[INFO][0m comfyui-embedded-docs version: 0.5.10
INFO:root:comfy-kitchen version: 0.2.31
[32m[INFO][0m comfy-kitchen version: 0.2.31
INFO:root:comfy-aimdo version: 0.4.13
[32m[INFO][0m comfy-aimdo version: 0.4.13
INFO:root:[Prompt Server] web root: C:\AI\TRELLIS2-AMD\venv\Lib\site-packages\comfyui_frontend_package\static
[32m[INFO][0m [Prompt Server] web root: C:\AI\TRELLIS2-AMD\venv\Lib\site-packages\comfyui_frontend_package\static
INFO:root:Asset seeder disabled
[32m[INFO][0m Asset seeder disabled
INFO:OpenGL.acceleratesupport:No OpenGL_accelerate module loaded: No module named 'OpenGL_accelerate'
[32m[INFO][0m No OpenGL_accelerate module loaded: No module named 'OpenGL_accelerate'
INFO:root:
Import times for custom nodes:
[32m[INFO][0m 
Import times for custom nodes:
INFO:root:   0.0 seconds: C:\AI\TRELLIS2-AMD\ComfyUI\custom_nodes\websocket_image_save.py
[32m[INFO][0m    0.0 seconds: C:\AI\TRELLIS2-AMD\ComfyUI\custom_nodes\websocket_image_save.py
INFO:root:   0.8 seconds: C:\AI\TRELLIS2-AMD\ComfyUI\custom_nodes\ComfyUI-Trellis2
[32m[INFO][0m    0.8 seconds: C:\AI\TRELLIS2-AMD\ComfyUI\custom_nodes\ComfyUI-Trellis2
INFO:root:
[32m[INFO][0m 
INFO:alembic.runtime.migration:Context impl SQLiteImpl.
[32m[INFO][0m Context impl SQLiteImpl.
INFO:alembic.runtime.migration:Will assume non-transactional DDL.
[32m[INFO][0m Will assume non-transactional DDL.
INFO:root:Using RAM pressure cache.
[32m[INFO][0m Using RAM pressure cache.
INFO:root:Starting server

[32m[INFO][0m Starting server

INFO:root:To see the GUI go to: http://127.0.0.1:8189
[32m[INFO][0m To see the GUI go to: http://127.0.0.1:8189
INFO:root:got prompt
[32m[INFO][0m got prompt
ERROR:root:!!! Exception during processing !!! 'NoneType' object has no attribute 'vbars_reset_watermark_limits'
[1m[31m[ERROR][0m !!! Exception during processing !!! 'NoneType' object has no attribute 'vbars_reset_watermark_limits'
ERROR:root:Traceback (most recent call last):
  File "C:\AI\TRELLIS2-AMD\ComfyUI\execution.py", line 552, in execute
    comfy_aimdo.model_vbar.vbars_reset_watermark_limits()
  File "C:\AI\TRELLIS2-AMD\venv\Lib\site-packages\comfy_aimdo\model_vbar.py", line 153, in vbars_reset_watermark_limits
    lib.vbars_reset_watermark_limits(devctx)
    ^^^^^^^^^^^^^^^^^^^^^^^^^^^^^^^^
AttributeError: 'NoneType' object has no attribute 'vbars_reset_watermark_limits'

[1m[31m[ERROR][0m Traceback (most recent call last):
  File "C:\AI\TRELLIS2-AMD\ComfyUI\execution.py", line 552, in execute
    comfy_aimdo.model_vbar.vbars_reset_watermark_limits()
  File "C:\AI\TRELLIS2-AMD\venv\Lib\site-packages\comfy_aimdo\model_vbar.py", line 153, in vbars_reset_watermark_limits
    lib.vbars_reset_watermark_limits(devctx)
    ^^^^^^^^^^^^^^^^^^^^^^^^^^^^^^^^
AttributeError: 'NoneType' object has no attribute 'vbars_reset_watermark_limits'

INFO:root:Prompt executed in 0.21 seconds
[32m[INFO][0m [32mPrompt executed in 0.21 seconds[0m
INFO:root:got prompt
[32m[INFO][0m got prompt
ERROR:root:!!! Exception during processing !!! 'NoneType' object has no attribute 'vbars_reset_watermark_limits'
[1m[31m[ERROR][0m !!! Exception during processing !!! 'NoneType' object has no attribute 'vbars_reset_watermark_limits'
ERROR:root:Traceback (most recent call last):
  File "C:\AI\TRELLIS2-AMD\ComfyUI\execution.py", line 552, in execute
    comfy_aimdo.model_vbar.vbars_reset_watermark_limits()
  File "C:\AI\TRELLIS2-AMD\venv\Lib\site-packages\comfy_aimdo\model_vbar.py", line 153, in vbars_reset_watermark_limits
    lib.vbars_reset_watermark_limits(devctx)
    ^^^^^^^^^^^^^^^^^^^^^^^^^^^^^^^^
AttributeError: 'NoneType' object has no attribute 'vbars_reset_watermark_limits'

[1m[31m[ERROR][0m Traceback (most recent call last):
  File "C:\AI\TRELLIS2-AMD\ComfyUI\execution.py", line 552, in execute
    comfy_aimdo.model_vbar.vbars_reset_watermark_limits()
  File "C:\AI\TRELLIS2-AMD\venv\Lib\site-packages\comfy_aimdo\model_vbar.py", line 153, in vbars_reset_watermark_limits
    lib.vbars_reset_watermark_limits(devctx)
    ^^^^^^^^^^^^^^^^^^^^^^^^^^^^^^^^
AttributeError: 'NoneType' object has no attribute 'vbars_reset_watermark_limits'

INFO:root:Prompt executed in 0.19 seconds
[32m[INFO][0m [32mPrompt executed in 0.19 seconds[0m
INFO:root:got prompt
[32m[INFO][0m got prompt
ERROR:root:!!! Exception during processing !!! 'NoneType' object has no attribute 'vbars_reset_watermark_limits'
[1m[31m[ERROR][0m !!! Exception during processing !!! 'NoneType' object has no attribute 'vbars_reset_watermark_limits'
ERROR:root:Traceback (most recent call last):
  File "C:\AI\TRELLIS2-AMD\ComfyUI\execution.py", line 552, in execute
    comfy_aimdo.model_vbar.vbars_reset_watermark_limits()
  File "C:\AI\TRELLIS2-AMD\venv\Lib\site-packages\comfy_aimdo\model_vbar.py", line 153, in vbars_reset_watermark_limits
    lib.vbars_reset_watermark_limits(devctx)
    ^^^^^^^^^^^^^^^^^^^^^^^^^^^^^^^^
AttributeError: 'NoneType' object has no attribute 'vbars_reset_watermark_limits'

[1m[31m[ERROR][0m Traceback (most recent call last):
  File "C:\AI\TRELLIS2-AMD\ComfyUI\execution.py", line 552, in execute
    comfy_aimdo.model_vbar.vbars_reset_watermark_limits()
  File "C:\AI\TRELLIS2-AMD\venv\Lib\site-packages\comfy_aimdo\model_vbar.py", line 153, in vbars_reset_watermark_limits
    lib.vbars_reset_watermark_limits(devctx)
    ^^^^^^^^^^^^^^^^^^^^^^^^^^^^^^^^
AttributeError: 'NoneType' object has no attribute 'vbars_reset_watermark_limits'

INFO:root:Prompt executed in 0.19 seconds
[32m[INFO][0m [32mPrompt executed in 0.19 seconds[0m
INFO:root:got prompt
[32m[INFO][0m got prompt
ERROR:root:!!! Exception during processing !!! 'NoneType' object has no attribute 'vbars_reset_watermark_limits'
[1m[31m[ERROR][0m !!! Exception during processing !!! 'NoneType' object has no attribute 'vbars_reset_watermark_limits'
ERROR:root:Traceback (most recent call last):
  File "C:\AI\TRELLIS2-AMD\ComfyUI\execution.py", line 552, in execute
    comfy_aimdo.model_vbar.vbars_reset_watermark_limits()
  File "C:\AI\TRELLIS2-AMD\venv\Lib\site-packages\comfy_aimdo\model_vbar.py", line 153, in vbars_reset_watermark_limits
    lib.vbars_reset_watermark_limits(devctx)
    ^^^^^^^^^^^^^^^^^^^^^^^^^^^^^^^^
AttributeError: 'NoneType' object has no attribute 'vbars_reset_watermark_limits'

[1m[31m[ERROR][0m Traceback (most recent call last):
  File "C:\AI\TRELLIS2-AMD\ComfyUI\execution.py", line 552, in execute
    comfy_aimdo.model_vbar.vbars_reset_watermark_limits()
  File "C:\AI\TRELLIS2-AMD\venv\Lib\site-packages\comfy_aimdo\model_vbar.py", line 153, in vbars_reset_watermark_limits
    lib.vbars_reset_watermark_limits(devctx)
    ^^^^^^^^^^^^^^^^^^^^^^^^^^^^^^^^
AttributeError: 'NoneType' object has no attribute 'vbars_reset_watermark_limits'

INFO:root:Prompt executed in 0.18 seconds
[32m[INFO][0m [32mPrompt executed in 0.18 seconds[0m
INFO:root:got prompt
[32m[INFO][0m got prompt
ERROR:root:!!! Exception during processing !!! 'NoneType' object has no attribute 'vbars_reset_watermark_limits'
[1m[31m[ERROR][0m !!! Exception during processing !!! 'NoneType' object has no attribute 'vbars_reset_watermark_limits'
ERROR:root:Traceback (most recent call last):
  File "C:\AI\TRELLIS2-AMD\ComfyUI\execution.py", line 552, in execute
    comfy_aimdo.model_vbar.vbars_reset_watermark_limits()
  File "C:\AI\TRELLIS2-AMD\venv\Lib\site-packages\comfy_aimdo\model_vbar.py", line 153, in vbars_reset_watermark_limits
    lib.vbars_reset_watermark_limits(devctx)
    ^^^^^^^^^^^^^^^^^^^^^^^^^^^^^^^^
AttributeError: 'NoneType' object has no attribute 'vbars_reset_watermark_limits'

[1m[31m[ERROR][0m Traceback (most recent call last):
  File "C:\AI\TRELLIS2-AMD\ComfyUI\execution.py", line 552, in execute
    comfy_aimdo.model_vbar.vbars_reset_watermark_limits()
  File "C:\AI\TRELLIS2-AMD\venv\Lib\site-packages\comfy_aimdo\model_vbar.py", line 153, in vbars_reset_watermark_limits
    lib.vbars_reset_watermark_limits(devctx)
    ^^^^^^^^^^^^^^^^^^^^^^^^^^^^^^^^
AttributeError: 'NoneType' object has no attribute 'vbars_reset_watermark_limits'

INFO:root:Prompt executed in 0.19 seconds
[32m[INFO][0m [32mPrompt executed in 0.19 seconds[0m
INFO:root:got prompt
[32m[INFO][0m got prompt
ERROR:root:!!! Exception during processing !!! 'NoneType' object has no attribute 'vbars_reset_watermark_limits'
[1m[31m[ERROR][0m !!! Exception during processing !!! 'NoneType' object has no attribute 'vbars_reset_watermark_limits'
ERROR:root:Traceback (most recent call last):
  File "C:\AI\TRELLIS2-AMD\ComfyUI\execution.py", line 552, in execute
    comfy_aimdo.model_vbar.vbars_reset_watermark_limits()
  File "C:\AI\TRELLIS2-AMD\venv\Lib\site-packages\comfy_aimdo\model_vbar.py", line 153, in vbars_reset_watermark_limits
    lib.vbars_reset_watermark_limits(devctx)
    ^^^^^^^^^^^^^^^^^^^^^^^^^^^^^^^^
AttributeError: 'NoneType' object has no attribute 'vbars_reset_watermark_limits'

[1m[31m[ERROR][0m Traceback (most recent call last):
  File "C:\AI\TRELLIS2-AMD\ComfyUI\execution.py", line 552, in execute
    comfy_aimdo.model_vbar.vbars_reset_watermark_limits()
  File "C:\AI\TRELLIS2-AMD\venv\Lib\site-packages\comfy_aimdo\model_vbar.py", line 153, in vbars_reset_watermark_limits
    lib.vbars_reset_watermark_limits(devctx)
    ^^^^^^^^^^^^^^^^^^^^^^^^^^^^^^^^
AttributeError: 'NoneType' object has no attribute 'vbars_reset_watermark_limits'

INFO:root:Prompt executed in 0.19 seconds
[32m[INFO][0m [32mPrompt executed in 0.19 seconds[0m
INFO:root:got prompt
[32m[INFO][0m got prompt
ERROR:root:!!! Exception during processing !!! 'NoneType' object has no attribute 'vbars_reset_watermark_limits'
[1m[31m[ERROR][0m !!! Exception during processing !!! 'NoneType' object has no attribute 'vbars_reset_watermark_limits'
ERROR:root:Traceback (most recent call last):
  File "C:\AI\TRELLIS2-AMD\ComfyUI\execution.py", line 552, in execute
    comfy_aimdo.model_vbar.vbars_reset_watermark_limits()
  File "C:\AI\TRELLIS2-AMD\venv\Lib\site-packages\comfy_aimdo\model_vbar.py", line 153, in vbars_reset_watermark_limits
    lib.vbars_reset_watermark_limits(devctx)
    ^^^^^^^^^^^^^^^^^^^^^^^^^^^^^^^^
AttributeError: 'NoneType' object has no attribute 'vbars_reset_watermark_limits'

[1m[31m[ERROR][0m Traceback (most recent call last):
  File "C:\AI\TRELLIS2-AMD\ComfyUI\execution.py", line 552, in execute
    comfy_aimdo.model_vbar.vbars_reset_watermark_limits()
  File "C:\AI\TRELLIS2-AMD\venv\Lib\site-packages\comfy_aimdo\model_vbar.py", line 153, in vbars_reset_watermark_limits
    lib.vbars_reset_watermark_limits(devctx)
    ^^^^^^^^^^^^^^^^^^^^^^^^^^^^^^^^
AttributeError: 'NoneType' object has no attribute 'vbars_reset_watermark_limits'

INFO:root:Prompt executed in 0.19 seconds
[32m[INFO][0m [32mPrompt executed in 0.19 seconds[0m
