{"active": true, "stop_requested": false, "message": "\ud30c\uc77c \ubaa9\ub85d\uc744 \uc900\ube44\ud558\uace0 \uc788\uc2b5\ub2c8\ub2e4.", "jobs": [], "logs": [], "started": 1789004307.7325592, "settings": {"input_dir": "C:\\Users\\ljh\\tralalero Shooter\\map-concepts\\highway-enemies-2026-09-10\\input", "output_dir": "C:\\Users\\ljh\\tralalero Shooter\\outputs\\highway-enemies-2026-09-10", "recursive": false, "resolution": 1536, "texture_size": 2048, "target_triangles": 25000, "intermediate_faces": 300000, "low_vram": false, "keep_models_loaded": false, "use_tiled_decoder": true, "remove_floor": false, "continue_on_error": true, "seed": 12345, "steps": 12, "texture_steps": 25, "trellis_url": "http://127.0.0.1:8188", "trellis_root": "C:\\AI\\TRELLIS2-AMD", "blender": "C:\\Users\\ljh\\AppData\\Local\\Programs\\Blender Foundation\\Blender 5.2\\blender.exe", "longest_side": 2.2, "timeout_minutes": 120, "quality_retry": false, "stage_quality": false}, "cooldown_remaining": 0}
{"active": true, "message": "\ud30c\uc77c \ubaa9\ub85d\uc744 \uc900\ube44\ud558\uace0 \uc788\uc2b5\ub2c8\ub2e4."}
{"active": true, "message": "01-mechanic.png \u00b7 TRELLIS \uc0dd\uc131 \uc911"}
{"active": true, "message": "01-mechanic.png \u00b7 TRELLIS \uc0dd\uc131 \uc911"}
{"active": true, "message": "01-mechanic.png \u00b7 TRELLIS \uc0dd\uc131 \uc911"}
{"active": true, "message": "01-mechanic.png \u00b7 TRELLIS \uc0dd\uc131 \uc911"}
{"active": true, "message": "01-mechanic.png \u00b7 TRELLIS \uc0dd\uc131 \uc911"}
{"active": true, "message": "01-mechanic.png \u00b7 TRELLIS \uc0dd\uc131 \uc911"}
{"active": true, "message": "01-mechanic.png \u00b7 TRELLIS \uc0dd\uc131 \uc911"}
{"active": true, "message": "01-mechanic.png \u00b7 TRELLIS \uc0dd\uc131 \uc911"}
{"active": true, "message": "01-mechanic.png \u00b7 TRELLIS \uc0dd\uc131 \uc911"}
{"active": true, "message": "01-mechanic.png \u00b7 TRELLIS \uc0dd\uc131 \uc911"}
{"active": true, "message": "01-mechanic.png \u00b7 TRELLIS \uc0dd\uc131 \uc911"}
{"active": true, "message": "01-mechanic.png \u00b7 TRELLIS \uc0dd\uc131 \uc911"}
{"active": true, "message": "01-mechanic.png \u00b7 TRELLIS \uc0dd\uc131 \uc911"}
{"active": true, "message": "01-mechanic.png \u00b7 TRELLIS \uc0dd\uc131 \uc911"}
{"active": true, "message": "01-mechanic.png \u00b7 TRELLIS \uc0dd\uc131 \uc911"}
{"active": true, "message": "01-mechanic.png \u00b7 TRELLIS \uc0dd\uc131 \uc911"}
{"active": true, "message": "01-mechanic.png \u00b7 TRELLIS \uc0dd\uc131 \uc911"}
{"active": true, "message": "01-mechanic.png \u00b7 TRELLIS \uc0dd\uc131 \uc911"}
{"active": true, "message": "01-mechanic.png \u00b7 TRELLIS \uc0dd\uc131 \uc911"}
{"active": true, "message": "01-mechanic.png \u00b7 TRELLIS \uc0dd\uc131 \uc911"}
{"active": true, "message": "01-mechanic.png \u00b7 TRELLIS \uc0dd\uc131 \uc911"}
{"active": true, "message": "\ud30c\uc77c \uc0ac\uc774 \ud734\uc2dd \u00b7 \ub2e4\uc74c \ud30c\uc77c \uc2dc\uc791\uae4c\uc9c0 55\ucd08"}
{"active": true, "message": "\ud30c\uc77c \uc0ac\uc774 \ud734\uc2dd \u00b7 \ub2e4\uc74c \ud30c\uc77c \uc2dc\uc791\uae4c\uc9c0 35\ucd08"}
{"active": true, "message": "\ud30c\uc77c \uc0ac\uc774 \ud734\uc2dd \u00b7 \ub2e4\uc74c \ud30c\uc77c \uc2dc\uc791\uae4c\uc9c0 15\ucd08"}
{"active": true, "message": "02-patrol.png \u00b7 TRELLIS \uc0dd\uc131 \uc911"}
{"active": true, "message": "02-patrol.png \u00b7 TRELLIS \uc0dd\uc131 \uc911"}
{"active": true, "message": "02-patrol.png \u00b7 TRELLIS \uc0dd\uc131 \uc911"}
{"active": true, "message": "02-patrol.png \u00b7 TRELLIS \uc0dd\uc131 \uc911"}
{"active": true, "message": "02-patrol.png \u00b7 TRELLIS \uc0dd\uc131 \uc911"}
{"active": true, "message": "02-patrol.png \u00b7 TRELLIS \uc0dd\uc131 \uc911"}
{"active": true, "message": "02-patrol.png \u00b7 TRELLIS \uc0dd\uc131 \uc911"}
{"active": true, "message": "02-patrol.png \u00b7 TRELLIS \uc0dd\uc131 \uc911"}
{"active": true, "message": "02-patrol.png \u00b7 TRELLIS \uc0dd\uc131 \uc911"}
{"active": true, "message": "02-patrol.png \u00b7 TRELLIS \uc0dd\uc131 \uc911"}
{"active": true, "message": "02-patrol.png \u00b7 TRELLIS \uc0dd\uc131 \uc911"}
{"active": true, "message": "02-patrol.png \u00b7 TRELLIS \uc0dd\uc131 \uc911"}
{"active": true, "message": "02-patrol.png \u00b7 TRELLIS \uc0dd\uc131 \uc911"}
{"active": true, "message": "02-patrol.png \u00b7 TRELLIS \uc0dd\uc131 \uc911"}
{"active": true, "message": "02-patrol.png \u00b7 TRELLIS \uc0dd\uc131 \uc911"}
{"active": true, "message": "02-patrol.png \u00b7 TRELLIS \uc0dd\uc131 \uc911"}
{"active": true, "message": "02-patrol.png \u00b7 TRELLIS \uc0dd\uc131 \uc911"}
{"active": true, "message": "02-patrol.png \u00b7 TRELLIS \uc0dd\uc131 \uc911"}
{"active": true, "message": "02-patrol.png \u00b7 TRELLIS \uc0dd\uc131 \uc911"}
{"active": true, "message": "02-patrol.png \u00b7 TRELLIS \uc0dd\uc131 \uc911"}
{"active": true, "message": "02-patrol.png \u00b7 TRELLIS \uc0dd\uc131 \uc911"}
{"active": true, "message": "02-patrol.png \u00b7 TRELLIS \uc0dd\uc131 \uc911"}
{"active": true, "message": "02-patrol.png \u00b7 \uba54\uc2dc \uc815\ub9ac \ubc0f \ud14d\uc2a4\ucc98 \ubca0\uc774\ud06c"}
{"active": true, "message": "\ud30c\uc77c \uc0ac\uc774 \ud734\uc2dd \u00b7 \ub2e4\uc74c \ud30c\uc77c \uc2dc\uc791\uae4c\uc9c0 51\ucd08"}
{"active": true, "message": "\ud30c\uc77c \uc0ac\uc774 \ud734\uc2dd \u00b7 \ub2e4\uc74c \ud30c\uc77c \uc2dc\uc791\uae4c\uc9c0 32\ucd08"}
{"active": true, "message": "\ud30c\uc77c \uc0ac\uc774 \ud734\uc2dd \u00b7 \ub2e4\uc74c \ud30c\uc77c \uc2dc\uc791\uae4c\uc9c0 12\ucd08"}
{"active": true, "message": "03-chief.png \u00b7 TRELLIS \uc0dd\uc131 \uc911"}
{"active": true, "message": "03-chief.png \u00b7 TRELLIS \uc0dd\uc131 \uc911"}
{"active": true, "message": "03-chief.png \u00b7 TRELLIS \uc0dd\uc131 \uc911"}
{"active": true, "message": "03-chief.png \u00b7 TRELLIS \uc0dd\uc131 \uc911"}
{"active": true, "message": "03-chief.png \u00b7 TRELLIS \uc0dd\uc131 \uc911"}
{"active": true, "message": "03-chief.png \u00b7 TRELLIS \uc0dd\uc131 \uc911"}
{"active": true, "message": "03-chief.png \u00b7 TRELLIS \uc0dd\uc131 \uc911"}
{"active": true, "message": "03-chief.png \u00b7 TRELLIS \uc0dd\uc131 \uc911"}
{"active": true, "message": "03-chief.png \u00b7 TRELLIS \uc0dd\uc131 \uc911"}
{"active": true, "message": "03-chief.png \u00b7 TRELLIS \uc0dd\uc131 \uc911"}
{"active": true, "message": "03-chief.png \u00b7 TRELLIS \uc0dd\uc131 \uc911"}
{"active": true, "message": "03-chief.png \u00b7 TRELLIS \uc0dd\uc131 \uc911"}
{"active": true, "message": "03-chief.png \u00b7 TRELLIS \uc0dd\uc131 \uc911"}
{"active": true, "message": "03-chief.png \u00b7 TRELLIS \uc0dd\uc131 \uc911"}
{"active": true, "message": "03-chief.png \u00b7 TRELLIS \uc0dd\uc131 \uc911"}
{"active": true, "message": "03-chief.png \u00b7 TRELLIS \uc0dd\uc131 \uc911"}
{"active": true, "message": "03-chief.png \u00b7 TRELLIS \uc0dd\uc131 \uc911"}
{"active": true, "message": "03-chief.png \u00b7 TRELLIS \uc0dd\uc131 \uc911"}
{"active": true, "message": "03-chief.png \u00b7 TRELLIS \uc0dd\uc131 \uc911"}
{"active": true, "message": "03-chief.png \u00b7 TRELLIS \uc0dd\uc131 \uc911"}
{"active": true, "message": "03-chief.png \u00b7 TRELLIS \uc0dd\uc131 \uc911"}
{"active": true, "message": "03-chief.png \u00b7 TRELLIS \uc0dd\uc131 \uc911"}
{"active": true, "message": "03-chief.png \u00b7 TRELLIS \uc0dd\uc131 \uc911"}
{"active": true, "message": "03-chief.png \u00b7 TRELLIS \uc0dd\uc131 \uc911"}
{"active": true, "message": "03-chief.png \u00b7 TRELLIS \uc0dd\uc131 \uc911"}
{"active": true, "message": "03-chief.png \u00b7 TRELLIS \uc0dd\uc131 \uc911"}
{"active": true, "message": "03-chief.png \u00b7 TRELLIS \uc0dd\uc131 \uc911"}
{"active": true, "message": "03-chief.png \u00b7 TRELLIS \uc0dd\uc131 \uc911"}
{"active": true, "message": "03-chief.png \u00b7 TRELLIS \uc0dd\uc131 \uc911"}
{"active": true, "message": "03-chief.png \u00b7 TRELLIS \uc0dd\uc131 \uc911"}
{"active": true, "message": "03-chief.png \u00b7 \uba54\uc2dc \uc815\ub9ac \ubc0f \ud14d\uc2a4\ucc98 \ubca0\uc774\ud06c"}
{"active": false, "stop_requested": false, "message": "\ucc98\ub9ac\uac00 \ub05d\ub0ac\uc2b5\ub2c8\ub2e4. \uacb0\uacfc\ub97c \ud655\uc778\ud558\uc138\uc694.", "jobs": [{"id": "4a97f10f4c084be4", "generation_id": "b6dc69a68a8b97ba1628", "name": "01-mechanic.png", "input": "C:\\Users\\ljh\\tralalero Shooter\\map-concepts\\highway-enemies-2026-09-10\\input\\01-mechanic.png", "folder": "C:\\Users\\ljh\\tralalero Shooter\\outputs\\highway-enemies-2026-09-10\\01-mechanic_4a97f10f4c", "status": "done", "message": "\uc644\ub8cc \u00b7 \uba54\uc2dc \uacbd\uacc4/\ubc14\ub2e5 \ud655\uc778 \ud544\uc694", "triangles": 23276, "prompt_id": "29131362-83b1-4257-8d69-f71f8e23f2a7", "trellis_output": "C:\\AI\\TRELLIS2-AMD\\ComfyUI\\output\\trellis_automation\\4a97f10f4c084be4\\asset_Textured_00001_.glb", "warnings": ["Mesh has boundary or non-manifold edges; inspect before physics/printing use."], "error_type": null, "completed_at": 1789004742.083575}, {"id": "cd22a7a4110b5e7a", "generation_id": "6a5f85cb1ad1f97cbba2", "name": "02-patrol.png", "input": "C:\\Users\\ljh\\tralalero Shooter\\map-concepts\\highway-enemies-2026-09-10\\input\\02-patrol.png", "folder": "C:\\Users\\ljh\\tralalero Shooter\\outputs\\highway-enemies-2026-09-10\\02-patrol_cd22a7a411", "status": "done", "message": "\uc644\ub8cc \u00b7 \uba54\uc2dc \uacbd\uacc4/\ubc14\ub2e5 \ud655\uc778 \ud544\uc694", "triangles": 23264, "prompt_id": "c7933c5a-6c91-41b5-ac0a-33f7f2d6604c", "trellis_output": "C:\\AI\\TRELLIS2-AMD\\ComfyUI\\output\\trellis_automation\\cd22a7a4110b5e7a\\asset_Textured_00001_.glb", "warnings": ["Mesh has boundary or non-manifold edges; inspect before physics/printing use."], "error_type": null, "completed_at": 1789005258.7657602}, {"id": "49f79d0151f0fe8b", "generation_id": "d5819e5718535b91d460", "name": "03-chief.png", "input": "C:\\Users\\ljh\\tralalero Shooter\\map-concepts\\highway-enemies-2026-09-10\\input\\03-chief.png", "folder": "C:\\Users\\ljh\\tralalero Shooter\\outputs\\highway-enemies-2026-09-10\\03-chief_49f79d0151", "status": "done", "message": "\uc644\ub8cc \u00b7 \uba54\uc2dc \uacbd\uacc4/\ubc14\ub2e5 \ud655\uc778 \ud544\uc694", "triangles": 23476, "prompt_id": "719e7840-9ca3-4f2c-b728-c06a3207b161", "trellis_output": "C:\\AI\\TRELLIS2-AMD\\ComfyUI\\output\\trellis_automation\\49f79d0151f0fe8b\\asset_Textured_00001_.glb", "warnings": ["Mesh has boundary or non-manifold edges; inspect before physics/printing use."], "error_type": null, "completed_at": 1789005938.3748403}], "logs": ["10:38:27  \uc2dc\uc791: 01-mechanic.png", "10:45:42  \uc644\ub8cc: 01-mechanic.png", "10:45:42  \ud30c\uc77c \uc0ac\uc774 \ud734\uc2dd \u00b7 \ub2e4\uc74c \ud30c\uc77c\uae4c\uc9c0 60\ucd08", "10:46:42  \uc2dc\uc791: 02-patrol.png", "10:54:18  \uc644\ub8cc: 02-patrol.png", "10:54:18  \ud30c\uc77c \uc0ac\uc774 \ud734\uc2dd \u00b7 \ub2e4\uc74c \ud30c\uc77c\uae4c\uc9c0 60\ucd08", "10:55:18  \uc2dc\uc791: 03-chief.png", "11:05:38  \uc644\ub8cc: 03-chief.png"], "started": 1789004307.7325592, "settings": {"input_dir": "C:\\Users\\ljh\\tralalero Shooter\\map-concepts\\highway-enemies-2026-09-10\\input", "output_dir": "C:\\Users\\ljh\\tralalero Shooter\\outputs\\highway-enemies-2026-09-10", "recursive": false, "resolution": 1536, "texture_size": 2048, "target_triangles": 25000, "intermediate_faces": 300000, "low_vram": false, "keep_models_loaded": false, "use_tiled_decoder": true, "remove_floor": false, "continue_on_error": true, "seed": 12345, "steps": 12, "texture_steps": 25, "trellis_url": "http://127.0.0.1:8188", "trellis_root": "C:\\AI\\TRELLIS2-AMD", "blender": "C:\\Users\\ljh\\AppData\\Local\\Programs\\Blender Foundation\\Blender 5.2\\blender.exe", "longest_side": 2.2, "timeout_minutes": 120, "quality_retry": false, "stage_quality": false}, "cooldown_remaining": 0}
