{"pid": 48852, "started": 1790305480.2193465, "script": "C:\\Users\\ljh\\tralalero Shooter\\tools\\run-trellis-uv-math.py", "threads": 4, "logicalProcessors": [0, 1, 2, 3, 4, 5, 6, 7], "priority": "below-normal", "availableMemoryBytes": 35878555648}
TASK UV RASTER: independent barycentric math, no NVIDIA raster library imported
[SPARSE] Conv backend: flex_gemm; Attention backend: flash_attn
[ATTENTION] Using backend: sdpa
mmgp not installed
Loading Image Cond model ...
Loading Sparse Structure model ...
[Sparse HoleFill] Batch 0: Found 80 holes before filling.
[Sparse HoleFill] Batch 0: 80 holes filled, 0 remain after filling.
Loading Shape Slat Flow 1024 model ...
Loading Shape Slat decoder model ...
Num Tokens: 10243
Loading Shape Slat Flow 1024 model ...
Loading Shape Slat decoder model ...
Not building BVH : only used for texturing
Reconstructing mesh ...
Dual Contouring ...
Quad Topology ...
Re-indexing vertices ...
Removing Inner Layer for 10155010 quads ...
Re-indexing vertices after quad filtering ...
Triangulation ...
Removing floater ...
Current faces: 7530832
After removing floater: 6789804
After reconstruction: 3529395 vertices, 6789804 faces
Current Faces Number: 6789804
1406 holes found
Current Faces Number: 3123346
Loading Image Cond model ...
Loading Sparse Structure model ...
[Sparse HoleFill] Batch 0: Found 72 holes before filling.
[Sparse HoleFill] Batch 0: 72 holes filled, 0 remain after filling.
Loading Shape Slat Flow 1024 model ...
Loading Shape Slat decoder model ...
Num Tokens: 10307
Loading Shape Slat Flow 1024 model ...
Loading Shape Slat decoder model ...
Not building BVH : only used for texturing
Reconstructing mesh ...
Dual Contouring ...
Quad Topology ...
Re-indexing vertices ...
Removing Inner Layer for 10223206 quads ...
Re-indexing vertices after quad filtering ...
Triangulation ...
Removing floater ...
Current faces: 7711724
After removing floater: 7114236
After reconstruction: 3710343 vertices, 7114236 faces
Current Faces Number: 7114236
1614 holes found
Current Faces Number: 3538044
Loading Image Cond model ...
Loading Sparse Structure model ...
[Sparse HoleFill] Batch 0: Found 41 holes before filling.
[Sparse HoleFill] Batch 0: 41 holes filled, 0 remain after filling.
Loading Shape Slat Flow 1024 model ...
Loading Shape Slat decoder model ...
Num Tokens: 9253
Loading Shape Slat Flow 1024 model ...
Loading Shape Slat decoder model ...
Not building BVH : only used for texturing
Reconstructing mesh ...
Dual Contouring ...
Quad Topology ...
Re-indexing vertices ...
Removing Inner Layer for 9123664 quads ...
Re-indexing vertices after quad filtering ...
Triangulation ...
Removing floater ...
Current faces: 7623210
After removing floater: 6629350
After reconstruction: 3430022 vertices, 6629350 faces
Current Faces Number: 6629350
1373 holes found
Current Faces Number: 3053406
Loading Image Cond model ...
Loading Sparse Structure model ...
[Sparse HoleFill] Batch 0: Found 39 holes before filling.
[Sparse HoleFill] Batch 0: 39 holes filled, 0 remain after filling.
Loading Shape Slat Flow 1024 model ...
Loading Shape Slat decoder model ...
Num Tokens: 8604
Loading Shape Slat Flow 1024 model ...
Loading Shape Slat decoder model ...
Not building BVH : only used for texturing
Reconstructing mesh ...
Dual Contouring ...
Quad Topology ...
Re-indexing vertices ...
Removing Inner Layer for 8467048 quads ...
Re-indexing vertices after quad filtering ...
Triangulation ...
Removing floater ...
Current faces: 4489856
After removing floater: 4177352
After reconstruction: 2149819 vertices, 4177352 faces
Current Faces Number: 4177352
901 holes found
Current Faces Number: 2108104
Loading Image Cond model ...
Loading Sparse Structure model ...
[Sparse HoleFill] Batch 0: Found 48 holes before filling.
[Sparse HoleFill] Batch 0: 48 holes filled, 0 remain after filling.
Loading Shape Slat Flow 1024 model ...
Loading Shape Slat decoder model ...
Num Tokens: 8644
Loading Shape Slat Flow 1024 model ...
Loading Shape Slat decoder model ...
Not building BVH : only used for texturing
Reconstructing mesh ...
Dual Contouring ...
Quad Topology ...
Re-indexing vertices ...
Removing Inner Layer for 8488204 quads ...
Re-indexing vertices after quad filtering ...
Triangulation ...
Removing floater ...
Current faces: 4994782
After removing floater: 4400432
After reconstruction: 2283720 vertices, 4400432 faces
Current Faces Number: 4400432
1172 holes found
Current Faces Number: 2647667
Loading Image Cond model ...
Loading Sparse Structure model ...
[Sparse HoleFill] Batch 0: Found 28 holes before filling.
[Sparse HoleFill] Batch 0: 28 holes filled, 0 remain after filling.
Loading Shape Slat Flow 1024 model ...
Loading Shape Slat decoder model ...
Num Tokens: 8837
Loading Shape Slat Flow 1024 model ...
Loading Shape Slat decoder model ...
Not building BVH : only used for texturing
Reconstructing mesh ...
Dual Contouring ...
Quad Topology ...
Re-indexing vertices ...
Removing Inner Layer for 9705204 quads ...
Re-indexing vertices after quad filtering ...
Triangulation ...
Removing floater ...
Current faces: 4819484
After removing floater: 4416512
After reconstruction: 2288100 vertices, 4416512 faces
Current Faces Number: 4416512
1132 holes found
Current Faces Number: 2566228
Intersect QEF computation took 1.61 seconds.
Face QEF computation took 0.49 seconds.
Boundary QEF computation took 0.12 seconds.
Dual vertices computation took 0.52 seconds.
Loading Image Cond model ...
Converting mesh to flexible dual grid ...
Loading Shape Slat Encoder model ...
Loading Texture Slat Flow 1024 model ...
Loading Texture Slat decoder model ...
Unwrapping mesh ...
Get 1369 clusters after fast clustering
Finalizing mesh ...
Loading Image Cond model ...
Loading Sparse Structure model ...
[Sparse HoleFill] Batch 0: Found 70 holes before filling.
[Sparse HoleFill] Batch 0: 70 holes filled, 0 remain after filling.
Loading Shape Slat Flow 1024 model ...
Loading Shape Slat decoder model ...
Num Tokens: 10408
Loading Shape Slat Flow 1024 model ...
Loading Shape Slat decoder model ...
Not building BVH : only used for texturing
Reconstructing mesh ...
Dual Contouring ...
Quad Topology ...
Re-indexing vertices ...
Removing Inner Layer for 10605284 quads ...
Re-indexing vertices after quad filtering ...
Triangulation ...
Removing floater ...
Current faces: 7450926
After removing floater: 6844882
After reconstruction: 3540735 vertices, 6844882 faces
Current Faces Number: 6844882
1311 holes found
Current Faces Number: 2936160
Intersect QEF computation took 2.91 seconds.
Face QEF computation took 0.72 seconds.
Boundary QEF computation took 0.11 seconds.
Dual vertices computation took 0.88 seconds.
Loading Image Cond model ...
Converting mesh to flexible dual grid ...
Loading Shape Slat Encoder model ...
Loading Texture Slat decoder model ...
Unwrapping mesh ...
Get 9284 clusters after fast clustering
Intersect QEF computation took 2.53 seconds.
Face QEF computation took 0.62 seconds.
Boundary QEF computation took 0.08 seconds.
Dual vertices computation took 0.78 seconds.
Finalizing mesh ...
Loading Image Cond model ...
Converting mesh to flexible dual grid ...
Loading Shape Slat Encoder model ...
Loading Texture Slat decoder model ...
Unwrapping mesh ...
Get 8463 clusters after fast clustering
Intersect QEF computation took 2.55 seconds.
Face QEF computation took 0.60 seconds.
Boundary QEF computation took 0.10 seconds.
Dual vertices computation took 0.74 seconds.
Finalizing mesh ...
Loading Image Cond model ...
Converting mesh to flexible dual grid ...
Loading Shape Slat Encoder model ...
Loading Texture Slat decoder model ...
Unwrapping mesh ...
Get 9284 clusters after fast clustering
Intersect QEF computation took 1.56 seconds.
Face QEF computation took 0.43 seconds.
Boundary QEF computation took 0.08 seconds.
Dual vertices computation took 0.46 seconds.
Finalizing mesh ...
Loading Image Cond model ...
Converting mesh to flexible dual grid ...
Loading Shape Slat Encoder model ...
Loading Texture Slat decoder model ...
Unwrapping mesh ...
Get 6983 clusters after fast clustering
