{"pid": 17280, "started": 1790189805.0326145, "script": "C:\\Users\\ljh\\tralalero Shooter\\tools\\render-reststop-rig-preview.py", "threads": 4, "logicalProcessors": [0, 1, 2, 3, 4, 5, 6, 7], "priority": "below-normal", "availableMemoryBytes": 24793509888}
00:00.375  blend            | Read blend: "C:\Users\ljh\tralalero Shooter\outputs\reststop-production-2026-09-24\rigged\H01-r7\ParkingMarshal.blend"
C:\Users\ljh\tralalero Shooter\tools\render-reststop-rig-preview.py:31: DeprecationWarning: 'World.use_nodes' is expected to be removed in Blender 6.0
  scene.world=bpy.data.worlds.new('Animation_review_world');scene.world.use_nodes=True
C:\Users\ljh\tralalero Shooter\tools\render-reststop-rig-preview.py:46: DeprecationWarning: 'Material.use_nodes' is expected to be removed in Blender 6.0
  label_material=bpy.data.materials.new('Review text');label_material.use_nodes=True
00:07.656  render           | Saved: 'C:\Users\ljh\tralalero Shooter\outputs\reststop-production-2026-09-24\rigged\H01-r7\poses\attack_once-001.png'
00:15.031  render           | Saved: 'C:\Users\ljh\tralalero Shooter\outputs\reststop-production-2026-09-24\rigged\H01-r7\poses\attack_once-010.png'
00:22.406  render           | Saved: 'C:\Users\ljh\tralalero Shooter\outputs\reststop-production-2026-09-24\rigged\H01-r7\poses\attack_once-019.png'
00:29.765  render           | Saved: 'C:\Users\ljh\tralalero Shooter\outputs\reststop-production-2026-09-24\rigged\H01-r7\poses\attack_once-028.png'
00:37.359  render           | Saved: 'C:\Users\ljh\tralalero Shooter\outputs\reststop-production-2026-09-24\rigged\H01-r7\poses\attack_once-037.png'
REVIEW_ACTION attack_once
00:44.890  render           | Saved: 'C:\Users\ljh\tralalero Shooter\outputs\reststop-production-2026-09-24\rigged\H01-r7\poses\greet-001.png'
00:52.406  render           | Saved: 'C:\Users\ljh\tralalero Shooter\outputs\reststop-production-2026-09-24\rigged\H01-r7\poses\greet-014.png'
01:00.265  render           | Saved: 'C:\Users\ljh\tralalero Shooter\outputs\reststop-production-2026-09-24\rigged\H01-r7\poses\greet-028.png'
01:07.703  render           | Saved: 'C:\Users\ljh\tralalero Shooter\outputs\reststop-production-2026-09-24\rigged\H01-r7\poses\greet-042.png'
01:15.094  render           | Saved: 'C:\Users\ljh\tralalero Shooter\outputs\reststop-production-2026-09-24\rigged\H01-r7\poses\greet-055.png'
REVIEW_ACTION greet
01:22.531  render           | Saved: 'C:\Users\ljh\tralalero Shooter\outputs\reststop-production-2026-09-24\rigged\H01-r7\poses\walk-001.png'
01:29.890  render           | Saved: 'C:\Users\ljh\tralalero Shooter\outputs\reststop-production-2026-09-24\rigged\H01-r7\poses\walk-008.png'
01:37.297  render           | Saved: 'C:\Users\ljh\tralalero Shooter\outputs\reststop-production-2026-09-24\rigged\H01-r7\poses\walk-014.png'
01:44.969  render           | Saved: 'C:\Users\ljh\tralalero Shooter\outputs\reststop-production-2026-09-24\rigged\H01-r7\poses\walk-021.png'
01:53.328  render           | Saved: 'C:\Users\ljh\tralalero Shooter\outputs\reststop-production-2026-09-24\rigged\H01-r7\poses\walk-028.png'
REVIEW_ACTION walk
Blender 5.2.1 LTS (hash 9e2066aef7ef built 2026-08-25 02:38:20)

Blender quit
