00:00.391  blend            | Read blend: "C:\Users\ljh\tralalero Shooter\outputs\reststop-production-2026-09-24\rigged\H01-r3\ParkingMarshal.blend"
C:\Users\ljh\tralalero Shooter\tools\render-reststop-rig-preview.py:25: DeprecationWarning: 'World.use_nodes' is expected to be removed in Blender 6.0
  scene.world=bpy.data.worlds.new('Animation_review_world');scene.world.use_nodes=True
C:\Users\ljh\tralalero Shooter\tools\render-reststop-rig-preview.py:40: DeprecationWarning: 'Material.use_nodes' is expected to be removed in Blender 6.0
  label_material=bpy.data.materials.new('Review text');label_material.use_nodes=True
00:01.547  render           | Saved: 'C:\Users\ljh\tralalero Shooter\outputs\reststop-production-2026-09-24\rigged\H01-r3\poses\attack_loop-001.png'
00:01.719  render           | Saved: 'C:\Users\ljh\tralalero Shooter\outputs\reststop-production-2026-09-24\rigged\H01-r3\poses\attack_loop-010.png'
00:01.860  render           | Saved: 'C:\Users\ljh\tralalero Shooter\outputs\reststop-production-2026-09-24\rigged\H01-r3\poses\attack_loop-019.png'
00:02.016  render           | Saved: 'C:\Users\ljh\tralalero Shooter\outputs\reststop-production-2026-09-24\rigged\H01-r3\poses\attack_loop-028.png'
00:02.172  render           | Saved: 'C:\Users\ljh\tralalero Shooter\outputs\reststop-production-2026-09-24\rigged\H01-r3\poses\attack_loop-037.png'
REVIEW_ACTION attack_loop
00:02.329  render           | Saved: 'C:\Users\ljh\tralalero Shooter\outputs\reststop-production-2026-09-24\rigged\H01-r3\poses\attack_once-001.png'
00:02.485  render           | Saved: 'C:\Users\ljh\tralalero Shooter\outputs\reststop-production-2026-09-24\rigged\H01-r3\poses\attack_once-010.png'
00:02.625  render           | Saved: 'C:\Users\ljh\tralalero Shooter\outputs\reststop-production-2026-09-24\rigged\H01-r3\poses\attack_once-019.png'
00:02.782  render           | Saved: 'C:\Users\ljh\tralalero Shooter\outputs\reststop-production-2026-09-24\rigged\H01-r3\poses\attack_once-028.png'
00:02.954  render           | Saved: 'C:\Users\ljh\tralalero Shooter\outputs\reststop-production-2026-09-24\rigged\H01-r3\poses\attack_once-037.png'
REVIEW_ACTION attack_once
00:03.110  render           | Saved: 'C:\Users\ljh\tralalero Shooter\outputs\reststop-production-2026-09-24\rigged\H01-r3\poses\die-001.png'
00:03.266  render           | Saved: 'C:\Users\ljh\tralalero Shooter\outputs\reststop-production-2026-09-24\rigged\H01-r3\poses\die-008.png'
00:03.422  render           | Saved: 'C:\Users\ljh\tralalero Shooter\outputs\reststop-production-2026-09-24\rigged\H01-r3\poses\die-016.png'
00:03.594  render           | Saved: 'C:\Users\ljh\tralalero Shooter\outputs\reststop-production-2026-09-24\rigged\H01-r3\poses\die-024.png'
00:03.750  render           | Saved: 'C:\Users\ljh\tralalero Shooter\outputs\reststop-production-2026-09-24\rigged\H01-r3\poses\die-031.png'
REVIEW_ACTION die
00:03.907  render           | Saved: 'C:\Users\ljh\tralalero Shooter\outputs\reststop-production-2026-09-24\rigged\H01-r3\poses\greet-001.png'
00:04.079  render           | Saved: 'C:\Users\ljh\tralalero Shooter\outputs\reststop-production-2026-09-24\rigged\H01-r3\poses\greet-014.png'
00:04.235  render           | Saved: 'C:\Users\ljh\tralalero Shooter\outputs\reststop-production-2026-09-24\rigged\H01-r3\poses\greet-028.png'
00:04.375  render           | Saved: 'C:\Users\ljh\tralalero Shooter\outputs\reststop-production-2026-09-24\rigged\H01-r3\poses\greet-042.png'
00:04.563  render           | Saved: 'C:\Users\ljh\tralalero Shooter\outputs\reststop-production-2026-09-24\rigged\H01-r3\poses\greet-055.png'
REVIEW_ACTION greet
00:04.735  render           | Saved: 'C:\Users\ljh\tralalero Shooter\outputs\reststop-production-2026-09-24\rigged\H01-r3\poses\hit-001.png'
00:04.907  render           | Saved: 'C:\Users\ljh\tralalero Shooter\outputs\reststop-production-2026-09-24\rigged\H01-r3\poses\hit-003.png'
00:05.063  render           | Saved: 'C:\Users\ljh\tralalero Shooter\outputs\reststop-production-2026-09-24\rigged\H01-r3\poses\hit-006.png'
00:05.235  render           | Saved: 'C:\Users\ljh\tralalero Shooter\outputs\reststop-production-2026-09-24\rigged\H01-r3\poses\hit-008.png'
00:05.391  render           | Saved: 'C:\Users\ljh\tralalero Shooter\outputs\reststop-production-2026-09-24\rigged\H01-r3\poses\hit-010.png'
REVIEW_ACTION hit
00:05.547  render           | Saved: 'C:\Users\ljh\tralalero Shooter\outputs\reststop-production-2026-09-24\rigged\H01-r3\poses\idle-001.png'
00:05.719  render           | Saved: 'C:\Users\ljh\tralalero Shooter\outputs\reststop-production-2026-09-24\rigged\H01-r3\poses\idle-019.png'
00:05.875  render           | Saved: 'C:\Users\ljh\tralalero Shooter\outputs\reststop-production-2026-09-24\rigged\H01-r3\poses\idle-037.png'
00:06.063  render           | Saved: 'C:\Users\ljh\tralalero Shooter\outputs\reststop-production-2026-09-24\rigged\H01-r3\poses\idle-055.png'
00:06.219  render           | Saved: 'C:\Users\ljh\tralalero Shooter\outputs\reststop-production-2026-09-24\rigged\H01-r3\poses\idle-073.png'
REVIEW_ACTION idle
00:06.391  render           | Saved: 'C:\Users\ljh\tralalero Shooter\outputs\reststop-production-2026-09-24\rigged\H01-r3\poses\run-001.png'
00:06.547  render           | Saved: 'C:\Users\ljh\tralalero Shooter\outputs\reststop-production-2026-09-24\rigged\H01-r3\poses\run-006.png'
00:06.704  render           | Saved: 'C:\Users\ljh\tralalero Shooter\outputs\reststop-production-2026-09-24\rigged\H01-r3\poses\run-011.png'
00:06.860  render           | Saved: 'C:\Users\ljh\tralalero Shooter\outputs\reststop-production-2026-09-24\rigged\H01-r3\poses\run-016.png'
00:07.016  render           | Saved: 'C:\Users\ljh\tralalero Shooter\outputs\reststop-production-2026-09-24\rigged\H01-r3\poses\run-021.png'
REVIEW_ACTION run
00:07.172  render           | Saved: 'C:\Users\ljh\tralalero Shooter\outputs\reststop-production-2026-09-24\rigged\H01-r3\poses\signal-001.png'
00:07.344  render           | Saved: 'C:\Users\ljh\tralalero Shooter\outputs\reststop-production-2026-09-24\rigged\H01-r3\poses\signal-014.png'
00:07.500  render           | Saved: 'C:\Users\ljh\tralalero Shooter\outputs\reststop-production-2026-09-24\rigged\H01-r3\poses\signal-028.png'
00:07.657  render           | Saved: 'C:\Users\ljh\tralalero Shooter\outputs\reststop-production-2026-09-24\rigged\H01-r3\poses\signal-042.png'
00:07.844  render           | Saved: 'C:\Users\ljh\tralalero Shooter\outputs\reststop-production-2026-09-24\rigged\H01-r3\poses\signal-055.png'
REVIEW_ACTION signal
00:08.000  render           | Saved: 'C:\Users\ljh\tralalero Shooter\outputs\reststop-production-2026-09-24\rigged\H01-r3\poses\walk-001.png'
00:08.172  render           | Saved: 'C:\Users\ljh\tralalero Shooter\outputs\reststop-production-2026-09-24\rigged\H01-r3\poses\walk-008.png'
00:08.344  render           | Saved: 'C:\Users\ljh\tralalero Shooter\outputs\reststop-production-2026-09-24\rigged\H01-r3\poses\walk-014.png'
00:08.516  render           | Saved: 'C:\Users\ljh\tralalero Shooter\outputs\reststop-production-2026-09-24\rigged\H01-r3\poses\walk-021.png'
00:08.672  render           | Saved: 'C:\Users\ljh\tralalero Shooter\outputs\reststop-production-2026-09-24\rigged\H01-r3\poses\walk-028.png'
REVIEW_ACTION walk
Blender 5.2.1 LTS (hash 9e2066aef7ef built 2026-08-25 02:38:20)

Blender quit
