{"pid": 45144, "started": 1790189909.058485, "script": "C:\\Users\\ljh\\tralalero Shooter\\tools\\render-reststop-rig-preview.py", "threads": 4, "logicalProcessors": [0, 1, 2, 3, 4, 5, 6, 7], "priority": "below-normal", "availableMemoryBytes": 23378063360}
00:00.406  blend            | Read blend: "C:\Users\ljh\tralalero Shooter\outputs\reststop-production-2026-09-24\rigged\H02-r1\SnackChef.blend"
C:\Users\ljh\tralalero Shooter\tools\render-reststop-rig-preview.py:31: DeprecationWarning: 'World.use_nodes' is expected to be removed in Blender 6.0
  scene.world=bpy.data.worlds.new('Animation_review_world');scene.world.use_nodes=True
C:\Users\ljh\tralalero Shooter\tools\render-reststop-rig-preview.py:46: DeprecationWarning: 'Material.use_nodes' is expected to be removed in Blender 6.0
  label_material=bpy.data.materials.new('Review text');label_material.use_nodes=True
00:08.562  render           | Saved: 'C:\Users\ljh\tralalero Shooter\outputs\reststop-production-2026-09-24\rigged\H02-r1\poses\attack_once-001.png'
00:16.109  render           | Saved: 'C:\Users\ljh\tralalero Shooter\outputs\reststop-production-2026-09-24\rigged\H02-r1\poses\attack_once-010.png'
00:24.406  render           | Saved: 'C:\Users\ljh\tralalero Shooter\outputs\reststop-production-2026-09-24\rigged\H02-r1\poses\attack_once-019.png'
00:31.812  render           | Saved: 'C:\Users\ljh\tralalero Shooter\outputs\reststop-production-2026-09-24\rigged\H02-r1\poses\attack_once-028.png'
00:39.015  render           | Saved: 'C:\Users\ljh\tralalero Shooter\outputs\reststop-production-2026-09-24\rigged\H02-r1\poses\attack_once-037.png'
REVIEW_ACTION attack_once
00:46.375  render           | Saved: 'C:\Users\ljh\tralalero Shooter\outputs\reststop-production-2026-09-24\rigged\H02-r1\poses\die-001.png'
00:53.719  render           | Saved: 'C:\Users\ljh\tralalero Shooter\outputs\reststop-production-2026-09-24\rigged\H02-r1\poses\die-008.png'
01:01.172  render           | Saved: 'C:\Users\ljh\tralalero Shooter\outputs\reststop-production-2026-09-24\rigged\H02-r1\poses\die-016.png'
01:08.328  render           | Saved: 'C:\Users\ljh\tralalero Shooter\outputs\reststop-production-2026-09-24\rigged\H02-r1\poses\die-024.png'
01:15.375  render           | Saved: 'C:\Users\ljh\tralalero Shooter\outputs\reststop-production-2026-09-24\rigged\H02-r1\poses\die-031.png'
REVIEW_ACTION die
01:22.109  render           | Saved: 'C:\Users\ljh\tralalero Shooter\outputs\reststop-production-2026-09-24\rigged\H02-r1\poses\serve-001.png'
01:28.765  render           | Saved: 'C:\Users\ljh\tralalero Shooter\outputs\reststop-production-2026-09-24\rigged\H02-r1\poses\serve-014.png'
01:36.250  render           | Saved: 'C:\Users\ljh\tralalero Shooter\outputs\reststop-production-2026-09-24\rigged\H02-r1\poses\serve-028.png'
01:44.015  render           | Saved: 'C:\Users\ljh\tralalero Shooter\outputs\reststop-production-2026-09-24\rigged\H02-r1\poses\serve-042.png'
01:51.734  render           | Saved: 'C:\Users\ljh\tralalero Shooter\outputs\reststop-production-2026-09-24\rigged\H02-r1\poses\serve-055.png'
REVIEW_ACTION serve
01:59.422  render           | Saved: 'C:\Users\ljh\tralalero Shooter\outputs\reststop-production-2026-09-24\rigged\H02-r1\poses\walk-001.png'
02:07.078  render           | Saved: 'C:\Users\ljh\tralalero Shooter\outputs\reststop-production-2026-09-24\rigged\H02-r1\poses\walk-008.png'
02:14.797  render           | Saved: 'C:\Users\ljh\tralalero Shooter\outputs\reststop-production-2026-09-24\rigged\H02-r1\poses\walk-014.png'
02:22.547  render           | Saved: 'C:\Users\ljh\tralalero Shooter\outputs\reststop-production-2026-09-24\rigged\H02-r1\poses\walk-021.png'
02:30.875  render           | Saved: 'C:\Users\ljh\tralalero Shooter\outputs\reststop-production-2026-09-24\rigged\H02-r1\poses\walk-028.png'
REVIEW_ACTION walk
Blender 5.2.1 LTS (hash 9e2066aef7ef built 2026-08-25 02:38:20)

Blender quit
