{"pid": 46544, "started": 1790189965.933581, "script": "C:\\Users\\ljh\\tralalero Shooter\\tools\\rig-reststop-proxy.py", "threads": 4, "logicalProcessors": [0, 1, 2, 3, 4, 5, 6, 7], "priority": "below-normal", "availableMemoryBytes": 23395303424}
03:59:26 | INFO: Data are loaded, start creating Blender stuff
03:59:26 | INFO: Blender create Mesh node geometry_0.001
03:59:26 | INFO: glTF import finished in 0.04s
Warning: No mesh data to join
Info: No new files have been packed
Info: Saved as "SnackChef.blend"

FBX export starting... 'C:\\Users\\ljh\\tralalero Shooter\\outputs\\reststop-production-2026-09-24\\rigged\\H02-r2\\SnackChef.fbx'
(bpy.data.armatures['SnackChef_Skeleton'], 'POSE')
export finished in 0.3001 sec.
INFO Draco is available, use library at C:\Users\ljh\AppData\Local\Programs\Blender Foundation\Blender 5.2\5.2\scripts\addons_core\io_scene_gltf2\bf_intern_draco_bridge.dll
INFO MeshOptimizer is available, use library at C:\Users\ljh\AppData\Local\Programs\Blender Foundation\Blender 5.2\5.2\scripts\addons_core\io_scene_gltf2\bf_intern_meshopt_bridge.dll
03:59:31 | INFO: Starting glTF 2.0 export
03:59:31 | INFO: Extracting primitive: geometry_0.001
03:59:31 | WARNING: More than one shader node tex image used for a texture. The resulting glTF sampler will behave like the first shader node tex image.
03:59:32 | INFO: Primitives created: 1
03:59:32 | INFO: Finished glTF 2.0 export in 0.6709234714508057 s

{"name": "SnackChef", "source": "C:\\Users\\ljh\\tralalero Shooter\\outputs\\reststop-production-2026-09-24\\assets\\H02_043369732b\\stages\\m1_t1\\low1\\model.glb", "height": 3.05, "triangles": 12771, "bones": 18, "actions": {"idle": 2.4, "walk": 0.9, "run": 0.65, "attack_loop": 1.2, "attack_once": 1.2, "hit": 0.3, "die": 1.0, "greet": 1.8, "serve": 1.8}, "skeleton": {"Root": [[0, 0, 0], [0, 0, 0.06], null], "Hips": [[0, 0.025, 0.3], [0, 0.025, 0.37], "Root"], "Spine": [[0, 0.025, 0.37], [0, 0.015, 0.45], "Hips"], "Chest": [[0, 0.015, 0.45], [0, 0, 0.52], "Spine"], "Neck": [[0, 0, 0.52], [0, 0, 0.58], "Chest"], "Head": [[0, 0, 0.58], [0, 0, 0.92], "Neck"], "UpperArm.L": [[0.15, 0, 0.49], [0.23, 0, 0.42], "Chest"], "Forearm.L": [[0.23, 0, 0.42], [0.29, -0.015, 0.355], "UpperArm.L"], "Hand.L": [[0.29, -0.015, 0.355], [0.32, -0.02, 0.29], "Forearm.L"], "Thigh.L": [[0.095, 0.025, 0.3], [0.11, 0.02, 0.2], "Hips"], "Shin.L": [[0.11, 0.02, 0.2], [0.12, 0.025, 0.08], "Thigh.L"], "Foot.L": [[0.12, 0.025, 0.08], [0.12, -0.11, 0.035], "Shin.L"], "UpperArm.R": [[-0.15, 0, 0.49], [-0.23, 0, 0.42], "Chest"], "Forearm.R": [[-0.23, 0, 0.42], [-0.29, -0.015, 0.355], "UpperArm.R"], "Hand.R": [[-0.29, -0.015, 0.355], [-0.32, -0.02, 0.29], "Forearm.R"], "Thigh.R": [[-0.095, 0.025, 0.3], [-0.11, 0.02, 0.2], "Hips"], "Shin.R": [[-0.11, 0.02, 0.2], [-0.12, 0.025, 0.08], "Thigh.R"], "Foot.R": [[-0.12, 0.025, 0.08], [-0.12, -0.11, 0.035], "Shin.R"]}, "maximumGroundError": 2.384185791015625e-07, "rigged": true, "equipmentPendingNativeBinding": true, "compact_proportions": true, "materials": "original TRELLIS PBR maps retained"}
Blender 5.2.1 LTS (hash 9e2066aef7ef built 2026-08-25 02:38:20)

Blender quit
