{"pid": 72092, "started": 1790193861.2083025, "script": "C:\\Users\\ljh\\tralalero Shooter\\tools\\rig-reststop-proxy.py", "threads": 4, "logicalProcessors": [0, 1, 2, 3, 4, 5, 6, 7], "priority": "below-normal", "availableMemoryBytes": 23952232448}
05:04:21 | INFO: Data are loaded, start creating Blender stuff
05:04:21 | INFO: Blender create Mesh node geometry_0.001
05:04:21 | INFO: glTF import finished in 0.04s
Warning: No mesh data to join
Info: No new files have been packed
Info: Saved as "Traveler.blend"

FBX export starting... 'C:\\Users\\ljh\\tralalero Shooter\\outputs\\reststop-production-2026-09-24\\rigged\\H07-r1\\Traveler.fbx'
(bpy.data.armatures['Traveler_Skeleton'], 'POSE')
export finished in 0.2727 sec.
INFO Draco is available, use library at C:\Users\ljh\AppData\Local\Programs\Blender Foundation\Blender 5.2\5.2\scripts\addons_core\io_scene_gltf2\bf_intern_draco_bridge.dll
INFO MeshOptimizer is available, use library at C:\Users\ljh\AppData\Local\Programs\Blender Foundation\Blender 5.2\5.2\scripts\addons_core\io_scene_gltf2\bf_intern_meshopt_bridge.dll
05:04:26 | INFO: Starting glTF 2.0 export
05:04:26 | INFO: Extracting primitive: geometry_0.001
05:04:26 | WARNING: More than one shader node tex image used for a texture. The resulting glTF sampler will behave like the first shader node tex image.
05:04:26 | INFO: Primitives created: 1
05:04:27 | INFO: Finished glTF 2.0 export in 0.5983901023864746 s

{"name": "Traveler", "source": "C:\\Users\\ljh\\tralalero Shooter\\outputs\\reststop-production-2026-09-24\\assets\\H07_dcb0f720dd\\stages\\m1_t1\\low1\\model.glb", "height": 3.05, "triangles": 13171, "bones": 18, "actions": {"idle": 2.4, "walk": 0.9, "run": 0.6666666666666666, "attack_loop": 1.2, "attack_once": 1.2, "hit": 0.3, "die": 1.0, "greet": 1.8, "scared": 1.8}, "skeleton": {"Root": [[0, 0, 0], [0, 0, 0.06], null], "Hips": [[0, 0.025, 0.35], [0, 0.025, 0.43], "Root"], "Spine": [[0, 0.025, 0.43], [0, 0.015, 0.53], "Hips"], "Chest": [[0, 0.015, 0.53], [0, 0, 0.625], "Spine"], "Neck": [[0, 0, 0.625], [0, 0, 0.675], "Chest"], "Head": [[0, 0, 0.675], [0, 0, 0.95], "Neck"], "UpperArm.L": [[0.1, 0, 0.61], [0.17, 0, 0.505], "Chest"], "Forearm.L": [[0.17, 0, 0.505], [0.235, -0.01, 0.405], "UpperArm.L"], "Hand.L": [[0.235, -0.01, 0.405], [0.255, -0.015, 0.335], "Forearm.L"], "Thigh.L": [[0.078, 0.025, 0.35], [0.087, 0.02, 0.21], "Hips"], "Shin.L": [[0.087, 0.02, 0.21], [0.095, 0.025, 0.085], "Thigh.L"], "Foot.L": [[0.095, 0.025, 0.085], [0.095, -0.105, 0.035], "Shin.L"], "UpperArm.R": [[-0.1, 0, 0.61], [-0.17, 0, 0.505], "Chest"], "Forearm.R": [[-0.17, 0, 0.505], [-0.235, -0.01, 0.405], "UpperArm.R"], "Hand.R": [[-0.235, -0.01, 0.405], [-0.255, -0.015, 0.335], "Forearm.R"], "Thigh.R": [[-0.078, 0.025, 0.35], [-0.087, 0.02, 0.21], "Hips"], "Shin.R": [[-0.087, 0.02, 0.21], [-0.095, 0.025, 0.085], "Thigh.R"], "Foot.R": [[-0.095, 0.025, 0.085], [-0.095, -0.105, 0.035], "Shin.R"]}, "maximumGroundError": 2.384185791015625e-07, "rigged": true, "equipmentPendingNativeBinding": true, "compact_proportions": false, "materials": "original TRELLIS PBR maps retained"}
Blender 5.2.1 LTS (hash 9e2066aef7ef built 2026-08-25 02:38:20)

Blender quit
