{"pid": 50392, "started": 1790187412.7137764, "script": "C:\\Users\\ljh\\tralalero Shooter\\tools\\rig-reststop-production.py", "threads": 4, "logicalProcessors": [0, 1, 2, 3, 4, 5, 6, 7], "priority": "below-normal", "availableMemoryBytes": 23957811200}
03:16:52 | INFO: Data are loaded, start creating Blender stuff
03:16:52 | INFO: Blender create Mesh node geometry_0.001
03:16:52 | INFO: glTF import finished in 0.03s
Warning: No mesh data to join
Info: No new files have been packed
Info: Saved as "ParkingMarshal.blend"

FBX export starting... 'C:\\Users\\ljh\\tralalero Shooter\\outputs\\reststop-production-2026-09-24\\rigged\\H01\\ParkingMarshal.fbx'
(bpy.data.armatures['ParkingMarshal_Skeleton'], 'POSE')
export finished in 0.2985 sec.
INFO Draco is available, use library at C:\Users\ljh\AppData\Local\Programs\Blender Foundation\Blender 5.2\5.2\scripts\addons_core\io_scene_gltf2\bf_intern_draco_bridge.dll
INFO MeshOptimizer is available, use library at C:\Users\ljh\AppData\Local\Programs\Blender Foundation\Blender 5.2\5.2\scripts\addons_core\io_scene_gltf2\bf_intern_meshopt_bridge.dll
03:16:57 | INFO: Starting glTF 2.0 export
03:16:57 | INFO: Extracting primitive: geometry_0.001
03:16:58 | WARNING: More than one shader node tex image used for a texture. The resulting glTF sampler will behave like the first shader node tex image.
03:16:58 | INFO: Primitives created: 1
03:16:58 | INFO: Finished glTF 2.0 export in 0.6029374599456787 s

{"name": "ParkingMarshal", "source": "C:\\Users\\ljh\\tralalero Shooter\\outputs\\reststop-production-2026-09-24\\assets\\H01_e19fcef0f3\\stages\\m1_t1\\low1\\model.glb", "height": 3.05, "triangles": 13370, "bones": 18, "actions": {"idle": 2.4, "walk": 0.9, "run": 0.65, "attack_loop": 1.2, "attack_once": 1.2, "hit": 0.3, "die": 1.0, "greet": 1.8, "signal": 1.8}, "skeleton": {"Root": [[0, 0, 0.0], [0, 0, 0.07384615384615385], null], "Hips": [[0, 0, 0.3], [0, 0, 0.37], "Root"], "Spine": [[0, 0, 0.37], [0, 0, 0.45], "Hips"], "Chest": [[0, 0, 0.45], [0, 0, 0.53], "Spine"], "Neck": [[0, 0, 0.53], [0, 0, 0.58], "Chest"], "Head": [[0, 0, 0.58], [0, 0, 0.9612307692307691], "Neck"], "UpperArm.L": [[0.145, 0.11784587727218379, 0.49], [0.23444068236429186, 0.11784587727218379, 0.40701854424398454], "Chest"], "Forearm.L": [[0.23444068236429186, 0.11784587727218379, 0.40701854424398454], [0.30615377621572526, 0.04856905243435844, 0.2943687751644948], "UpperArm.L"], "Hand.L": [[0.30615377621572526, 0.04856905243435844, 0.2943687751644948], [0.3261537762157253, 0.03356905243435844, 0.23803544183116143], "Forearm.L"], "Thigh.L": [[0.1, 0, 0.3], [0.11, 0, 0.17], "Hips"], "Shin.L": [[0.11, 0, 0.17], [0.12, 0, 0.08], "Thigh.L"], "Foot.L": [[0.12, 0, 0.08], [0.12, -0.13, 0.055384615384615386], "Shin.L"], "UpperArm.R": [[-0.145, 0.08756330755890393, 0.49], [-0.20728225590752775, 0.08756330755890393, 0.4147842868429716], "Chest"], "Forearm.R": [[-0.20728225590752775, 0.08756330755890393, 0.4147842868429716], [-0.23064662198551367, 0.07073656457369445, 0.29799162364396886], "UpperArm.R"], "Hand.R": [[-0.23064662198551367, 0.07073656457369445, 0.29799162364396886], [-0.2506466219855137, 0.055736564573694455, 0.24165829031063554], "Forearm.R"], "Thigh.R": [[-0.1, 0, 0.3], [-0.11, 0, 0.17], "Hips"], "Shin.R": [[-0.11, 0, 0.17], [-0.12, 0, 0.08], "Thigh.R"], "Foot.R": [[-0.12, 0, 0.08], [-0.12, -0.13, 0.055384615384615386], "Shin.R"]}, "maximumGroundError": 2.384185791015625e-07, "rigged": true, "equipmentPendingNativeBinding": true, "compact_proportions": true, "materials": "original TRELLIS PBR maps retained"}
Blender 5.2.1 LTS (hash 9e2066aef7ef built 2026-08-25 02:38:20)

Blender quit
