{"pid": 13668, "started": 1790187787.8893464, "script": "C:\\Users\\ljh\\tralalero Shooter\\tools\\rig-reststop-production.py", "threads": 4, "logicalProcessors": [0, 1, 2, 3, 4, 5, 6, 7], "priority": "below-normal", "availableMemoryBytes": 23695273984}
03:23:07 | INFO: Data are loaded, start creating Blender stuff
03:23:07 | INFO: Blender create Mesh node geometry_0.001
03:23:08 | INFO: glTF import finished in 0.03s
Warning: No mesh data to join
Info: No new files have been packed
Info: Saved as "ParkingMarshal.blend"

FBX export starting... 'C:\\Users\\ljh\\tralalero Shooter\\outputs\\reststop-production-2026-09-24\\rigged\\H01-r2\\ParkingMarshal.fbx'
(bpy.data.armatures['ParkingMarshal_Skeleton'], 'POSE')
export finished in 0.2600 sec.
INFO Draco is available, use library at C:\Users\ljh\AppData\Local\Programs\Blender Foundation\Blender 5.2\5.2\scripts\addons_core\io_scene_gltf2\bf_intern_draco_bridge.dll
INFO MeshOptimizer is available, use library at C:\Users\ljh\AppData\Local\Programs\Blender Foundation\Blender 5.2\5.2\scripts\addons_core\io_scene_gltf2\bf_intern_meshopt_bridge.dll
03:23:13 | INFO: Starting glTF 2.0 export
03:23:13 | INFO: Extracting primitive: geometry_0.001
03:23:13 | WARNING: More than one shader node tex image used for a texture. The resulting glTF sampler will behave like the first shader node tex image.
03:23:13 | INFO: Primitives created: 1
03:23:14 | INFO: Finished glTF 2.0 export in 0.5886518955230713 s

{"name": "ParkingMarshal", "source": "C:\\Users\\ljh\\tralalero Shooter\\outputs\\reststop-production-2026-09-24\\assets\\H01_e19fcef0f3\\stages\\m1_t1\\low1\\model.glb", "height": 3.05, "triangles": 13370, "bones": 18, "actions": {"idle": 2.4, "walk": 0.9, "run": 0.65, "attack_loop": 1.2, "attack_once": 1.2, "hit": 0.3, "die": 1.0, "greet": 1.8, "signal": 1.8}, "skeleton": {"Root": [[0, 0, 0.0], [0, 0, 0.07384615384615385], null], "Hips": [[0, 0, 0.3], [0, 0, 0.37], "Root"], "Spine": [[0, 0, 0.37], [0, 0, 0.45], "Hips"], "Chest": [[0, 0, 0.45], [0, 0, 0.53], "Spine"], "Neck": [[0, 0, 0.53], [0, 0, 0.58], "Chest"], "Head": [[0, 0, 0.58], [0, 0, 0.9612307692307691], "Neck"], "UpperArm.L": [[0.145, 0.11784587727218379, 0.49], [0.2444440667746497, 0.07645469342098862, 0.4517820663967151], "Chest"], "Forearm.L": [[0.2444440667746497, 0.07645469342098862, 0.4517820663967151], [0.3138881335492994, 0.035063509569793455, 0.37257378218603915], "UpperArm.L"], "Hand.L": [[0.3138881335492994, 0.035063509569793455, 0.37257378218603915], [0.34505621331637026, 0.036384893245384346, 0.26099478612180615], "Forearm.L"], "Thigh.L": [[0.1, 0, 0.3], [0.11, 0, 0.17], "Hips"], "Shin.L": [[0.11, 0, 0.17], [0.12, 0, 0.08], "Thigh.L"], "Foot.L": [[0.12, 0, 0.08], [0.12, -0.13, 0.055384615384615386], "Shin.L"], "UpperArm.R": [[-0.145, 0.08756330755890393, 0.49], [-0.19576246660263813, 0.09212599426019388, 0.45452911744812075], "Chest"], "Forearm.R": [[-0.19576246660263813, 0.09212599426019388, 0.45452911744812075], [-0.21652493320527624, 0.09668868096148382, 0.384248749154513], "UpperArm.R"], "Hand.R": [[-0.21652493320527624, 0.09668868096148382, 0.384248749154513], [-0.22081027265454903, 0.09986431872258421, 0.2601039605062516], "Forearm.R"], "Thigh.R": [[-0.1, 0, 0.3], [-0.11, 0, 0.17], "Hips"], "Shin.R": [[-0.11, 0, 0.17], [-0.12, 0, 0.08], "Thigh.R"], "Foot.R": [[-0.12, 0, 0.08], [-0.12, -0.13, 0.055384615384615386], "Shin.R"]}, "maximumGroundError": 2.384185791015625e-07, "rigged": true, "equipmentPendingNativeBinding": true, "compact_proportions": true, "materials": "original TRELLIS PBR maps retained"}
Blender 5.2.1 LTS (hash 9e2066aef7ef built 2026-08-25 02:38:20)

Blender quit
