00:00.469  blend            | Read blend: "C:\Users\ljh\tralalero Shooter\outputs\chapters-polish-2026-09-12\rigged\v2\ParkingMarshal\ParkingMarshal.blend"
03:36:01 | INFO: Data are loaded, start creating Blender stuff
03:36:01 | INFO: Blender create Mesh node geometry_0.001
03:36:01 | INFO: glTF import finished in 0.03s
Warning: No mesh data to join
Info: No new files have been packed
Info: Saved as "ParkingMarshal.blend"

FBX export starting... 'C:\\Users\\ljh\\tralalero Shooter\\outputs\\reststop-production-2026-09-24\\rigged\\H01-r4\\ParkingMarshal.fbx'
(bpy.data.armatures['ParkingMarshal_Skeleton.001'], 'POSE')
export finished in 0.2687 sec.
INFO Draco is available, use library at C:\Users\ljh\AppData\Local\Programs\Blender Foundation\Blender 5.2\5.2\scripts\addons_core\io_scene_gltf2\bf_intern_draco_bridge.dll
INFO MeshOptimizer is available, use library at C:\Users\ljh\AppData\Local\Programs\Blender Foundation\Blender 5.2\5.2\scripts\addons_core\io_scene_gltf2\bf_intern_meshopt_bridge.dll
03:36:04 | INFO: Starting glTF 2.0 export
03:36:04 | INFO: Extracting primitive: geometry_0.002
03:36:05 | WARNING: More than one shader node tex image used for a texture. The resulting glTF sampler will behave like the first shader node tex image.
03:36:05 | INFO: Primitives created: 1
03:36:05 | INFO: Finished glTF 2.0 export in 0.5804746150970459 s

{"name": "ParkingMarshal", "source": "C:\\Users\\ljh\\tralalero Shooter\\outputs\\reststop-production-2026-09-24\\assets\\H01_e19fcef0f3\\stages\\m1_t1\\low1\\model.glb", "height": 3.05, "triangles": 13373, "bones": 18, "actions": {"idle": 2.4, "walk": 0.9, "run": 0.65, "attack_loop": 1.2, "attack_once": 1.2, "hit": 0.3, "die": 1.0, "greet": 1.8, "signal": 1.8}, "skeleton": {"Root": [[-0.059651728719472885, -0.11862732470035553, 0.0], [-0.059651728719472885, -0.11862732470035553, 0.08000000566244125], null], "Hips": [[-0.059651728719472885, -0.11862732470035553, 0.30000001192092896], [-0.059651728719472885, -0.11862732470035553, 0.3700000047683716], "Root"], "Spine": [[-0.059651728719472885, -0.11862732470035553, 0.3700000047683716], [-0.059651728719472885, -0.11862732470035553, 0.44999998807907104], "Hips"], "Chest": [[-0.059651728719472885, -0.11862732470035553, 0.44999998807907104], [-0.059651728719472885, -0.11862732470035553, 0.5299999713897705], "Spine"], "Neck": [[-0.059651728719472885, -0.11862732470035553, 0.5299999713897705], [-0.059651728719472885, -0.11862732470035553, 0.5799999833106995], "Chest"], "Head": [[-0.059651728719472885, -0.11862732470035553, 0.5799999833106995], [-0.059651728719472885, -0.11862732470035553, 1.0], "Neck"], "UpperArm.L": [[0.10044480115175247, -0.11862732470035553, 0.49000000953674316], [0.18549607694149017, -0.11862732470035553, 0.3750000298023224], "Chest"], "Forearm.L": [[0.18549607694149017, -0.11862732470035553, 0.3750000298023224], [0.28811269998550415, -0.07926172018051147, 0.26805776357650757], "UpperArm.L"], "Hand.L": [[0.28811269998550415, -0.07926172018051147, 0.26805776357650757], [0.28811269998550415, -0.07926172018051147, 0.22305777668952942], "Forearm.L"], "UpperArm.R": [[-0.21974825859069824, -0.11862732470035553, 0.49000000953674316], [-0.30479952692985535, -0.11862732470035553, 0.3750000298023224], "Chest"], "Forearm.R": [[-0.30479952692985535, -0.11862732470035553, 0.3750000298023224], [-0.30373457074165344, -0.026726149022579193, 0.2896244525909424], "UpperArm.R"], "Hand.R": [[-0.30373457074165344, -0.026726149022579193, 0.2896244525909424], [-0.30373457074165344, -0.026726149022579193, 0.24462445080280304], "Forearm.R"], "Thigh.L": [[0.040408603847026825, -0.11862732470035553, 0.30000001192092896], [0.07042668014764786, -0.11862732470035553, 0.17000000178813934], "Hips"], "Shin.L": [[0.07042668014764786, -0.11862732470035553, 0.17000000178813934], [0.07042668014764786, -0.11862732470035553, 0.08000000566244125], "Thigh.L"], "Foot.L": [[0.07042668014764786, -0.11862732470035553, 0.08000000566244125], [0.07042668014764786, -0.24866117537021637, 0.04500000178813934], "Shin.L"], "Thigh.R": [[-0.1597120463848114, -0.11862732470035553, 0.30000001192092896], [-0.18973013758659363, -0.11862732470035553, 0.17000000178813934], "Hips"], "Shin.R": [[-0.18973013758659363, -0.11862732470035553, 0.17000000178813934], [-0.18973013758659363, -0.11862732470035553, 0.08000000566244125], "Thigh.R"], "Foot.R": [[-0.18973013758659363, -0.11862732470035553, 0.08000000566244125], [-0.18973013758659363, -0.24866117537021637, 0.04500000178813934], "Shin.R"]}, "maximumGroundError": 2.384185791015625e-07, "rigged": true, "equipmentPendingNativeBinding": true, "compact_proportions": false, "materials": "original TRELLIS PBR maps retained"}
Blender 5.2.1 LTS (hash 9e2066aef7ef built 2026-08-25 02:38:20)

Blender quit
