{"pid": 70752, "started": 1790223488.175755, "script": "C:\\Users\\ljh\\tralalero Shooter\\tools\\run-reststop-trellis-production.py", "threads": 4, "logicalProcessors": [0, 1, 2, 3, 4, 5, 6, 7], "priority": "below-normal", "availableMemoryBytes": 23564025856}
{"active": true, "message": "\ud30c\uc77c \ubaa9\ub85d\uc744 \uc900\ube44\ud558\uace0 \uc788\uc2b5\ub2c8\ub2e4.", "done": 0, "total": 0}
{"active": true, "message": "\ud30c\uc77c \uc0ac\uc774 \ud734\uc2dd \u00b7 \ub2e4\uc74c \ud30c\uc77c \uc2dc\uc791\uae4c\uc9c0 56\ucd08", "done": 24, "total": 90}
{"active": true, "message": "\ud30c\uc77c \uc0ac\uc774 \ud734\uc2dd \u00b7 \ub2e4\uc74c \ud30c\uc77c \uc2dc\uc791\uae4c\uc9c0 51\ucd08", "done": 24, "total": 90}
{"active": true, "message": "\ud30c\uc77c \uc0ac\uc774 \ud734\uc2dd \u00b7 \ub2e4\uc74c \ud30c\uc77c \uc2dc\uc791\uae4c\uc9c0 45\ucd08", "done": 24, "total": 90}
{"active": true, "message": "\ud30c\uc77c \uc0ac\uc774 \ud734\uc2dd \u00b7 \ub2e4\uc74c \ud30c\uc77c \uc2dc\uc791\uae4c\uc9c0 40\ucd08", "done": 24, "total": 90}
{"active": true, "message": "\ud30c\uc77c \uc0ac\uc774 \ud734\uc2dd \u00b7 \ub2e4\uc74c \ud30c\uc77c \uc2dc\uc791\uae4c\uc9c0 35\ucd08", "done": 24, "total": 90}
{"active": true, "message": "\ud30c\uc77c \uc0ac\uc774 \ud734\uc2dd \u00b7 \ub2e4\uc74c \ud30c\uc77c \uc2dc\uc791\uae4c\uc9c0 30\ucd08", "done": 24, "total": 90}
{"active": true, "message": "\ud30c\uc77c \uc0ac\uc774 \ud734\uc2dd \u00b7 \ub2e4\uc74c \ud30c\uc77c \uc2dc\uc791\uae4c\uc9c0 25\ucd08", "done": 24, "total": 90}
{"active": true, "message": "\ud30c\uc77c \uc0ac\uc774 \ud734\uc2dd \u00b7 \ub2e4\uc74c \ud30c\uc77c \uc2dc\uc791\uae4c\uc9c0 20\ucd08", "done": 24, "total": 90}
{"active": true, "message": "\ud30c\uc77c \uc0ac\uc774 \ud734\uc2dd \u00b7 \ub2e4\uc74c \ud30c\uc77c \uc2dc\uc791\uae4c\uc9c0 15\ucd08", "done": 24, "total": 90}
{"active": true, "message": "\ud30c\uc77c \uc0ac\uc774 \ud734\uc2dd \u00b7 \ub2e4\uc74c \ud30c\uc77c \uc2dc\uc791\uae4c\uc9c0 10\ucd08", "done": 24, "total": 90}
{"active": true, "message": "\ud30c\uc77c \uc0ac\uc774 \ud734\uc2dd \u00b7 \ub2e4\uc74c \ud30c\uc77c \uc2dc\uc791\uae4c\uc9c0 5\ucd08", "done": 24, "total": 90}
{"active": true, "message": "\ud30c\uc77c \uc0ac\uc774 \ud734\uc2dd \u00b7 \ub2e4\uc74c \ud30c\uc77c \uc2dc\uc791\uae4c\uc9c0 59\ucd08", "done": 24, "total": 90}
{"active": true, "message": "\ud30c\uc77c \uc0ac\uc774 \ud734\uc2dd \u00b7 \ub2e4\uc74c \ud30c\uc77c \uc2dc\uc791\uae4c\uc9c0 54\ucd08", "done": 24, "total": 90}
{"active": true, "message": "\ud30c\uc77c \uc0ac\uc774 \ud734\uc2dd \u00b7 \ub2e4\uc74c \ud30c\uc77c \uc2dc\uc791\uae4c\uc9c0 49\ucd08", "done": 24, "total": 90}
{"active": true, "message": "\ud30c\uc77c \uc0ac\uc774 \ud734\uc2dd \u00b7 \ub2e4\uc74c \ud30c\uc77c \uc2dc\uc791\uae4c\uc9c0 44\ucd08", "done": 24, "total": 90}
{"active": true, "message": "\ud30c\uc77c \uc0ac\uc774 \ud734\uc2dd \u00b7 \ub2e4\uc74c \ud30c\uc77c \uc2dc\uc791\uae4c\uc9c0 39\ucd08", "done": 24, "total": 90}
{"active": true, "message": "\ud30c\uc77c \uc0ac\uc774 \ud734\uc2dd \u00b7 \ub2e4\uc74c \ud30c\uc77c \uc2dc\uc791\uae4c\uc9c0 34\ucd08", "done": 24, "total": 90}
{"active": true, "message": "\ud30c\uc77c \uc0ac\uc774 \ud734\uc2dd \u00b7 \ub2e4\uc74c \ud30c\uc77c \uc2dc\uc791\uae4c\uc9c0 29\ucd08", "done": 24, "total": 90}
{"active": true, "message": "\ud30c\uc77c \uc0ac\uc774 \ud734\uc2dd \u00b7 \ub2e4\uc74c \ud30c\uc77c \uc2dc\uc791\uae4c\uc9c0 24\ucd08", "done": 24, "total": 90}
{"active": true, "message": "\ud30c\uc77c \uc0ac\uc774 \ud734\uc2dd \u00b7 \ub2e4\uc74c \ud30c\uc77c \uc2dc\uc791\uae4c\uc9c0 19\ucd08", "done": 24, "total": 90}
{"active": true, "message": "\ud30c\uc77c \uc0ac\uc774 \ud734\uc2dd \u00b7 \ub2e4\uc74c \ud30c\uc77c \uc2dc\uc791\uae4c\uc9c0 14\ucd08", "done": 24, "total": 90}
{"active": true, "message": "\ud30c\uc77c \uc0ac\uc774 \ud734\uc2dd \u00b7 \ub2e4\uc74c \ud30c\uc77c \uc2dc\uc791\uae4c\uc9c0 9\ucd08", "done": 24, "total": 90}
{"active": true, "message": "\ud30c\uc77c \uc0ac\uc774 \ud734\uc2dd \u00b7 \ub2e4\uc74c \ud30c\uc77c \uc2dc\uc791\uae4c\uc9c0 4\ucd08", "done": 24, "total": 90}
{"active": true, "message": "F05.png \u00b7 TRELLIS \uc0dd\uc131 \uc911", "done": 24, "total": 90}
{"active": true, "message": "F05.png \u00b7 shape \uc2dc\uac01\uac80\uc0ac", "done": 24, "total": 90}
{"active": true, "message": "F05.png \u00b7 Awaiting main-agent visual review: shape", "done": 24, "total": 90}
{"active": true, "message": "F05.png \u00b7 TRELLIS \uc0dd\uc131 \uc911", "done": 24, "total": 90}
{"active": true, "message": "F05.png \u00b7 texture_source \uc2dc\uac01\uac80\uc0ac", "done": 24, "total": 90}
{"active": true, "message": "F05.png \u00b7 Awaiting main-agent visual review: texture_source", "done": 24, "total": 90}
{"active": true, "message": "F05.png \u00b7 Blender \u00b7 Reduce triangle count", "done": 24, "total": 90}
{"active": true, "message": "F05.png \u00b7 Blender \u00b7 Bake Metallic", "done": 24, "total": 90}
{"active": true, "message": "F05.png \u00b7 Blender \u00b7 Render preview", "done": 24, "total": 90}
{"active": true, "message": "F05.png \u00b7 final_compare \uc2dc\uac01\uac80\uc0ac", "done": 24, "total": 90}
{"active": true, "message": "F05.png \u00b7 Awaiting main-agent visual review: final_compare", "done": 24, "total": 90}
{"active": true, "message": "\ud30c\uc77c \uc0ac\uc774 \ud734\uc2dd \u00b7 \ub2e4\uc74c \ud30c\uc77c \uc2dc\uc791\uae4c\uc9c0 57\ucd08", "done": 25, "total": 90}
{"active": true, "message": "\ud30c\uc77c \uc0ac\uc774 \ud734\uc2dd \u00b7 \ub2e4\uc74c \ud30c\uc77c \uc2dc\uc791\uae4c\uc9c0 52\ucd08", "done": 25, "total": 90}
{"active": true, "message": "\ud30c\uc77c \uc0ac\uc774 \ud734\uc2dd \u00b7 \ub2e4\uc74c \ud30c\uc77c \uc2dc\uc791\uae4c\uc9c0 47\ucd08", "done": 25, "total": 90}
{"active": true, "message": "\ud30c\uc77c \uc0ac\uc774 \ud734\uc2dd \u00b7 \ub2e4\uc74c \ud30c\uc77c \uc2dc\uc791\uae4c\uc9c0 42\ucd08", "done": 25, "total": 90}
{"active": true, "message": "\ud30c\uc77c \uc0ac\uc774 \ud734\uc2dd \u00b7 \ub2e4\uc74c \ud30c\uc77c \uc2dc\uc791\uae4c\uc9c0 37\ucd08", "done": 25, "total": 90}
{"active": true, "message": "\ud30c\uc77c \uc0ac\uc774 \ud734\uc2dd \u00b7 \ub2e4\uc74c \ud30c\uc77c \uc2dc\uc791\uae4c\uc9c0 32\ucd08", "done": 25, "total": 90}
{"active": true, "message": "\ud30c\uc77c \uc0ac\uc774 \ud734\uc2dd \u00b7 \ub2e4\uc74c \ud30c\uc77c \uc2dc\uc791\uae4c\uc9c0 27\ucd08", "done": 25, "total": 90}
{"active": true, "message": "\ud30c\uc77c \uc0ac\uc774 \ud734\uc2dd \u00b7 \ub2e4\uc74c \ud30c\uc77c \uc2dc\uc791\uae4c\uc9c0 22\ucd08", "done": 25, "total": 90}
{"active": true, "message": "\ud30c\uc77c \uc0ac\uc774 \ud734\uc2dd \u00b7 \ub2e4\uc74c \ud30c\uc77c \uc2dc\uc791\uae4c\uc9c0 17\ucd08", "done": 25, "total": 90}
{"active": true, "message": "\ud30c\uc77c \uc0ac\uc774 \ud734\uc2dd \u00b7 \ub2e4\uc74c \ud30c\uc77c \uc2dc\uc791\uae4c\uc9c0 12\ucd08", "done": 25, "total": 90}
{"active": true, "message": "\ud30c\uc77c \uc0ac\uc774 \ud734\uc2dd \u00b7 \ub2e4\uc74c \ud30c\uc77c \uc2dc\uc791\uae4c\uc9c0 7\ucd08", "done": 25, "total": 90}
{"active": true, "message": "\ud30c\uc77c \uc0ac\uc774 \ud734\uc2dd \u00b7 \ub2e4\uc74c \ud30c\uc77c \uc2dc\uc791\uae4c\uc9c0 2\ucd08", "done": 25, "total": 90}
{"active": true, "message": "F06.png \u00b7 TRELLIS \uc0dd\uc131 \uc911", "done": 25, "total": 90}
{"active": true, "message": "F06.png \u00b7 shape \uc2dc\uac01\uac80\uc0ac", "done": 25, "total": 90}
{"active": true, "message": "F06.png \u00b7 Awaiting main-agent visual review: shape", "done": 25, "total": 90}
{"active": true, "message": "F06.png \u00b7 TRELLIS \uc0dd\uc131 \uc911", "done": 25, "total": 90}
{"active": true, "message": "F06.png \u00b7 texture_source \uc2dc\uac01\uac80\uc0ac", "done": 25, "total": 90}
{"active": true, "message": "F06.png \u00b7 Awaiting main-agent visual review: texture_source", "done": 25, "total": 90}
{"active": true, "message": "F06.png \u00b7 Blender \u00b7 Reduce triangle count", "done": 25, "total": 90}
{"active": true, "message": "F06.png \u00b7 Blender \u00b7 Bake Metallic", "done": 25, "total": 90}
{"active": true, "message": "F06.png \u00b7 Blender \u00b7 Render preview", "done": 25, "total": 90}
{"active": true, "message": "F06.png \u00b7 final_compare \uc2dc\uac01\uac80\uc0ac", "done": 25, "total": 90}
{"active": true, "message": "F06.png \u00b7 Awaiting main-agent visual review: final_compare", "done": 25, "total": 90}
{"active": true, "message": "\ud30c\uc77c \uc0ac\uc774 \ud734\uc2dd \u00b7 \ub2e4\uc74c \ud30c\uc77c \uc2dc\uc791\uae4c\uc9c0 56\ucd08", "done": 26, "total": 90}
{"active": true, "message": "\ud30c\uc77c \uc0ac\uc774 \ud734\uc2dd \u00b7 \ub2e4\uc74c \ud30c\uc77c \uc2dc\uc791\uae4c\uc9c0 51\ucd08", "done": 26, "total": 90}
{"active": true, "message": "\ud30c\uc77c \uc0ac\uc774 \ud734\uc2dd \u00b7 \ub2e4\uc74c \ud30c\uc77c \uc2dc\uc791\uae4c\uc9c0 46\ucd08", "done": 26, "total": 90}
{"active": true, "message": "\ud30c\uc77c \uc0ac\uc774 \ud734\uc2dd \u00b7 \ub2e4\uc74c \ud30c\uc77c \uc2dc\uc791\uae4c\uc9c0 41\ucd08", "done": 26, "total": 90}
{"active": true, "message": "\ud30c\uc77c \uc0ac\uc774 \ud734\uc2dd \u00b7 \ub2e4\uc74c \ud30c\uc77c \uc2dc\uc791\uae4c\uc9c0 36\ucd08", "done": 26, "total": 90}
{"active": true, "message": "\ud30c\uc77c \uc0ac\uc774 \ud734\uc2dd \u00b7 \ub2e4\uc74c \ud30c\uc77c \uc2dc\uc791\uae4c\uc9c0 31\ucd08", "done": 26, "total": 90}
{"active": true, "message": "\ud30c\uc77c \uc0ac\uc774 \ud734\uc2dd \u00b7 \ub2e4\uc74c \ud30c\uc77c \uc2dc\uc791\uae4c\uc9c0 26\ucd08", "done": 26, "total": 90}
{"active": true, "message": "\ud30c\uc77c \uc0ac\uc774 \ud734\uc2dd \u00b7 \ub2e4\uc74c \ud30c\uc77c \uc2dc\uc791\uae4c\uc9c0 21\ucd08", "done": 26, "total": 90}
{"active": true, "message": "\ud30c\uc77c \uc0ac\uc774 \ud734\uc2dd \u00b7 \ub2e4\uc74c \ud30c\uc77c \uc2dc\uc791\uae4c\uc9c0 16\ucd08", "done": 26, "total": 90}
{"active": true, "message": "\ud30c\uc77c \uc0ac\uc774 \ud734\uc2dd \u00b7 \ub2e4\uc74c \ud30c\uc77c \uc2dc\uc791\uae4c\uc9c0 11\ucd08", "done": 26, "total": 90}
{"active": true, "message": "\ud30c\uc77c \uc0ac\uc774 \ud734\uc2dd \u00b7 \ub2e4\uc74c \ud30c\uc77c \uc2dc\uc791\uae4c\uc9c0 6\ucd08", "done": 26, "total": 90}
{"active": true, "message": "F07.png \u00b7 TRELLIS \uc0dd\uc131 \uc911", "done": 26, "total": 90}
{"active": true, "message": "F07.png \u00b7 shape \uc2dc\uac01\uac80\uc0ac", "done": 26, "total": 90}
{"active": true, "message": "F07.png \u00b7 Awaiting main-agent visual review: shape", "done": 26, "total": 90}
{"active": true, "message": "F07.png \u00b7 TRELLIS \uc0dd\uc131 \uc911", "done": 26, "total": 90}
{"active": true, "message": "F07.png \u00b7 texture_source \uc2dc\uac01\uac80\uc0ac", "done": 26, "total": 90}
{"active": true, "message": "F07.png \u00b7 Awaiting main-agent visual review: texture_source", "done": 26, "total": 90}
{"active": true, "message": "F07.png \u00b7 Blender parts \uac10\ub7c9\u00b7\ubca0\uc774\ud06c", "done": 26, "total": 90}
{"active": true, "message": "F07.png \u00b7 Blender \u00b7 Bake BaseColor", "done": 26, "total": 90}
{"active": true, "message": "F07.png \u00b7 Blender \u00b7 Bake Normal", "done": 26, "total": 90}
{"active": true, "message": "F07.png \u00b7 Blender \u00b7 Saved", "done": 26, "total": 90}
{"active": true, "message": "F07.png \u00b7 final_compare \uc2dc\uac01\uac80\uc0ac", "done": 26, "total": 90}
{"active": true, "message": "F07.png \u00b7 Awaiting main-agent visual review: final_compare", "done": 26, "total": 90}
{"active": true, "message": "\ud30c\uc77c \uc0ac\uc774 \ud734\uc2dd \u00b7 \ub2e4\uc74c \ud30c\uc77c \uc2dc\uc791\uae4c\uc9c0 60\ucd08", "done": 27, "total": 90}
{"active": true, "message": "\ud30c\uc77c \uc0ac\uc774 \ud734\uc2dd \u00b7 \ub2e4\uc74c \ud30c\uc77c \uc2dc\uc791\uae4c\uc9c0 55\ucd08", "done": 27, "total": 90}
{"active": true, "message": "\ud30c\uc77c \uc0ac\uc774 \ud734\uc2dd \u00b7 \ub2e4\uc74c \ud30c\uc77c \uc2dc\uc791\uae4c\uc9c0 50\ucd08", "done": 27, "total": 90}
{"active": true, "message": "\ud30c\uc77c \uc0ac\uc774 \ud734\uc2dd \u00b7 \ub2e4\uc74c \ud30c\uc77c \uc2dc\uc791\uae4c\uc9c0 45\ucd08", "done": 27, "total": 90}
{"active": true, "message": "\ud30c\uc77c \uc0ac\uc774 \ud734\uc2dd \u00b7 \ub2e4\uc74c \ud30c\uc77c \uc2dc\uc791\uae4c\uc9c0 40\ucd08", "done": 27, "total": 90}
{"active": true, "message": "\ud30c\uc77c \uc0ac\uc774 \ud734\uc2dd \u00b7 \ub2e4\uc74c \ud30c\uc77c \uc2dc\uc791\uae4c\uc9c0 35\ucd08", "done": 27, "total": 90}
{"active": true, "message": "\ud30c\uc77c \uc0ac\uc774 \ud734\uc2dd \u00b7 \ub2e4\uc74c \ud30c\uc77c \uc2dc\uc791\uae4c\uc9c0 30\ucd08", "done": 27, "total": 90}
{"active": true, "message": "\ud30c\uc77c \uc0ac\uc774 \ud734\uc2dd \u00b7 \ub2e4\uc74c \ud30c\uc77c \uc2dc\uc791\uae4c\uc9c0 25\ucd08", "done": 27, "total": 90}
{"active": true, "message": "\ud30c\uc77c \uc0ac\uc774 \ud734\uc2dd \u00b7 \ub2e4\uc74c \ud30c\uc77c \uc2dc\uc791\uae4c\uc9c0 20\ucd08", "done": 27, "total": 90}
{"active": true, "message": "\ud30c\uc77c \uc0ac\uc774 \ud734\uc2dd \u00b7 \ub2e4\uc74c \ud30c\uc77c \uc2dc\uc791\uae4c\uc9c0 15\ucd08", "done": 27, "total": 90}
{"active": true, "message": "\ud30c\uc77c \uc0ac\uc774 \ud734\uc2dd \u00b7 \ub2e4\uc74c \ud30c\uc77c \uc2dc\uc791\uae4c\uc9c0 10\ucd08", "done": 27, "total": 90}
{"active": true, "message": "\ud30c\uc77c \uc0ac\uc774 \ud734\uc2dd \u00b7 \ub2e4\uc74c \ud30c\uc77c \uc2dc\uc791\uae4c\uc9c0 5\ucd08", "done": 27, "total": 90}
{"active": true, "message": "F09.png \u00b7 TRELLIS \uc0dd\uc131 \uc911", "done": 27, "total": 90}
{"active": true, "message": "F09.png \u00b7 shape \uc2dc\uac01\uac80\uc0ac", "done": 27, "total": 90}
{"active": true, "message": "F09.png \u00b7 Awaiting main-agent visual review: shape", "done": 27, "total": 90}
{"active": true, "message": "F09.png \u00b7 TRELLIS \uc0dd\uc131 \uc911", "done": 27, "total": 90}
{"active": true, "message": "F09.png \u00b7 texture_source \uc2dc\uac01\uac80\uc0ac", "done": 27, "total": 90}
{"active": true, "message": "F09.png \u00b7 Awaiting main-agent visual review: texture_source", "done": 27, "total": 90}
{"active": true, "message": "F09.png \u00b7 Blender \u00b7 Clean mesh", "done": 27, "total": 90}
{"active": true, "message": "F09.png \u00b7 Blender \u00b7 Bake Roughness", "done": 27, "total": 90}
{"active": true, "message": "F09.png \u00b7 Blender \u00b7 Render preview", "done": 27, "total": 90}
{"active": true, "message": "F09.png \u00b7 final_compare \uc2dc\uac01\uac80\uc0ac", "done": 27, "total": 90}
{"active": true, "message": "F09.png \u00b7 Awaiting main-agent visual review: final_compare", "done": 27, "total": 90}
{"active": true, "message": "\ud30c\uc77c \uc0ac\uc774 \ud734\uc2dd \u00b7 \ub2e4\uc74c \ud30c\uc77c \uc2dc\uc791\uae4c\uc9c0 59\ucd08", "done": 28, "total": 90}
{"active": true, "message": "\ud30c\uc77c \uc0ac\uc774 \ud734\uc2dd \u00b7 \ub2e4\uc74c \ud30c\uc77c \uc2dc\uc791\uae4c\uc9c0 54\ucd08", "done": 28, "total": 90}
{"active": true, "message": "\ud30c\uc77c \uc0ac\uc774 \ud734\uc2dd \u00b7 \ub2e4\uc74c \ud30c\uc77c \uc2dc\uc791\uae4c\uc9c0 49\ucd08", "done": 28, "total": 90}
{"active": true, "message": "\ud30c\uc77c \uc0ac\uc774 \ud734\uc2dd \u00b7 \ub2e4\uc74c \ud30c\uc77c \uc2dc\uc791\uae4c\uc9c0 44\ucd08", "done": 28, "total": 90}
{"active": true, "message": "\ud30c\uc77c \uc0ac\uc774 \ud734\uc2dd \u00b7 \ub2e4\uc74c \ud30c\uc77c \uc2dc\uc791\uae4c\uc9c0 39\ucd08", "done": 28, "total": 90}
{"active": true, "message": "\ud30c\uc77c \uc0ac\uc774 \ud734\uc2dd \u00b7 \ub2e4\uc74c \ud30c\uc77c \uc2dc\uc791\uae4c\uc9c0 34\ucd08", "done": 28, "total": 90}
{"active": true, "message": "\ud30c\uc77c \uc0ac\uc774 \ud734\uc2dd \u00b7 \ub2e4\uc74c \ud30c\uc77c \uc2dc\uc791\uae4c\uc9c0 29\ucd08", "done": 28, "total": 90}
{"active": true, "message": "\ud30c\uc77c \uc0ac\uc774 \ud734\uc2dd \u00b7 \ub2e4\uc74c \ud30c\uc77c \uc2dc\uc791\uae4c\uc9c0 24\ucd08", "done": 28, "total": 90}
{"active": true, "message": "\ud30c\uc77c \uc0ac\uc774 \ud734\uc2dd \u00b7 \ub2e4\uc74c \ud30c\uc77c \uc2dc\uc791\uae4c\uc9c0 19\ucd08", "done": 28, "total": 90}
{"active": true, "message": "\ud30c\uc77c \uc0ac\uc774 \ud734\uc2dd \u00b7 \ub2e4\uc74c \ud30c\uc77c \uc2dc\uc791\uae4c\uc9c0 14\ucd08", "done": 28, "total": 90}
{"active": true, "message": "\ud30c\uc77c \uc0ac\uc774 \ud734\uc2dd \u00b7 \ub2e4\uc74c \ud30c\uc77c \uc2dc\uc791\uae4c\uc9c0 9\ucd08", "done": 28, "total": 90}
{"active": true, "message": "\ud30c\uc77c \uc0ac\uc774 \ud734\uc2dd \u00b7 \ub2e4\uc74c \ud30c\uc77c \uc2dc\uc791\uae4c\uc9c0 4\ucd08", "done": 28, "total": 90}
{"active": true, "message": "F10.png \u00b7 TRELLIS \uc0dd\uc131 \uc911", "done": 28, "total": 90}
{"active": true, "message": "F10.png \u00b7 shape \uc2dc\uac01\uac80\uc0ac", "done": 28, "total": 90}
{"active": true, "message": "F10.png \u00b7 Awaiting main-agent visual review: shape", "done": 28, "total": 90}
{"active": true, "message": "\ud30c\uc77c \uc0ac\uc774 \ud734\uc2dd \u00b7 \ub2e4\uc74c \ud30c\uc77c \uc2dc\uc791\uae4c\uc9c0 5\ucd08", "done": 28, "total": 90}
{"active": true, "message": "F10.png \u00b7 TRELLIS \uc0dd\uc131 \uc911", "done": 28, "total": 90}
{"active": true, "message": "F10.png \u00b7 texture_source \uc2dc\uac01\uac80\uc0ac", "done": 28, "total": 90}
{"active": true, "message": "F10.png \u00b7 Awaiting main-agent visual review: texture_source", "done": 28, "total": 90}
{"active": true, "message": "F10.png \u00b7 Blender \u00b7 Reduce triangle count", "done": 28, "total": 90}
{"active": true, "message": "F10.png \u00b7 Blender \u00b7 Bake Normal", "done": 28, "total": 90}
{"active": true, "message": "F10.png \u00b7 final_compare \uc2dc\uac01\uac80\uc0ac", "done": 28, "total": 90}
{"active": true, "message": "F10.png \u00b7 Awaiting main-agent visual review: final_compare", "done": 28, "total": 90}
{"active": true, "message": "\ud30c\uc77c \uc0ac\uc774 \ud734\uc2dd \u00b7 \ub2e4\uc74c \ud30c\uc77c \uc2dc\uc791\uae4c\uc9c0 60\ucd08", "done": 29, "total": 90}
{"active": true, "message": "\ud30c\uc77c \uc0ac\uc774 \ud734\uc2dd \u00b7 \ub2e4\uc74c \ud30c\uc77c \uc2dc\uc791\uae4c\uc9c0 55\ucd08", "done": 29, "total": 90}
{"active": true, "message": "\ud30c\uc77c \uc0ac\uc774 \ud734\uc2dd \u00b7 \ub2e4\uc74c \ud30c\uc77c \uc2dc\uc791\uae4c\uc9c0 50\ucd08", "done": 29, "total": 90}
{"active": true, "message": "\ud30c\uc77c \uc0ac\uc774 \ud734\uc2dd \u00b7 \ub2e4\uc74c \ud30c\uc77c \uc2dc\uc791\uae4c\uc9c0 45\ucd08", "done": 29, "total": 90}
{"active": true, "message": "\ud30c\uc77c \uc0ac\uc774 \ud734\uc2dd \u00b7 \ub2e4\uc74c \ud30c\uc77c \uc2dc\uc791\uae4c\uc9c0 40\ucd08", "done": 29, "total": 90}
{"active": true, "message": "\ud30c\uc77c \uc0ac\uc774 \ud734\uc2dd \u00b7 \ub2e4\uc74c \ud30c\uc77c \uc2dc\uc791\uae4c\uc9c0 35\ucd08", "done": 29, "total": 90}
{"active": true, "message": "\ud30c\uc77c \uc0ac\uc774 \ud734\uc2dd \u00b7 \ub2e4\uc74c \ud30c\uc77c \uc2dc\uc791\uae4c\uc9c0 30\ucd08", "done": 29, "total": 90}
{"active": true, "message": "\ud30c\uc77c \uc0ac\uc774 \ud734\uc2dd \u00b7 \ub2e4\uc74c \ud30c\uc77c \uc2dc\uc791\uae4c\uc9c0 25\ucd08", "done": 29, "total": 90}
{"active": true, "message": "\ud30c\uc77c \uc0ac\uc774 \ud734\uc2dd \u00b7 \ub2e4\uc74c \ud30c\uc77c \uc2dc\uc791\uae4c\uc9c0 20\ucd08", "done": 29, "total": 90}
{"active": true, "message": "\ud30c\uc77c \uc0ac\uc774 \ud734\uc2dd \u00b7 \ub2e4\uc74c \ud30c\uc77c \uc2dc\uc791\uae4c\uc9c0 15\ucd08", "done": 29, "total": 90}
{"active": true, "message": "\ud30c\uc77c \uc0ac\uc774 \ud734\uc2dd \u00b7 \ub2e4\uc74c \ud30c\uc77c \uc2dc\uc791\uae4c\uc9c0 10\ucd08", "done": 29, "total": 90}
{"active": true, "message": "\ud30c\uc77c \uc0ac\uc774 \ud734\uc2dd \u00b7 \ub2e4\uc74c \ud30c\uc77c \uc2dc\uc791\uae4c\uc9c0 4\ucd08", "done": 29, "total": 90}
{"active": true, "message": "F11.png \u00b7 TRELLIS \uc0dd\uc131 \uc911", "done": 29, "total": 90}
{"active": true, "message": "F11.png \u00b7 shape \uc2dc\uac01\uac80\uc0ac", "done": 29, "total": 90}
{"active": true, "message": "F11.png \u00b7 Awaiting main-agent visual review: shape", "done": 29, "total": 90}
{"active": true, "message": "F11.png \u00b7 TRELLIS \uc0dd\uc131 \uc911", "done": 29, "total": 90}
{"active": true, "message": "F11.png \u00b7 texture_source \uc2dc\uac01\uac80\uc0ac", "done": 29, "total": 90}
{"active": true, "message": "F11.png \u00b7 Awaiting main-agent visual review: texture_source", "done": 29, "total": 90}
{"active": true, "message": "F11.png \u00b7 Blender \u00b7 Reduce triangle count", "done": 29, "total": 90}
{"active": true, "message": "F11.png \u00b7 Blender \u00b7 Bake Metallic", "done": 29, "total": 90}
{"active": true, "message": "F11.png \u00b7 Blender \u00b7 Render preview", "done": 29, "total": 90}
{"active": true, "message": "F11.png \u00b7 final_compare \uc2dc\uac01\uac80\uc0ac", "done": 29, "total": 90}
{"active": true, "message": "F11.png \u00b7 Awaiting main-agent visual review: final_compare", "done": 29, "total": 90}
{"active": true, "message": "\ud30c\uc77c \uc0ac\uc774 \ud734\uc2dd \u00b7 \ub2e4\uc74c \ud30c\uc77c \uc2dc\uc791\uae4c\uc9c0 57\ucd08", "done": 30, "total": 90}
{"active": true, "message": "\ud30c\uc77c \uc0ac\uc774 \ud734\uc2dd \u00b7 \ub2e4\uc74c \ud30c\uc77c \uc2dc\uc791\uae4c\uc9c0 52\ucd08", "done": 30, "total": 90}
{"active": true, "message": "\ud30c\uc77c \uc0ac\uc774 \ud734\uc2dd \u00b7 \ub2e4\uc74c \ud30c\uc77c \uc2dc\uc791\uae4c\uc9c0 47\ucd08", "done": 30, "total": 90}
{"active": true, "message": "\ud30c\uc77c \uc0ac\uc774 \ud734\uc2dd \u00b7 \ub2e4\uc74c \ud30c\uc77c \uc2dc\uc791\uae4c\uc9c0 42\ucd08", "done": 30, "total": 90}
{"active": true, "message": "\ud30c\uc77c \uc0ac\uc774 \ud734\uc2dd \u00b7 \ub2e4\uc74c \ud30c\uc77c \uc2dc\uc791\uae4c\uc9c0 37\ucd08", "done": 30, "total": 90}
{"active": true, "message": "\ud30c\uc77c \uc0ac\uc774 \ud734\uc2dd \u00b7 \ub2e4\uc74c \ud30c\uc77c \uc2dc\uc791\uae4c\uc9c0 32\ucd08", "done": 30, "total": 90}
{"active": true, "message": "\ud30c\uc77c \uc0ac\uc774 \ud734\uc2dd \u00b7 \ub2e4\uc74c \ud30c\uc77c \uc2dc\uc791\uae4c\uc9c0 27\ucd08", "done": 30, "total": 90}
{"active": true, "message": "\ud30c\uc77c \uc0ac\uc774 \ud734\uc2dd \u00b7 \ub2e4\uc74c \ud30c\uc77c \uc2dc\uc791\uae4c\uc9c0 22\ucd08", "done": 30, "total": 90}
{"active": true, "message": "\ud30c\uc77c \uc0ac\uc774 \ud734\uc2dd \u00b7 \ub2e4\uc74c \ud30c\uc77c \uc2dc\uc791\uae4c\uc9c0 17\ucd08", "done": 30, "total": 90}
{"active": true, "message": "\ud30c\uc77c \uc0ac\uc774 \ud734\uc2dd \u00b7 \ub2e4\uc74c \ud30c\uc77c \uc2dc\uc791\uae4c\uc9c0 12\ucd08", "done": 30, "total": 90}
{"active": true, "message": "\ud30c\uc77c \uc0ac\uc774 \ud734\uc2dd \u00b7 \ub2e4\uc74c \ud30c\uc77c \uc2dc\uc791\uae4c\uc9c0 7\ucd08", "done": 30, "total": 90}
{"active": true, "message": "\ud30c\uc77c \uc0ac\uc774 \ud734\uc2dd \u00b7 \ub2e4\uc74c \ud30c\uc77c \uc2dc\uc791\uae4c\uc9c0 2\ucd08", "done": 30, "total": 90}
{"active": true, "message": "G01.png \u00b7 TRELLIS \uc0dd\uc131 \uc911", "done": 30, "total": 90}
{"active": true, "message": "G01.png \u00b7 shape \uc2dc\uac01\uac80\uc0ac", "done": 30, "total": 90}
{"active": true, "message": "G01.png \u00b7 Awaiting main-agent visual review: shape", "done": 30, "total": 90}
{"active": true, "message": "G01.png \u00b7 TRELLIS \uc0dd\uc131 \uc911", "done": 30, "total": 90}
{"active": true, "message": "G01.png \u00b7 texture_source \uc2dc\uac01\uac80\uc0ac", "done": 30, "total": 90}
{"active": true, "message": "G01.png \u00b7 Awaiting main-agent visual review: texture_source", "done": 30, "total": 90}
{"active": true, "message": "G01.png \u00b7 TRELLIS \uc0dd\uc131 \uc911", "done": 30, "total": 90}
{"active": true, "message": "G01.png \u00b7 texture_source \uc2dc\uac01\uac80\uc0ac", "done": 30, "total": 90}
{"active": true, "message": "G01.png \u00b7 Awaiting main-agent visual review: texture_source", "done": 30, "total": 90}
{"active": true, "message": "G01.png \u00b7 TRELLIS \uc0dd\uc131 \uc911", "done": 30, "total": 90}
{"active": true, "message": "G01.png \u00b7 texture_source \uc2dc\uac01\uac80\uc0ac", "done": 30, "total": 90}
{"active": true, "message": "G01.png \u00b7 Awaiting main-agent visual review: texture_source", "done": 30, "total": 90}
{"active": true, "message": "\ud30c\uc77c \uc0ac\uc774 \ud734\uc2dd \u00b7 \ub2e4\uc74c \ud30c\uc77c \uc2dc\uc791\uae4c\uc9c0 58\ucd08", "done": 30, "total": 90}
{"active": true, "message": "\ud30c\uc77c \uc0ac\uc774 \ud734\uc2dd \u00b7 \ub2e4\uc74c \ud30c\uc77c \uc2dc\uc791\uae4c\uc9c0 52\ucd08", "done": 30, "total": 90}
{"active": true, "message": "\ud30c\uc77c \uc0ac\uc774 \ud734\uc2dd \u00b7 \ub2e4\uc74c \ud30c\uc77c \uc2dc\uc791\uae4c\uc9c0 47\ucd08", "done": 30, "total": 90}
{"active": true, "message": "\ud30c\uc77c \uc0ac\uc774 \ud734\uc2dd \u00b7 \ub2e4\uc74c \ud30c\uc77c \uc2dc\uc791\uae4c\uc9c0 42\ucd08", "done": 30, "total": 90}
{"active": true, "message": "\ud30c\uc77c \uc0ac\uc774 \ud734\uc2dd \u00b7 \ub2e4\uc74c \ud30c\uc77c \uc2dc\uc791\uae4c\uc9c0 37\ucd08", "done": 30, "total": 90}
{"active": true, "message": "\ud30c\uc77c \uc0ac\uc774 \ud734\uc2dd \u00b7 \ub2e4\uc74c \ud30c\uc77c \uc2dc\uc791\uae4c\uc9c0 32\ucd08", "done": 30, "total": 90}
{"active": true, "message": "\ud30c\uc77c \uc0ac\uc774 \ud734\uc2dd \u00b7 \ub2e4\uc74c \ud30c\uc77c \uc2dc\uc791\uae4c\uc9c0 27\ucd08", "done": 30, "total": 90}
{"active": true, "message": "\ud30c\uc77c \uc0ac\uc774 \ud734\uc2dd \u00b7 \ub2e4\uc74c \ud30c\uc77c \uc2dc\uc791\uae4c\uc9c0 22\ucd08", "done": 30, "total": 90}
{"active": true, "message": "\ud30c\uc77c \uc0ac\uc774 \ud734\uc2dd \u00b7 \ub2e4\uc74c \ud30c\uc77c \uc2dc\uc791\uae4c\uc9c0 17\ucd08", "done": 30, "total": 90}
{"active": true, "message": "\ud30c\uc77c \uc0ac\uc774 \ud734\uc2dd \u00b7 \ub2e4\uc74c \ud30c\uc77c \uc2dc\uc791\uae4c\uc9c0 12\ucd08", "done": 30, "total": 90}
{"active": true, "message": "\ud30c\uc77c \uc0ac\uc774 \ud734\uc2dd \u00b7 \ub2e4\uc74c \ud30c\uc77c \uc2dc\uc791\uae4c\uc9c0 7\ucd08", "done": 30, "total": 90}
{"active": true, "message": "\ud30c\uc77c \uc0ac\uc774 \ud734\uc2dd \u00b7 \ub2e4\uc74c \ud30c\uc77c \uc2dc\uc791\uae4c\uc9c0 2\ucd08", "done": 30, "total": 90}
{"active": true, "message": "G02.png \u00b7 TRELLIS \uc0dd\uc131 \uc911", "done": 30, "total": 90}
{"active": true, "message": "G02.png \u00b7 shape \uc2dc\uac01\uac80\uc0ac", "done": 30, "total": 90}
{"active": true, "message": "G02.png \u00b7 Awaiting main-agent visual review: shape", "done": 30, "total": 90}
{"active": true, "message": "G02.png \u00b7 TRELLIS \uc0dd\uc131 \uc911", "done": 30, "total": 90}
{"active": true, "message": "G02.png \u00b7 texture_source \uc2dc\uac01\uac80\uc0ac", "done": 30, "total": 90}
{"active": true, "message": "G02.png \u00b7 Awaiting main-agent visual review: texture_source", "done": 30, "total": 90}
{"active": true, "message": "G02.png \u00b7 Blender \u00b7 Clean mesh", "done": 30, "total": 90}
{"active": true, "message": "G02.png \u00b7 Blender \u00b7 Bake Roughness", "done": 30, "total": 90}
{"active": true, "message": "G02.png \u00b7 Blender \u00b7 Render preview", "done": 30, "total": 90}
{"active": true, "message": "G02.png \u00b7 final_compare \uc2dc\uac01\uac80\uc0ac", "done": 30, "total": 90}
{"active": true, "message": "G02.png \u00b7 Awaiting main-agent visual review: final_compare", "done": 30, "total": 90}
{"active": true, "message": "G02.png \u00b7 Blender \u00b7 Import source GLB", "done": 30, "total": 90}
{"active": true, "message": "G02.png \u00b7 Blender \u00b7 Bake Roughness", "done": 30, "total": 90}
{"active": true, "message": "G02.png \u00b7 Blender \u00b7 Render preview", "done": 30, "total": 90}
{"active": true, "message": "G02.png \u00b7 final_compare \uc2dc\uac01\uac80\uc0ac", "done": 30, "total": 90}
{"active": true, "message": "G02.png \u00b7 Awaiting main-agent visual review: final_compare", "done": 30, "total": 90}
{"active": true, "message": "\ud30c\uc77c \uc0ac\uc774 \ud734\uc2dd \u00b7 \ub2e4\uc74c \ud30c\uc77c \uc2dc\uc791\uae4c\uc9c0 56\ucd08", "done": 30, "total": 90}
{"active": true, "message": "\ud30c\uc77c \uc0ac\uc774 \ud734\uc2dd \u00b7 \ub2e4\uc74c \ud30c\uc77c \uc2dc\uc791\uae4c\uc9c0 50\ucd08", "done": 30, "total": 90}
{"active": true, "message": "\ud30c\uc77c \uc0ac\uc774 \ud734\uc2dd \u00b7 \ub2e4\uc74c \ud30c\uc77c \uc2dc\uc791\uae4c\uc9c0 45\ucd08", "done": 30, "total": 90}
{"active": true, "message": "\ud30c\uc77c \uc0ac\uc774 \ud734\uc2dd \u00b7 \ub2e4\uc74c \ud30c\uc77c \uc2dc\uc791\uae4c\uc9c0 40\ucd08", "done": 30, "total": 90}
{"active": true, "message": "\ud30c\uc77c \uc0ac\uc774 \ud734\uc2dd \u00b7 \ub2e4\uc74c \ud30c\uc77c \uc2dc\uc791\uae4c\uc9c0 35\ucd08", "done": 30, "total": 90}
{"active": true, "message": "\ud30c\uc77c \uc0ac\uc774 \ud734\uc2dd \u00b7 \ub2e4\uc74c \ud30c\uc77c \uc2dc\uc791\uae4c\uc9c0 30\ucd08", "done": 30, "total": 90}
{"active": true, "message": "\ud30c\uc77c \uc0ac\uc774 \ud734\uc2dd \u00b7 \ub2e4\uc74c \ud30c\uc77c \uc2dc\uc791\uae4c\uc9c0 25\ucd08", "done": 30, "total": 90}
{"active": true, "message": "\ud30c\uc77c \uc0ac\uc774 \ud734\uc2dd \u00b7 \ub2e4\uc74c \ud30c\uc77c \uc2dc\uc791\uae4c\uc9c0 20\ucd08", "done": 30, "total": 90}
{"active": true, "message": "\ud30c\uc77c \uc0ac\uc774 \ud734\uc2dd \u00b7 \ub2e4\uc74c \ud30c\uc77c \uc2dc\uc791\uae4c\uc9c0 15\ucd08", "done": 30, "total": 90}
{"active": true, "message": "\ud30c\uc77c \uc0ac\uc774 \ud734\uc2dd \u00b7 \ub2e4\uc74c \ud30c\uc77c \uc2dc\uc791\uae4c\uc9c0 10\ucd08", "done": 30, "total": 90}
{"active": true, "message": "\ud30c\uc77c \uc0ac\uc774 \ud734\uc2dd \u00b7 \ub2e4\uc74c \ud30c\uc77c \uc2dc\uc791\uae4c\uc9c0 5\ucd08", "done": 30, "total": 90}
{"active": true, "message": "G03.png \u00b7 TRELLIS \uc0dd\uc131 \uc911", "done": 30, "total": 90}
{"active": true, "message": "G03.png \u00b7 shape \uc2dc\uac01\uac80\uc0ac", "done": 30, "total": 90}
{"active": true, "message": "G03.png \u00b7 Awaiting main-agent visual review: shape", "done": 30, "total": 90}
{"active": true, "message": "G03.png \u00b7 TRELLIS \uc0dd\uc131 \uc911", "done": 30, "total": 90}
{"active": true, "message": "G03.png \u00b7 texture_source \uc2dc\uac01\uac80\uc0ac", "done": 30, "total": 90}
{"active": true, "message": "G03.png \u00b7 Awaiting main-agent visual review: texture_source", "done": 30, "total": 90}
{"active": true, "message": "G03.png \u00b7 Blender parts \uac10\ub7c9\u00b7\ubca0\uc774\ud06c", "done": 30, "total": 90}
{"active": true, "message": "G03.png \u00b7 Blender \u00b7 Bake BaseColor", "done": 30, "total": 90}
{"active": true, "message": "G03.png \u00b7 Blender \u00b7 Bake Normal", "done": 30, "total": 90}
{"active": true, "message": "G03.png \u00b7 Blender \u00b7 Saved", "done": 30, "total": 90}
{"active": true, "message": "G03.png \u00b7 final_compare \uc2dc\uac01\uac80\uc0ac", "done": 30, "total": 90}
{"active": true, "message": "G03.png \u00b7 Awaiting main-agent visual review: final_compare", "done": 30, "total": 90}
{"active": true, "message": "\ud30c\uc77c \uc0ac\uc774 \ud734\uc2dd \u00b7 \ub2e4\uc74c \ud30c\uc77c \uc2dc\uc791\uae4c\uc9c0 58\ucd08", "done": 31, "total": 90}
{"active": true, "message": "\ud30c\uc77c \uc0ac\uc774 \ud734\uc2dd \u00b7 \ub2e4\uc74c \ud30c\uc77c \uc2dc\uc791\uae4c\uc9c0 53\ucd08", "done": 31, "total": 90}
{"active": true, "message": "\ud30c\uc77c \uc0ac\uc774 \ud734\uc2dd \u00b7 \ub2e4\uc74c \ud30c\uc77c \uc2dc\uc791\uae4c\uc9c0 48\ucd08", "done": 31, "total": 90}
{"active": true, "message": "\ud30c\uc77c \uc0ac\uc774 \ud734\uc2dd \u00b7 \ub2e4\uc74c \ud30c\uc77c \uc2dc\uc791\uae4c\uc9c0 42\ucd08", "done": 31, "total": 90}
{"active": true, "message": "\ud30c\uc77c \uc0ac\uc774 \ud734\uc2dd \u00b7 \ub2e4\uc74c \ud30c\uc77c \uc2dc\uc791\uae4c\uc9c0 37\ucd08", "done": 31, "total": 90}
{"active": true, "message": "\ud30c\uc77c \uc0ac\uc774 \ud734\uc2dd \u00b7 \ub2e4\uc74c \ud30c\uc77c \uc2dc\uc791\uae4c\uc9c0 32\ucd08", "done": 31, "total": 90}
{"active": true, "message": "\ud30c\uc77c \uc0ac\uc774 \ud734\uc2dd \u00b7 \ub2e4\uc74c \ud30c\uc77c \uc2dc\uc791\uae4c\uc9c0 27\ucd08", "done": 31, "total": 90}
{"active": true, "message": "\ud30c\uc77c \uc0ac\uc774 \ud734\uc2dd \u00b7 \ub2e4\uc74c \ud30c\uc77c \uc2dc\uc791\uae4c\uc9c0 22\ucd08", "done": 31, "total": 90}
{"active": true, "message": "\ud30c\uc77c \uc0ac\uc774 \ud734\uc2dd \u00b7 \ub2e4\uc74c \ud30c\uc77c \uc2dc\uc791\uae4c\uc9c0 17\ucd08", "done": 31, "total": 90}
{"active": true, "message": "\ud30c\uc77c \uc0ac\uc774 \ud734\uc2dd \u00b7 \ub2e4\uc74c \ud30c\uc77c \uc2dc\uc791\uae4c\uc9c0 12\ucd08", "done": 31, "total": 90}
{"active": true, "message": "\ud30c\uc77c \uc0ac\uc774 \ud734\uc2dd \u00b7 \ub2e4\uc74c \ud30c\uc77c \uc2dc\uc791\uae4c\uc9c0 7\ucd08", "done": 31, "total": 90}
{"active": true, "message": "\ud30c\uc77c \uc0ac\uc774 \ud734\uc2dd \u00b7 \ub2e4\uc74c \ud30c\uc77c \uc2dc\uc791\uae4c\uc9c0 2\ucd08", "done": 31, "total": 90}
{"active": true, "message": "G04.png \u00b7 TRELLIS \uc0dd\uc131 \uc911", "done": 31, "total": 90}
{"active": true, "message": "G04.png \u00b7 shape \uc2dc\uac01\uac80\uc0ac", "done": 31, "total": 90}
{"active": true, "message": "G04.png \u00b7 Awaiting main-agent visual review: shape", "done": 31, "total": 90}
{"active": true, "message": "G04.png \u00b7 TRELLIS \uc0dd\uc131 \uc911", "done": 31, "total": 90}
{"active": true, "message": "G04.png \u00b7 texture_source \uc2dc\uac01\uac80\uc0ac", "done": 31, "total": 90}
{"active": true, "message": "G04.png \u00b7 Awaiting main-agent visual review: texture_source", "done": 31, "total": 90}
{"active": true, "message": "G04.png \u00b7 Blender parts \uac10\ub7c9\u00b7\ubca0\uc774\ud06c", "done": 31, "total": 90}
{"active": true, "message": "G04.png \u00b7 Blender \u00b7 Bake BaseColor", "done": 31, "total": 90}
{"active": true, "message": "G04.png \u00b7 Blender \u00b7 Bake Normal", "done": 31, "total": 90}
{"active": true, "message": "G04.png \u00b7 Blender \u00b7 Render preview", "done": 31, "total": 90}
{"active": true, "message": "G04.png \u00b7 final_compare \uc2dc\uac01\uac80\uc0ac", "done": 31, "total": 90}
{"active": true, "message": "G04.png \u00b7 Awaiting main-agent visual review: final_compare", "done": 31, "total": 90}
{"active": true, "message": "\ud30c\uc77c \uc0ac\uc774 \ud734\uc2dd \u00b7 \ub2e4\uc74c \ud30c\uc77c \uc2dc\uc791\uae4c\uc9c0 57\ucd08", "done": 32, "total": 90}
{"active": true, "message": "\ud30c\uc77c \uc0ac\uc774 \ud734\uc2dd \u00b7 \ub2e4\uc74c \ud30c\uc77c \uc2dc\uc791\uae4c\uc9c0 52\ucd08", "done": 32, "total": 90}
{"active": true, "message": "\ud30c\uc77c \uc0ac\uc774 \ud734\uc2dd \u00b7 \ub2e4\uc74c \ud30c\uc77c \uc2dc\uc791\uae4c\uc9c0 47\ucd08", "done": 32, "total": 90}
{"active": true, "message": "\ud30c\uc77c \uc0ac\uc774 \ud734\uc2dd \u00b7 \ub2e4\uc74c \ud30c\uc77c \uc2dc\uc791\uae4c\uc9c0 42\ucd08", "done": 32, "total": 90}
{"active": true, "message": "\ud30c\uc77c \uc0ac\uc774 \ud734\uc2dd \u00b7 \ub2e4\uc74c \ud30c\uc77c \uc2dc\uc791\uae4c\uc9c0 37\ucd08", "done": 32, "total": 90}
{"active": true, "message": "\ud30c\uc77c \uc0ac\uc774 \ud734\uc2dd \u00b7 \ub2e4\uc74c \ud30c\uc77c \uc2dc\uc791\uae4c\uc9c0 32\ucd08", "done": 32, "total": 90}
{"active": true, "message": "\ud30c\uc77c \uc0ac\uc774 \ud734\uc2dd \u00b7 \ub2e4\uc74c \ud30c\uc77c \uc2dc\uc791\uae4c\uc9c0 27\ucd08", "done": 32, "total": 90}
{"active": true, "message": "\ud30c\uc77c \uc0ac\uc774 \ud734\uc2dd \u00b7 \ub2e4\uc74c \ud30c\uc77c \uc2dc\uc791\uae4c\uc9c0 22\ucd08", "done": 32, "total": 90}
{"active": true, "message": "\ud30c\uc77c \uc0ac\uc774 \ud734\uc2dd \u00b7 \ub2e4\uc74c \ud30c\uc77c \uc2dc\uc791\uae4c\uc9c0 17\ucd08", "done": 32, "total": 90}
{"active": true, "message": "\ud30c\uc77c \uc0ac\uc774 \ud734\uc2dd \u00b7 \ub2e4\uc74c \ud30c\uc77c \uc2dc\uc791\uae4c\uc9c0 12\ucd08", "done": 32, "total": 90}
{"active": true, "message": "\ud30c\uc77c \uc0ac\uc774 \ud734\uc2dd \u00b7 \ub2e4\uc74c \ud30c\uc77c \uc2dc\uc791\uae4c\uc9c0 7\ucd08", "done": 32, "total": 90}
{"active": true, "message": "\ud30c\uc77c \uc0ac\uc774 \ud734\uc2dd \u00b7 \ub2e4\uc74c \ud30c\uc77c \uc2dc\uc791\uae4c\uc9c0 2\ucd08", "done": 32, "total": 90}
{"active": true, "message": "P01.png \u00b7 TRELLIS \uc0dd\uc131 \uc911", "done": 32, "total": 90}
{"active": true, "message": "P01.png \u00b7 shape \uc2dc\uac01\uac80\uc0ac", "done": 32, "total": 90}
{"active": true, "message": "P01.png \u00b7 Awaiting main-agent visual review: shape", "done": 32, "total": 90}
{"active": true, "message": "P01.png \u00b7 TRELLIS \uc0dd\uc131 \uc911", "done": 32, "total": 90}
{"active": true, "message": "P01.png \u00b7 texture_source \uc2dc\uac01\uac80\uc0ac", "done": 32, "total": 90}
{"active": true, "message": "P01.png \u00b7 Awaiting main-agent visual review: texture_source", "done": 32, "total": 90}
{"active": true, "message": "\ud30c\uc77c \uc0ac\uc774 \ud734\uc2dd \u00b7 \ub2e4\uc74c \ud30c\uc77c \uc2dc\uc791\uae4c\uc9c0 57\ucd08", "done": 32, "total": 90}
{"active": true, "message": "\ud30c\uc77c \uc0ac\uc774 \ud734\uc2dd \u00b7 \ub2e4\uc74c \ud30c\uc77c \uc2dc\uc791\uae4c\uc9c0 52\ucd08", "done": 32, "total": 90}
{"active": true, "message": "\ud30c\uc77c \uc0ac\uc774 \ud734\uc2dd \u00b7 \ub2e4\uc74c \ud30c\uc77c \uc2dc\uc791\uae4c\uc9c0 46\ucd08", "done": 32, "total": 90}
{"active": true, "message": "\ud30c\uc77c \uc0ac\uc774 \ud734\uc2dd \u00b7 \ub2e4\uc74c \ud30c\uc77c \uc2dc\uc791\uae4c\uc9c0 41\ucd08", "done": 32, "total": 90}
{"active": true, "message": "\ud30c\uc77c \uc0ac\uc774 \ud734\uc2dd \u00b7 \ub2e4\uc74c \ud30c\uc77c \uc2dc\uc791\uae4c\uc9c0 36\ucd08", "done": 32, "total": 90}
{"active": true, "message": "\ud30c\uc77c \uc0ac\uc774 \ud734\uc2dd \u00b7 \ub2e4\uc74c \ud30c\uc77c \uc2dc\uc791\uae4c\uc9c0 31\ucd08", "done": 32, "total": 90}
{"active": true, "message": "\ud30c\uc77c \uc0ac\uc774 \ud734\uc2dd \u00b7 \ub2e4\uc74c \ud30c\uc77c \uc2dc\uc791\uae4c\uc9c0 26\ucd08", "done": 32, "total": 90}
{"active": true, "message": "\ud30c\uc77c \uc0ac\uc774 \ud734\uc2dd \u00b7 \ub2e4\uc74c \ud30c\uc77c \uc2dc\uc791\uae4c\uc9c0 21\ucd08", "done": 32, "total": 90}
{"active": true, "message": "\ud30c\uc77c \uc0ac\uc774 \ud734\uc2dd \u00b7 \ub2e4\uc74c \ud30c\uc77c \uc2dc\uc791\uae4c\uc9c0 16\ucd08", "done": 32, "total": 90}
{"active": true, "message": "\ud30c\uc77c \uc0ac\uc774 \ud734\uc2dd \u00b7 \ub2e4\uc74c \ud30c\uc77c \uc2dc\uc791\uae4c\uc9c0 11\ucd08", "done": 32, "total": 90}
{"active": true, "message": "\ud30c\uc77c \uc0ac\uc774 \ud734\uc2dd \u00b7 \ub2e4\uc74c \ud30c\uc77c \uc2dc\uc791\uae4c\uc9c0 6\ucd08", "done": 32, "total": 90}
{"active": true, "message": "\ud30c\uc77c \uc0ac\uc774 \ud734\uc2dd \u00b7 \ub2e4\uc74c \ud30c\uc77c \uc2dc\uc791\uae4c\uc9c0 1\ucd08", "done": 32, "total": 90}
{"active": true, "message": "P02.png \u00b7 TRELLIS \uc0dd\uc131 \uc911", "done": 32, "total": 90}
{"active": true, "message": "P02.png \u00b7 shape \uc2dc\uac01\uac80\uc0ac", "done": 32, "total": 90}
{"active": true, "message": "P02.png \u00b7 Awaiting main-agent visual review: shape", "done": 32, "total": 90}
{"active": true, "message": "P02.png \u00b7 TRELLIS \uc0dd\uc131 \uc911", "done": 32, "total": 90}
{"active": true, "message": "P02.png \u00b7 texture_source \uc2dc\uac01\uac80\uc0ac", "done": 32, "total": 90}
{"active": true, "message": "P02.png \u00b7 Awaiting main-agent visual review: texture_source", "done": 32, "total": 90}
{"active": true, "message": "P02.png \u00b7 Blender \u00b7 Clean mesh", "done": 32, "total": 90}
{"active": true, "message": "P02.png \u00b7 Blender \u00b7 Bake BaseColor", "done": 32, "total": 90}
{"active": true, "message": "P02.png \u00b7 Blender \u00b7 Bake Metallic", "done": 32, "total": 90}
{"active": true, "message": "P02.png \u00b7 Blender \u00b7 Saved", "done": 32, "total": 90}
{"active": true, "message": "P02.png \u00b7 final_compare \uc2dc\uac01\uac80\uc0ac", "done": 32, "total": 90}
{"active": true, "message": "P02.png \u00b7 Awaiting main-agent visual review: final_compare", "done": 32, "total": 90}
{"active": true, "message": "\ud30c\uc77c \uc0ac\uc774 \ud734\uc2dd \u00b7 \ub2e4\uc74c \ud30c\uc77c \uc2dc\uc791\uae4c\uc9c0 56\ucd08", "done": 33, "total": 90}
{"active": true, "message": "\ud30c\uc77c \uc0ac\uc774 \ud734\uc2dd \u00b7 \ub2e4\uc74c \ud30c\uc77c \uc2dc\uc791\uae4c\uc9c0 50\ucd08", "done": 33, "total": 90}
{"active": true, "message": "\ud30c\uc77c \uc0ac\uc774 \ud734\uc2dd \u00b7 \ub2e4\uc74c \ud30c\uc77c \uc2dc\uc791\uae4c\uc9c0 45\ucd08", "done": 33, "total": 90}
{"active": true, "message": "\ud30c\uc77c \uc0ac\uc774 \ud734\uc2dd \u00b7 \ub2e4\uc74c \ud30c\uc77c \uc2dc\uc791\uae4c\uc9c0 40\ucd08", "done": 33, "total": 90}
{"active": true, "message": "\ud30c\uc77c \uc0ac\uc774 \ud734\uc2dd \u00b7 \ub2e4\uc74c \ud30c\uc77c \uc2dc\uc791\uae4c\uc9c0 35\ucd08", "done": 33, "total": 90}
{"active": true, "message": "\ud30c\uc77c \uc0ac\uc774 \ud734\uc2dd \u00b7 \ub2e4\uc74c \ud30c\uc77c \uc2dc\uc791\uae4c\uc9c0 30\ucd08", "done": 33, "total": 90}
{"active": true, "message": "\ud30c\uc77c \uc0ac\uc774 \ud734\uc2dd \u00b7 \ub2e4\uc74c \ud30c\uc77c \uc2dc\uc791\uae4c\uc9c0 25\ucd08", "done": 33, "total": 90}
{"active": true, "message": "\ud30c\uc77c \uc0ac\uc774 \ud734\uc2dd \u00b7 \ub2e4\uc74c \ud30c\uc77c \uc2dc\uc791\uae4c\uc9c0 20\ucd08", "done": 33, "total": 90}
{"active": true, "message": "\ud30c\uc77c \uc0ac\uc774 \ud734\uc2dd \u00b7 \ub2e4\uc74c \ud30c\uc77c \uc2dc\uc791\uae4c\uc9c0 15\ucd08", "done": 33, "total": 90}
{"active": true, "message": "\ud30c\uc77c \uc0ac\uc774 \ud734\uc2dd \u00b7 \ub2e4\uc74c \ud30c\uc77c \uc2dc\uc791\uae4c\uc9c0 10\ucd08", "done": 33, "total": 90}
{"active": true, "message": "\ud30c\uc77c \uc0ac\uc774 \ud734\uc2dd \u00b7 \ub2e4\uc74c \ud30c\uc77c \uc2dc\uc791\uae4c\uc9c0 5\ucd08", "done": 33, "total": 90}
{"active": true, "message": "P03.png \u00b7 TRELLIS \uc0dd\uc131 \uc911", "done": 33, "total": 90}
{"active": true, "message": "P03.png \u00b7 shape \uc2dc\uac01\uac80\uc0ac", "done": 33, "total": 90}
{"active": true, "message": "P03.png \u00b7 Awaiting main-agent visual review: shape", "done": 33, "total": 90}
{"active": true, "message": "P03.png \u00b7 TRELLIS \uc0dd\uc131 \uc911", "done": 33, "total": 90}
{"active": true, "message": "P03.png \u00b7 texture_source \uc2dc\uac01\uac80\uc0ac", "done": 33, "total": 90}
{"active": true, "message": "P03.png \u00b7 Awaiting main-agent visual review: texture_source", "done": 33, "total": 90}
{"active": true, "message": "P03.png \u00b7 Blender \u00b7 Import source GLB", "done": 33, "total": 90}
{"active": true, "message": "P03.png \u00b7 Blender \u00b7 Bake BaseColor", "done": 33, "total": 90}
{"active": true, "message": "P03.png \u00b7 Blender \u00b7 Bake Metallic", "done": 33, "total": 90}
{"active": true, "message": "P03.png \u00b7 Blender \u00b7 Render preview", "done": 33, "total": 90}
{"active": true, "message": "P03.png \u00b7 final_compare \uc2dc\uac01\uac80\uc0ac", "done": 33, "total": 90}
{"active": true, "message": "P03.png \u00b7 Awaiting main-agent visual review: final_compare", "done": 33, "total": 90}
{"active": true, "message": "\ud30c\uc77c \uc0ac\uc774 \ud734\uc2dd \u00b7 \ub2e4\uc74c \ud30c\uc77c \uc2dc\uc791\uae4c\uc9c0 57\ucd08", "done": 34, "total": 90}
{"active": true, "message": "\ud30c\uc77c \uc0ac\uc774 \ud734\uc2dd \u00b7 \ub2e4\uc74c \ud30c\uc77c \uc2dc\uc791\uae4c\uc9c0 52\ucd08", "done": 34, "total": 90}
{"active": true, "message": "\ud30c\uc77c \uc0ac\uc774 \ud734\uc2dd \u00b7 \ub2e4\uc74c \ud30c\uc77c \uc2dc\uc791\uae4c\uc9c0 47\ucd08", "done": 34, "total": 90}
{"active": true, "message": "\ud30c\uc77c \uc0ac\uc774 \ud734\uc2dd \u00b7 \ub2e4\uc74c \ud30c\uc77c \uc2dc\uc791\uae4c\uc9c0 42\ucd08", "done": 34, "total": 90}
{"active": true, "message": "\ud30c\uc77c \uc0ac\uc774 \ud734\uc2dd \u00b7 \ub2e4\uc74c \ud30c\uc77c \uc2dc\uc791\uae4c\uc9c0 37\ucd08", "done": 34, "total": 90}
{"active": true, "message": "\ud30c\uc77c \uc0ac\uc774 \ud734\uc2dd \u00b7 \ub2e4\uc74c \ud30c\uc77c \uc2dc\uc791\uae4c\uc9c0 32\ucd08", "done": 34, "total": 90}
{"active": true, "message": "\ud30c\uc77c \uc0ac\uc774 \ud734\uc2dd \u00b7 \ub2e4\uc74c \ud30c\uc77c \uc2dc\uc791\uae4c\uc9c0 27\ucd08", "done": 34, "total": 90}
{"active": true, "message": "\ud30c\uc77c \uc0ac\uc774 \ud734\uc2dd \u00b7 \ub2e4\uc74c \ud30c\uc77c \uc2dc\uc791\uae4c\uc9c0 22\ucd08", "done": 34, "total": 90}
{"active": true, "message": "\ud30c\uc77c \uc0ac\uc774 \ud734\uc2dd \u00b7 \ub2e4\uc74c \ud30c\uc77c \uc2dc\uc791\uae4c\uc9c0 17\ucd08", "done": 34, "total": 90}
{"active": true, "message": "\ud30c\uc77c \uc0ac\uc774 \ud734\uc2dd \u00b7 \ub2e4\uc74c \ud30c\uc77c \uc2dc\uc791\uae4c\uc9c0 12\ucd08", "done": 34, "total": 90}
{"active": true, "message": "\ud30c\uc77c \uc0ac\uc774 \ud734\uc2dd \u00b7 \ub2e4\uc74c \ud30c\uc77c \uc2dc\uc791\uae4c\uc9c0 7\ucd08", "done": 34, "total": 90}
{"active": true, "message": "\ud30c\uc77c \uc0ac\uc774 \ud734\uc2dd \u00b7 \ub2e4\uc74c \ud30c\uc77c \uc2dc\uc791\uae4c\uc9c0 2\ucd08", "done": 34, "total": 90}
{"active": true, "message": "P04.png \u00b7 TRELLIS \uc0dd\uc131 \uc911", "done": 34, "total": 90}
{"active": true, "message": "P04.png \u00b7 shape \uc2dc\uac01\uac80\uc0ac", "done": 34, "total": 90}
{"active": true, "message": "P04.png \u00b7 Awaiting main-agent visual review: shape", "done": 34, "total": 90}
{"active": true, "message": "\ud30c\uc77c \uc0ac\uc774 \ud734\uc2dd \u00b7 \ub2e4\uc74c \ud30c\uc77c \uc2dc\uc791\uae4c\uc9c0 26\ucd08", "done": 34, "total": 90}
{"active": true, "message": "\ud30c\uc77c \uc0ac\uc774 \ud734\uc2dd \u00b7 \ub2e4\uc74c \ud30c\uc77c \uc2dc\uc791\uae4c\uc9c0 21\ucd08", "done": 34, "total": 90}
{"active": true, "message": "\ud30c\uc77c \uc0ac\uc774 \ud734\uc2dd \u00b7 \ub2e4\uc74c \ud30c\uc77c \uc2dc\uc791\uae4c\uc9c0 16\ucd08", "done": 34, "total": 90}
{"active": true, "message": "\ud30c\uc77c \uc0ac\uc774 \ud734\uc2dd \u00b7 \ub2e4\uc74c \ud30c\uc77c \uc2dc\uc791\uae4c\uc9c0 11\ucd08", "done": 34, "total": 90}
{"active": true, "message": "\ud30c\uc77c \uc0ac\uc774 \ud734\uc2dd \u00b7 \ub2e4\uc74c \ud30c\uc77c \uc2dc\uc791\uae4c\uc9c0 6\ucd08", "done": 34, "total": 90}
{"active": true, "message": "P04.png \u00b7 TRELLIS \uc0dd\uc131 \uc911", "done": 34, "total": 90}
{"active": true, "message": "P04.png \u00b7 shape \uc2dc\uac01\uac80\uc0ac", "done": 34, "total": 90}
{"active": true, "message": "P04.png \u00b7 Awaiting main-agent visual review: shape", "done": 34, "total": 90}
{"active": true, "message": "P04.png \u00b7 TRELLIS \uc0dd\uc131 \uc911", "done": 34, "total": 90}
{"active": true, "message": "P04.png \u00b7 shape \uc2dc\uac01\uac80\uc0ac", "done": 34, "total": 90}
{"active": true, "message": "P04.png \u00b7 Awaiting main-agent visual review: shape", "done": 34, "total": 90}
{"active": true, "message": "\ud30c\uc77c \uc0ac\uc774 \ud734\uc2dd \u00b7 \ub2e4\uc74c \ud30c\uc77c \uc2dc\uc791\uae4c\uc9c0 59\ucd08", "done": 34, "total": 90}
{"active": true, "message": "\ud30c\uc77c \uc0ac\uc774 \ud734\uc2dd \u00b7 \ub2e4\uc74c \ud30c\uc77c \uc2dc\uc791\uae4c\uc9c0 54\ucd08", "done": 34, "total": 90}
{"active": true, "message": "\ud30c\uc77c \uc0ac\uc774 \ud734\uc2dd \u00b7 \ub2e4\uc74c \ud30c\uc77c \uc2dc\uc791\uae4c\uc9c0 49\ucd08", "done": 34, "total": 90}
{"active": true, "message": "\ud30c\uc77c \uc0ac\uc774 \ud734\uc2dd \u00b7 \ub2e4\uc74c \ud30c\uc77c \uc2dc\uc791\uae4c\uc9c0 44\ucd08", "done": 34, "total": 90}
{"active": true, "message": "\ud30c\uc77c \uc0ac\uc774 \ud734\uc2dd \u00b7 \ub2e4\uc74c \ud30c\uc77c \uc2dc\uc791\uae4c\uc9c0 39\ucd08", "done": 34, "total": 90}
{"active": true, "message": "\ud30c\uc77c \uc0ac\uc774 \ud734\uc2dd \u00b7 \ub2e4\uc74c \ud30c\uc77c \uc2dc\uc791\uae4c\uc9c0 34\ucd08", "done": 34, "total": 90}
{"active": true, "message": "\ud30c\uc77c \uc0ac\uc774 \ud734\uc2dd \u00b7 \ub2e4\uc74c \ud30c\uc77c \uc2dc\uc791\uae4c\uc9c0 29\ucd08", "done": 34, "total": 90}
{"active": true, "message": "\ud30c\uc77c \uc0ac\uc774 \ud734\uc2dd \u00b7 \ub2e4\uc74c \ud30c\uc77c \uc2dc\uc791\uae4c\uc9c0 24\ucd08", "done": 34, "total": 90}
{"active": true, "message": "\ud30c\uc77c \uc0ac\uc774 \ud734\uc2dd \u00b7 \ub2e4\uc74c \ud30c\uc77c \uc2dc\uc791\uae4c\uc9c0 19\ucd08", "done": 34, "total": 90}
{"active": true, "message": "\ud30c\uc77c \uc0ac\uc774 \ud734\uc2dd \u00b7 \ub2e4\uc74c \ud30c\uc77c \uc2dc\uc791\uae4c\uc9c0 14\ucd08", "done": 34, "total": 90}
{"active": true, "message": "\ud30c\uc77c \uc0ac\uc774 \ud734\uc2dd \u00b7 \ub2e4\uc74c \ud30c\uc77c \uc2dc\uc791\uae4c\uc9c0 9\ucd08", "done": 34, "total": 90}
{"active": true, "message": "\ud30c\uc77c \uc0ac\uc774 \ud734\uc2dd \u00b7 \ub2e4\uc74c \ud30c\uc77c \uc2dc\uc791\uae4c\uc9c0 4\ucd08", "done": 34, "total": 90}
{"active": true, "message": "P05.png \u00b7 TRELLIS \uc0dd\uc131 \uc911", "done": 34, "total": 90}
{"active": true, "message": "P05.png \u00b7 shape \uc2dc\uac01\uac80\uc0ac", "done": 34, "total": 90}
{"active": true, "message": "P05.png \u00b7 Awaiting main-agent visual review: shape", "done": 34, "total": 90}
{"active": true, "message": "\ud30c\uc77c \uc0ac\uc774 \ud734\uc2dd \u00b7 \ub2e4\uc74c \ud30c\uc77c \uc2dc\uc791\uae4c\uc9c0 19\ucd08", "done": 34, "total": 90}
{"active": true, "message": "\ud30c\uc77c \uc0ac\uc774 \ud734\uc2dd \u00b7 \ub2e4\uc74c \ud30c\uc77c \uc2dc\uc791\uae4c\uc9c0 14\ucd08", "done": 34, "total": 90}
{"active": true, "message": "\ud30c\uc77c \uc0ac\uc774 \ud734\uc2dd \u00b7 \ub2e4\uc74c \ud30c\uc77c \uc2dc\uc791\uae4c\uc9c0 9\ucd08", "done": 34, "total": 90}
{"active": true, "message": "\ud30c\uc77c \uc0ac\uc774 \ud734\uc2dd \u00b7 \ub2e4\uc74c \ud30c\uc77c \uc2dc\uc791\uae4c\uc9c0 2\ucd08", "done": 34, "total": 90}
{"active": true, "message": "P05.png \u00b7 TRELLIS \uc0dd\uc131 \uc911", "done": 34, "total": 90}
{"active": true, "message": "P05.png \u00b7 texture_source \uc2dc\uac01\uac80\uc0ac", "done": 34, "total": 90}
{"active": true, "message": "P05.png \u00b7 Awaiting main-agent visual review: texture_source", "done": 34, "total": 90}
{"active": true, "message": "P05.png \u00b7 Blender \u00b7 Reduce triangle count", "done": 34, "total": 90}
{"active": true, "message": "P05.png \u00b7 Blender \u00b7 Bake Roughness", "done": 34, "total": 90}
{"active": true, "message": "P05.png \u00b7 Blender \u00b7 Render preview", "done": 34, "total": 90}
{"active": true, "message": "P05.png \u00b7 final_compare \uc2dc\uac01\uac80\uc0ac", "done": 34, "total": 90}
{"active": true, "message": "P05.png \u00b7 Awaiting main-agent visual review: final_compare", "done": 34, "total": 90}
{"active": true, "message": "\ud30c\uc77c \uc0ac\uc774 \ud734\uc2dd \u00b7 \ub2e4\uc74c \ud30c\uc77c \uc2dc\uc791\uae4c\uc9c0 59\ucd08", "done": 35, "total": 90}
{"active": true, "message": "\ud30c\uc77c \uc0ac\uc774 \ud734\uc2dd \u00b7 \ub2e4\uc74c \ud30c\uc77c \uc2dc\uc791\uae4c\uc9c0 54\ucd08", "done": 35, "total": 90}
{"active": true, "message": "\ud30c\uc77c \uc0ac\uc774 \ud734\uc2dd \u00b7 \ub2e4\uc74c \ud30c\uc77c \uc2dc\uc791\uae4c\uc9c0 49\ucd08", "done": 35, "total": 90}
{"active": true, "message": "\ud30c\uc77c \uc0ac\uc774 \ud734\uc2dd \u00b7 \ub2e4\uc74c \ud30c\uc77c \uc2dc\uc791\uae4c\uc9c0 43\ucd08", "done": 35, "total": 90}
{"active": true, "message": "\ud30c\uc77c \uc0ac\uc774 \ud734\uc2dd \u00b7 \ub2e4\uc74c \ud30c\uc77c \uc2dc\uc791\uae4c\uc9c0 38\ucd08", "done": 35, "total": 90}
{"active": true, "message": "\ud30c\uc77c \uc0ac\uc774 \ud734\uc2dd \u00b7 \ub2e4\uc74c \ud30c\uc77c \uc2dc\uc791\uae4c\uc9c0 33\ucd08", "done": 35, "total": 90}
{"active": true, "message": "\ud30c\uc77c \uc0ac\uc774 \ud734\uc2dd \u00b7 \ub2e4\uc74c \ud30c\uc77c \uc2dc\uc791\uae4c\uc9c0 28\ucd08", "done": 35, "total": 90}
{"active": true, "message": "\ud30c\uc77c \uc0ac\uc774 \ud734\uc2dd \u00b7 \ub2e4\uc74c \ud30c\uc77c \uc2dc\uc791\uae4c\uc9c0 23\ucd08", "done": 35, "total": 90}
{"active": true, "message": "\ud30c\uc77c \uc0ac\uc774 \ud734\uc2dd \u00b7 \ub2e4\uc74c \ud30c\uc77c \uc2dc\uc791\uae4c\uc9c0 18\ucd08", "done": 35, "total": 90}
{"active": true, "message": "\ud30c\uc77c \uc0ac\uc774 \ud734\uc2dd \u00b7 \ub2e4\uc74c \ud30c\uc77c \uc2dc\uc791\uae4c\uc9c0 13\ucd08", "done": 35, "total": 90}
{"active": true, "message": "\ud30c\uc77c \uc0ac\uc774 \ud734\uc2dd \u00b7 \ub2e4\uc74c \ud30c\uc77c \uc2dc\uc791\uae4c\uc9c0 8\ucd08", "done": 35, "total": 90}
{"active": true, "message": "\ud30c\uc77c \uc0ac\uc774 \ud734\uc2dd \u00b7 \ub2e4\uc74c \ud30c\uc77c \uc2dc\uc791\uae4c\uc9c0 3\ucd08", "done": 35, "total": 90}
{"active": true, "message": "P06.png \u00b7 TRELLIS \uc0dd\uc131 \uc911", "done": 35, "total": 90}
{"active": true, "message": "P06.png \u00b7 shape \uc2dc\uac01\uac80\uc0ac", "done": 35, "total": 90}
{"active": true, "message": "P06.png \u00b7 Awaiting main-agent visual review: shape", "done": 35, "total": 90}
{"active": true, "message": "P06.png \u00b7 TRELLIS \uc0dd\uc131 \uc911", "done": 35, "total": 90}
{"active": true, "message": "P06.png \u00b7 texture_source \uc2dc\uac01\uac80\uc0ac", "done": 35, "total": 90}
{"active": true, "message": "P06.png \u00b7 Awaiting main-agent visual review: texture_source", "done": 35, "total": 90}
{"active": true, "message": "P06.png \u00b7 Blender \u00b7 Bake BaseColor", "done": 35, "total": 90}
{"active": true, "message": "P06.png \u00b7 Blender \u00b7 Render preview", "done": 35, "total": 90}
{"active": true, "message": "P06.png \u00b7 final_compare \uc2dc\uac01\uac80\uc0ac", "done": 35, "total": 90}
{"active": true, "message": "P06.png \u00b7 Awaiting main-agent visual review: final_compare", "done": 35, "total": 90}
{"active": true, "message": "\ud30c\uc77c \uc0ac\uc774 \ud734\uc2dd \u00b7 \ub2e4\uc74c \ud30c\uc77c \uc2dc\uc791\uae4c\uc9c0 56\ucd08", "done": 36, "total": 90}
{"active": true, "message": "\ud30c\uc77c \uc0ac\uc774 \ud734\uc2dd \u00b7 \ub2e4\uc74c \ud30c\uc77c \uc2dc\uc791\uae4c\uc9c0 51\ucd08", "done": 36, "total": 90}
{"active": true, "message": "\ud30c\uc77c \uc0ac\uc774 \ud734\uc2dd \u00b7 \ub2e4\uc74c \ud30c\uc77c \uc2dc\uc791\uae4c\uc9c0 46\ucd08", "done": 36, "total": 90}
{"active": true, "message": "\ud30c\uc77c \uc0ac\uc774 \ud734\uc2dd \u00b7 \ub2e4\uc74c \ud30c\uc77c \uc2dc\uc791\uae4c\uc9c0 41\ucd08", "done": 36, "total": 90}
{"active": true, "message": "\ud30c\uc77c \uc0ac\uc774 \ud734\uc2dd \u00b7 \ub2e4\uc74c \ud30c\uc77c \uc2dc\uc791\uae4c\uc9c0 36\ucd08", "done": 36, "total": 90}
{"active": true, "message": "\ud30c\uc77c \uc0ac\uc774 \ud734\uc2dd \u00b7 \ub2e4\uc74c \ud30c\uc77c \uc2dc\uc791\uae4c\uc9c0 31\ucd08", "done": 36, "total": 90}
{"active": true, "message": "\ud30c\uc77c \uc0ac\uc774 \ud734\uc2dd \u00b7 \ub2e4\uc74c \ud30c\uc77c \uc2dc\uc791\uae4c\uc9c0 26\ucd08", "done": 36, "total": 90}
{"active": true, "message": "\ud30c\uc77c \uc0ac\uc774 \ud734\uc2dd \u00b7 \ub2e4\uc74c \ud30c\uc77c \uc2dc\uc791\uae4c\uc9c0 21\ucd08", "done": 36, "total": 90}
{"active": true, "message": "\ud30c\uc77c \uc0ac\uc774 \ud734\uc2dd \u00b7 \ub2e4\uc74c \ud30c\uc77c \uc2dc\uc791\uae4c\uc9c0 16\ucd08", "done": 36, "total": 90}
{"active": true, "message": "\ud30c\uc77c \uc0ac\uc774 \ud734\uc2dd \u00b7 \ub2e4\uc74c \ud30c\uc77c \uc2dc\uc791\uae4c\uc9c0 11\ucd08", "done": 36, "total": 90}
{"active": true, "message": "\ud30c\uc77c \uc0ac\uc774 \ud734\uc2dd \u00b7 \ub2e4\uc74c \ud30c\uc77c \uc2dc\uc791\uae4c\uc9c0 6\ucd08", "done": 36, "total": 90}
{"active": true, "message": "R01.png \u00b7 TRELLIS \uc0dd\uc131 \uc911", "done": 36, "total": 90}
{"active": true, "message": "R01.png \u00b7 shape \uc2dc\uac01\uac80\uc0ac", "done": 36, "total": 90}
{"active": true, "message": "R01.png \u00b7 Awaiting main-agent visual review: shape", "done": 36, "total": 90}
{"active": true, "message": "\ud30c\uc77c \uc0ac\uc774 \ud734\uc2dd \u00b7 \ub2e4\uc74c \ud30c\uc77c \uc2dc\uc791\uae4c\uc9c0 19\ucd08", "done": 36, "total": 90}
{"active": true, "message": "\ud30c\uc77c \uc0ac\uc774 \ud734\uc2dd \u00b7 \ub2e4\uc74c \ud30c\uc77c \uc2dc\uc791\uae4c\uc9c0 14\ucd08", "done": 36, "total": 90}
{"active": true, "message": "\ud30c\uc77c \uc0ac\uc774 \ud734\uc2dd \u00b7 \ub2e4\uc74c \ud30c\uc77c \uc2dc\uc791\uae4c\uc9c0 9\ucd08", "done": 36, "total": 90}
{"active": true, "message": "\ud30c\uc77c \uc0ac\uc774 \ud734\uc2dd \u00b7 \ub2e4\uc74c \ud30c\uc77c \uc2dc\uc791\uae4c\uc9c0 4\ucd08", "done": 36, "total": 90}
{"active": true, "message": "R01.png \u00b7 TRELLIS \uc0dd\uc131 \uc911", "done": 36, "total": 90}
{"active": true, "message": "R01.png \u00b7 texture_source \uc2dc\uac01\uac80\uc0ac", "done": 36, "total": 90}
{"active": true, "message": "R01.png \u00b7 Awaiting main-agent visual review: texture_source", "done": 36, "total": 90}
{"active": true, "message": "R01.png \u00b7 Blender \u00b7 Import source GLB", "done": 36, "total": 90}
{"active": true, "message": "R01.png \u00b7 Blender \u00b7 Bake BaseColor", "done": 36, "total": 90}
{"active": true, "message": "R01.png \u00b7 Blender \u00b7 Bake Normal", "done": 36, "total": 90}
{"active": true, "message": "R01.png \u00b7 Blender \u00b7 Saved", "done": 36, "total": 90}
{"active": true, "message": "R01.png \u00b7 final_compare \uc2dc\uac01\uac80\uc0ac", "done": 36, "total": 90}
{"active": true, "message": "R01.png \u00b7 Awaiting main-agent visual review: final_compare", "done": 36, "total": 90}
{"active": true, "message": "\ud30c\uc77c \uc0ac\uc774 \ud734\uc2dd \u00b7 \ub2e4\uc74c \ud30c\uc77c \uc2dc\uc791\uae4c\uc9c0 58\ucd08", "done": 37, "total": 90}
{"active": true, "message": "\ud30c\uc77c \uc0ac\uc774 \ud734\uc2dd \u00b7 \ub2e4\uc74c \ud30c\uc77c \uc2dc\uc791\uae4c\uc9c0 53\ucd08", "done": 37, "total": 90}
{"active": true, "message": "\ud30c\uc77c \uc0ac\uc774 \ud734\uc2dd \u00b7 \ub2e4\uc74c \ud30c\uc77c \uc2dc\uc791\uae4c\uc9c0 48\ucd08", "done": 37, "total": 90}
{"active": true, "message": "\ud30c\uc77c \uc0ac\uc774 \ud734\uc2dd \u00b7 \ub2e4\uc74c \ud30c\uc77c \uc2dc\uc791\uae4c\uc9c0 43\ucd08", "done": 37, "total": 90}
{"active": true, "message": "\ud30c\uc77c \uc0ac\uc774 \ud734\uc2dd \u00b7 \ub2e4\uc74c \ud30c\uc77c \uc2dc\uc791\uae4c\uc9c0 38\ucd08", "done": 37, "total": 90}
{"active": true, "message": "\ud30c\uc77c \uc0ac\uc774 \ud734\uc2dd \u00b7 \ub2e4\uc74c \ud30c\uc77c \uc2dc\uc791\uae4c\uc9c0 33\ucd08", "done": 37, "total": 90}
{"active": true, "message": "\ud30c\uc77c \uc0ac\uc774 \ud734\uc2dd \u00b7 \ub2e4\uc74c \ud30c\uc77c \uc2dc\uc791\uae4c\uc9c0 28\ucd08", "done": 37, "total": 90}
{"active": true, "message": "\ud30c\uc77c \uc0ac\uc774 \ud734\uc2dd \u00b7 \ub2e4\uc74c \ud30c\uc77c \uc2dc\uc791\uae4c\uc9c0 23\ucd08", "done": 37, "total": 90}
{"active": true, "message": "\ud30c\uc77c \uc0ac\uc774 \ud734\uc2dd \u00b7 \ub2e4\uc74c \ud30c\uc77c \uc2dc\uc791\uae4c\uc9c0 18\ucd08", "done": 37, "total": 90}
{"active": true, "message": "\ud30c\uc77c \uc0ac\uc774 \ud734\uc2dd \u00b7 \ub2e4\uc74c \ud30c\uc77c \uc2dc\uc791\uae4c\uc9c0 13\ucd08", "done": 37, "total": 90}
{"active": true, "message": "\ud30c\uc77c \uc0ac\uc774 \ud734\uc2dd \u00b7 \ub2e4\uc74c \ud30c\uc77c \uc2dc\uc791\uae4c\uc9c0 8\ucd08", "done": 37, "total": 90}
{"active": true, "message": "\ud30c\uc77c \uc0ac\uc774 \ud734\uc2dd \u00b7 \ub2e4\uc74c \ud30c\uc77c \uc2dc\uc791\uae4c\uc9c0 3\ucd08", "done": 37, "total": 90}
{"active": true, "message": "R02.png \u00b7 TRELLIS \uc0dd\uc131 \uc911", "done": 37, "total": 90}
{"active": true, "message": "R02.png \u00b7 shape \uc2dc\uac01\uac80\uc0ac", "done": 37, "total": 90}
{"active": true, "message": "R02.png \u00b7 Awaiting main-agent visual review: shape", "done": 37, "total": 90}
{"active": true, "message": "R02.png \u00b7 TRELLIS \uc0dd\uc131 \uc911", "done": 37, "total": 90}
{"active": true, "message": "R02.png \u00b7 shape \uc2dc\uac01\uac80\uc0ac", "done": 37, "total": 90}
{"active": true, "message": "R02.png \u00b7 Awaiting main-agent visual review: shape", "done": 37, "total": 90}
{"active": true, "message": "\ud30c\uc77c \uc0ac\uc774 \ud734\uc2dd \u00b7 \ub2e4\uc74c \ud30c\uc77c \uc2dc\uc791\uae4c\uc9c0 2\ucd08", "done": 37, "total": 90}
{"active": true, "message": "R02.png \u00b7 TRELLIS \uc0dd\uc131 \uc911", "done": 37, "total": 90}
{"active": true, "message": "R02.png \u00b7 shape \uc2dc\uac01\uac80\uc0ac", "done": 37, "total": 90}
{"active": true, "message": "R02.png \u00b7 Awaiting main-agent visual review: shape", "done": 37, "total": 90}
{"active": true, "message": "\ud30c\uc77c \uc0ac\uc774 \ud734\uc2dd \u00b7 \ub2e4\uc74c \ud30c\uc77c \uc2dc\uc791\uae4c\uc9c0 58\ucd08", "done": 37, "total": 90}
{"active": true, "message": "\ud30c\uc77c \uc0ac\uc774 \ud734\uc2dd \u00b7 \ub2e4\uc74c \ud30c\uc77c \uc2dc\uc791\uae4c\uc9c0 53\ucd08", "done": 37, "total": 90}
{"active": true, "message": "\ud30c\uc77c \uc0ac\uc774 \ud734\uc2dd \u00b7 \ub2e4\uc74c \ud30c\uc77c \uc2dc\uc791\uae4c\uc9c0 48\ucd08", "done": 37, "total": 90}
{"active": true, "message": "\ud30c\uc77c \uc0ac\uc774 \ud734\uc2dd \u00b7 \ub2e4\uc74c \ud30c\uc77c \uc2dc\uc791\uae4c\uc9c0 43\ucd08", "done": 37, "total": 90}
{"active": true, "message": "\ud30c\uc77c \uc0ac\uc774 \ud734\uc2dd \u00b7 \ub2e4\uc74c \ud30c\uc77c \uc2dc\uc791\uae4c\uc9c0 37\ucd08", "done": 37, "total": 90}
{"active": true, "message": "\ud30c\uc77c \uc0ac\uc774 \ud734\uc2dd \u00b7 \ub2e4\uc74c \ud30c\uc77c \uc2dc\uc791\uae4c\uc9c0 32\ucd08", "done": 37, "total": 90}
{"active": true, "message": "\ud30c\uc77c \uc0ac\uc774 \ud734\uc2dd \u00b7 \ub2e4\uc74c \ud30c\uc77c \uc2dc\uc791\uae4c\uc9c0 27\ucd08", "done": 37, "total": 90}
{"active": true, "message": "\ud30c\uc77c \uc0ac\uc774 \ud734\uc2dd \u00b7 \ub2e4\uc74c \ud30c\uc77c \uc2dc\uc791\uae4c\uc9c0 22\ucd08", "done": 37, "total": 90}
{"active": true, "message": "\ud30c\uc77c \uc0ac\uc774 \ud734\uc2dd \u00b7 \ub2e4\uc74c \ud30c\uc77c \uc2dc\uc791\uae4c\uc9c0 17\ucd08", "done": 37, "total": 90}
{"active": true, "message": "\ud30c\uc77c \uc0ac\uc774 \ud734\uc2dd \u00b7 \ub2e4\uc74c \ud30c\uc77c \uc2dc\uc791\uae4c\uc9c0 12\ucd08", "done": 37, "total": 90}
{"active": true, "message": "\ud30c\uc77c \uc0ac\uc774 \ud734\uc2dd \u00b7 \ub2e4\uc74c \ud30c\uc77c \uc2dc\uc791\uae4c\uc9c0 7\ucd08", "done": 37, "total": 90}
{"active": true, "message": "\ud30c\uc77c \uc0ac\uc774 \ud734\uc2dd \u00b7 \ub2e4\uc74c \ud30c\uc77c \uc2dc\uc791\uae4c\uc9c0 2\ucd08", "done": 37, "total": 90}
{"active": true, "message": "R03.png \u00b7 TRELLIS \uc0dd\uc131 \uc911", "done": 37, "total": 90}
{"active": true, "message": "R03.png \u00b7 shape \uc2dc\uac01\uac80\uc0ac", "done": 37, "total": 90}
{"active": true, "message": "R03.png \u00b7 Awaiting main-agent visual review: shape", "done": 37, "total": 90}
{"active": true, "message": "R03.png \u00b7 TRELLIS \uc0dd\uc131 \uc911", "done": 37, "total": 90}
{"active": true, "message": "R03.png \u00b7 texture_source \uc2dc\uac01\uac80\uc0ac", "done": 37, "total": 90}
{"active": true, "message": "R03.png \u00b7 Awaiting main-agent visual review: texture_source", "done": 37, "total": 90}
{"active": true, "message": "R03.png \u00b7 Blender \u00b7 Reduce triangle count", "done": 37, "total": 90}
{"active": true, "message": "R03.png \u00b7 Blender \u00b7 Bake Metallic", "done": 37, "total": 90}
{"active": true, "message": "R03.png \u00b7 Blender \u00b7 Render preview", "done": 37, "total": 90}
{"active": true, "message": "R03.png \u00b7 final_compare \uc2dc\uac01\uac80\uc0ac", "done": 37, "total": 90}
{"active": true, "message": "R03.png \u00b7 Awaiting main-agent visual review: final_compare", "done": 37, "total": 90}
{"active": true, "message": "\ud30c\uc77c \uc0ac\uc774 \ud734\uc2dd \u00b7 \ub2e4\uc74c \ud30c\uc77c \uc2dc\uc791\uae4c\uc9c0 56\ucd08", "done": 38, "total": 90}
{"active": true, "message": "\ud30c\uc77c \uc0ac\uc774 \ud734\uc2dd \u00b7 \ub2e4\uc74c \ud30c\uc77c \uc2dc\uc791\uae4c\uc9c0 51\ucd08", "done": 38, "total": 90}
{"active": true, "message": "\ud30c\uc77c \uc0ac\uc774 \ud734\uc2dd \u00b7 \ub2e4\uc74c \ud30c\uc77c \uc2dc\uc791\uae4c\uc9c0 46\ucd08", "done": 38, "total": 90}
{"active": true, "message": "\ud30c\uc77c \uc0ac\uc774 \ud734\uc2dd \u00b7 \ub2e4\uc74c \ud30c\uc77c \uc2dc\uc791\uae4c\uc9c0 41\ucd08", "done": 38, "total": 90}
{"active": true, "message": "\ud30c\uc77c \uc0ac\uc774 \ud734\uc2dd \u00b7 \ub2e4\uc74c \ud30c\uc77c \uc2dc\uc791\uae4c\uc9c0 36\ucd08", "done": 38, "total": 90}
{"active": true, "message": "\ud30c\uc77c \uc0ac\uc774 \ud734\uc2dd \u00b7 \ub2e4\uc74c \ud30c\uc77c \uc2dc\uc791\uae4c\uc9c0 30\ucd08", "done": 38, "total": 90}
{"active": true, "message": "\ud30c\uc77c \uc0ac\uc774 \ud734\uc2dd \u00b7 \ub2e4\uc74c \ud30c\uc77c \uc2dc\uc791\uae4c\uc9c0 25\ucd08", "done": 38, "total": 90}
{"active": true, "message": "\ud30c\uc77c \uc0ac\uc774 \ud734\uc2dd \u00b7 \ub2e4\uc74c \ud30c\uc77c \uc2dc\uc791\uae4c\uc9c0 20\ucd08", "done": 38, "total": 90}
{"active": true, "message": "\ud30c\uc77c \uc0ac\uc774 \ud734\uc2dd \u00b7 \ub2e4\uc74c \ud30c\uc77c \uc2dc\uc791\uae4c\uc9c0 15\ucd08", "done": 38, "total": 90}
{"active": true, "message": "\ud30c\uc77c \uc0ac\uc774 \ud734\uc2dd \u00b7 \ub2e4\uc74c \ud30c\uc77c \uc2dc\uc791\uae4c\uc9c0 10\ucd08", "done": 38, "total": 90}
{"active": true, "message": "\ud30c\uc77c \uc0ac\uc774 \ud734\uc2dd \u00b7 \ub2e4\uc74c \ud30c\uc77c \uc2dc\uc791\uae4c\uc9c0 5\ucd08", "done": 38, "total": 90}
{"active": true, "message": "R04.png \u00b7 TRELLIS \uc0dd\uc131 \uc911", "done": 38, "total": 90}
{"active": true, "message": "R04.png \u00b7 shape \uc2dc\uac01\uac80\uc0ac", "done": 38, "total": 90}
{"active": true, "message": "R04.png \u00b7 Awaiting main-agent visual review: shape", "done": 38, "total": 90}
{"active": true, "message": "\ud30c\uc77c \uc0ac\uc774 \ud734\uc2dd \u00b7 \ub2e4\uc74c \ud30c\uc77c \uc2dc\uc791\uae4c\uc9c0 6\ucd08", "done": 38, "total": 90}
{"active": true, "message": "R04.png \u00b7 \uba54\uc2dc 1/3 \u00b7 \ud14d\uc2a4\ucc98 \ucd1d 1/3 \uc0dd\uc131", "done": 38, "total": 90}
{"active": true, "message": "R04.png \u00b7 TRELLIS \uc0dd\uc131 \uc911", "done": 38, "total": 90}
{"active": true, "message": "R04.png \u00b7 texture_source \uc2dc\uac01\uac80\uc0ac", "done": 38, "total": 90}
{"active": true, "message": "R04.png \u00b7 Awaiting main-agent visual review: texture_source", "done": 38, "total": 90}
{"active": true, "message": "R04.png \u00b7 Blender \u00b7 Import source GLB", "done": 38, "total": 90}
{"active": true, "message": "R04.png \u00b7 Blender \u00b7 Bake BaseColor", "done": 38, "total": 90}
{"active": true, "message": "R04.png \u00b7 Blender \u00b7 Render preview", "done": 38, "total": 90}
{"active": true, "message": "R04.png \u00b7 final_compare \uc2dc\uac01\uac80\uc0ac", "done": 38, "total": 90}
{"active": true, "message": "R04.png \u00b7 Awaiting main-agent visual review: final_compare", "done": 38, "total": 90}
{"active": true, "message": "\ud30c\uc77c \uc0ac\uc774 \ud734\uc2dd \u00b7 \ub2e4\uc74c \ud30c\uc77c \uc2dc\uc791\uae4c\uc9c0 56\ucd08", "done": 39, "total": 90}
{"active": true, "message": "\ud30c\uc77c \uc0ac\uc774 \ud734\uc2dd \u00b7 \ub2e4\uc74c \ud30c\uc77c \uc2dc\uc791\uae4c\uc9c0 51\ucd08", "done": 39, "total": 90}
{"active": true, "message": "\ud30c\uc77c \uc0ac\uc774 \ud734\uc2dd \u00b7 \ub2e4\uc74c \ud30c\uc77c \uc2dc\uc791\uae4c\uc9c0 46\ucd08", "done": 39, "total": 90}
{"active": true, "message": "\ud30c\uc77c \uc0ac\uc774 \ud734\uc2dd \u00b7 \ub2e4\uc74c \ud30c\uc77c \uc2dc\uc791\uae4c\uc9c0 41\ucd08", "done": 39, "total": 90}
{"active": true, "message": "\ud30c\uc77c \uc0ac\uc774 \ud734\uc2dd \u00b7 \ub2e4\uc74c \ud30c\uc77c \uc2dc\uc791\uae4c\uc9c0 36\ucd08", "done": 39, "total": 90}
{"active": true, "message": "\ud30c\uc77c \uc0ac\uc774 \ud734\uc2dd \u00b7 \ub2e4\uc74c \ud30c\uc77c \uc2dc\uc791\uae4c\uc9c0 31\ucd08", "done": 39, "total": 90}
{"active": true, "message": "\ud30c\uc77c \uc0ac\uc774 \ud734\uc2dd \u00b7 \ub2e4\uc74c \ud30c\uc77c \uc2dc\uc791\uae4c\uc9c0 26\ucd08", "done": 39, "total": 90}
{"active": true, "message": "\ud30c\uc77c \uc0ac\uc774 \ud734\uc2dd \u00b7 \ub2e4\uc74c \ud30c\uc77c \uc2dc\uc791\uae4c\uc9c0 21\ucd08", "done": 39, "total": 90}
{"active": true, "message": "\ud30c\uc77c \uc0ac\uc774 \ud734\uc2dd \u00b7 \ub2e4\uc74c \ud30c\uc77c \uc2dc\uc791\uae4c\uc9c0 16\ucd08", "done": 39, "total": 90}
{"active": true, "message": "\ud30c\uc77c \uc0ac\uc774 \ud734\uc2dd \u00b7 \ub2e4\uc74c \ud30c\uc77c \uc2dc\uc791\uae4c\uc9c0 11\ucd08", "done": 39, "total": 90}
{"active": true, "message": "\ud30c\uc77c \uc0ac\uc774 \ud734\uc2dd \u00b7 \ub2e4\uc74c \ud30c\uc77c \uc2dc\uc791\uae4c\uc9c0 6\ucd08", "done": 39, "total": 90}
{"active": true, "message": "R05.png \u00b7 TRELLIS \uc0dd\uc131 \uc911", "done": 39, "total": 90}
{"active": true, "message": "R05.png \u00b7 shape \uc2dc\uac01\uac80\uc0ac", "done": 39, "total": 90}
{"active": true, "message": "R05.png \u00b7 Awaiting main-agent visual review: shape", "done": 39, "total": 90}
{"active": true, "message": "\ud30c\uc77c \uc0ac\uc774 \ud734\uc2dd \u00b7 \ub2e4\uc74c \ud30c\uc77c \uc2dc\uc791\uae4c\uc9c0 3\ucd08", "done": 39, "total": 90}
{"active": true, "message": "R05.png \u00b7 TRELLIS \uc0dd\uc131 \uc911", "done": 39, "total": 90}
{"active": true, "message": "R05.png \u00b7 shape \uc2dc\uac01\uac80\uc0ac", "done": 39, "total": 90}
{"active": true, "message": "R05.png \u00b7 Awaiting main-agent visual review: shape", "done": 39, "total": 90}
{"active": true, "message": "R05.png \u00b7 TRELLIS \uc0dd\uc131 \uc911", "done": 39, "total": 90}
{"active": true, "message": "R05.png \u00b7 shape \uc2dc\uac01\uac80\uc0ac", "done": 39, "total": 90}
{"active": true, "message": "R05.png \u00b7 Awaiting main-agent visual review: shape", "done": 39, "total": 90}
{"active": true, "message": "\ud30c\uc77c \uc0ac\uc774 \ud734\uc2dd \u00b7 \ub2e4\uc74c \ud30c\uc77c \uc2dc\uc791\uae4c\uc9c0 13\ucd08", "done": 39, "total": 90}
{"active": true, "message": "\ud30c\uc77c \uc0ac\uc774 \ud734\uc2dd \u00b7 \ub2e4\uc74c \ud30c\uc77c \uc2dc\uc791\uae4c\uc9c0 8\ucd08", "done": 39, "total": 90}
{"active": true, "message": "\ud30c\uc77c \uc0ac\uc774 \ud734\uc2dd \u00b7 \ub2e4\uc74c \ud30c\uc77c \uc2dc\uc791\uae4c\uc9c0 3\ucd08", "done": 39, "total": 90}
{"active": true, "message": "R05.png \u00b7 TRELLIS \uc0dd\uc131 \uc911", "done": 39, "total": 90}
{"active": true, "message": "R05.png \u00b7 texture_source \uc2dc\uac01\uac80\uc0ac", "done": 39, "total": 90}
{"active": true, "message": "R05.png \u00b7 Awaiting main-agent visual review: texture_source", "done": 39, "total": 90}
{"active": true, "message": "R05.png \u00b7 Blender \u00b7 Reduce triangle count", "done": 39, "total": 90}
{"active": true, "message": "R05.png \u00b7 Blender \u00b7 Bake Metallic", "done": 39, "total": 90}
{"active": true, "message": "R05.png \u00b7 Blender \u00b7 Render preview", "done": 39, "total": 90}
{"active": true, "message": "R05.png \u00b7 final_compare \uc2dc\uac01\uac80\uc0ac", "done": 39, "total": 90}
{"active": true, "message": "R05.png \u00b7 Awaiting main-agent visual review: final_compare", "done": 39, "total": 90}
{"active": true, "message": "\ud30c\uc77c \uc0ac\uc774 \ud734\uc2dd \u00b7 \ub2e4\uc74c \ud30c\uc77c \uc2dc\uc791\uae4c\uc9c0 58\ucd08", "done": 40, "total": 90}
{"active": true, "message": "\ud30c\uc77c \uc0ac\uc774 \ud734\uc2dd \u00b7 \ub2e4\uc74c \ud30c\uc77c \uc2dc\uc791\uae4c\uc9c0 53\ucd08", "done": 40, "total": 90}
{"active": true, "message": "\ud30c\uc77c \uc0ac\uc774 \ud734\uc2dd \u00b7 \ub2e4\uc74c \ud30c\uc77c \uc2dc\uc791\uae4c\uc9c0 48\ucd08", "done": 40, "total": 90}
{"active": true, "message": "\ud30c\uc77c \uc0ac\uc774 \ud734\uc2dd \u00b7 \ub2e4\uc74c \ud30c\uc77c \uc2dc\uc791\uae4c\uc9c0 43\ucd08", "done": 40, "total": 90}
{"active": true, "message": "\ud30c\uc77c \uc0ac\uc774 \ud734\uc2dd \u00b7 \ub2e4\uc74c \ud30c\uc77c \uc2dc\uc791\uae4c\uc9c0 38\ucd08", "done": 40, "total": 90}
{"active": true, "message": "\ud30c\uc77c \uc0ac\uc774 \ud734\uc2dd \u00b7 \ub2e4\uc74c \ud30c\uc77c \uc2dc\uc791\uae4c\uc9c0 33\ucd08", "done": 40, "total": 90}
{"active": true, "message": "\ud30c\uc77c \uc0ac\uc774 \ud734\uc2dd \u00b7 \ub2e4\uc74c \ud30c\uc77c \uc2dc\uc791\uae4c\uc9c0 28\ucd08", "done": 40, "total": 90}
{"active": true, "message": "\ud30c\uc77c \uc0ac\uc774 \ud734\uc2dd \u00b7 \ub2e4\uc74c \ud30c\uc77c \uc2dc\uc791\uae4c\uc9c0 23\ucd08", "done": 40, "total": 90}
{"active": true, "message": "\ud30c\uc77c \uc0ac\uc774 \ud734\uc2dd \u00b7 \ub2e4\uc74c \ud30c\uc77c \uc2dc\uc791\uae4c\uc9c0 18\ucd08", "done": 40, "total": 90}
{"active": true, "message": "\ud30c\uc77c \uc0ac\uc774 \ud734\uc2dd \u00b7 \ub2e4\uc74c \ud30c\uc77c \uc2dc\uc791\uae4c\uc9c0 13\ucd08", "done": 40, "total": 90}
{"active": true, "message": "\ud30c\uc77c \uc0ac\uc774 \ud734\uc2dd \u00b7 \ub2e4\uc74c \ud30c\uc77c \uc2dc\uc791\uae4c\uc9c0 7\ucd08", "done": 40, "total": 90}
{"active": true, "message": "\ud30c\uc77c \uc0ac\uc774 \ud734\uc2dd \u00b7 \ub2e4\uc74c \ud30c\uc77c \uc2dc\uc791\uae4c\uc9c0 2\ucd08", "done": 40, "total": 90}
{"active": true, "message": "R06.png \u00b7 TRELLIS \uc0dd\uc131 \uc911", "done": 40, "total": 90}
{"active": true, "message": "R06.png \u00b7 shape \uc2dc\uac01\uac80\uc0ac", "done": 40, "total": 90}
{"active": true, "message": "R06.png \u00b7 Awaiting main-agent visual review: shape", "done": 40, "total": 90}
{"active": true, "message": "\ud30c\uc77c \uc0ac\uc774 \ud734\uc2dd \u00b7 \ub2e4\uc74c \ud30c\uc77c \uc2dc\uc791\uae4c\uc9c0 19\ucd08", "done": 40, "total": 90}
{"active": true, "message": "\ud30c\uc77c \uc0ac\uc774 \ud734\uc2dd \u00b7 \ub2e4\uc74c \ud30c\uc77c \uc2dc\uc791\uae4c\uc9c0 14\ucd08", "done": 40, "total": 90}
{"active": true, "message": "\ud30c\uc77c \uc0ac\uc774 \ud734\uc2dd \u00b7 \ub2e4\uc74c \ud30c\uc77c \uc2dc\uc791\uae4c\uc9c0 9\ucd08", "done": 40, "total": 90}
{"active": true, "message": "\ud30c\uc77c \uc0ac\uc774 \ud734\uc2dd \u00b7 \ub2e4\uc74c \ud30c\uc77c \uc2dc\uc791\uae4c\uc9c0 4\ucd08", "done": 40, "total": 90}
{"active": true, "message": "R06.png \u00b7 TRELLIS \uc0dd\uc131 \uc911", "done": 40, "total": 90}
{"active": true, "message": "R06.png \u00b7 texture_source \uc2dc\uac01\uac80\uc0ac", "done": 40, "total": 90}
{"active": true, "message": "R06.png \u00b7 Awaiting main-agent visual review: texture_source", "done": 40, "total": 90}
{"active": true, "message": "R06.png \u00b7 Blender \u00b7 Unwrap UV atlas", "done": 40, "total": 90}
{"active": true, "message": "R06.png \u00b7 Blender \u00b7 Bake Normal", "done": 40, "total": 90}
{"active": true, "message": "R06.png \u00b7 final_compare \uc2dc\uac01\uac80\uc0ac", "done": 40, "total": 90}
{"active": true, "message": "R06.png \u00b7 Awaiting main-agent visual review: final_compare", "done": 40, "total": 90}
{"active": true, "message": "\ud30c\uc77c \uc0ac\uc774 \ud734\uc2dd \u00b7 \ub2e4\uc74c \ud30c\uc77c \uc2dc\uc791\uae4c\uc9c0 60\ucd08", "done": 41, "total": 90}
{"active": true, "message": "\ud30c\uc77c \uc0ac\uc774 \ud734\uc2dd \u00b7 \ub2e4\uc74c \ud30c\uc77c \uc2dc\uc791\uae4c\uc9c0 55\ucd08", "done": 41, "total": 90}
{"active": true, "message": "\ud30c\uc77c \uc0ac\uc774 \ud734\uc2dd \u00b7 \ub2e4\uc74c \ud30c\uc77c \uc2dc\uc791\uae4c\uc9c0 50\ucd08", "done": 41, "total": 90}
{"active": true, "message": "\ud30c\uc77c \uc0ac\uc774 \ud734\uc2dd \u00b7 \ub2e4\uc74c \ud30c\uc77c \uc2dc\uc791\uae4c\uc9c0 45\ucd08", "done": 41, "total": 90}
{"active": true, "message": "\ud30c\uc77c \uc0ac\uc774 \ud734\uc2dd \u00b7 \ub2e4\uc74c \ud30c\uc77c \uc2dc\uc791\uae4c\uc9c0 40\ucd08", "done": 41, "total": 90}
{"active": true, "message": "\ud30c\uc77c \uc0ac\uc774 \ud734\uc2dd \u00b7 \ub2e4\uc74c \ud30c\uc77c \uc2dc\uc791\uae4c\uc9c0 35\ucd08", "done": 41, "total": 90}
{"active": true, "message": "\ud30c\uc77c \uc0ac\uc774 \ud734\uc2dd \u00b7 \ub2e4\uc74c \ud30c\uc77c \uc2dc\uc791\uae4c\uc9c0 30\ucd08", "done": 41, "total": 90}
{"active": true, "message": "\ud30c\uc77c \uc0ac\uc774 \ud734\uc2dd \u00b7 \ub2e4\uc74c \ud30c\uc77c \uc2dc\uc791\uae4c\uc9c0 25\ucd08", "done": 41, "total": 90}
{"active": true, "message": "\ud30c\uc77c \uc0ac\uc774 \ud734\uc2dd \u00b7 \ub2e4\uc74c \ud30c\uc77c \uc2dc\uc791\uae4c\uc9c0 20\ucd08", "done": 41, "total": 90}
{"active": true, "message": "\ud30c\uc77c \uc0ac\uc774 \ud734\uc2dd \u00b7 \ub2e4\uc74c \ud30c\uc77c \uc2dc\uc791\uae4c\uc9c0 15\ucd08", "done": 41, "total": 90}
{"active": true, "message": "\ud30c\uc77c \uc0ac\uc774 \ud734\uc2dd \u00b7 \ub2e4\uc74c \ud30c\uc77c \uc2dc\uc791\uae4c\uc9c0 10\ucd08", "done": 41, "total": 90}
{"active": true, "message": "\ud30c\uc77c \uc0ac\uc774 \ud734\uc2dd \u00b7 \ub2e4\uc74c \ud30c\uc77c \uc2dc\uc791\uae4c\uc9c0 5\ucd08", "done": 41, "total": 90}
{"active": true, "message": "R07.png \u00b7 TRELLIS \uc0dd\uc131 \uc911", "done": 41, "total": 90}
{"active": true, "message": "R07.png \u00b7 shape \uc2dc\uac01\uac80\uc0ac", "done": 41, "total": 90}
{"active": true, "message": "R07.png \u00b7 Awaiting main-agent visual review: shape", "done": 41, "total": 90}
{"active": true, "message": "R07.png \u00b7 TRELLIS \uc0dd\uc131 \uc911", "done": 41, "total": 90}
{"active": true, "message": "R07.png \u00b7 texture_source \uc2dc\uac01\uac80\uc0ac", "done": 41, "total": 90}
{"active": true, "message": "R07.png \u00b7 Awaiting main-agent visual review: texture_source", "done": 41, "total": 90}
{"active": true, "message": "R07.png \u00b7 Blender \u00b7 Import source GLB", "done": 41, "total": 90}
{"active": true, "message": "R07.png \u00b7 Blender \u00b7 Bake Roughness", "done": 41, "total": 90}
{"active": true, "message": "R07.png \u00b7 Blender \u00b7 Render preview", "done": 41, "total": 90}
{"active": true, "message": "R07.png \u00b7 final_compare \uc2dc\uac01\uac80\uc0ac", "done": 41, "total": 90}
{"active": true, "message": "R07.png \u00b7 Awaiting main-agent visual review: final_compare", "done": 41, "total": 90}
{"active": true, "message": "R07.png \u00b7 Blender preserve_details \uac10\ub7c9\u00b7\ubca0\uc774\ud06c", "done": 41, "total": 90}
{"active": true, "message": "R07.png \u00b7 Blender \u00b7 Bake BaseColor", "done": 41, "total": 90}
{"active": true, "message": "R07.png \u00b7 Blender \u00b7 Bake Normal", "done": 41, "total": 90}
{"active": true, "message": "R07.png \u00b7 final_compare \uc2dc\uac01\uac80\uc0ac", "done": 41, "total": 90}
{"active": true, "message": "R07.png \u00b7 Awaiting main-agent visual review: final_compare", "done": 41, "total": 90}
{"active": true, "message": "\ud30c\uc77c \uc0ac\uc774 \ud734\uc2dd \u00b7 \ub2e4\uc74c \ud30c\uc77c \uc2dc\uc791\uae4c\uc9c0 59\ucd08", "done": 41, "total": 90}
{"active": true, "message": "\ud30c\uc77c \uc0ac\uc774 \ud734\uc2dd \u00b7 \ub2e4\uc74c \ud30c\uc77c \uc2dc\uc791\uae4c\uc9c0 54\ucd08", "done": 41, "total": 90}
{"active": true, "message": "\ud30c\uc77c \uc0ac\uc774 \ud734\uc2dd \u00b7 \ub2e4\uc74c \ud30c\uc77c \uc2dc\uc791\uae4c\uc9c0 49\ucd08", "done": 41, "total": 90}
{"active": true, "message": "\ud30c\uc77c \uc0ac\uc774 \ud734\uc2dd \u00b7 \ub2e4\uc74c \ud30c\uc77c \uc2dc\uc791\uae4c\uc9c0 44\ucd08", "done": 41, "total": 90}
{"active": true, "message": "\ud30c\uc77c \uc0ac\uc774 \ud734\uc2dd \u00b7 \ub2e4\uc74c \ud30c\uc77c \uc2dc\uc791\uae4c\uc9c0 39\ucd08", "done": 41, "total": 90}
{"active": true, "message": "\ud30c\uc77c \uc0ac\uc774 \ud734\uc2dd \u00b7 \ub2e4\uc74c \ud30c\uc77c \uc2dc\uc791\uae4c\uc9c0 34\ucd08", "done": 41, "total": 90}
{"active": true, "message": "\ud30c\uc77c \uc0ac\uc774 \ud734\uc2dd \u00b7 \ub2e4\uc74c \ud30c\uc77c \uc2dc\uc791\uae4c\uc9c0 29\ucd08", "done": 41, "total": 90}
{"active": true, "message": "\ud30c\uc77c \uc0ac\uc774 \ud734\uc2dd \u00b7 \ub2e4\uc74c \ud30c\uc77c \uc2dc\uc791\uae4c\uc9c0 24\ucd08", "done": 41, "total": 90}
{"active": true, "message": "\ud30c\uc77c \uc0ac\uc774 \ud734\uc2dd \u00b7 \ub2e4\uc74c \ud30c\uc77c \uc2dc\uc791\uae4c\uc9c0 19\ucd08", "done": 41, "total": 90}
{"active": true, "message": "\ud30c\uc77c \uc0ac\uc774 \ud734\uc2dd \u00b7 \ub2e4\uc74c \ud30c\uc77c \uc2dc\uc791\uae4c\uc9c0 14\ucd08", "done": 41, "total": 90}
{"active": true, "message": "\ud30c\uc77c \uc0ac\uc774 \ud734\uc2dd \u00b7 \ub2e4\uc74c \ud30c\uc77c \uc2dc\uc791\uae4c\uc9c0 9\ucd08", "done": 41, "total": 90}
{"active": true, "message": "\ud30c\uc77c \uc0ac\uc774 \ud734\uc2dd \u00b7 \ub2e4\uc74c \ud30c\uc77c \uc2dc\uc791\uae4c\uc9c0 4\ucd08", "done": 41, "total": 90}
{"active": true, "message": "R08.png \u00b7 TRELLIS \uc0dd\uc131 \uc911", "done": 41, "total": 90}
{"active": true, "message": "R08.png \u00b7 shape \uc2dc\uac01\uac80\uc0ac", "done": 41, "total": 90}
{"active": true, "message": "R08.png \u00b7 Awaiting main-agent visual review: shape", "done": 41, "total": 90}
{"active": true, "message": "R08.png \u00b7 TRELLIS \uc0dd\uc131 \uc911", "done": 41, "total": 90}
{"active": true, "message": "R08.png \u00b7 texture_source \uc2dc\uac01\uac80\uc0ac", "done": 41, "total": 90}
{"active": true, "message": "R08.png \u00b7 Awaiting main-agent visual review: texture_source", "done": 41, "total": 90}
{"active": true, "message": "R08.png \u00b7 Blender \u00b7 Reduce triangle count", "done": 41, "total": 90}
{"active": true, "message": "R08.png \u00b7 Blender \u00b7 Bake Metallic", "done": 41, "total": 90}
{"active": true, "message": "R08.png \u00b7 Blender \u00b7 Render preview", "done": 41, "total": 90}
{"active": true, "message": "R08.png \u00b7 final_compare \uc2dc\uac01\uac80\uc0ac", "done": 41, "total": 90}
{"active": true, "message": "R08.png \u00b7 Awaiting main-agent visual review: final_compare", "done": 41, "total": 90}
{"active": true, "message": "\ud30c\uc77c \uc0ac\uc774 \ud734\uc2dd \u00b7 \ub2e4\uc74c \ud30c\uc77c \uc2dc\uc791\uae4c\uc9c0 58\ucd08", "done": 42, "total": 90}
{"active": true, "message": "\ud30c\uc77c \uc0ac\uc774 \ud734\uc2dd \u00b7 \ub2e4\uc74c \ud30c\uc77c \uc2dc\uc791\uae4c\uc9c0 53\ucd08", "done": 42, "total": 90}
{"active": true, "message": "\ud30c\uc77c \uc0ac\uc774 \ud734\uc2dd \u00b7 \ub2e4\uc74c \ud30c\uc77c \uc2dc\uc791\uae4c\uc9c0 48\ucd08", "done": 42, "total": 90}
{"active": true, "message": "\ud30c\uc77c \uc0ac\uc774 \ud734\uc2dd \u00b7 \ub2e4\uc74c \ud30c\uc77c \uc2dc\uc791\uae4c\uc9c0 43\ucd08", "done": 42, "total": 90}
{"active": true, "message": "\ud30c\uc77c \uc0ac\uc774 \ud734\uc2dd \u00b7 \ub2e4\uc74c \ud30c\uc77c \uc2dc\uc791\uae4c\uc9c0 38\ucd08", "done": 42, "total": 90}
{"active": true, "message": "\ud30c\uc77c \uc0ac\uc774 \ud734\uc2dd \u00b7 \ub2e4\uc74c \ud30c\uc77c \uc2dc\uc791\uae4c\uc9c0 33\ucd08", "done": 42, "total": 90}
{"active": true, "message": "\ud30c\uc77c \uc0ac\uc774 \ud734\uc2dd \u00b7 \ub2e4\uc74c \ud30c\uc77c \uc2dc\uc791\uae4c\uc9c0 28\ucd08", "done": 42, "total": 90}
{"active": true, "message": "\ud30c\uc77c \uc0ac\uc774 \ud734\uc2dd \u00b7 \ub2e4\uc74c \ud30c\uc77c \uc2dc\uc791\uae4c\uc9c0 23\ucd08", "done": 42, "total": 90}
{"active": true, "message": "\ud30c\uc77c \uc0ac\uc774 \ud734\uc2dd \u00b7 \ub2e4\uc74c \ud30c\uc77c \uc2dc\uc791\uae4c\uc9c0 18\ucd08", "done": 42, "total": 90}
{"active": true, "message": "\ud30c\uc77c \uc0ac\uc774 \ud734\uc2dd \u00b7 \ub2e4\uc74c \ud30c\uc77c \uc2dc\uc791\uae4c\uc9c0 13\ucd08", "done": 42, "total": 90}
{"active": true, "message": "\ud30c\uc77c \uc0ac\uc774 \ud734\uc2dd \u00b7 \ub2e4\uc74c \ud30c\uc77c \uc2dc\uc791\uae4c\uc9c0 8\ucd08", "done": 42, "total": 90}
{"active": true, "message": "\ud30c\uc77c \uc0ac\uc774 \ud734\uc2dd \u00b7 \ub2e4\uc74c \ud30c\uc77c \uc2dc\uc791\uae4c\uc9c0 3\ucd08", "done": 42, "total": 90}
{"active": true, "message": "R09.png \u00b7 TRELLIS \uc0dd\uc131 \uc911", "done": 42, "total": 90}
{"active": true, "message": "R09.png \u00b7 shape \uc2dc\uac01\uac80\uc0ac", "done": 42, "total": 90}
{"active": true, "message": "R09.png \u00b7 Awaiting main-agent visual review: shape", "done": 42, "total": 90}
{"active": true, "message": "R09.png \u00b7 TRELLIS \uc0dd\uc131 \uc911", "done": 42, "total": 90}
{"active": true, "message": "R09.png \u00b7 texture_source \uc2dc\uac01\uac80\uc0ac", "done": 42, "total": 90}
{"active": true, "message": "R09.png \u00b7 Awaiting main-agent visual review: texture_source", "done": 42, "total": 90}
{"active": true, "message": "R09.png \u00b7 Blender \u00b7 Reduce triangle count", "done": 42, "total": 90}
{"active": true, "message": "R09.png \u00b7 Blender \u00b7 Bake Metallic", "done": 42, "total": 90}
{"active": true, "message": "R09.png \u00b7 Blender \u00b7 Render preview", "done": 42, "total": 90}
{"active": true, "message": "R09.png \u00b7 final_compare \uc2dc\uac01\uac80\uc0ac", "done": 42, "total": 90}
{"active": true, "message": "R09.png \u00b7 Awaiting main-agent visual review: final_compare", "done": 42, "total": 90}
{"active": true, "message": "\ud30c\uc77c \uc0ac\uc774 \ud734\uc2dd \u00b7 \ub2e4\uc74c \ud30c\uc77c \uc2dc\uc791\uae4c\uc9c0 56\ucd08", "done": 43, "total": 90}
{"active": true, "message": "\ud30c\uc77c \uc0ac\uc774 \ud734\uc2dd \u00b7 \ub2e4\uc74c \ud30c\uc77c \uc2dc\uc791\uae4c\uc9c0 51\ucd08", "done": 43, "total": 90}
{"active": true, "message": "\ud30c\uc77c \uc0ac\uc774 \ud734\uc2dd \u00b7 \ub2e4\uc74c \ud30c\uc77c \uc2dc\uc791\uae4c\uc9c0 46\ucd08", "done": 43, "total": 90}
{"active": true, "message": "\ud30c\uc77c \uc0ac\uc774 \ud734\uc2dd \u00b7 \ub2e4\uc74c \ud30c\uc77c \uc2dc\uc791\uae4c\uc9c0 41\ucd08", "done": 43, "total": 90}
{"active": true, "message": "\ud30c\uc77c \uc0ac\uc774 \ud734\uc2dd \u00b7 \ub2e4\uc74c \ud30c\uc77c \uc2dc\uc791\uae4c\uc9c0 36\ucd08", "done": 43, "total": 90}
{"active": true, "message": "\ud30c\uc77c \uc0ac\uc774 \ud734\uc2dd \u00b7 \ub2e4\uc74c \ud30c\uc77c \uc2dc\uc791\uae4c\uc9c0 31\ucd08", "done": 43, "total": 90}
{"active": true, "message": "\ud30c\uc77c \uc0ac\uc774 \ud734\uc2dd \u00b7 \ub2e4\uc74c \ud30c\uc77c \uc2dc\uc791\uae4c\uc9c0 25\ucd08", "done": 43, "total": 90}
{"active": true, "message": "\ud30c\uc77c \uc0ac\uc774 \ud734\uc2dd \u00b7 \ub2e4\uc74c \ud30c\uc77c \uc2dc\uc791\uae4c\uc9c0 20\ucd08", "done": 43, "total": 90}
{"active": true, "message": "\ud30c\uc77c \uc0ac\uc774 \ud734\uc2dd \u00b7 \ub2e4\uc74c \ud30c\uc77c \uc2dc\uc791\uae4c\uc9c0 15\ucd08", "done": 43, "total": 90}
{"active": true, "message": "\ud30c\uc77c \uc0ac\uc774 \ud734\uc2dd \u00b7 \ub2e4\uc74c \ud30c\uc77c \uc2dc\uc791\uae4c\uc9c0 10\ucd08", "done": 43, "total": 90}
{"active": true, "message": "\ud30c\uc77c \uc0ac\uc774 \ud734\uc2dd \u00b7 \ub2e4\uc74c \ud30c\uc77c \uc2dc\uc791\uae4c\uc9c0 5\ucd08", "done": 43, "total": 90}
{"active": true, "message": "R10.png \u00b7 TRELLIS \uc0dd\uc131 \uc911", "done": 43, "total": 90}
{"active": true, "message": "R10.png \u00b7 shape \uc2dc\uac01\uac80\uc0ac", "done": 43, "total": 90}
{"active": true, "message": "R10.png \u00b7 Awaiting main-agent visual review: shape", "done": 43, "total": 90}
{"active": true, "message": "R10.png \u00b7 TRELLIS \uc0dd\uc131 \uc911", "done": 43, "total": 90}
{"active": true, "message": "R10.png \u00b7 shape \uc2dc\uac01\uac80\uc0ac", "done": 43, "total": 90}
{"active": true, "message": "R10.png \u00b7 Awaiting main-agent visual review: shape", "done": 43, "total": 90}
{"active": true, "message": "R10.png \u00b7 TRELLIS \uc0dd\uc131 \uc911", "done": 43, "total": 90}
{"active": true, "message": "R10.png \u00b7 texture_source \uc2dc\uac01\uac80\uc0ac", "done": 43, "total": 90}
{"active": true, "message": "R10.png \u00b7 Awaiting main-agent visual review: texture_source", "done": 43, "total": 90}
{"active": true, "message": "R10.png \u00b7 Blender \u00b7 Import source GLB", "done": 43, "total": 90}
{"active": true, "message": "R10.png \u00b7 Blender \u00b7 Bake Roughness", "done": 43, "total": 90}
{"active": true, "message": "R10.png \u00b7 Blender \u00b7 Render preview", "done": 43, "total": 90}
{"active": true, "message": "R10.png \u00b7 final_compare \uc2dc\uac01\uac80\uc0ac", "done": 43, "total": 90}
{"active": true, "message": "R10.png \u00b7 Awaiting main-agent visual review: final_compare", "done": 43, "total": 90}
{"active": true, "message": "\ud30c\uc77c \uc0ac\uc774 \ud734\uc2dd \u00b7 \ub2e4\uc74c \ud30c\uc77c \uc2dc\uc791\uae4c\uc9c0 56\ucd08", "done": 44, "total": 90}
{"active": true, "message": "\ud30c\uc77c \uc0ac\uc774 \ud734\uc2dd \u00b7 \ub2e4\uc74c \ud30c\uc77c \uc2dc\uc791\uae4c\uc9c0 51\ucd08", "done": 44, "total": 90}
{"active": true, "message": "\ud30c\uc77c \uc0ac\uc774 \ud734\uc2dd \u00b7 \ub2e4\uc74c \ud30c\uc77c \uc2dc\uc791\uae4c\uc9c0 46\ucd08", "done": 44, "total": 90}
{"active": true, "message": "\ud30c\uc77c \uc0ac\uc774 \ud734\uc2dd \u00b7 \ub2e4\uc74c \ud30c\uc77c \uc2dc\uc791\uae4c\uc9c0 41\ucd08", "done": 44, "total": 90}
{"active": true, "message": "\ud30c\uc77c \uc0ac\uc774 \ud734\uc2dd \u00b7 \ub2e4\uc74c \ud30c\uc77c \uc2dc\uc791\uae4c\uc9c0 36\ucd08", "done": 44, "total": 90}
{"active": true, "message": "\ud30c\uc77c \uc0ac\uc774 \ud734\uc2dd \u00b7 \ub2e4\uc74c \ud30c\uc77c \uc2dc\uc791\uae4c\uc9c0 30\ucd08", "done": 44, "total": 90}
{"active": true, "message": "\ud30c\uc77c \uc0ac\uc774 \ud734\uc2dd \u00b7 \ub2e4\uc74c \ud30c\uc77c \uc2dc\uc791\uae4c\uc9c0 25\ucd08", "done": 44, "total": 90}
{"active": true, "message": "\ud30c\uc77c \uc0ac\uc774 \ud734\uc2dd \u00b7 \ub2e4\uc74c \ud30c\uc77c \uc2dc\uc791\uae4c\uc9c0 20\ucd08", "done": 44, "total": 90}
{"active": true, "message": "\ud30c\uc77c \uc0ac\uc774 \ud734\uc2dd \u00b7 \ub2e4\uc74c \ud30c\uc77c \uc2dc\uc791\uae4c\uc9c0 15\ucd08", "done": 44, "total": 90}
{"active": true, "message": "\ud30c\uc77c \uc0ac\uc774 \ud734\uc2dd \u00b7 \ub2e4\uc74c \ud30c\uc77c \uc2dc\uc791\uae4c\uc9c0 10\ucd08", "done": 44, "total": 90}
{"active": true, "message": "\ud30c\uc77c \uc0ac\uc774 \ud734\uc2dd \u00b7 \ub2e4\uc74c \ud30c\uc77c \uc2dc\uc791\uae4c\uc9c0 5\ucd08", "done": 44, "total": 90}
{"active": true, "message": "R11.png \u00b7 TRELLIS \uc0dd\uc131 \uc911", "done": 44, "total": 90}
{"finished": true, "message": "\uc911\uc9c0\ub428 \u00b7 \ub2e4\uc2dc \uc2dc\uc791\ud558\uba74 \uc774\uc5b4\uc11c \ucc98\ub9ac\ud569\ub2c8\ub2e4."}
