{"pid": 19800, "started": 1790184300.3864129, "script": "C:\\Users\\ljh\\tralalero Shooter\\tools\\run-reststop-trellis-production.py", "threads": 4, "logicalProcessors": [0, 1, 2, 3, 4, 5, 6, 7], "priority": "below-normal", "availableMemoryBytes": 16622612480}
{"active": true, "message": "\ud30c\uc77c \ubaa9\ub85d\uc744 \uc900\ube44\ud558\uace0 \uc788\uc2b5\ub2c8\ub2e4.", "done": 0, "total": 0}
{"active": true, "message": "\ud30c\uc77c \ubaa9\ub85d\uc744 \uc900\ube44\ud558\uace0 \uc788\uc2b5\ub2c8\ub2e4.", "done": 0, "total": 1}
{"active": true, "message": "F08.png \u00b7 Preparing existing independent-UV backend", "done": 0, "total": 1}
{"active": true, "message": "F08.png \u00b7 TRELLIS \uc0dd\uc131 \uc911", "done": 0, "total": 1}
{"active": true, "message": "F08.png \u00b7 shape \uc2dc\uac01\uac80\uc0ac", "done": 0, "total": 1}
{"active": true, "message": "F08.png \u00b7 Awaiting main-agent visual review: shape", "done": 0, "total": 1}
{"active": true, "message": "F08.png \u00b7 TRELLIS \uc0dd\uc131 \uc911", "done": 0, "total": 1}
{"active": true, "message": "F08.png \u00b7 texture_source \uc2dc\uac01\uac80\uc0ac", "done": 0, "total": 1}
{"active": true, "message": "F08.png \u00b7 Awaiting main-agent visual review: texture_source", "done": 0, "total": 1}
{"active": true, "message": "F08.png \u00b7 Blender parts \uac10\ub7c9\u00b7\ubca0\uc774\ud06c", "done": 0, "total": 1}
{"active": true, "message": "F08.png \u00b7 Blender \u00b7 Reduce triangle count", "done": 0, "total": 1}
{"active": true, "message": "F08.png \u00b7 Blender \u00b7 Bake Roughness", "done": 0, "total": 1}
{"active": true, "message": "F08.png \u00b7 Blender \u00b7 Bake Normal", "done": 0, "total": 1}
{"active": true, "message": "F08.png \u00b7 Blender \u00b7 Render preview", "done": 0, "total": 1}
{"active": true, "message": "F08.png \u00b7 final_compare \uc2dc\uac01\uac80\uc0ac", "done": 0, "total": 1}
{"active": true, "message": "F08.png \u00b7 Awaiting main-agent visual review: final_compare", "done": 0, "total": 1}
{"active": true, "message": "F08.png \u00b7 Blender \u00b7 Import source GLB", "done": 0, "total": 1}
{"active": true, "message": "F08.png \u00b7 Blender \u00b7 Reduce triangle count", "done": 0, "total": 1}
{"active": true, "message": "F08.png \u00b7 Blender \u00b7 Bake Roughness", "done": 0, "total": 1}
{"active": true, "message": "F08.png \u00b7 Blender \u00b7 Render preview", "done": 0, "total": 1}
{"active": true, "message": "F08.png \u00b7 final_compare \uc2dc\uac01\uac80\uc0ac", "done": 0, "total": 1}
{"active": true, "message": "F08.png \u00b7 Awaiting main-agent visual review: final_compare", "done": 0, "total": 1}
{"finished": true, "message": "\ucc98\ub9ac\uac00 \ub05d\ub0ac\uc2b5\ub2c8\ub2e4. \uacb0\uacfc\ub97c \ud655\uc778\ud558\uc138\uc694."}
