{"pid": 54060, "started": 1790277097.9963975, "script": "C:\\Users\\ljh\\tralalero Shooter\\tools\\run-reststop-trellis-production.py", "threads": 4, "logicalProcessors": [0, 1, 2, 3, 4, 5, 6, 7], "priority": "below-normal", "availableMemoryBytes": 25072070656}
{"active": true, "message": "\ud30c\uc77c \ubaa9\ub85d\uc744 \uc900\ube44\ud558\uace0 \uc788\uc2b5\ub2c8\ub2e4.", "done": 0, "total": 0}
{"active": true, "message": "\ud30c\uc77c \uc0ac\uc774 \ud734\uc2dd \u00b7 \ub2e4\uc74c \ud30c\uc77c \uc2dc\uc791\uae4c\uc9c0 56\ucd08", "done": 51, "total": 90}
{"active": true, "message": "\ud30c\uc77c \uc0ac\uc774 \ud734\uc2dd \u00b7 \ub2e4\uc74c \ud30c\uc77c \uc2dc\uc791\uae4c\uc9c0 51\ucd08", "done": 51, "total": 90}
{"active": true, "message": "\ud30c\uc77c \uc0ac\uc774 \ud734\uc2dd \u00b7 \ub2e4\uc74c \ud30c\uc77c \uc2dc\uc791\uae4c\uc9c0 46\ucd08", "done": 51, "total": 90}
{"active": true, "message": "\ud30c\uc77c \uc0ac\uc774 \ud734\uc2dd \u00b7 \ub2e4\uc74c \ud30c\uc77c \uc2dc\uc791\uae4c\uc9c0 41\ucd08", "done": 51, "total": 90}
{"active": true, "message": "\ud30c\uc77c \uc0ac\uc774 \ud734\uc2dd \u00b7 \ub2e4\uc74c \ud30c\uc77c \uc2dc\uc791\uae4c\uc9c0 35\ucd08", "done": 51, "total": 90}
{"active": true, "message": "\ud30c\uc77c \uc0ac\uc774 \ud734\uc2dd \u00b7 \ub2e4\uc74c \ud30c\uc77c \uc2dc\uc791\uae4c\uc9c0 30\ucd08", "done": 51, "total": 90}
{"active": true, "message": "\ud30c\uc77c \uc0ac\uc774 \ud734\uc2dd \u00b7 \ub2e4\uc74c \ud30c\uc77c \uc2dc\uc791\uae4c\uc9c0 25\ucd08", "done": 51, "total": 90}
{"active": true, "message": "\ud30c\uc77c \uc0ac\uc774 \ud734\uc2dd \u00b7 \ub2e4\uc74c \ud30c\uc77c \uc2dc\uc791\uae4c\uc9c0 20\ucd08", "done": 51, "total": 90}
{"active": true, "message": "\ud30c\uc77c \uc0ac\uc774 \ud734\uc2dd \u00b7 \ub2e4\uc74c \ud30c\uc77c \uc2dc\uc791\uae4c\uc9c0 15\ucd08", "done": 51, "total": 90}
{"active": true, "message": "\ud30c\uc77c \uc0ac\uc774 \ud734\uc2dd \u00b7 \ub2e4\uc74c \ud30c\uc77c \uc2dc\uc791\uae4c\uc9c0 10\ucd08", "done": 51, "total": 90}
{"active": true, "message": "\ud30c\uc77c \uc0ac\uc774 \ud734\uc2dd \u00b7 \ub2e4\uc74c \ud30c\uc77c \uc2dc\uc791\uae4c\uc9c0 5\ucd08", "done": 51, "total": 90}
{"active": true, "message": "\ud30c\uc77c \uc0ac\uc774 \ud734\uc2dd \u00b7 \ub2e4\uc74c \ud30c\uc77c \uc2dc\uc791\uae4c\uc9c0 59\ucd08", "done": 51, "total": 90}
{"active": true, "message": "\ud30c\uc77c \uc0ac\uc774 \ud734\uc2dd \u00b7 \ub2e4\uc74c \ud30c\uc77c \uc2dc\uc791\uae4c\uc9c0 54\ucd08", "done": 51, "total": 90}
{"active": true, "message": "\ud30c\uc77c \uc0ac\uc774 \ud734\uc2dd \u00b7 \ub2e4\uc74c \ud30c\uc77c \uc2dc\uc791\uae4c\uc9c0 49\ucd08", "done": 51, "total": 90}
{"active": true, "message": "\ud30c\uc77c \uc0ac\uc774 \ud734\uc2dd \u00b7 \ub2e4\uc74c \ud30c\uc77c \uc2dc\uc791\uae4c\uc9c0 44\ucd08", "done": 51, "total": 90}
{"active": true, "message": "\ud30c\uc77c \uc0ac\uc774 \ud734\uc2dd \u00b7 \ub2e4\uc74c \ud30c\uc77c \uc2dc\uc791\uae4c\uc9c0 39\ucd08", "done": 51, "total": 90}
{"active": true, "message": "\ud30c\uc77c \uc0ac\uc774 \ud734\uc2dd \u00b7 \ub2e4\uc74c \ud30c\uc77c \uc2dc\uc791\uae4c\uc9c0 34\ucd08", "done": 51, "total": 90}
{"active": true, "message": "\ud30c\uc77c \uc0ac\uc774 \ud734\uc2dd \u00b7 \ub2e4\uc74c \ud30c\uc77c \uc2dc\uc791\uae4c\uc9c0 29\ucd08", "done": 51, "total": 90}
{"active": true, "message": "\ud30c\uc77c \uc0ac\uc774 \ud734\uc2dd \u00b7 \ub2e4\uc74c \ud30c\uc77c \uc2dc\uc791\uae4c\uc9c0 24\ucd08", "done": 51, "total": 90}
{"active": true, "message": "\ud30c\uc77c \uc0ac\uc774 \ud734\uc2dd \u00b7 \ub2e4\uc74c \ud30c\uc77c \uc2dc\uc791\uae4c\uc9c0 19\ucd08", "done": 51, "total": 90}
{"active": true, "message": "\ud30c\uc77c \uc0ac\uc774 \ud734\uc2dd \u00b7 \ub2e4\uc74c \ud30c\uc77c \uc2dc\uc791\uae4c\uc9c0 14\ucd08", "done": 51, "total": 90}
{"active": true, "message": "\ud30c\uc77c \uc0ac\uc774 \ud734\uc2dd \u00b7 \ub2e4\uc74c \ud30c\uc77c \uc2dc\uc791\uae4c\uc9c0 9\ucd08", "done": 51, "total": 90}
{"active": true, "message": "\ud30c\uc77c \uc0ac\uc774 \ud734\uc2dd \u00b7 \ub2e4\uc74c \ud30c\uc77c \uc2dc\uc791\uae4c\uc9c0 4\ucd08", "done": 51, "total": 90}
{"active": true, "message": "\ud30c\uc77c \uc0ac\uc774 \ud734\uc2dd \u00b7 \ub2e4\uc74c \ud30c\uc77c \uc2dc\uc791\uae4c\uc9c0 58\ucd08", "done": 51, "total": 90}
{"active": true, "message": "\ud30c\uc77c \uc0ac\uc774 \ud734\uc2dd \u00b7 \ub2e4\uc74c \ud30c\uc77c \uc2dc\uc791\uae4c\uc9c0 53\ucd08", "done": 51, "total": 90}
{"active": true, "message": "\ud30c\uc77c \uc0ac\uc774 \ud734\uc2dd \u00b7 \ub2e4\uc74c \ud30c\uc77c \uc2dc\uc791\uae4c\uc9c0 48\ucd08", "done": 51, "total": 90}
{"active": true, "message": "\ud30c\uc77c \uc0ac\uc774 \ud734\uc2dd \u00b7 \ub2e4\uc74c \ud30c\uc77c \uc2dc\uc791\uae4c\uc9c0 43\ucd08", "done": 51, "total": 90}
{"active": true, "message": "\ud30c\uc77c \uc0ac\uc774 \ud734\uc2dd \u00b7 \ub2e4\uc74c \ud30c\uc77c \uc2dc\uc791\uae4c\uc9c0 38\ucd08", "done": 51, "total": 90}
{"active": true, "message": "\ud30c\uc77c \uc0ac\uc774 \ud734\uc2dd \u00b7 \ub2e4\uc74c \ud30c\uc77c \uc2dc\uc791\uae4c\uc9c0 33\ucd08", "done": 51, "total": 90}
{"active": true, "message": "\ud30c\uc77c \uc0ac\uc774 \ud734\uc2dd \u00b7 \ub2e4\uc74c \ud30c\uc77c \uc2dc\uc791\uae4c\uc9c0 28\ucd08", "done": 51, "total": 90}
{"active": true, "message": "\ud30c\uc77c \uc0ac\uc774 \ud734\uc2dd \u00b7 \ub2e4\uc74c \ud30c\uc77c \uc2dc\uc791\uae4c\uc9c0 23\ucd08", "done": 51, "total": 90}
{"active": true, "message": "\ud30c\uc77c \uc0ac\uc774 \ud734\uc2dd \u00b7 \ub2e4\uc74c \ud30c\uc77c \uc2dc\uc791\uae4c\uc9c0 18\ucd08", "done": 51, "total": 90}
{"active": true, "message": "\ud30c\uc77c \uc0ac\uc774 \ud734\uc2dd \u00b7 \ub2e4\uc74c \ud30c\uc77c \uc2dc\uc791\uae4c\uc9c0 13\ucd08", "done": 51, "total": 90}
{"active": true, "message": "\ud30c\uc77c \uc0ac\uc774 \ud734\uc2dd \u00b7 \ub2e4\uc74c \ud30c\uc77c \uc2dc\uc791\uae4c\uc9c0 7\ucd08", "done": 51, "total": 90}
{"active": true, "message": "\ud30c\uc77c \uc0ac\uc774 \ud734\uc2dd \u00b7 \ub2e4\uc74c \ud30c\uc77c \uc2dc\uc791\uae4c\uc9c0 2\ucd08", "done": 51, "total": 90}
{"active": true, "message": "S10.png \u00b7 shape \uc2dc\uac01\uac80\uc0ac", "done": 51, "total": 90}
{"active": true, "message": "S10.png \u00b7 Preparing existing independent-UV backend", "done": 51, "total": 90}
{"active": true, "message": "S10.png \u00b7 TRELLIS \uc0dd\uc131 \uc911", "done": 51, "total": 90}
{"active": true, "message": "S10.png \u00b7 texture_source \uc2dc\uac01\uac80\uc0ac", "done": 51, "total": 90}
{"active": true, "message": "S10.png \u00b7 Awaiting main-agent visual review: texture_source", "done": 51, "total": 90}
{"active": true, "message": "S10.png \u00b7 TRELLIS \uc0dd\uc131 \uc911", "done": 51, "total": 90}
{"active": true, "message": "S10.png \u00b7 texture_source \uc2dc\uac01\uac80\uc0ac", "done": 51, "total": 90}
{"active": true, "message": "S10.png \u00b7 Awaiting main-agent visual review: texture_source", "done": 51, "total": 90}
{"active": true, "message": "\ud30c\uc77c \uc0ac\uc774 \ud734\uc2dd \u00b7 \ub2e4\uc74c \ud30c\uc77c \uc2dc\uc791\uae4c\uc9c0 14\ucd08", "done": 51, "total": 90}
{"active": true, "message": "\ud30c\uc77c \uc0ac\uc774 \ud734\uc2dd \u00b7 \ub2e4\uc74c \ud30c\uc77c \uc2dc\uc791\uae4c\uc9c0 9\ucd08", "done": 51, "total": 90}
{"active": true, "message": "\ud30c\uc77c \uc0ac\uc774 \ud734\uc2dd \u00b7 \ub2e4\uc74c \ud30c\uc77c \uc2dc\uc791\uae4c\uc9c0 4\ucd08", "done": 51, "total": 90}
{"active": true, "message": "S10.png \u00b7 TRELLIS \uc0dd\uc131 \uc911", "done": 51, "total": 90}
{"active": true, "message": "S10.png \u00b7 texture_source \uc2dc\uac01\uac80\uc0ac", "done": 51, "total": 90}
{"active": true, "message": "S10.png \u00b7 Awaiting main-agent visual review: texture_source", "done": 51, "total": 90}
{"active": true, "message": "\ud30c\uc77c \uc0ac\uc774 \ud734\uc2dd \u00b7 \ub2e4\uc74c \ud30c\uc77c \uc2dc\uc791\uae4c\uc9c0 59\ucd08", "done": 51, "total": 90}
{"active": true, "message": "\ud30c\uc77c \uc0ac\uc774 \ud734\uc2dd \u00b7 \ub2e4\uc74c \ud30c\uc77c \uc2dc\uc791\uae4c\uc9c0 54\ucd08", "done": 51, "total": 90}
{"active": true, "message": "\ud30c\uc77c \uc0ac\uc774 \ud734\uc2dd \u00b7 \ub2e4\uc74c \ud30c\uc77c \uc2dc\uc791\uae4c\uc9c0 49\ucd08", "done": 51, "total": 90}
{"active": true, "message": "\ud30c\uc77c \uc0ac\uc774 \ud734\uc2dd \u00b7 \ub2e4\uc74c \ud30c\uc77c \uc2dc\uc791\uae4c\uc9c0 43\ucd08", "done": 51, "total": 90}
{"active": true, "message": "\ud30c\uc77c \uc0ac\uc774 \ud734\uc2dd \u00b7 \ub2e4\uc74c \ud30c\uc77c \uc2dc\uc791\uae4c\uc9c0 38\ucd08", "done": 51, "total": 90}
{"active": true, "message": "\ud30c\uc77c \uc0ac\uc774 \ud734\uc2dd \u00b7 \ub2e4\uc74c \ud30c\uc77c \uc2dc\uc791\uae4c\uc9c0 33\ucd08", "done": 51, "total": 90}
{"active": true, "message": "\ud30c\uc77c \uc0ac\uc774 \ud734\uc2dd \u00b7 \ub2e4\uc74c \ud30c\uc77c \uc2dc\uc791\uae4c\uc9c0 28\ucd08", "done": 51, "total": 90}
{"active": true, "message": "\ud30c\uc77c \uc0ac\uc774 \ud734\uc2dd \u00b7 \ub2e4\uc74c \ud30c\uc77c \uc2dc\uc791\uae4c\uc9c0 23\ucd08", "done": 51, "total": 90}
{"active": true, "message": "\ud30c\uc77c \uc0ac\uc774 \ud734\uc2dd \u00b7 \ub2e4\uc74c \ud30c\uc77c \uc2dc\uc791\uae4c\uc9c0 18\ucd08", "done": 51, "total": 90}
{"active": true, "message": "\ud30c\uc77c \uc0ac\uc774 \ud734\uc2dd \u00b7 \ub2e4\uc74c \ud30c\uc77c \uc2dc\uc791\uae4c\uc9c0 13\ucd08", "done": 51, "total": 90}
{"active": true, "message": "\ud30c\uc77c \uc0ac\uc774 \ud734\uc2dd \u00b7 \ub2e4\uc74c \ud30c\uc77c \uc2dc\uc791\uae4c\uc9c0 8\ucd08", "done": 51, "total": 90}
{"active": true, "message": "\ud30c\uc77c \uc0ac\uc774 \ud734\uc2dd \u00b7 \ub2e4\uc74c \ud30c\uc77c \uc2dc\uc791\uae4c\uc9c0 3\ucd08", "done": 51, "total": 90}
{"active": true, "message": "S11.png \u00b7 TRELLIS \uc0dd\uc131 \uc911", "done": 51, "total": 90}
{"active": true, "message": "S11.png \u00b7 shape \uc2dc\uac01\uac80\uc0ac", "done": 51, "total": 90}
{"active": true, "message": "S11.png \u00b7 Awaiting main-agent visual review: shape", "done": 51, "total": 90}
{"active": true, "message": "\ud30c\uc77c \uc0ac\uc774 \ud734\uc2dd \u00b7 \ub2e4\uc74c \ud30c\uc77c \uc2dc\uc791\uae4c\uc9c0 20\ucd08", "done": 51, "total": 90}
{"active": true, "message": "\ud30c\uc77c \uc0ac\uc774 \ud734\uc2dd \u00b7 \ub2e4\uc74c \ud30c\uc77c \uc2dc\uc791\uae4c\uc9c0 15\ucd08", "done": 51, "total": 90}
{"active": true, "message": "\ud30c\uc77c \uc0ac\uc774 \ud734\uc2dd \u00b7 \ub2e4\uc74c \ud30c\uc77c \uc2dc\uc791\uae4c\uc9c0 10\ucd08", "done": 51, "total": 90}
{"active": true, "message": "\ud30c\uc77c \uc0ac\uc774 \ud734\uc2dd \u00b7 \ub2e4\uc74c \ud30c\uc77c \uc2dc\uc791\uae4c\uc9c0 5\ucd08", "done": 51, "total": 90}
{"active": true, "message": "S11.png \u00b7 TRELLIS \uc0dd\uc131 \uc911", "done": 51, "total": 90}
{"active": true, "message": "S11.png \u00b7 texture_source \uc2dc\uac01\uac80\uc0ac", "done": 51, "total": 90}
{"active": true, "message": "S11.png \u00b7 Awaiting main-agent visual review: texture_source", "done": 51, "total": 90}
{"active": true, "message": "S11.png \u00b7 Blender \u00b7 Clean mesh", "done": 51, "total": 90}
{"active": true, "message": "S11.png \u00b7 Blender \u00b7 Bake Roughness", "done": 51, "total": 90}
{"active": true, "message": "S11.png \u00b7 Blender \u00b7 Render preview", "done": 51, "total": 90}
{"active": true, "message": "S11.png \u00b7 final_compare \uc2dc\uac01\uac80\uc0ac", "done": 51, "total": 90}
{"active": true, "message": "S11.png \u00b7 Awaiting main-agent visual review: final_compare", "done": 51, "total": 90}
{"active": true, "message": "\ud30c\uc77c \uc0ac\uc774 \ud734\uc2dd \u00b7 \ub2e4\uc74c \ud30c\uc77c \uc2dc\uc791\uae4c\uc9c0 57\ucd08", "done": 52, "total": 90}
{"active": true, "message": "\ud30c\uc77c \uc0ac\uc774 \ud734\uc2dd \u00b7 \ub2e4\uc74c \ud30c\uc77c \uc2dc\uc791\uae4c\uc9c0 52\ucd08", "done": 52, "total": 90}
{"active": true, "message": "\ud30c\uc77c \uc0ac\uc774 \ud734\uc2dd \u00b7 \ub2e4\uc74c \ud30c\uc77c \uc2dc\uc791\uae4c\uc9c0 47\ucd08", "done": 52, "total": 90}
{"active": true, "message": "\ud30c\uc77c \uc0ac\uc774 \ud734\uc2dd \u00b7 \ub2e4\uc74c \ud30c\uc77c \uc2dc\uc791\uae4c\uc9c0 42\ucd08", "done": 52, "total": 90}
{"active": true, "message": "\ud30c\uc77c \uc0ac\uc774 \ud734\uc2dd \u00b7 \ub2e4\uc74c \ud30c\uc77c \uc2dc\uc791\uae4c\uc9c0 37\ucd08", "done": 52, "total": 90}
{"active": true, "message": "\ud30c\uc77c \uc0ac\uc774 \ud734\uc2dd \u00b7 \ub2e4\uc74c \ud30c\uc77c \uc2dc\uc791\uae4c\uc9c0 32\ucd08", "done": 52, "total": 90}
{"active": true, "message": "\ud30c\uc77c \uc0ac\uc774 \ud734\uc2dd \u00b7 \ub2e4\uc74c \ud30c\uc77c \uc2dc\uc791\uae4c\uc9c0 27\ucd08", "done": 52, "total": 90}
{"active": true, "message": "\ud30c\uc77c \uc0ac\uc774 \ud734\uc2dd \u00b7 \ub2e4\uc74c \ud30c\uc77c \uc2dc\uc791\uae4c\uc9c0 22\ucd08", "done": 52, "total": 90}
{"active": true, "message": "\ud30c\uc77c \uc0ac\uc774 \ud734\uc2dd \u00b7 \ub2e4\uc74c \ud30c\uc77c \uc2dc\uc791\uae4c\uc9c0 17\ucd08", "done": 52, "total": 90}
{"active": true, "message": "\ud30c\uc77c \uc0ac\uc774 \ud734\uc2dd \u00b7 \ub2e4\uc74c \ud30c\uc77c \uc2dc\uc791\uae4c\uc9c0 11\ucd08", "done": 52, "total": 90}
{"active": true, "message": "\ud30c\uc77c \uc0ac\uc774 \ud734\uc2dd \u00b7 \ub2e4\uc74c \ud30c\uc77c \uc2dc\uc791\uae4c\uc9c0 6\ucd08", "done": 52, "total": 90}
{"active": true, "message": "\ud30c\uc77c \uc0ac\uc774 \ud734\uc2dd \u00b7 \ub2e4\uc74c \ud30c\uc77c \uc2dc\uc791\uae4c\uc9c0 1\ucd08", "done": 52, "total": 90}
{"active": true, "message": "S12.png \u00b7 TRELLIS \uc0dd\uc131 \uc911", "done": 52, "total": 90}
{"active": true, "message": "S12.png \u00b7 shape \uc2dc\uac01\uac80\uc0ac", "done": 52, "total": 90}
{"active": true, "message": "S12.png \u00b7 Awaiting main-agent visual review: shape", "done": 52, "total": 90}
{"active": true, "message": "S12.png \u00b7 TRELLIS \uc0dd\uc131 \uc911", "done": 52, "total": 90}
{"active": true, "message": "S12.png \u00b7 texture_source \uc2dc\uac01\uac80\uc0ac", "done": 52, "total": 90}
{"active": true, "message": "S12.png \u00b7 Awaiting main-agent visual review: texture_source", "done": 52, "total": 90}
{"active": true, "message": "S12.png \u00b7 Blender parts \uac10\ub7c9\u00b7\ubca0\uc774\ud06c", "done": 52, "total": 90}
{"active": true, "message": "S12.png \u00b7 Blender \u00b7 Bake Roughness", "done": 52, "total": 90}
{"active": true, "message": "S12.png \u00b7 Blender \u00b7 Render preview", "done": 52, "total": 90}
{"active": true, "message": "S12.png \u00b7 final_compare \uc2dc\uac01\uac80\uc0ac", "done": 52, "total": 90}
{"active": true, "message": "S12.png \u00b7 Awaiting main-agent visual review: final_compare", "done": 52, "total": 90}
{"active": true, "message": "\ud30c\uc77c \uc0ac\uc774 \ud734\uc2dd \u00b7 \ub2e4\uc74c \ud30c\uc77c \uc2dc\uc791\uae4c\uc9c0 57\ucd08", "done": 53, "total": 90}
{"active": true, "message": "\ud30c\uc77c \uc0ac\uc774 \ud734\uc2dd \u00b7 \ub2e4\uc74c \ud30c\uc77c \uc2dc\uc791\uae4c\uc9c0 52\ucd08", "done": 53, "total": 90}
{"active": true, "message": "\ud30c\uc77c \uc0ac\uc774 \ud734\uc2dd \u00b7 \ub2e4\uc74c \ud30c\uc77c \uc2dc\uc791\uae4c\uc9c0 47\ucd08", "done": 53, "total": 90}
{"active": true, "message": "\ud30c\uc77c \uc0ac\uc774 \ud734\uc2dd \u00b7 \ub2e4\uc74c \ud30c\uc77c \uc2dc\uc791\uae4c\uc9c0 42\ucd08", "done": 53, "total": 90}
{"active": true, "message": "\ud30c\uc77c \uc0ac\uc774 \ud734\uc2dd \u00b7 \ub2e4\uc74c \ud30c\uc77c \uc2dc\uc791\uae4c\uc9c0 37\ucd08", "done": 53, "total": 90}
{"active": true, "message": "\ud30c\uc77c \uc0ac\uc774 \ud734\uc2dd \u00b7 \ub2e4\uc74c \ud30c\uc77c \uc2dc\uc791\uae4c\uc9c0 32\ucd08", "done": 53, "total": 90}
{"active": true, "message": "\ud30c\uc77c \uc0ac\uc774 \ud734\uc2dd \u00b7 \ub2e4\uc74c \ud30c\uc77c \uc2dc\uc791\uae4c\uc9c0 27\ucd08", "done": 53, "total": 90}
{"active": true, "message": "\ud30c\uc77c \uc0ac\uc774 \ud734\uc2dd \u00b7 \ub2e4\uc74c \ud30c\uc77c \uc2dc\uc791\uae4c\uc9c0 22\ucd08", "done": 53, "total": 90}
{"active": true, "message": "\ud30c\uc77c \uc0ac\uc774 \ud734\uc2dd \u00b7 \ub2e4\uc74c \ud30c\uc77c \uc2dc\uc791\uae4c\uc9c0 17\ucd08", "done": 53, "total": 90}
{"active": true, "message": "\ud30c\uc77c \uc0ac\uc774 \ud734\uc2dd \u00b7 \ub2e4\uc74c \ud30c\uc77c \uc2dc\uc791\uae4c\uc9c0 12\ucd08", "done": 53, "total": 90}
{"active": true, "message": "\ud30c\uc77c \uc0ac\uc774 \ud734\uc2dd \u00b7 \ub2e4\uc74c \ud30c\uc77c \uc2dc\uc791\uae4c\uc9c0 7\ucd08", "done": 53, "total": 90}
{"active": true, "message": "\ud30c\uc77c \uc0ac\uc774 \ud734\uc2dd \u00b7 \ub2e4\uc74c \ud30c\uc77c \uc2dc\uc791\uae4c\uc9c0 2\ucd08", "done": 53, "total": 90}
{"active": true, "message": "S13.png \u00b7 TRELLIS \uc0dd\uc131 \uc911", "done": 53, "total": 90}
{"active": true, "message": "S13.png \u00b7 shape \uc2dc\uac01\uac80\uc0ac", "done": 53, "total": 90}
{"active": true, "message": "S13.png \u00b7 Awaiting main-agent visual review: shape", "done": 53, "total": 90}
{"active": true, "message": "\ud30c\uc77c \uc0ac\uc774 \ud734\uc2dd \u00b7 \ub2e4\uc74c \ud30c\uc77c \uc2dc\uc791\uae4c\uc9c0 27\ucd08", "done": 53, "total": 90}
{"active": true, "message": "\ud30c\uc77c \uc0ac\uc774 \ud734\uc2dd \u00b7 \ub2e4\uc74c \ud30c\uc77c \uc2dc\uc791\uae4c\uc9c0 22\ucd08", "done": 53, "total": 90}
{"active": true, "message": "\ud30c\uc77c \uc0ac\uc774 \ud734\uc2dd \u00b7 \ub2e4\uc74c \ud30c\uc77c \uc2dc\uc791\uae4c\uc9c0 17\ucd08", "done": 53, "total": 90}
{"active": true, "message": "\ud30c\uc77c \uc0ac\uc774 \ud734\uc2dd \u00b7 \ub2e4\uc74c \ud30c\uc77c \uc2dc\uc791\uae4c\uc9c0 12\ucd08", "done": 53, "total": 90}
{"active": true, "message": "\ud30c\uc77c \uc0ac\uc774 \ud734\uc2dd \u00b7 \ub2e4\uc74c \ud30c\uc77c \uc2dc\uc791\uae4c\uc9c0 7\ucd08", "done": 53, "total": 90}
{"active": true, "message": "\ud30c\uc77c \uc0ac\uc774 \ud734\uc2dd \u00b7 \ub2e4\uc74c \ud30c\uc77c \uc2dc\uc791\uae4c\uc9c0 2\ucd08", "done": 53, "total": 90}
{"active": true, "message": "S13.png \u00b7 TRELLIS \uc0dd\uc131 \uc911", "done": 53, "total": 90}
{"active": true, "message": "S13.png \u00b7 texture_source \uc2dc\uac01\uac80\uc0ac", "done": 53, "total": 90}
{"active": true, "message": "S13.png \u00b7 Awaiting main-agent visual review: texture_source", "done": 53, "total": 90}
{"active": true, "message": "S13.png \u00b7 Blender parts \uac10\ub7c9\u00b7\ubca0\uc774\ud06c", "done": 53, "total": 90}
{"active": true, "message": "S13.png \u00b7 Blender \u00b7 Bake BaseColor", "done": 53, "total": 90}
{"active": true, "message": "S13.png \u00b7 Blender \u00b7 Bake Normal", "done": 53, "total": 90}
{"active": true, "message": "S13.png \u00b7 Blender \u00b7 Render preview", "done": 53, "total": 90}
{"active": true, "message": "S13.png \u00b7 final_compare \uc2dc\uac01\uac80\uc0ac", "done": 53, "total": 90}
{"active": true, "message": "S13.png \u00b7 Awaiting main-agent visual review: final_compare", "done": 53, "total": 90}
{"active": true, "message": "\ud30c\uc77c \uc0ac\uc774 \ud734\uc2dd \u00b7 \ub2e4\uc74c \ud30c\uc77c \uc2dc\uc791\uae4c\uc9c0 60\ucd08", "done": 54, "total": 90}
{"active": true, "message": "\ud30c\uc77c \uc0ac\uc774 \ud734\uc2dd \u00b7 \ub2e4\uc74c \ud30c\uc77c \uc2dc\uc791\uae4c\uc9c0 55\ucd08", "done": 54, "total": 90}
{"active": true, "message": "\ud30c\uc77c \uc0ac\uc774 \ud734\uc2dd \u00b7 \ub2e4\uc74c \ud30c\uc77c \uc2dc\uc791\uae4c\uc9c0 50\ucd08", "done": 54, "total": 90}
{"active": true, "message": "\ud30c\uc77c \uc0ac\uc774 \ud734\uc2dd \u00b7 \ub2e4\uc74c \ud30c\uc77c \uc2dc\uc791\uae4c\uc9c0 45\ucd08", "done": 54, "total": 90}
{"active": true, "message": "\ud30c\uc77c \uc0ac\uc774 \ud734\uc2dd \u00b7 \ub2e4\uc74c \ud30c\uc77c \uc2dc\uc791\uae4c\uc9c0 40\ucd08", "done": 54, "total": 90}
{"active": true, "message": "\ud30c\uc77c \uc0ac\uc774 \ud734\uc2dd \u00b7 \ub2e4\uc74c \ud30c\uc77c \uc2dc\uc791\uae4c\uc9c0 35\ucd08", "done": 54, "total": 90}
{"active": true, "message": "\ud30c\uc77c \uc0ac\uc774 \ud734\uc2dd \u00b7 \ub2e4\uc74c \ud30c\uc77c \uc2dc\uc791\uae4c\uc9c0 30\ucd08", "done": 54, "total": 90}
{"active": true, "message": "\ud30c\uc77c \uc0ac\uc774 \ud734\uc2dd \u00b7 \ub2e4\uc74c \ud30c\uc77c \uc2dc\uc791\uae4c\uc9c0 25\ucd08", "done": 54, "total": 90}
{"active": true, "message": "\ud30c\uc77c \uc0ac\uc774 \ud734\uc2dd \u00b7 \ub2e4\uc74c \ud30c\uc77c \uc2dc\uc791\uae4c\uc9c0 20\ucd08", "done": 54, "total": 90}
{"active": true, "message": "\ud30c\uc77c \uc0ac\uc774 \ud734\uc2dd \u00b7 \ub2e4\uc74c \ud30c\uc77c \uc2dc\uc791\uae4c\uc9c0 15\ucd08", "done": 54, "total": 90}
{"active": true, "message": "\ud30c\uc77c \uc0ac\uc774 \ud734\uc2dd \u00b7 \ub2e4\uc74c \ud30c\uc77c \uc2dc\uc791\uae4c\uc9c0 10\ucd08", "done": 54, "total": 90}
{"active": true, "message": "\ud30c\uc77c \uc0ac\uc774 \ud734\uc2dd \u00b7 \ub2e4\uc74c \ud30c\uc77c \uc2dc\uc791\uae4c\uc9c0 5\ucd08", "done": 54, "total": 90}
{"active": true, "message": "S14.png \u00b7 TRELLIS \uc0dd\uc131 \uc911", "done": 54, "total": 90}
{"active": true, "message": "S14.png \u00b7 shape \uc2dc\uac01\uac80\uc0ac", "done": 54, "total": 90}
{"active": true, "message": "S14.png \u00b7 Awaiting main-agent visual review: shape", "done": 54, "total": 90}
{"active": true, "message": "S14.png \u00b7 TRELLIS \uc0dd\uc131 \uc911", "done": 54, "total": 90}
{"active": true, "message": "S14.png \u00b7 shape \uc2dc\uac01\uac80\uc0ac", "done": 54, "total": 90}
{"active": true, "message": "S14.png \u00b7 Awaiting main-agent visual review: shape", "done": 54, "total": 90}
{"active": true, "message": "\ud30c\uc77c \uc0ac\uc774 \ud734\uc2dd \u00b7 \ub2e4\uc74c \ud30c\uc77c \uc2dc\uc791\uae4c\uc9c0 25\ucd08", "done": 54, "total": 90}
{"active": true, "message": "\ud30c\uc77c \uc0ac\uc774 \ud734\uc2dd \u00b7 \ub2e4\uc74c \ud30c\uc77c \uc2dc\uc791\uae4c\uc9c0 20\ucd08", "done": 54, "total": 90}
{"active": true, "message": "\ud30c\uc77c \uc0ac\uc774 \ud734\uc2dd \u00b7 \ub2e4\uc74c \ud30c\uc77c \uc2dc\uc791\uae4c\uc9c0 14\ucd08", "done": 54, "total": 90}
{"active": true, "message": "\ud30c\uc77c \uc0ac\uc774 \ud734\uc2dd \u00b7 \ub2e4\uc74c \ud30c\uc77c \uc2dc\uc791\uae4c\uc9c0 8\ucd08", "done": 54, "total": 90}
{"active": true, "message": "\ud30c\uc77c \uc0ac\uc774 \ud734\uc2dd \u00b7 \ub2e4\uc74c \ud30c\uc77c \uc2dc\uc791\uae4c\uc9c0 3\ucd08", "done": 54, "total": 90}
{"active": true, "message": "S14.png \u00b7 TRELLIS \uc0dd\uc131 \uc911", "done": 54, "total": 90}
{"active": true, "message": "S14.png \u00b7 texture_source \uc2dc\uac01\uac80\uc0ac", "done": 54, "total": 90}
{"active": true, "message": "S14.png \u00b7 Awaiting main-agent visual review: texture_source", "done": 54, "total": 90}
{"active": true, "message": "\ud30c\uc77c \uc0ac\uc774 \ud734\uc2dd \u00b7 \ub2e4\uc74c \ud30c\uc77c \uc2dc\uc791\uae4c\uc9c0 20\ucd08", "done": 54, "total": 90}
{"active": true, "message": "\ud30c\uc77c \uc0ac\uc774 \ud734\uc2dd \u00b7 \ub2e4\uc74c \ud30c\uc77c \uc2dc\uc791\uae4c\uc9c0 15\ucd08", "done": 54, "total": 90}
{"active": true, "message": "\ud30c\uc77c \uc0ac\uc774 \ud734\uc2dd \u00b7 \ub2e4\uc74c \ud30c\uc77c \uc2dc\uc791\uae4c\uc9c0 10\ucd08", "done": 54, "total": 90}
{"active": true, "message": "\ud30c\uc77c \uc0ac\uc774 \ud734\uc2dd \u00b7 \ub2e4\uc74c \ud30c\uc77c \uc2dc\uc791\uae4c\uc9c0 5\ucd08", "done": 54, "total": 90}
{"active": true, "message": "S14.png \u00b7 TRELLIS \uc0dd\uc131 \uc911", "done": 54, "total": 90}
{"active": true, "message": "S14.png \u00b7 texture_source \uc2dc\uac01\uac80\uc0ac", "done": 54, "total": 90}
{"active": true, "message": "S14.png \u00b7 Awaiting main-agent visual review: texture_source", "done": 54, "total": 90}
{"active": true, "message": "S14.png \u00b7 Blender parts \uac10\ub7c9\u00b7\ubca0\uc774\ud06c", "done": 54, "total": 90}
{"active": true, "message": "S14.png \u00b7 Blender \u00b7 Bake BaseColor", "done": 54, "total": 90}
{"active": true, "message": "S14.png \u00b7 Blender \u00b7 Bake Metallic", "done": 54, "total": 90}
{"active": true, "message": "S14.png \u00b7 Blender \u00b7 Render preview", "done": 54, "total": 90}
{"active": true, "message": "S14.png \u00b7 final_compare \uc2dc\uac01\uac80\uc0ac", "done": 54, "total": 90}
{"active": true, "message": "S14.png \u00b7 Awaiting main-agent visual review: final_compare", "done": 54, "total": 90}
{"active": true, "message": "\ud30c\uc77c \uc0ac\uc774 \ud734\uc2dd \u00b7 \ub2e4\uc74c \ud30c\uc77c \uc2dc\uc791\uae4c\uc9c0 57\ucd08", "done": 55, "total": 90}
{"active": true, "message": "\ud30c\uc77c \uc0ac\uc774 \ud734\uc2dd \u00b7 \ub2e4\uc74c \ud30c\uc77c \uc2dc\uc791\uae4c\uc9c0 52\ucd08", "done": 55, "total": 90}
{"active": true, "message": "\ud30c\uc77c \uc0ac\uc774 \ud734\uc2dd \u00b7 \ub2e4\uc74c \ud30c\uc77c \uc2dc\uc791\uae4c\uc9c0 47\ucd08", "done": 55, "total": 90}
{"active": true, "message": "\ud30c\uc77c \uc0ac\uc774 \ud734\uc2dd \u00b7 \ub2e4\uc74c \ud30c\uc77c \uc2dc\uc791\uae4c\uc9c0 42\ucd08", "done": 55, "total": 90}
{"active": true, "message": "\ud30c\uc77c \uc0ac\uc774 \ud734\uc2dd \u00b7 \ub2e4\uc74c \ud30c\uc77c \uc2dc\uc791\uae4c\uc9c0 37\ucd08", "done": 55, "total": 90}
{"active": true, "message": "\ud30c\uc77c \uc0ac\uc774 \ud734\uc2dd \u00b7 \ub2e4\uc74c \ud30c\uc77c \uc2dc\uc791\uae4c\uc9c0 32\ucd08", "done": 55, "total": 90}
{"active": true, "message": "\ud30c\uc77c \uc0ac\uc774 \ud734\uc2dd \u00b7 \ub2e4\uc74c \ud30c\uc77c \uc2dc\uc791\uae4c\uc9c0 27\ucd08", "done": 55, "total": 90}
{"active": true, "message": "\ud30c\uc77c \uc0ac\uc774 \ud734\uc2dd \u00b7 \ub2e4\uc74c \ud30c\uc77c \uc2dc\uc791\uae4c\uc9c0 22\ucd08", "done": 55, "total": 90}
{"active": true, "message": "\ud30c\uc77c \uc0ac\uc774 \ud734\uc2dd \u00b7 \ub2e4\uc74c \ud30c\uc77c \uc2dc\uc791\uae4c\uc9c0 17\ucd08", "done": 55, "total": 90}
{"active": true, "message": "\ud30c\uc77c \uc0ac\uc774 \ud734\uc2dd \u00b7 \ub2e4\uc74c \ud30c\uc77c \uc2dc\uc791\uae4c\uc9c0 12\ucd08", "done": 55, "total": 90}
{"active": true, "message": "\ud30c\uc77c \uc0ac\uc774 \ud734\uc2dd \u00b7 \ub2e4\uc74c \ud30c\uc77c \uc2dc\uc791\uae4c\uc9c0 7\ucd08", "done": 55, "total": 90}
{"active": true, "message": "\ud30c\uc77c \uc0ac\uc774 \ud734\uc2dd \u00b7 \ub2e4\uc74c \ud30c\uc77c \uc2dc\uc791\uae4c\uc9c0 2\ucd08", "done": 55, "total": 90}
{"active": true, "message": "S15.png \u00b7 TRELLIS \uc0dd\uc131 \uc911", "done": 55, "total": 90}
{"active": true, "message": "S15.png \u00b7 shape \uc2dc\uac01\uac80\uc0ac", "done": 55, "total": 90}
{"active": true, "message": "S15.png \u00b7 Awaiting main-agent visual review: shape", "done": 55, "total": 90}
{"active": true, "message": "\ud30c\uc77c \uc0ac\uc774 \ud734\uc2dd \u00b7 \ub2e4\uc74c \ud30c\uc77c \uc2dc\uc791\uae4c\uc9c0 5\ucd08", "done": 55, "total": 90}
{"active": true, "message": "S15.png \u00b7 TRELLIS \uc0dd\uc131 \uc911", "done": 55, "total": 90}
{"active": true, "message": "S15.png \u00b7 texture_source \uc2dc\uac01\uac80\uc0ac", "done": 55, "total": 90}
{"active": true, "message": "S15.png \u00b7 Awaiting main-agent visual review: texture_source", "done": 55, "total": 90}
{"active": true, "message": "S15.png \u00b7 TRELLIS \uc0dd\uc131 \uc911", "done": 55, "total": 90}
{"active": true, "message": "S15.png \u00b7 texture_source \uc2dc\uac01\uac80\uc0ac", "done": 55, "total": 90}
{"active": true, "message": "S15.png \u00b7 Awaiting main-agent visual review: texture_source", "done": 55, "total": 90}
{"active": true, "message": "S15.png \u00b7 Blender \u00b7 Reduce triangle count", "done": 55, "total": 90}
{"active": true, "message": "S15.png \u00b7 Blender \u00b7 Bake Metallic", "done": 55, "total": 90}
{"active": true, "message": "S15.png \u00b7 Blender \u00b7 Render preview", "done": 55, "total": 90}
{"active": true, "message": "S15.png \u00b7 final_compare \uc2dc\uac01\uac80\uc0ac", "done": 55, "total": 90}
{"active": true, "message": "S15.png \u00b7 Awaiting main-agent visual review: final_compare", "done": 55, "total": 90}
{"active": true, "message": "\ud30c\uc77c \uc0ac\uc774 \ud734\uc2dd \u00b7 \ub2e4\uc74c \ud30c\uc77c \uc2dc\uc791\uae4c\uc9c0 59\ucd08", "done": 56, "total": 90}
{"active": true, "message": "\ud30c\uc77c \uc0ac\uc774 \ud734\uc2dd \u00b7 \ub2e4\uc74c \ud30c\uc77c \uc2dc\uc791\uae4c\uc9c0 54\ucd08", "done": 56, "total": 90}
{"active": true, "message": "\ud30c\uc77c \uc0ac\uc774 \ud734\uc2dd \u00b7 \ub2e4\uc74c \ud30c\uc77c \uc2dc\uc791\uae4c\uc9c0 49\ucd08", "done": 56, "total": 90}
{"active": true, "message": "\ud30c\uc77c \uc0ac\uc774 \ud734\uc2dd \u00b7 \ub2e4\uc74c \ud30c\uc77c \uc2dc\uc791\uae4c\uc9c0 44\ucd08", "done": 56, "total": 90}
{"active": true, "message": "\ud30c\uc77c \uc0ac\uc774 \ud734\uc2dd \u00b7 \ub2e4\uc74c \ud30c\uc77c \uc2dc\uc791\uae4c\uc9c0 39\ucd08", "done": 56, "total": 90}
{"active": true, "message": "\ud30c\uc77c \uc0ac\uc774 \ud734\uc2dd \u00b7 \ub2e4\uc74c \ud30c\uc77c \uc2dc\uc791\uae4c\uc9c0 34\ucd08", "done": 56, "total": 90}
{"active": true, "message": "\ud30c\uc77c \uc0ac\uc774 \ud734\uc2dd \u00b7 \ub2e4\uc74c \ud30c\uc77c \uc2dc\uc791\uae4c\uc9c0 28\ucd08", "done": 56, "total": 90}
{"active": true, "message": "\ud30c\uc77c \uc0ac\uc774 \ud734\uc2dd \u00b7 \ub2e4\uc74c \ud30c\uc77c \uc2dc\uc791\uae4c\uc9c0 23\ucd08", "done": 56, "total": 90}
{"active": true, "message": "\ud30c\uc77c \uc0ac\uc774 \ud734\uc2dd \u00b7 \ub2e4\uc74c \ud30c\uc77c \uc2dc\uc791\uae4c\uc9c0 18\ucd08", "done": 56, "total": 90}
{"active": true, "message": "\ud30c\uc77c \uc0ac\uc774 \ud734\uc2dd \u00b7 \ub2e4\uc74c \ud30c\uc77c \uc2dc\uc791\uae4c\uc9c0 13\ucd08", "done": 56, "total": 90}
{"active": true, "message": "\ud30c\uc77c \uc0ac\uc774 \ud734\uc2dd \u00b7 \ub2e4\uc74c \ud30c\uc77c \uc2dc\uc791\uae4c\uc9c0 8\ucd08", "done": 56, "total": 90}
{"active": true, "message": "\ud30c\uc77c \uc0ac\uc774 \ud734\uc2dd \u00b7 \ub2e4\uc74c \ud30c\uc77c \uc2dc\uc791\uae4c\uc9c0 3\ucd08", "done": 56, "total": 90}
{"active": true, "message": "T01.png \u00b7 TRELLIS \uc0dd\uc131 \uc911", "done": 56, "total": 90}
{"active": true, "message": "T01.png \u00b7 shape \uc2dc\uac01\uac80\uc0ac", "done": 56, "total": 90}
{"active": true, "message": "T01.png \u00b7 Awaiting main-agent visual review: shape", "done": 56, "total": 90}
{"active": true, "message": "T01.png \u00b7 TRELLIS \uc0dd\uc131 \uc911", "done": 56, "total": 90}
{"active": true, "message": "T01.png \u00b7 shape \uc2dc\uac01\uac80\uc0ac", "done": 56, "total": 90}
{"active": true, "message": "T01.png \u00b7 Awaiting main-agent visual review: shape", "done": 56, "total": 90}
{"active": true, "message": "\ud30c\uc77c \uc0ac\uc774 \ud734\uc2dd \u00b7 \ub2e4\uc74c \ud30c\uc77c \uc2dc\uc791\uae4c\uc9c0 1\ucd08", "done": 56, "total": 90}
{"active": true, "message": "T01.png \u00b7 TRELLIS \uc0dd\uc131 \uc911", "done": 56, "total": 90}
{"active": true, "message": "T01.png \u00b7 shape \uc2dc\uac01\uac80\uc0ac", "done": 56, "total": 90}
{"active": true, "message": "T01.png \u00b7 Awaiting main-agent visual review: shape", "done": 56, "total": 90}
{"active": true, "message": "T01.png \u00b7 TRELLIS \uc0dd\uc131 \uc911", "done": 56, "total": 90}
{"active": true, "message": "T01.png \u00b7 texture_source \uc2dc\uac01\uac80\uc0ac", "done": 56, "total": 90}
{"active": true, "message": "T01.png \u00b7 Awaiting main-agent visual review: texture_source", "done": 56, "total": 90}
{"active": true, "message": "\ud30c\uc77c \uc0ac\uc774 \ud734\uc2dd \u00b7 \ub2e4\uc74c \ud30c\uc77c \uc2dc\uc791\uae4c\uc9c0 5\ucd08", "done": 56, "total": 90}
{"active": true, "message": "T01.png \u00b7 TRELLIS \uc0dd\uc131 \uc911", "done": 56, "total": 90}
{"active": true, "message": "T01.png \u00b7 texture_source \uc2dc\uac01\uac80\uc0ac", "done": 56, "total": 90}
{"active": true, "message": "T01.png \u00b7 Awaiting main-agent visual review: texture_source", "done": 56, "total": 90}
{"active": true, "message": "T01.png \u00b7 TRELLIS \uc0dd\uc131 \uc911", "done": 56, "total": 90}
{"active": true, "message": "T01.png \u00b7 texture_source \uc2dc\uac01\uac80\uc0ac", "done": 56, "total": 90}
{"active": true, "message": "T01.png \u00b7 Awaiting main-agent visual review: texture_source", "done": 56, "total": 90}
{"active": true, "message": "\ud30c\uc77c \uc0ac\uc774 \ud734\uc2dd \u00b7 \ub2e4\uc74c \ud30c\uc77c \uc2dc\uc791\uae4c\uc9c0 58\ucd08", "done": 56, "total": 90}
{"active": true, "message": "\ud30c\uc77c \uc0ac\uc774 \ud734\uc2dd \u00b7 \ub2e4\uc74c \ud30c\uc77c \uc2dc\uc791\uae4c\uc9c0 53\ucd08", "done": 56, "total": 90}
{"active": true, "message": "\ud30c\uc77c \uc0ac\uc774 \ud734\uc2dd \u00b7 \ub2e4\uc74c \ud30c\uc77c \uc2dc\uc791\uae4c\uc9c0 48\ucd08", "done": 56, "total": 90}
{"active": true, "message": "\ud30c\uc77c \uc0ac\uc774 \ud734\uc2dd \u00b7 \ub2e4\uc74c \ud30c\uc77c \uc2dc\uc791\uae4c\uc9c0 43\ucd08", "done": 56, "total": 90}
{"active": true, "message": "\ud30c\uc77c \uc0ac\uc774 \ud734\uc2dd \u00b7 \ub2e4\uc74c \ud30c\uc77c \uc2dc\uc791\uae4c\uc9c0 38\ucd08", "done": 56, "total": 90}
{"active": true, "message": "\ud30c\uc77c \uc0ac\uc774 \ud734\uc2dd \u00b7 \ub2e4\uc74c \ud30c\uc77c \uc2dc\uc791\uae4c\uc9c0 32\ucd08", "done": 56, "total": 90}
{"active": true, "message": "\ud30c\uc77c \uc0ac\uc774 \ud734\uc2dd \u00b7 \ub2e4\uc74c \ud30c\uc77c \uc2dc\uc791\uae4c\uc9c0 27\ucd08", "done": 56, "total": 90}
{"active": true, "message": "\ud30c\uc77c \uc0ac\uc774 \ud734\uc2dd \u00b7 \ub2e4\uc74c \ud30c\uc77c \uc2dc\uc791\uae4c\uc9c0 22\ucd08", "done": 56, "total": 90}
{"active": true, "message": "\ud30c\uc77c \uc0ac\uc774 \ud734\uc2dd \u00b7 \ub2e4\uc74c \ud30c\uc77c \uc2dc\uc791\uae4c\uc9c0 17\ucd08", "done": 56, "total": 90}
{"active": true, "message": "\ud30c\uc77c \uc0ac\uc774 \ud734\uc2dd \u00b7 \ub2e4\uc74c \ud30c\uc77c \uc2dc\uc791\uae4c\uc9c0 12\ucd08", "done": 56, "total": 90}
{"active": true, "message": "\ud30c\uc77c \uc0ac\uc774 \ud734\uc2dd \u00b7 \ub2e4\uc74c \ud30c\uc77c \uc2dc\uc791\uae4c\uc9c0 7\ucd08", "done": 56, "total": 90}
{"active": true, "message": "\ud30c\uc77c \uc0ac\uc774 \ud734\uc2dd \u00b7 \ub2e4\uc74c \ud30c\uc77c \uc2dc\uc791\uae4c\uc9c0 2\ucd08", "done": 56, "total": 90}
{"active": true, "message": "T02.png \u00b7 TRELLIS \uc0dd\uc131 \uc911", "done": 56, "total": 90}
{"active": true, "message": "T02.png \u00b7 shape \uc2dc\uac01\uac80\uc0ac", "done": 56, "total": 90}
{"active": true, "message": "T02.png \u00b7 Awaiting main-agent visual review: shape", "done": 56, "total": 90}
{"active": true, "message": "\ud30c\uc77c \uc0ac\uc774 \ud734\uc2dd \u00b7 \ub2e4\uc74c \ud30c\uc77c \uc2dc\uc791\uae4c\uc9c0 4\ucd08", "done": 56, "total": 90}
{"active": true, "message": "T02.png \u00b7 TRELLIS \uc0dd\uc131 \uc911", "done": 56, "total": 90}
{"active": true, "message": "T02.png \u00b7 texture_source \uc2dc\uac01\uac80\uc0ac", "done": 56, "total": 90}
{"active": true, "message": "T02.png \u00b7 Awaiting main-agent visual review: texture_source", "done": 56, "total": 90}
{"active": true, "message": "T02.png \u00b7 Blender \u00b7 Reduce triangle count", "done": 56, "total": 90}
{"active": true, "message": "T02.png \u00b7 Blender \u00b7 Bake Roughness", "done": 56, "total": 90}
{"active": true, "message": "T02.png \u00b7 Blender \u00b7 Render preview", "done": 56, "total": 90}
{"active": true, "message": "T02.png \u00b7 final_compare \uc2dc\uac01\uac80\uc0ac", "done": 56, "total": 90}
{"active": true, "message": "T02.png \u00b7 Awaiting main-agent visual review: final_compare", "done": 56, "total": 90}
{"active": true, "message": "\ud30c\uc77c \uc0ac\uc774 \ud734\uc2dd \u00b7 \ub2e4\uc74c \ud30c\uc77c \uc2dc\uc791\uae4c\uc9c0 58\ucd08", "done": 57, "total": 90}
{"active": true, "message": "\ud30c\uc77c \uc0ac\uc774 \ud734\uc2dd \u00b7 \ub2e4\uc74c \ud30c\uc77c \uc2dc\uc791\uae4c\uc9c0 53\ucd08", "done": 57, "total": 90}
{"active": true, "message": "\ud30c\uc77c \uc0ac\uc774 \ud734\uc2dd \u00b7 \ub2e4\uc74c \ud30c\uc77c \uc2dc\uc791\uae4c\uc9c0 48\ucd08", "done": 57, "total": 90}
{"active": true, "message": "\ud30c\uc77c \uc0ac\uc774 \ud734\uc2dd \u00b7 \ub2e4\uc74c \ud30c\uc77c \uc2dc\uc791\uae4c\uc9c0 43\ucd08", "done": 57, "total": 90}
{"active": true, "message": "\ud30c\uc77c \uc0ac\uc774 \ud734\uc2dd \u00b7 \ub2e4\uc74c \ud30c\uc77c \uc2dc\uc791\uae4c\uc9c0 38\ucd08", "done": 57, "total": 90}
{"active": true, "message": "\ud30c\uc77c \uc0ac\uc774 \ud734\uc2dd \u00b7 \ub2e4\uc74c \ud30c\uc77c \uc2dc\uc791\uae4c\uc9c0 33\ucd08", "done": 57, "total": 90}
{"active": true, "message": "\ud30c\uc77c \uc0ac\uc774 \ud734\uc2dd \u00b7 \ub2e4\uc74c \ud30c\uc77c \uc2dc\uc791\uae4c\uc9c0 28\ucd08", "done": 57, "total": 90}
{"active": true, "message": "\ud30c\uc77c \uc0ac\uc774 \ud734\uc2dd \u00b7 \ub2e4\uc74c \ud30c\uc77c \uc2dc\uc791\uae4c\uc9c0 23\ucd08", "done": 57, "total": 90}
{"active": true, "message": "\ud30c\uc77c \uc0ac\uc774 \ud734\uc2dd \u00b7 \ub2e4\uc74c \ud30c\uc77c \uc2dc\uc791\uae4c\uc9c0 18\ucd08", "done": 57, "total": 90}
{"active": true, "message": "\ud30c\uc77c \uc0ac\uc774 \ud734\uc2dd \u00b7 \ub2e4\uc74c \ud30c\uc77c \uc2dc\uc791\uae4c\uc9c0 13\ucd08", "done": 57, "total": 90}
{"active": true, "message": "\ud30c\uc77c \uc0ac\uc774 \ud734\uc2dd \u00b7 \ub2e4\uc74c \ud30c\uc77c \uc2dc\uc791\uae4c\uc9c0 8\ucd08", "done": 57, "total": 90}
{"active": true, "message": "\ud30c\uc77c \uc0ac\uc774 \ud734\uc2dd \u00b7 \ub2e4\uc74c \ud30c\uc77c \uc2dc\uc791\uae4c\uc9c0 3\ucd08", "done": 57, "total": 90}
{"active": true, "message": "T03.png \u00b7 TRELLIS \uc0dd\uc131 \uc911", "done": 57, "total": 90}
{"active": true, "message": "T03.png \u00b7 shape \uc2dc\uac01\uac80\uc0ac", "done": 57, "total": 90}
{"active": true, "message": "T03.png \u00b7 Awaiting main-agent visual review: shape", "done": 57, "total": 90}
{"active": true, "message": "\ud30c\uc77c \uc0ac\uc774 \ud734\uc2dd \u00b7 \ub2e4\uc74c \ud30c\uc77c \uc2dc\uc791\uae4c\uc9c0 4\ucd08", "done": 57, "total": 90}
{"active": true, "message": "T03.png \u00b7 TRELLIS \uc0dd\uc131 \uc911", "done": 57, "total": 90}
{"active": true, "message": "T03.png \u00b7 shape \uc2dc\uac01\uac80\uc0ac", "done": 57, "total": 90}
{"active": true, "message": "T03.png \u00b7 Awaiting main-agent visual review: shape", "done": 57, "total": 90}
{"active": true, "message": "T03.png \u00b7 TRELLIS \uc0dd\uc131 \uc911", "done": 57, "total": 90}
{"active": true, "message": "T03.png \u00b7 shape \uc2dc\uac01\uac80\uc0ac", "done": 57, "total": 90}
{"active": true, "message": "T03.png \u00b7 Awaiting main-agent visual review: shape", "done": 57, "total": 90}
{"active": true, "message": "\ud30c\uc77c \uc0ac\uc774 \ud734\uc2dd \u00b7 \ub2e4\uc74c \ud30c\uc77c \uc2dc\uc791\uae4c\uc9c0 58\ucd08", "done": 57, "total": 90}
{"active": true, "message": "\ud30c\uc77c \uc0ac\uc774 \ud734\uc2dd \u00b7 \ub2e4\uc74c \ud30c\uc77c \uc2dc\uc791\uae4c\uc9c0 53\ucd08", "done": 57, "total": 90}
{"active": true, "message": "\ud30c\uc77c \uc0ac\uc774 \ud734\uc2dd \u00b7 \ub2e4\uc74c \ud30c\uc77c \uc2dc\uc791\uae4c\uc9c0 48\ucd08", "done": 57, "total": 90}
{"active": true, "message": "\ud30c\uc77c \uc0ac\uc774 \ud734\uc2dd \u00b7 \ub2e4\uc74c \ud30c\uc77c \uc2dc\uc791\uae4c\uc9c0 43\ucd08", "done": 57, "total": 90}
{"active": true, "message": "\ud30c\uc77c \uc0ac\uc774 \ud734\uc2dd \u00b7 \ub2e4\uc74c \ud30c\uc77c \uc2dc\uc791\uae4c\uc9c0 38\ucd08", "done": 57, "total": 90}
{"active": true, "message": "\ud30c\uc77c \uc0ac\uc774 \ud734\uc2dd \u00b7 \ub2e4\uc74c \ud30c\uc77c \uc2dc\uc791\uae4c\uc9c0 33\ucd08", "done": 57, "total": 90}
{"active": true, "message": "\ud30c\uc77c \uc0ac\uc774 \ud734\uc2dd \u00b7 \ub2e4\uc74c \ud30c\uc77c \uc2dc\uc791\uae4c\uc9c0 28\ucd08", "done": 57, "total": 90}
{"active": true, "message": "\ud30c\uc77c \uc0ac\uc774 \ud734\uc2dd \u00b7 \ub2e4\uc74c \ud30c\uc77c \uc2dc\uc791\uae4c\uc9c0 22\ucd08", "done": 57, "total": 90}
{"active": true, "message": "\ud30c\uc77c \uc0ac\uc774 \ud734\uc2dd \u00b7 \ub2e4\uc74c \ud30c\uc77c \uc2dc\uc791\uae4c\uc9c0 17\ucd08", "done": 57, "total": 90}
{"active": true, "message": "\ud30c\uc77c \uc0ac\uc774 \ud734\uc2dd \u00b7 \ub2e4\uc74c \ud30c\uc77c \uc2dc\uc791\uae4c\uc9c0 12\ucd08", "done": 57, "total": 90}
{"active": true, "message": "\ud30c\uc77c \uc0ac\uc774 \ud734\uc2dd \u00b7 \ub2e4\uc74c \ud30c\uc77c \uc2dc\uc791\uae4c\uc9c0 7\ucd08", "done": 57, "total": 90}
{"active": true, "message": "\ud30c\uc77c \uc0ac\uc774 \ud734\uc2dd \u00b7 \ub2e4\uc74c \ud30c\uc77c \uc2dc\uc791\uae4c\uc9c0 2\ucd08", "done": 57, "total": 90}
{"active": true, "message": "T04.png \u00b7 TRELLIS \uc0dd\uc131 \uc911", "done": 57, "total": 90}
{"active": true, "message": "T04.png \u00b7 shape \uc2dc\uac01\uac80\uc0ac", "done": 57, "total": 90}
{"active": true, "message": "T04.png \u00b7 Awaiting main-agent visual review: shape", "done": 57, "total": 90}
{"active": true, "message": "T04.png \u00b7 TRELLIS \uc0dd\uc131 \uc911", "done": 57, "total": 90}
{"active": true, "message": "T04.png \u00b7 texture_source \uc2dc\uac01\uac80\uc0ac", "done": 57, "total": 90}
{"active": true, "message": "T04.png \u00b7 Awaiting main-agent visual review: texture_source", "done": 57, "total": 90}
{"active": true, "message": "T04.png \u00b7 Blender \u00b7 Clean mesh", "done": 57, "total": 90}
{"active": true, "message": "T04.png \u00b7 Blender \u00b7 Bake Roughness", "done": 57, "total": 90}
{"active": true, "message": "T04.png \u00b7 Blender \u00b7 Render preview", "done": 57, "total": 90}
{"active": true, "message": "T04.png \u00b7 final_compare \uc2dc\uac01\uac80\uc0ac", "done": 57, "total": 90}
{"active": true, "message": "T04.png \u00b7 Awaiting main-agent visual review: final_compare", "done": 57, "total": 90}
{"active": true, "message": "\ud30c\uc77c \uc0ac\uc774 \ud734\uc2dd \u00b7 \ub2e4\uc74c \ud30c\uc77c \uc2dc\uc791\uae4c\uc9c0 57\ucd08", "done": 58, "total": 90}
{"active": true, "message": "\ud30c\uc77c \uc0ac\uc774 \ud734\uc2dd \u00b7 \ub2e4\uc74c \ud30c\uc77c \uc2dc\uc791\uae4c\uc9c0 52\ucd08", "done": 58, "total": 90}
{"active": true, "message": "\ud30c\uc77c \uc0ac\uc774 \ud734\uc2dd \u00b7 \ub2e4\uc74c \ud30c\uc77c \uc2dc\uc791\uae4c\uc9c0 47\ucd08", "done": 58, "total": 90}
{"active": true, "message": "\ud30c\uc77c \uc0ac\uc774 \ud734\uc2dd \u00b7 \ub2e4\uc74c \ud30c\uc77c \uc2dc\uc791\uae4c\uc9c0 42\ucd08", "done": 58, "total": 90}
{"active": true, "message": "\ud30c\uc77c \uc0ac\uc774 \ud734\uc2dd \u00b7 \ub2e4\uc74c \ud30c\uc77c \uc2dc\uc791\uae4c\uc9c0 37\ucd08", "done": 58, "total": 90}
{"active": true, "message": "\ud30c\uc77c \uc0ac\uc774 \ud734\uc2dd \u00b7 \ub2e4\uc74c \ud30c\uc77c \uc2dc\uc791\uae4c\uc9c0 32\ucd08", "done": 58, "total": 90}
{"active": true, "message": "\ud30c\uc77c \uc0ac\uc774 \ud734\uc2dd \u00b7 \ub2e4\uc74c \ud30c\uc77c \uc2dc\uc791\uae4c\uc9c0 27\ucd08", "done": 58, "total": 90}
{"active": true, "message": "\ud30c\uc77c \uc0ac\uc774 \ud734\uc2dd \u00b7 \ub2e4\uc74c \ud30c\uc77c \uc2dc\uc791\uae4c\uc9c0 22\ucd08", "done": 58, "total": 90}
{"active": true, "message": "\ud30c\uc77c \uc0ac\uc774 \ud734\uc2dd \u00b7 \ub2e4\uc74c \ud30c\uc77c \uc2dc\uc791\uae4c\uc9c0 17\ucd08", "done": 58, "total": 90}
{"active": true, "message": "\ud30c\uc77c \uc0ac\uc774 \ud734\uc2dd \u00b7 \ub2e4\uc74c \ud30c\uc77c \uc2dc\uc791\uae4c\uc9c0 12\ucd08", "done": 58, "total": 90}
{"active": true, "message": "\ud30c\uc77c \uc0ac\uc774 \ud734\uc2dd \u00b7 \ub2e4\uc74c \ud30c\uc77c \uc2dc\uc791\uae4c\uc9c0 7\ucd08", "done": 58, "total": 90}
{"active": true, "message": "\ud30c\uc77c \uc0ac\uc774 \ud734\uc2dd \u00b7 \ub2e4\uc74c \ud30c\uc77c \uc2dc\uc791\uae4c\uc9c0 2\ucd08", "done": 58, "total": 90}
{"active": true, "message": "T05.png \u00b7 TRELLIS \uc0dd\uc131 \uc911", "done": 58, "total": 90}
{"active": true, "message": "T05.png \u00b7 shape \uc2dc\uac01\uac80\uc0ac", "done": 58, "total": 90}
{"active": true, "message": "T05.png \u00b7 Awaiting main-agent visual review: shape", "done": 58, "total": 90}
{"active": true, "message": "T05.png \u00b7 TRELLIS \uc0dd\uc131 \uc911", "done": 58, "total": 90}
{"active": true, "message": "T05.png \u00b7 shape \uc2dc\uac01\uac80\uc0ac", "done": 58, "total": 90}
{"active": true, "message": "T05.png \u00b7 Awaiting main-agent visual review: shape", "done": 58, "total": 90}
{"active": true, "message": "T05.png \u00b7 TRELLIS \uc0dd\uc131 \uc911", "done": 58, "total": 90}
{"active": true, "message": "T05.png \u00b7 shape \uc2dc\uac01\uac80\uc0ac", "done": 58, "total": 90}
{"active": true, "message": "T05.png \u00b7 Awaiting main-agent visual review: shape", "done": 58, "total": 90}
{"active": true, "message": "\ud30c\uc77c \uc0ac\uc774 \ud734\uc2dd \u00b7 \ub2e4\uc74c \ud30c\uc77c \uc2dc\uc791\uae4c\uc9c0 18\ucd08", "done": 58, "total": 90}
{"active": true, "message": "\ud30c\uc77c \uc0ac\uc774 \ud734\uc2dd \u00b7 \ub2e4\uc74c \ud30c\uc77c \uc2dc\uc791\uae4c\uc9c0 13\ucd08", "done": 58, "total": 90}
{"active": true, "message": "\ud30c\uc77c \uc0ac\uc774 \ud734\uc2dd \u00b7 \ub2e4\uc74c \ud30c\uc77c \uc2dc\uc791\uae4c\uc9c0 8\ucd08", "done": 58, "total": 90}
{"active": true, "message": "\ud30c\uc77c \uc0ac\uc774 \ud734\uc2dd \u00b7 \ub2e4\uc74c \ud30c\uc77c \uc2dc\uc791\uae4c\uc9c0 2\ucd08", "done": 58, "total": 90}
{"active": true, "message": "T05.png \u00b7 TRELLIS \uc0dd\uc131 \uc911", "done": 58, "total": 90}
{"active": true, "message": "T05.png \u00b7 texture_source \uc2dc\uac01\uac80\uc0ac", "done": 58, "total": 90}
{"active": true, "message": "T05.png \u00b7 Awaiting main-agent visual review: texture_source", "done": 58, "total": 90}
{"active": true, "message": "T05.png \u00b7 Blender \u00b7 Import source GLB", "done": 58, "total": 90}
{"active": true, "message": "T05.png \u00b7 Blender \u00b7 Bake BaseColor", "done": 58, "total": 90}
{"active": true, "message": "T05.png \u00b7 Blender \u00b7 Bake Metallic", "done": 58, "total": 90}
{"active": true, "message": "T05.png \u00b7 Blender \u00b7 Saved", "done": 58, "total": 90}
{"active": true, "message": "T05.png \u00b7 final_compare \uc2dc\uac01\uac80\uc0ac", "done": 58, "total": 90}
{"active": true, "message": "T05.png \u00b7 Awaiting main-agent visual review: final_compare", "done": 58, "total": 90}
{"active": true, "message": "\ud30c\uc77c \uc0ac\uc774 \ud734\uc2dd \u00b7 \ub2e4\uc74c \ud30c\uc77c \uc2dc\uc791\uae4c\uc9c0 59\ucd08", "done": 59, "total": 90}
{"active": true, "message": "\ud30c\uc77c \uc0ac\uc774 \ud734\uc2dd \u00b7 \ub2e4\uc74c \ud30c\uc77c \uc2dc\uc791\uae4c\uc9c0 54\ucd08", "done": 59, "total": 90}
{"active": true, "message": "\ud30c\uc77c \uc0ac\uc774 \ud734\uc2dd \u00b7 \ub2e4\uc74c \ud30c\uc77c \uc2dc\uc791\uae4c\uc9c0 48\ucd08", "done": 59, "total": 90}
{"active": true, "message": "\ud30c\uc77c \uc0ac\uc774 \ud734\uc2dd \u00b7 \ub2e4\uc74c \ud30c\uc77c \uc2dc\uc791\uae4c\uc9c0 43\ucd08", "done": 59, "total": 90}
{"active": true, "message": "\ud30c\uc77c \uc0ac\uc774 \ud734\uc2dd \u00b7 \ub2e4\uc74c \ud30c\uc77c \uc2dc\uc791\uae4c\uc9c0 38\ucd08", "done": 59, "total": 90}
{"active": true, "message": "\ud30c\uc77c \uc0ac\uc774 \ud734\uc2dd \u00b7 \ub2e4\uc74c \ud30c\uc77c \uc2dc\uc791\uae4c\uc9c0 33\ucd08", "done": 59, "total": 90}
{"active": true, "message": "\ud30c\uc77c \uc0ac\uc774 \ud734\uc2dd \u00b7 \ub2e4\uc74c \ud30c\uc77c \uc2dc\uc791\uae4c\uc9c0 28\ucd08", "done": 59, "total": 90}
{"active": true, "message": "\ud30c\uc77c \uc0ac\uc774 \ud734\uc2dd \u00b7 \ub2e4\uc74c \ud30c\uc77c \uc2dc\uc791\uae4c\uc9c0 23\ucd08", "done": 59, "total": 90}
{"active": true, "message": "\ud30c\uc77c \uc0ac\uc774 \ud734\uc2dd \u00b7 \ub2e4\uc74c \ud30c\uc77c \uc2dc\uc791\uae4c\uc9c0 18\ucd08", "done": 59, "total": 90}
{"active": true, "message": "\ud30c\uc77c \uc0ac\uc774 \ud734\uc2dd \u00b7 \ub2e4\uc74c \ud30c\uc77c \uc2dc\uc791\uae4c\uc9c0 13\ucd08", "done": 59, "total": 90}
{"active": true, "message": "\ud30c\uc77c \uc0ac\uc774 \ud734\uc2dd \u00b7 \ub2e4\uc74c \ud30c\uc77c \uc2dc\uc791\uae4c\uc9c0 8\ucd08", "done": 59, "total": 90}
{"active": true, "message": "\ud30c\uc77c \uc0ac\uc774 \ud734\uc2dd \u00b7 \ub2e4\uc74c \ud30c\uc77c \uc2dc\uc791\uae4c\uc9c0 3\ucd08", "done": 59, "total": 90}
{"active": true, "message": "T06.png \u00b7 TRELLIS \uc0dd\uc131 \uc911", "done": 59, "total": 90}
{"active": true, "message": "T06.png \u00b7 shape \uc2dc\uac01\uac80\uc0ac", "done": 59, "total": 90}
{"active": true, "message": "T06.png \u00b7 Awaiting main-agent visual review: shape", "done": 59, "total": 90}
{"active": true, "message": "T06.png \u00b7 TRELLIS \uc0dd\uc131 \uc911", "done": 59, "total": 90}
{"active": true, "message": "T06.png \u00b7 shape \uc2dc\uac01\uac80\uc0ac", "done": 59, "total": 90}
{"active": true, "message": "T06.png \u00b7 Awaiting main-agent visual review: shape", "done": 59, "total": 90}
{"active": true, "message": "T06.png \u00b7 TRELLIS \uc0dd\uc131 \uc911", "done": 59, "total": 90}
{"active": true, "message": "T06.png \u00b7 shape \uc2dc\uac01\uac80\uc0ac", "done": 59, "total": 90}
{"active": true, "message": "T06.png \u00b7 Awaiting main-agent visual review: shape", "done": 59, "total": 90}
{"active": true, "message": "T06.png \u00b7 TRELLIS \uc0dd\uc131 \uc911", "done": 59, "total": 90}
{"active": true, "message": "T06.png \u00b7 texture_source \uc2dc\uac01\uac80\uc0ac", "done": 59, "total": 90}
{"active": true, "message": "T06.png \u00b7 Awaiting main-agent visual review: texture_source", "done": 59, "total": 90}
{"active": true, "message": "T06.png \u00b7 Blender \u00b7 Reduce triangle count", "done": 59, "total": 90}
{"active": true, "message": "T06.png \u00b7 Blender \u00b7 Bake Roughness", "done": 59, "total": 90}
{"active": true, "message": "T06.png \u00b7 Blender \u00b7 Render preview", "done": 59, "total": 90}
{"active": true, "message": "T06.png \u00b7 final_compare \uc2dc\uac01\uac80\uc0ac", "done": 59, "total": 90}
{"active": true, "message": "T06.png \u00b7 Awaiting main-agent visual review: final_compare", "done": 59, "total": 90}
{"active": true, "message": "T06.png \u00b7 Blender \u00b7 Import source GLB", "done": 59, "total": 90}
{"active": true, "message": "T06.png \u00b7 Blender \u00b7 Bake BaseColor", "done": 59, "total": 90}
{"active": true, "message": "T06.png \u00b7 Blender \u00b7 Bake Normal", "done": 59, "total": 90}
{"active": true, "message": "T06.png \u00b7 Blender \u00b7 Render preview", "done": 59, "total": 90}
{"active": true, "message": "T06.png \u00b7 final_compare \uc2dc\uac01\uac80\uc0ac", "done": 59, "total": 90}
{"active": true, "message": "T06.png \u00b7 Awaiting main-agent visual review: final_compare", "done": 59, "total": 90}
{"active": true, "message": "\ud30c\uc77c \uc0ac\uc774 \ud734\uc2dd \u00b7 \ub2e4\uc74c \ud30c\uc77c \uc2dc\uc791\uae4c\uc9c0 57\ucd08", "done": 59, "total": 90}
{"active": true, "message": "\ud30c\uc77c \uc0ac\uc774 \ud734\uc2dd \u00b7 \ub2e4\uc74c \ud30c\uc77c \uc2dc\uc791\uae4c\uc9c0 52\ucd08", "done": 59, "total": 90}
{"active": true, "message": "\ud30c\uc77c \uc0ac\uc774 \ud734\uc2dd \u00b7 \ub2e4\uc74c \ud30c\uc77c \uc2dc\uc791\uae4c\uc9c0 47\ucd08", "done": 59, "total": 90}
{"active": true, "message": "\ud30c\uc77c \uc0ac\uc774 \ud734\uc2dd \u00b7 \ub2e4\uc74c \ud30c\uc77c \uc2dc\uc791\uae4c\uc9c0 42\ucd08", "done": 59, "total": 90}
{"active": true, "message": "\ud30c\uc77c \uc0ac\uc774 \ud734\uc2dd \u00b7 \ub2e4\uc74c \ud30c\uc77c \uc2dc\uc791\uae4c\uc9c0 36\ucd08", "done": 59, "total": 90}
{"active": true, "message": "\ud30c\uc77c \uc0ac\uc774 \ud734\uc2dd \u00b7 \ub2e4\uc74c \ud30c\uc77c \uc2dc\uc791\uae4c\uc9c0 31\ucd08", "done": 59, "total": 90}
{"active": true, "message": "\ud30c\uc77c \uc0ac\uc774 \ud734\uc2dd \u00b7 \ub2e4\uc74c \ud30c\uc77c \uc2dc\uc791\uae4c\uc9c0 26\ucd08", "done": 59, "total": 90}
{"active": true, "message": "\ud30c\uc77c \uc0ac\uc774 \ud734\uc2dd \u00b7 \ub2e4\uc74c \ud30c\uc77c \uc2dc\uc791\uae4c\uc9c0 21\ucd08", "done": 59, "total": 90}
{"active": true, "message": "\ud30c\uc77c \uc0ac\uc774 \ud734\uc2dd \u00b7 \ub2e4\uc74c \ud30c\uc77c \uc2dc\uc791\uae4c\uc9c0 16\ucd08", "done": 59, "total": 90}
{"active": true, "message": "\ud30c\uc77c \uc0ac\uc774 \ud734\uc2dd \u00b7 \ub2e4\uc74c \ud30c\uc77c \uc2dc\uc791\uae4c\uc9c0 11\ucd08", "done": 59, "total": 90}
{"active": true, "message": "\ud30c\uc77c \uc0ac\uc774 \ud734\uc2dd \u00b7 \ub2e4\uc74c \ud30c\uc77c \uc2dc\uc791\uae4c\uc9c0 6\ucd08", "done": 59, "total": 90}
{"active": true, "message": "T07.png \u00b7 TRELLIS \uc0dd\uc131 \uc911", "done": 59, "total": 90}
{"active": true, "message": "T07.png \u00b7 shape \uc2dc\uac01\uac80\uc0ac", "done": 59, "total": 90}
{"active": true, "message": "T07.png \u00b7 Awaiting main-agent visual review: shape", "done": 59, "total": 90}
{"active": true, "message": "T07.png \u00b7 TRELLIS \uc0dd\uc131 \uc911", "done": 59, "total": 90}
{"active": true, "message": "T07.png \u00b7 texture_source \uc2dc\uac01\uac80\uc0ac", "done": 59, "total": 90}
{"active": true, "message": "T07.png \u00b7 Awaiting main-agent visual review: texture_source", "done": 59, "total": 90}
{"active": true, "message": "T07.png \u00b7 Blender \u00b7 Reduce triangle count", "done": 59, "total": 90}
{"active": true, "message": "T07.png \u00b7 Blender \u00b7 Bake Metallic", "done": 59, "total": 90}
{"active": true, "message": "T07.png \u00b7 Blender \u00b7 Render preview", "done": 59, "total": 90}
{"active": true, "message": "T07.png \u00b7 final_compare \uc2dc\uac01\uac80\uc0ac", "done": 59, "total": 90}
{"active": true, "message": "T07.png \u00b7 Awaiting main-agent visual review: final_compare", "done": 59, "total": 90}
{"active": true, "message": "\ud30c\uc77c \uc0ac\uc774 \ud734\uc2dd \u00b7 \ub2e4\uc74c \ud30c\uc77c \uc2dc\uc791\uae4c\uc9c0 56\ucd08", "done": 60, "total": 90}
{"active": true, "message": "\ud30c\uc77c \uc0ac\uc774 \ud734\uc2dd \u00b7 \ub2e4\uc74c \ud30c\uc77c \uc2dc\uc791\uae4c\uc9c0 51\ucd08", "done": 60, "total": 90}
{"active": true, "message": "\ud30c\uc77c \uc0ac\uc774 \ud734\uc2dd \u00b7 \ub2e4\uc74c \ud30c\uc77c \uc2dc\uc791\uae4c\uc9c0 46\ucd08", "done": 60, "total": 90}
{"active": true, "message": "\ud30c\uc77c \uc0ac\uc774 \ud734\uc2dd \u00b7 \ub2e4\uc74c \ud30c\uc77c \uc2dc\uc791\uae4c\uc9c0 41\ucd08", "done": 60, "total": 90}
{"active": true, "message": "\ud30c\uc77c \uc0ac\uc774 \ud734\uc2dd \u00b7 \ub2e4\uc74c \ud30c\uc77c \uc2dc\uc791\uae4c\uc9c0 36\ucd08", "done": 60, "total": 90}
{"active": true, "message": "\ud30c\uc77c \uc0ac\uc774 \ud734\uc2dd \u00b7 \ub2e4\uc74c \ud30c\uc77c \uc2dc\uc791\uae4c\uc9c0 30\ucd08", "done": 60, "total": 90}
{"active": true, "message": "\ud30c\uc77c \uc0ac\uc774 \ud734\uc2dd \u00b7 \ub2e4\uc74c \ud30c\uc77c \uc2dc\uc791\uae4c\uc9c0 25\ucd08", "done": 60, "total": 90}
{"active": true, "message": "\ud30c\uc77c \uc0ac\uc774 \ud734\uc2dd \u00b7 \ub2e4\uc74c \ud30c\uc77c \uc2dc\uc791\uae4c\uc9c0 20\ucd08", "done": 60, "total": 90}
{"active": true, "message": "\ud30c\uc77c \uc0ac\uc774 \ud734\uc2dd \u00b7 \ub2e4\uc74c \ud30c\uc77c \uc2dc\uc791\uae4c\uc9c0 15\ucd08", "done": 60, "total": 90}
{"active": true, "message": "\ud30c\uc77c \uc0ac\uc774 \ud734\uc2dd \u00b7 \ub2e4\uc74c \ud30c\uc77c \uc2dc\uc791\uae4c\uc9c0 10\ucd08", "done": 60, "total": 90}
{"active": true, "message": "\ud30c\uc77c \uc0ac\uc774 \ud734\uc2dd \u00b7 \ub2e4\uc74c \ud30c\uc77c \uc2dc\uc791\uae4c\uc9c0 5\ucd08", "done": 60, "total": 90}
{"active": true, "message": "T08.png \u00b7 TRELLIS \uc0dd\uc131 \uc911", "done": 60, "total": 90}
{"active": true, "message": "T08.png \u00b7 shape \uc2dc\uac01\uac80\uc0ac", "done": 60, "total": 90}
{"active": true, "message": "T08.png \u00b7 Awaiting main-agent visual review: shape", "done": 60, "total": 90}
{"active": true, "message": "T08.png \u00b7 TRELLIS \uc0dd\uc131 \uc911", "done": 60, "total": 90}
{"active": true, "message": "T08.png \u00b7 shape \uc2dc\uac01\uac80\uc0ac", "done": 60, "total": 90}
{"active": true, "message": "T08.png \u00b7 Awaiting main-agent visual review: shape", "done": 60, "total": 90}
{"active": true, "message": "T08.png \u00b7 TRELLIS \uc0dd\uc131 \uc911", "done": 60, "total": 90}
{"active": true, "message": "T08.png \u00b7 shape \uc2dc\uac01\uac80\uc0ac", "done": 60, "total": 90}
{"active": true, "message": "T08.png \u00b7 Awaiting main-agent visual review: shape", "done": 60, "total": 90}
{"active": true, "message": "T08.png \u00b7 TRELLIS \uc0dd\uc131 \uc911", "done": 60, "total": 90}
{"active": true, "message": "T08.png \u00b7 texture_source \uc2dc\uac01\uac80\uc0ac", "done": 60, "total": 90}
{"active": true, "message": "T08.png \u00b7 Awaiting main-agent visual review: texture_source", "done": 60, "total": 90}
{"active": true, "message": "T08.png \u00b7 Blender \u00b7 Reduce triangle count", "done": 60, "total": 90}
{"active": true, "message": "T08.png \u00b7 Blender \u00b7 Bake Metallic", "done": 60, "total": 90}
{"active": true, "message": "T08.png \u00b7 Blender \u00b7 Render preview", "done": 60, "total": 90}
{"active": true, "message": "T08.png \u00b7 final_compare \uc2dc\uac01\uac80\uc0ac", "done": 60, "total": 90}
{"active": true, "message": "T08.png \u00b7 Awaiting main-agent visual review: final_compare", "done": 60, "total": 90}
{"active": true, "message": "\ud30c\uc77c \uc0ac\uc774 \ud734\uc2dd \u00b7 \ub2e4\uc74c \ud30c\uc77c \uc2dc\uc791\uae4c\uc9c0 59\ucd08", "done": 61, "total": 90}
{"active": true, "message": "\ud30c\uc77c \uc0ac\uc774 \ud734\uc2dd \u00b7 \ub2e4\uc74c \ud30c\uc77c \uc2dc\uc791\uae4c\uc9c0 53\ucd08", "done": 61, "total": 90}
{"active": true, "message": "\ud30c\uc77c \uc0ac\uc774 \ud734\uc2dd \u00b7 \ub2e4\uc74c \ud30c\uc77c \uc2dc\uc791\uae4c\uc9c0 48\ucd08", "done": 61, "total": 90}
{"active": true, "message": "\ud30c\uc77c \uc0ac\uc774 \ud734\uc2dd \u00b7 \ub2e4\uc74c \ud30c\uc77c \uc2dc\uc791\uae4c\uc9c0 43\ucd08", "done": 61, "total": 90}
{"active": true, "message": "\ud30c\uc77c \uc0ac\uc774 \ud734\uc2dd \u00b7 \ub2e4\uc74c \ud30c\uc77c \uc2dc\uc791\uae4c\uc9c0 38\ucd08", "done": 61, "total": 90}
{"active": true, "message": "\ud30c\uc77c \uc0ac\uc774 \ud734\uc2dd \u00b7 \ub2e4\uc74c \ud30c\uc77c \uc2dc\uc791\uae4c\uc9c0 33\ucd08", "done": 61, "total": 90}
{"active": true, "message": "\ud30c\uc77c \uc0ac\uc774 \ud734\uc2dd \u00b7 \ub2e4\uc74c \ud30c\uc77c \uc2dc\uc791\uae4c\uc9c0 28\ucd08", "done": 61, "total": 90}
{"active": true, "message": "\ud30c\uc77c \uc0ac\uc774 \ud734\uc2dd \u00b7 \ub2e4\uc74c \ud30c\uc77c \uc2dc\uc791\uae4c\uc9c0 23\ucd08", "done": 61, "total": 90}
{"active": true, "message": "\ud30c\uc77c \uc0ac\uc774 \ud734\uc2dd \u00b7 \ub2e4\uc74c \ud30c\uc77c \uc2dc\uc791\uae4c\uc9c0 18\ucd08", "done": 61, "total": 90}
{"active": true, "message": "\ud30c\uc77c \uc0ac\uc774 \ud734\uc2dd \u00b7 \ub2e4\uc74c \ud30c\uc77c \uc2dc\uc791\uae4c\uc9c0 13\ucd08", "done": 61, "total": 90}
{"active": true, "message": "\ud30c\uc77c \uc0ac\uc774 \ud734\uc2dd \u00b7 \ub2e4\uc74c \ud30c\uc77c \uc2dc\uc791\uae4c\uc9c0 8\ucd08", "done": 61, "total": 90}
{"active": true, "message": "\ud30c\uc77c \uc0ac\uc774 \ud734\uc2dd \u00b7 \ub2e4\uc74c \ud30c\uc77c \uc2dc\uc791\uae4c\uc9c0 3\ucd08", "done": 61, "total": 90}
{"active": true, "message": "T09.png \u00b7 TRELLIS \uc0dd\uc131 \uc911", "done": 61, "total": 90}
{"active": true, "message": "T09.png \u00b7 shape \uc2dc\uac01\uac80\uc0ac", "done": 61, "total": 90}
{"active": true, "message": "T09.png \u00b7 Awaiting main-agent visual review: shape", "done": 61, "total": 90}
{"active": true, "message": "T09.png \u00b7 TRELLIS \uc0dd\uc131 \uc911", "done": 61, "total": 90}
{"active": true, "message": "T09.png \u00b7 texture_source \uc2dc\uac01\uac80\uc0ac", "done": 61, "total": 90}
{"active": true, "message": "T09.png \u00b7 Awaiting main-agent visual review: texture_source", "done": 61, "total": 90}
{"active": true, "message": "T09.png \u00b7 TRELLIS \uc0dd\uc131 \uc911", "done": 61, "total": 90}
{"active": true, "message": "T09.png \u00b7 shape \uc2dc\uac01\uac80\uc0ac", "done": 61, "total": 90}
{"active": true, "message": "T09.png \u00b7 Awaiting main-agent visual review: shape", "done": 61, "total": 90}
{"active": true, "message": "T09.png \u00b7 TRELLIS \uc0dd\uc131 \uc911", "done": 61, "total": 90}
{"active": true, "message": "T09.png \u00b7 shape \uc2dc\uac01\uac80\uc0ac", "done": 61, "total": 90}
{"active": true, "message": "T09.png \u00b7 Awaiting main-agent visual review: shape", "done": 61, "total": 90}
{"active": true, "message": "\ud30c\uc77c \uc0ac\uc774 \ud734\uc2dd \u00b7 \ub2e4\uc74c \ud30c\uc77c \uc2dc\uc791\uae4c\uc9c0 60\ucd08", "done": 61, "total": 90}
{"active": true, "message": "\ud30c\uc77c \uc0ac\uc774 \ud734\uc2dd \u00b7 \ub2e4\uc74c \ud30c\uc77c \uc2dc\uc791\uae4c\uc9c0 55\ucd08", "done": 61, "total": 90}
{"active": true, "message": "\ud30c\uc77c \uc0ac\uc774 \ud734\uc2dd \u00b7 \ub2e4\uc74c \ud30c\uc77c \uc2dc\uc791\uae4c\uc9c0 50\ucd08", "done": 61, "total": 90}
{"active": true, "message": "\ud30c\uc77c \uc0ac\uc774 \ud734\uc2dd \u00b7 \ub2e4\uc74c \ud30c\uc77c \uc2dc\uc791\uae4c\uc9c0 45\ucd08", "done": 61, "total": 90}
{"active": true, "message": "\ud30c\uc77c \uc0ac\uc774 \ud734\uc2dd \u00b7 \ub2e4\uc74c \ud30c\uc77c \uc2dc\uc791\uae4c\uc9c0 40\ucd08", "done": 61, "total": 90}
{"active": true, "message": "\ud30c\uc77c \uc0ac\uc774 \ud734\uc2dd \u00b7 \ub2e4\uc74c \ud30c\uc77c \uc2dc\uc791\uae4c\uc9c0 35\ucd08", "done": 61, "total": 90}
{"active": true, "message": "\ud30c\uc77c \uc0ac\uc774 \ud734\uc2dd \u00b7 \ub2e4\uc74c \ud30c\uc77c \uc2dc\uc791\uae4c\uc9c0 30\ucd08", "done": 61, "total": 90}
{"active": true, "message": "\ud30c\uc77c \uc0ac\uc774 \ud734\uc2dd \u00b7 \ub2e4\uc74c \ud30c\uc77c \uc2dc\uc791\uae4c\uc9c0 25\ucd08", "done": 61, "total": 90}
{"active": true, "message": "\ud30c\uc77c \uc0ac\uc774 \ud734\uc2dd \u00b7 \ub2e4\uc74c \ud30c\uc77c \uc2dc\uc791\uae4c\uc9c0 19\ucd08", "done": 61, "total": 90}
{"active": true, "message": "\ud30c\uc77c \uc0ac\uc774 \ud734\uc2dd \u00b7 \ub2e4\uc74c \ud30c\uc77c \uc2dc\uc791\uae4c\uc9c0 14\ucd08", "done": 61, "total": 90}
{"active": true, "message": "\ud30c\uc77c \uc0ac\uc774 \ud734\uc2dd \u00b7 \ub2e4\uc74c \ud30c\uc77c \uc2dc\uc791\uae4c\uc9c0 9\ucd08", "done": 61, "total": 90}
{"active": true, "message": "\ud30c\uc77c \uc0ac\uc774 \ud734\uc2dd \u00b7 \ub2e4\uc74c \ud30c\uc77c \uc2dc\uc791\uae4c\uc9c0 4\ucd08", "done": 61, "total": 90}
{"active": true, "message": "V01.png \u00b7 TRELLIS \uc0dd\uc131 \uc911", "done": 61, "total": 90}
{"active": true, "message": "V01.png \u00b7 shape \uc2dc\uac01\uac80\uc0ac", "done": 61, "total": 90}
{"active": true, "message": "V01.png \u00b7 Awaiting main-agent visual review: shape", "done": 61, "total": 90}
{"active": true, "message": "V01.png \u00b7 TRELLIS \uc0dd\uc131 \uc911", "done": 61, "total": 90}
{"active": true, "message": "V01.png \u00b7 texture_source \uc2dc\uac01\uac80\uc0ac", "done": 61, "total": 90}
{"active": true, "message": "V01.png \u00b7 Awaiting main-agent visual review: texture_source", "done": 61, "total": 90}
{"active": true, "message": "V01.png \u00b7 Blender parts \uac10\ub7c9\u00b7\ubca0\uc774\ud06c", "done": 61, "total": 90}
{"active": true, "message": "V01.png \u00b7 Blender \u00b7 Bake BaseColor", "done": 61, "total": 90}
{"active": true, "message": "V01.png \u00b7 Blender \u00b7 Export FBX and GLB", "done": 61, "total": 90}
{"active": true, "message": "V01.png \u00b7 final_compare \uc2dc\uac01\uac80\uc0ac", "done": 61, "total": 90}
{"active": true, "message": "V01.png \u00b7 Awaiting main-agent visual review: final_compare", "done": 61, "total": 90}
{"active": true, "message": "\ud30c\uc77c \uc0ac\uc774 \ud734\uc2dd \u00b7 \ub2e4\uc74c \ud30c\uc77c \uc2dc\uc791\uae4c\uc9c0 58\ucd08", "done": 62, "total": 90}
{"active": true, "message": "\ud30c\uc77c \uc0ac\uc774 \ud734\uc2dd \u00b7 \ub2e4\uc74c \ud30c\uc77c \uc2dc\uc791\uae4c\uc9c0 53\ucd08", "done": 62, "total": 90}
{"active": true, "message": "\ud30c\uc77c \uc0ac\uc774 \ud734\uc2dd \u00b7 \ub2e4\uc74c \ud30c\uc77c \uc2dc\uc791\uae4c\uc9c0 48\ucd08", "done": 62, "total": 90}
{"active": true, "message": "\ud30c\uc77c \uc0ac\uc774 \ud734\uc2dd \u00b7 \ub2e4\uc74c \ud30c\uc77c \uc2dc\uc791\uae4c\uc9c0 43\ucd08", "done": 62, "total": 90}
{"active": true, "message": "\ud30c\uc77c \uc0ac\uc774 \ud734\uc2dd \u00b7 \ub2e4\uc74c \ud30c\uc77c \uc2dc\uc791\uae4c\uc9c0 37\ucd08", "done": 62, "total": 90}
{"active": true, "message": "\ud30c\uc77c \uc0ac\uc774 \ud734\uc2dd \u00b7 \ub2e4\uc74c \ud30c\uc77c \uc2dc\uc791\uae4c\uc9c0 32\ucd08", "done": 62, "total": 90}
{"active": true, "message": "\ud30c\uc77c \uc0ac\uc774 \ud734\uc2dd \u00b7 \ub2e4\uc74c \ud30c\uc77c \uc2dc\uc791\uae4c\uc9c0 27\ucd08", "done": 62, "total": 90}
{"active": true, "message": "\ud30c\uc77c \uc0ac\uc774 \ud734\uc2dd \u00b7 \ub2e4\uc74c \ud30c\uc77c \uc2dc\uc791\uae4c\uc9c0 22\ucd08", "done": 62, "total": 90}
{"active": true, "message": "\ud30c\uc77c \uc0ac\uc774 \ud734\uc2dd \u00b7 \ub2e4\uc74c \ud30c\uc77c \uc2dc\uc791\uae4c\uc9c0 17\ucd08", "done": 62, "total": 90}
{"active": true, "message": "\ud30c\uc77c \uc0ac\uc774 \ud734\uc2dd \u00b7 \ub2e4\uc74c \ud30c\uc77c \uc2dc\uc791\uae4c\uc9c0 12\ucd08", "done": 62, "total": 90}
{"active": true, "message": "\ud30c\uc77c \uc0ac\uc774 \ud734\uc2dd \u00b7 \ub2e4\uc74c \ud30c\uc77c \uc2dc\uc791\uae4c\uc9c0 7\ucd08", "done": 62, "total": 90}
{"active": true, "message": "\ud30c\uc77c \uc0ac\uc774 \ud734\uc2dd \u00b7 \ub2e4\uc74c \ud30c\uc77c \uc2dc\uc791\uae4c\uc9c0 2\ucd08", "done": 62, "total": 90}
{"active": true, "message": "V02.png \u00b7 TRELLIS \uc0dd\uc131 \uc911", "done": 62, "total": 90}
{"active": true, "message": "V02.png \u00b7 shape \uc2dc\uac01\uac80\uc0ac", "done": 62, "total": 90}
{"active": true, "message": "V02.png \u00b7 Awaiting main-agent visual review: shape", "done": 62, "total": 90}
{"active": true, "message": "V02.png \u00b7 TRELLIS \uc0dd\uc131 \uc911", "done": 62, "total": 90}
{"active": true, "message": "V02.png \u00b7 texture_source \uc2dc\uac01\uac80\uc0ac", "done": 62, "total": 90}
{"active": true, "message": "V02.png \u00b7 Awaiting main-agent visual review: texture_source", "done": 62, "total": 90}
{"active": true, "message": "V02.png \u00b7 Blender \u00b7 Reduce triangle count", "done": 62, "total": 90}
{"active": true, "message": "V02.png \u00b7 Blender \u00b7 Bake Metallic", "done": 62, "total": 90}
{"active": true, "message": "V02.png \u00b7 Blender \u00b7 Render preview", "done": 62, "total": 90}
{"active": true, "message": "V02.png \u00b7 final_compare \uc2dc\uac01\uac80\uc0ac", "done": 62, "total": 90}
{"active": true, "message": "V02.png \u00b7 Awaiting main-agent visual review: final_compare", "done": 62, "total": 90}
{"active": true, "message": "\ud30c\uc77c \uc0ac\uc774 \ud734\uc2dd \u00b7 \ub2e4\uc74c \ud30c\uc77c \uc2dc\uc791\uae4c\uc9c0 60\ucd08", "done": 63, "total": 90}
{"active": true, "message": "\ud30c\uc77c \uc0ac\uc774 \ud734\uc2dd \u00b7 \ub2e4\uc74c \ud30c\uc77c \uc2dc\uc791\uae4c\uc9c0 55\ucd08", "done": 63, "total": 90}
{"active": true, "message": "\ud30c\uc77c \uc0ac\uc774 \ud734\uc2dd \u00b7 \ub2e4\uc74c \ud30c\uc77c \uc2dc\uc791\uae4c\uc9c0 50\ucd08", "done": 63, "total": 90}
{"active": true, "message": "\ud30c\uc77c \uc0ac\uc774 \ud734\uc2dd \u00b7 \ub2e4\uc74c \ud30c\uc77c \uc2dc\uc791\uae4c\uc9c0 45\ucd08", "done": 63, "total": 90}
{"active": true, "message": "\ud30c\uc77c \uc0ac\uc774 \ud734\uc2dd \u00b7 \ub2e4\uc74c \ud30c\uc77c \uc2dc\uc791\uae4c\uc9c0 40\ucd08", "done": 63, "total": 90}
{"active": true, "message": "\ud30c\uc77c \uc0ac\uc774 \ud734\uc2dd \u00b7 \ub2e4\uc74c \ud30c\uc77c \uc2dc\uc791\uae4c\uc9c0 35\ucd08", "done": 63, "total": 90}
{"active": true, "message": "\ud30c\uc77c \uc0ac\uc774 \ud734\uc2dd \u00b7 \ub2e4\uc74c \ud30c\uc77c \uc2dc\uc791\uae4c\uc9c0 30\ucd08", "done": 63, "total": 90}
{"active": true, "message": "\ud30c\uc77c \uc0ac\uc774 \ud734\uc2dd \u00b7 \ub2e4\uc74c \ud30c\uc77c \uc2dc\uc791\uae4c\uc9c0 25\ucd08", "done": 63, "total": 90}
{"active": true, "message": "\ud30c\uc77c \uc0ac\uc774 \ud734\uc2dd \u00b7 \ub2e4\uc74c \ud30c\uc77c \uc2dc\uc791\uae4c\uc9c0 20\ucd08", "done": 63, "total": 90}
{"active": true, "message": "\ud30c\uc77c \uc0ac\uc774 \ud734\uc2dd \u00b7 \ub2e4\uc74c \ud30c\uc77c \uc2dc\uc791\uae4c\uc9c0 15\ucd08", "done": 63, "total": 90}
{"active": true, "message": "\ud30c\uc77c \uc0ac\uc774 \ud734\uc2dd \u00b7 \ub2e4\uc74c \ud30c\uc77c \uc2dc\uc791\uae4c\uc9c0 10\ucd08", "done": 63, "total": 90}
{"active": true, "message": "\ud30c\uc77c \uc0ac\uc774 \ud734\uc2dd \u00b7 \ub2e4\uc74c \ud30c\uc77c \uc2dc\uc791\uae4c\uc9c0 4\ucd08", "done": 63, "total": 90}
{"active": true, "message": "V03.png \u00b7 TRELLIS \uc0dd\uc131 \uc911", "done": 63, "total": 90}
{"active": true, "message": "V03.png \u00b7 shape \uc2dc\uac01\uac80\uc0ac", "done": 63, "total": 90}
{"active": true, "message": "V03.png \u00b7 Awaiting main-agent visual review: shape", "done": 63, "total": 90}
{"active": true, "message": "V03.png \u00b7 TRELLIS \uc0dd\uc131 \uc911", "done": 63, "total": 90}
{"active": true, "message": "V03.png \u00b7 shape \uc2dc\uac01\uac80\uc0ac", "done": 63, "total": 90}
{"active": true, "message": "V03.png \u00b7 Awaiting main-agent visual review: shape", "done": 63, "total": 90}
{"active": true, "message": "\ud30c\uc77c \uc0ac\uc774 \ud734\uc2dd \u00b7 \ub2e4\uc74c \ud30c\uc77c \uc2dc\uc791\uae4c\uc9c0 9\ucd08", "done": 63, "total": 90}
{"active": true, "message": "\ud30c\uc77c \uc0ac\uc774 \ud734\uc2dd \u00b7 \ub2e4\uc74c \ud30c\uc77c \uc2dc\uc791\uae4c\uc9c0 4\ucd08", "done": 63, "total": 90}
{"active": true, "message": "V03.png \u00b7 TRELLIS \uc0dd\uc131 \uc911", "done": 63, "total": 90}
{"active": true, "message": "V03.png \u00b7 texture_source \uc2dc\uac01\uac80\uc0ac", "done": 63, "total": 90}
{"active": true, "message": "V03.png \u00b7 Awaiting main-agent visual review: texture_source", "done": 63, "total": 90}
{"active": true, "message": "V03.png \u00b7 Blender \u00b7 Clean mesh", "done": 63, "total": 90}
{"active": true, "message": "V03.png \u00b7 Blender \u00b7 Bake Roughness", "done": 63, "total": 90}
{"active": true, "message": "V03.png \u00b7 Blender \u00b7 Render preview", "done": 63, "total": 90}
{"active": true, "message": "V03.png \u00b7 final_compare \uc2dc\uac01\uac80\uc0ac", "done": 63, "total": 90}
{"active": true, "message": "V03.png \u00b7 Awaiting main-agent visual review: final_compare", "done": 63, "total": 90}
{"active": true, "message": "\ud30c\uc77c \uc0ac\uc774 \ud734\uc2dd \u00b7 \ub2e4\uc74c \ud30c\uc77c \uc2dc\uc791\uae4c\uc9c0 57\ucd08", "done": 64, "total": 90}
{"active": true, "message": "\ud30c\uc77c \uc0ac\uc774 \ud734\uc2dd \u00b7 \ub2e4\uc74c \ud30c\uc77c \uc2dc\uc791\uae4c\uc9c0 52\ucd08", "done": 64, "total": 90}
{"active": true, "message": "\ud30c\uc77c \uc0ac\uc774 \ud734\uc2dd \u00b7 \ub2e4\uc74c \ud30c\uc77c \uc2dc\uc791\uae4c\uc9c0 47\ucd08", "done": 64, "total": 90}
{"active": true, "message": "\ud30c\uc77c \uc0ac\uc774 \ud734\uc2dd \u00b7 \ub2e4\uc74c \ud30c\uc77c \uc2dc\uc791\uae4c\uc9c0 42\ucd08", "done": 64, "total": 90}
{"active": true, "message": "\ud30c\uc77c \uc0ac\uc774 \ud734\uc2dd \u00b7 \ub2e4\uc74c \ud30c\uc77c \uc2dc\uc791\uae4c\uc9c0 36\ucd08", "done": 64, "total": 90}
{"active": true, "message": "\ud30c\uc77c \uc0ac\uc774 \ud734\uc2dd \u00b7 \ub2e4\uc74c \ud30c\uc77c \uc2dc\uc791\uae4c\uc9c0 31\ucd08", "done": 64, "total": 90}
{"active": true, "message": "\ud30c\uc77c \uc0ac\uc774 \ud734\uc2dd \u00b7 \ub2e4\uc74c \ud30c\uc77c \uc2dc\uc791\uae4c\uc9c0 26\ucd08", "done": 64, "total": 90}
{"active": true, "message": "\ud30c\uc77c \uc0ac\uc774 \ud734\uc2dd \u00b7 \ub2e4\uc74c \ud30c\uc77c \uc2dc\uc791\uae4c\uc9c0 21\ucd08", "done": 64, "total": 90}
{"active": true, "message": "\ud30c\uc77c \uc0ac\uc774 \ud734\uc2dd \u00b7 \ub2e4\uc74c \ud30c\uc77c \uc2dc\uc791\uae4c\uc9c0 16\ucd08", "done": 64, "total": 90}
{"active": true, "message": "\ud30c\uc77c \uc0ac\uc774 \ud734\uc2dd \u00b7 \ub2e4\uc74c \ud30c\uc77c \uc2dc\uc791\uae4c\uc9c0 11\ucd08", "done": 64, "total": 90}
{"active": true, "message": "\ud30c\uc77c \uc0ac\uc774 \ud734\uc2dd \u00b7 \ub2e4\uc74c \ud30c\uc77c \uc2dc\uc791\uae4c\uc9c0 6\ucd08", "done": 64, "total": 90}
{"active": true, "message": "V04.png \u00b7 TRELLIS \uc0dd\uc131 \uc911", "done": 64, "total": 90}
