{"pid": 45060, "started": 1790221700.8338313, "script": "C:\\Users\\ljh\\tralalero Shooter\\tools\\run-reststop-trellis-production.py", "threads": 4, "logicalProcessors": [0, 1, 2, 3, 4, 5, 6, 7], "priority": "below-normal", "availableMemoryBytes": 23383060480}
{"active": true, "message": "\ud30c\uc77c \ubaa9\ub85d\uc744 \uc900\ube44\ud558\uace0 \uc788\uc2b5\ub2c8\ub2e4.", "done": 0, "total": 0}
{"active": true, "message": "\ud30c\uc77c \uc0ac\uc774 \ud734\uc2dd \u00b7 \ub2e4\uc74c \ud30c\uc77c \uc2dc\uc791\uae4c\uc9c0 56\ucd08", "done": 24, "total": 90}
{"active": true, "message": "\ud30c\uc77c \uc0ac\uc774 \ud734\uc2dd \u00b7 \ub2e4\uc74c \ud30c\uc77c \uc2dc\uc791\uae4c\uc9c0 51\ucd08", "done": 24, "total": 90}
{"active": true, "message": "\ud30c\uc77c \uc0ac\uc774 \ud734\uc2dd \u00b7 \ub2e4\uc74c \ud30c\uc77c \uc2dc\uc791\uae4c\uc9c0 46\ucd08", "done": 24, "total": 90}
{"active": true, "message": "\ud30c\uc77c \uc0ac\uc774 \ud734\uc2dd \u00b7 \ub2e4\uc74c \ud30c\uc77c \uc2dc\uc791\uae4c\uc9c0 41\ucd08", "done": 24, "total": 90}
{"active": true, "message": "\ud30c\uc77c \uc0ac\uc774 \ud734\uc2dd \u00b7 \ub2e4\uc74c \ud30c\uc77c \uc2dc\uc791\uae4c\uc9c0 36\ucd08", "done": 24, "total": 90}
{"active": true, "message": "\ud30c\uc77c \uc0ac\uc774 \ud734\uc2dd \u00b7 \ub2e4\uc74c \ud30c\uc77c \uc2dc\uc791\uae4c\uc9c0 31\ucd08", "done": 24, "total": 90}
{"active": true, "message": "\ud30c\uc77c \uc0ac\uc774 \ud734\uc2dd \u00b7 \ub2e4\uc74c \ud30c\uc77c \uc2dc\uc791\uae4c\uc9c0 26\ucd08", "done": 24, "total": 90}
{"active": true, "message": "\ud30c\uc77c \uc0ac\uc774 \ud734\uc2dd \u00b7 \ub2e4\uc74c \ud30c\uc77c \uc2dc\uc791\uae4c\uc9c0 21\ucd08", "done": 24, "total": 90}
{"active": true, "message": "\ud30c\uc77c \uc0ac\uc774 \ud734\uc2dd \u00b7 \ub2e4\uc74c \ud30c\uc77c \uc2dc\uc791\uae4c\uc9c0 16\ucd08", "done": 24, "total": 90}
{"active": true, "message": "\ud30c\uc77c \uc0ac\uc774 \ud734\uc2dd \u00b7 \ub2e4\uc74c \ud30c\uc77c \uc2dc\uc791\uae4c\uc9c0 11\ucd08", "done": 24, "total": 90}
{"active": true, "message": "\ud30c\uc77c \uc0ac\uc774 \ud734\uc2dd \u00b7 \ub2e4\uc74c \ud30c\uc77c \uc2dc\uc791\uae4c\uc9c0 6\ucd08", "done": 24, "total": 90}
{"active": true, "message": "F04.png \u00b7 TRELLIS \uc0dd\uc131 \uc911", "done": 24, "total": 90}
{"active": true, "message": "F04.png \u00b7 shape \uc2dc\uac01\uac80\uc0ac", "done": 24, "total": 90}
{"active": true, "message": "F04.png \u00b7 Awaiting main-agent visual review: shape", "done": 24, "total": 90}
{"active": true, "message": "F04.png \u00b7 TRELLIS \uc0dd\uc131 \uc911", "done": 24, "total": 90}
{"active": true, "message": "F04.png \u00b7 texture_source \uc2dc\uac01\uac80\uc0ac", "done": 24, "total": 90}
{"active": true, "message": "F04.png \u00b7 Awaiting main-agent visual review: texture_source", "done": 24, "total": 90}
{"active": true, "message": "F04.png \u00b7 Blender parts \uac10\ub7c9\u00b7\ubca0\uc774\ud06c", "done": 24, "total": 90}
{"finished": true, "message": "\uc911\uc9c0\ub428 \u00b7 \ub2e4\uc2dc \uc2dc\uc791\ud558\uba74 \uc774\uc5b4\uc11c \ucc98\ub9ac\ud569\ub2c8\ub2e4."}
