{"pid": 33332, "started": 1790249807.6471052, "script": "C:\\Users\\ljh\\tralalero Shooter\\tools\\run-reststop-trellis-production.py", "threads": 4, "logicalProcessors": [0, 1, 2, 3, 4, 5, 6, 7], "priority": "below-normal", "availableMemoryBytes": 23083028480}
{"active": true, "message": "\ud30c\uc77c \ubaa9\ub85d\uc744 \uc900\ube44\ud558\uace0 \uc788\uc2b5\ub2c8\ub2e4.", "done": 0, "total": 0}
{"active": true, "message": "\ud30c\uc77c \uc0ac\uc774 \ud734\uc2dd \u00b7 \ub2e4\uc74c \ud30c\uc77c \uc2dc\uc791\uae4c\uc9c0 56\ucd08", "done": 44, "total": 90}
{"active": true, "message": "\ud30c\uc77c \uc0ac\uc774 \ud734\uc2dd \u00b7 \ub2e4\uc74c \ud30c\uc77c \uc2dc\uc791\uae4c\uc9c0 51\ucd08", "done": 44, "total": 90}
{"active": true, "message": "\ud30c\uc77c \uc0ac\uc774 \ud734\uc2dd \u00b7 \ub2e4\uc74c \ud30c\uc77c \uc2dc\uc791\uae4c\uc9c0 46\ucd08", "done": 44, "total": 90}
{"active": true, "message": "\ud30c\uc77c \uc0ac\uc774 \ud734\uc2dd \u00b7 \ub2e4\uc74c \ud30c\uc77c \uc2dc\uc791\uae4c\uc9c0 41\ucd08", "done": 44, "total": 90}
{"active": true, "message": "\ud30c\uc77c \uc0ac\uc774 \ud734\uc2dd \u00b7 \ub2e4\uc74c \ud30c\uc77c \uc2dc\uc791\uae4c\uc9c0 36\ucd08", "done": 44, "total": 90}
{"active": true, "message": "\ud30c\uc77c \uc0ac\uc774 \ud734\uc2dd \u00b7 \ub2e4\uc74c \ud30c\uc77c \uc2dc\uc791\uae4c\uc9c0 31\ucd08", "done": 44, "total": 90}
{"active": true, "message": "\ud30c\uc77c \uc0ac\uc774 \ud734\uc2dd \u00b7 \ub2e4\uc74c \ud30c\uc77c \uc2dc\uc791\uae4c\uc9c0 26\ucd08", "done": 44, "total": 90}
{"active": true, "message": "\ud30c\uc77c \uc0ac\uc774 \ud734\uc2dd \u00b7 \ub2e4\uc74c \ud30c\uc77c \uc2dc\uc791\uae4c\uc9c0 20\ucd08", "done": 44, "total": 90}
{"active": true, "message": "\ud30c\uc77c \uc0ac\uc774 \ud734\uc2dd \u00b7 \ub2e4\uc74c \ud30c\uc77c \uc2dc\uc791\uae4c\uc9c0 15\ucd08", "done": 44, "total": 90}
{"active": true, "message": "\ud30c\uc77c \uc0ac\uc774 \ud734\uc2dd \u00b7 \ub2e4\uc74c \ud30c\uc77c \uc2dc\uc791\uae4c\uc9c0 10\ucd08", "done": 44, "total": 90}
{"active": true, "message": "\ud30c\uc77c \uc0ac\uc774 \ud734\uc2dd \u00b7 \ub2e4\uc74c \ud30c\uc77c \uc2dc\uc791\uae4c\uc9c0 5\ucd08", "done": 44, "total": 90}
{"active": true, "message": "\ud30c\uc77c \uc0ac\uc774 \ud734\uc2dd \u00b7 \ub2e4\uc74c \ud30c\uc77c \uc2dc\uc791\uae4c\uc9c0 60\ucd08", "done": 44, "total": 90}
{"active": true, "message": "\ud30c\uc77c \uc0ac\uc774 \ud734\uc2dd \u00b7 \ub2e4\uc74c \ud30c\uc77c \uc2dc\uc791\uae4c\uc9c0 55\ucd08", "done": 44, "total": 90}
{"active": true, "message": "\ud30c\uc77c \uc0ac\uc774 \ud734\uc2dd \u00b7 \ub2e4\uc74c \ud30c\uc77c \uc2dc\uc791\uae4c\uc9c0 50\ucd08", "done": 44, "total": 90}
{"active": true, "message": "\ud30c\uc77c \uc0ac\uc774 \ud734\uc2dd \u00b7 \ub2e4\uc74c \ud30c\uc77c \uc2dc\uc791\uae4c\uc9c0 44\ucd08", "done": 44, "total": 90}
{"active": true, "message": "\ud30c\uc77c \uc0ac\uc774 \ud734\uc2dd \u00b7 \ub2e4\uc74c \ud30c\uc77c \uc2dc\uc791\uae4c\uc9c0 39\ucd08", "done": 44, "total": 90}
{"active": true, "message": "\ud30c\uc77c \uc0ac\uc774 \ud734\uc2dd \u00b7 \ub2e4\uc74c \ud30c\uc77c \uc2dc\uc791\uae4c\uc9c0 34\ucd08", "done": 44, "total": 90}
{"active": true, "message": "\ud30c\uc77c \uc0ac\uc774 \ud734\uc2dd \u00b7 \ub2e4\uc74c \ud30c\uc77c \uc2dc\uc791\uae4c\uc9c0 29\ucd08", "done": 44, "total": 90}
{"active": true, "message": "\ud30c\uc77c \uc0ac\uc774 \ud734\uc2dd \u00b7 \ub2e4\uc74c \ud30c\uc77c \uc2dc\uc791\uae4c\uc9c0 24\ucd08", "done": 44, "total": 90}
{"active": true, "message": "\ud30c\uc77c \uc0ac\uc774 \ud734\uc2dd \u00b7 \ub2e4\uc74c \ud30c\uc77c \uc2dc\uc791\uae4c\uc9c0 19\ucd08", "done": 44, "total": 90}
{"active": true, "message": "\ud30c\uc77c \uc0ac\uc774 \ud734\uc2dd \u00b7 \ub2e4\uc74c \ud30c\uc77c \uc2dc\uc791\uae4c\uc9c0 14\ucd08", "done": 44, "total": 90}
{"active": true, "message": "\ud30c\uc77c \uc0ac\uc774 \ud734\uc2dd \u00b7 \ub2e4\uc74c \ud30c\uc77c \uc2dc\uc791\uae4c\uc9c0 9\ucd08", "done": 44, "total": 90}
{"active": true, "message": "\ud30c\uc77c \uc0ac\uc774 \ud734\uc2dd \u00b7 \ub2e4\uc74c \ud30c\uc77c \uc2dc\uc791\uae4c\uc9c0 4\ucd08", "done": 44, "total": 90}
{"active": true, "message": "\ud30c\uc77c \uc0ac\uc774 \ud734\uc2dd \u00b7 \ub2e4\uc74c \ud30c\uc77c \uc2dc\uc791\uae4c\uc9c0 58\ucd08", "done": 44, "total": 90}
{"active": true, "message": "\ud30c\uc77c \uc0ac\uc774 \ud734\uc2dd \u00b7 \ub2e4\uc74c \ud30c\uc77c \uc2dc\uc791\uae4c\uc9c0 53\ucd08", "done": 44, "total": 90}
{"active": true, "message": "\ud30c\uc77c \uc0ac\uc774 \ud734\uc2dd \u00b7 \ub2e4\uc74c \ud30c\uc77c \uc2dc\uc791\uae4c\uc9c0 48\ucd08", "done": 44, "total": 90}
{"active": true, "message": "\ud30c\uc77c \uc0ac\uc774 \ud734\uc2dd \u00b7 \ub2e4\uc74c \ud30c\uc77c \uc2dc\uc791\uae4c\uc9c0 43\ucd08", "done": 44, "total": 90}
{"active": true, "message": "\ud30c\uc77c \uc0ac\uc774 \ud734\uc2dd \u00b7 \ub2e4\uc74c \ud30c\uc77c \uc2dc\uc791\uae4c\uc9c0 38\ucd08", "done": 44, "total": 90}
{"active": true, "message": "\ud30c\uc77c \uc0ac\uc774 \ud734\uc2dd \u00b7 \ub2e4\uc74c \ud30c\uc77c \uc2dc\uc791\uae4c\uc9c0 33\ucd08", "done": 44, "total": 90}
{"active": true, "message": "\ud30c\uc77c \uc0ac\uc774 \ud734\uc2dd \u00b7 \ub2e4\uc74c \ud30c\uc77c \uc2dc\uc791\uae4c\uc9c0 28\ucd08", "done": 44, "total": 90}
{"active": true, "message": "\ud30c\uc77c \uc0ac\uc774 \ud734\uc2dd \u00b7 \ub2e4\uc74c \ud30c\uc77c \uc2dc\uc791\uae4c\uc9c0 23\ucd08", "done": 44, "total": 90}
{"active": true, "message": "\ud30c\uc77c \uc0ac\uc774 \ud734\uc2dd \u00b7 \ub2e4\uc74c \ud30c\uc77c \uc2dc\uc791\uae4c\uc9c0 18\ucd08", "done": 44, "total": 90}
{"active": true, "message": "\ud30c\uc77c \uc0ac\uc774 \ud734\uc2dd \u00b7 \ub2e4\uc74c \ud30c\uc77c \uc2dc\uc791\uae4c\uc9c0 13\ucd08", "done": 44, "total": 90}
{"active": true, "message": "\ud30c\uc77c \uc0ac\uc774 \ud734\uc2dd \u00b7 \ub2e4\uc74c \ud30c\uc77c \uc2dc\uc791\uae4c\uc9c0 8\ucd08", "done": 44, "total": 90}
{"active": true, "message": "\ud30c\uc77c \uc0ac\uc774 \ud734\uc2dd \u00b7 \ub2e4\uc74c \ud30c\uc77c \uc2dc\uc791\uae4c\uc9c0 3\ucd08", "done": 44, "total": 90}
{"active": true, "message": "R12.png \u00b7 TRELLIS \uc0dd\uc131 \uc911", "done": 44, "total": 90}
{"active": true, "message": "R12.png \u00b7 shape \uc2dc\uac01\uac80\uc0ac", "done": 44, "total": 90}
{"active": true, "message": "R12.png \u00b7 Awaiting main-agent visual review: shape", "done": 44, "total": 90}
{"active": true, "message": "\ud30c\uc77c \uc0ac\uc774 \ud734\uc2dd \u00b7 \ub2e4\uc74c \ud30c\uc77c \uc2dc\uc791\uae4c\uc9c0 58\ucd08", "done": 44, "total": 90}
{"active": true, "message": "\ud30c\uc77c \uc0ac\uc774 \ud734\uc2dd \u00b7 \ub2e4\uc74c \ud30c\uc77c \uc2dc\uc791\uae4c\uc9c0 53\ucd08", "done": 44, "total": 90}
{"active": true, "message": "\ud30c\uc77c \uc0ac\uc774 \ud734\uc2dd \u00b7 \ub2e4\uc74c \ud30c\uc77c \uc2dc\uc791\uae4c\uc9c0 48\ucd08", "done": 44, "total": 90}
{"active": true, "message": "\ud30c\uc77c \uc0ac\uc774 \ud734\uc2dd \u00b7 \ub2e4\uc74c \ud30c\uc77c \uc2dc\uc791\uae4c\uc9c0 43\ucd08", "done": 44, "total": 90}
{"active": true, "message": "\ud30c\uc77c \uc0ac\uc774 \ud734\uc2dd \u00b7 \ub2e4\uc74c \ud30c\uc77c \uc2dc\uc791\uae4c\uc9c0 38\ucd08", "done": 44, "total": 90}
{"active": true, "message": "\ud30c\uc77c \uc0ac\uc774 \ud734\uc2dd \u00b7 \ub2e4\uc74c \ud30c\uc77c \uc2dc\uc791\uae4c\uc9c0 33\ucd08", "done": 44, "total": 90}
{"active": true, "message": "\ud30c\uc77c \uc0ac\uc774 \ud734\uc2dd \u00b7 \ub2e4\uc74c \ud30c\uc77c \uc2dc\uc791\uae4c\uc9c0 28\ucd08", "done": 44, "total": 90}
{"active": true, "message": "\ud30c\uc77c \uc0ac\uc774 \ud734\uc2dd \u00b7 \ub2e4\uc74c \ud30c\uc77c \uc2dc\uc791\uae4c\uc9c0 23\ucd08", "done": 44, "total": 90}
{"active": true, "message": "\ud30c\uc77c \uc0ac\uc774 \ud734\uc2dd \u00b7 \ub2e4\uc74c \ud30c\uc77c \uc2dc\uc791\uae4c\uc9c0 18\ucd08", "done": 44, "total": 90}
{"active": true, "message": "\ud30c\uc77c \uc0ac\uc774 \ud734\uc2dd \u00b7 \ub2e4\uc74c \ud30c\uc77c \uc2dc\uc791\uae4c\uc9c0 13\ucd08", "done": 44, "total": 90}
{"active": true, "message": "\ud30c\uc77c \uc0ac\uc774 \ud734\uc2dd \u00b7 \ub2e4\uc74c \ud30c\uc77c \uc2dc\uc791\uae4c\uc9c0 8\ucd08", "done": 44, "total": 90}
{"active": true, "message": "\ud30c\uc77c \uc0ac\uc774 \ud734\uc2dd \u00b7 \ub2e4\uc74c \ud30c\uc77c \uc2dc\uc791\uae4c\uc9c0 3\ucd08", "done": 44, "total": 90}
{"active": true, "message": "S01.png \u00b7 TRELLIS \uc0dd\uc131 \uc911", "done": 44, "total": 90}
{"active": true, "message": "S01.png \u00b7 shape \uc2dc\uac01\uac80\uc0ac", "done": 44, "total": 90}
{"active": true, "message": "S01.png \u00b7 Awaiting main-agent visual review: shape", "done": 44, "total": 90}
{"active": true, "message": "S01.png \u00b7 TRELLIS \uc0dd\uc131 \uc911", "done": 44, "total": 90}
{"active": true, "message": "S01.png \u00b7 texture_source \uc2dc\uac01\uac80\uc0ac", "done": 44, "total": 90}
{"active": true, "message": "S01.png \u00b7 Awaiting main-agent visual review: texture_source", "done": 44, "total": 90}
{"active": true, "message": "S01.png \u00b7 TRELLIS \uc0dd\uc131 \uc911", "done": 44, "total": 90}
{"active": true, "message": "S01.png \u00b7 shape \uc2dc\uac01\uac80\uc0ac", "done": 44, "total": 90}
{"active": true, "message": "S01.png \u00b7 Awaiting main-agent visual review: shape", "done": 44, "total": 90}
{"active": true, "message": "S01.png \u00b7 TRELLIS \uc0dd\uc131 \uc911", "done": 44, "total": 90}
{"active": true, "message": "S01.png \u00b7 texture_source \uc2dc\uac01\uac80\uc0ac", "done": 44, "total": 90}
{"active": true, "message": "S01.png \u00b7 Awaiting main-agent visual review: texture_source", "done": 44, "total": 90}
{"active": true, "message": "S01.png \u00b7 Blender \u00b7 Clean mesh", "done": 44, "total": 90}
{"active": true, "message": "S01.png \u00b7 Blender \u00b7 Bake Metallic", "done": 44, "total": 90}
{"active": true, "message": "S01.png \u00b7 Blender \u00b7 Render preview", "done": 44, "total": 90}
{"active": true, "message": "S01.png \u00b7 final_compare \uc2dc\uac01\uac80\uc0ac", "done": 44, "total": 90}
{"active": true, "message": "S01.png \u00b7 Awaiting main-agent visual review: final_compare", "done": 44, "total": 90}
{"active": true, "message": "\ud30c\uc77c \uc0ac\uc774 \ud734\uc2dd \u00b7 \ub2e4\uc74c \ud30c\uc77c \uc2dc\uc791\uae4c\uc9c0 59\ucd08", "done": 45, "total": 90}
{"active": true, "message": "\ud30c\uc77c \uc0ac\uc774 \ud734\uc2dd \u00b7 \ub2e4\uc74c \ud30c\uc77c \uc2dc\uc791\uae4c\uc9c0 54\ucd08", "done": 45, "total": 90}
{"active": true, "message": "\ud30c\uc77c \uc0ac\uc774 \ud734\uc2dd \u00b7 \ub2e4\uc74c \ud30c\uc77c \uc2dc\uc791\uae4c\uc9c0 49\ucd08", "done": 45, "total": 90}
{"active": true, "message": "\ud30c\uc77c \uc0ac\uc774 \ud734\uc2dd \u00b7 \ub2e4\uc74c \ud30c\uc77c \uc2dc\uc791\uae4c\uc9c0 44\ucd08", "done": 45, "total": 90}
{"active": true, "message": "\ud30c\uc77c \uc0ac\uc774 \ud734\uc2dd \u00b7 \ub2e4\uc74c \ud30c\uc77c \uc2dc\uc791\uae4c\uc9c0 39\ucd08", "done": 45, "total": 90}
{"active": true, "message": "\ud30c\uc77c \uc0ac\uc774 \ud734\uc2dd \u00b7 \ub2e4\uc74c \ud30c\uc77c \uc2dc\uc791\uae4c\uc9c0 33\ucd08", "done": 45, "total": 90}
{"active": true, "message": "\ud30c\uc77c \uc0ac\uc774 \ud734\uc2dd \u00b7 \ub2e4\uc74c \ud30c\uc77c \uc2dc\uc791\uae4c\uc9c0 28\ucd08", "done": 45, "total": 90}
{"active": true, "message": "\ud30c\uc77c \uc0ac\uc774 \ud734\uc2dd \u00b7 \ub2e4\uc74c \ud30c\uc77c \uc2dc\uc791\uae4c\uc9c0 23\ucd08", "done": 45, "total": 90}
{"active": true, "message": "\ud30c\uc77c \uc0ac\uc774 \ud734\uc2dd \u00b7 \ub2e4\uc74c \ud30c\uc77c \uc2dc\uc791\uae4c\uc9c0 18\ucd08", "done": 45, "total": 90}
{"active": true, "message": "\ud30c\uc77c \uc0ac\uc774 \ud734\uc2dd \u00b7 \ub2e4\uc74c \ud30c\uc77c \uc2dc\uc791\uae4c\uc9c0 13\ucd08", "done": 45, "total": 90}
{"active": true, "message": "\ud30c\uc77c \uc0ac\uc774 \ud734\uc2dd \u00b7 \ub2e4\uc74c \ud30c\uc77c \uc2dc\uc791\uae4c\uc9c0 8\ucd08", "done": 45, "total": 90}
{"active": true, "message": "\ud30c\uc77c \uc0ac\uc774 \ud734\uc2dd \u00b7 \ub2e4\uc74c \ud30c\uc77c \uc2dc\uc791\uae4c\uc9c0 3\ucd08", "done": 45, "total": 90}
{"active": true, "message": "S02.png \u00b7 TRELLIS \uc0dd\uc131 \uc911", "done": 45, "total": 90}
{"active": true, "message": "S02.png \u00b7 shape \uc2dc\uac01\uac80\uc0ac", "done": 45, "total": 90}
{"active": true, "message": "S02.png \u00b7 Awaiting main-agent visual review: shape", "done": 45, "total": 90}
{"active": true, "message": "\ud30c\uc77c \uc0ac\uc774 \ud734\uc2dd \u00b7 \ub2e4\uc74c \ud30c\uc77c \uc2dc\uc791\uae4c\uc9c0 60\ucd08", "done": 45, "total": 90}
{"active": true, "message": "\ud30c\uc77c \uc0ac\uc774 \ud734\uc2dd \u00b7 \ub2e4\uc74c \ud30c\uc77c \uc2dc\uc791\uae4c\uc9c0 55\ucd08", "done": 45, "total": 90}
{"active": true, "message": "\ud30c\uc77c \uc0ac\uc774 \ud734\uc2dd \u00b7 \ub2e4\uc74c \ud30c\uc77c \uc2dc\uc791\uae4c\uc9c0 50\ucd08", "done": 45, "total": 90}
{"active": true, "message": "\ud30c\uc77c \uc0ac\uc774 \ud734\uc2dd \u00b7 \ub2e4\uc74c \ud30c\uc77c \uc2dc\uc791\uae4c\uc9c0 45\ucd08", "done": 45, "total": 90}
{"active": true, "message": "\ud30c\uc77c \uc0ac\uc774 \ud734\uc2dd \u00b7 \ub2e4\uc74c \ud30c\uc77c \uc2dc\uc791\uae4c\uc9c0 40\ucd08", "done": 45, "total": 90}
{"active": true, "message": "\ud30c\uc77c \uc0ac\uc774 \ud734\uc2dd \u00b7 \ub2e4\uc74c \ud30c\uc77c \uc2dc\uc791\uae4c\uc9c0 35\ucd08", "done": 45, "total": 90}
{"active": true, "message": "\ud30c\uc77c \uc0ac\uc774 \ud734\uc2dd \u00b7 \ub2e4\uc74c \ud30c\uc77c \uc2dc\uc791\uae4c\uc9c0 30\ucd08", "done": 45, "total": 90}
{"active": true, "message": "\ud30c\uc77c \uc0ac\uc774 \ud734\uc2dd \u00b7 \ub2e4\uc74c \ud30c\uc77c \uc2dc\uc791\uae4c\uc9c0 25\ucd08", "done": 45, "total": 90}
{"active": true, "message": "\ud30c\uc77c \uc0ac\uc774 \ud734\uc2dd \u00b7 \ub2e4\uc74c \ud30c\uc77c \uc2dc\uc791\uae4c\uc9c0 20\ucd08", "done": 45, "total": 90}
{"active": true, "message": "\ud30c\uc77c \uc0ac\uc774 \ud734\uc2dd \u00b7 \ub2e4\uc74c \ud30c\uc77c \uc2dc\uc791\uae4c\uc9c0 15\ucd08", "done": 45, "total": 90}
{"active": true, "message": "\ud30c\uc77c \uc0ac\uc774 \ud734\uc2dd \u00b7 \ub2e4\uc74c \ud30c\uc77c \uc2dc\uc791\uae4c\uc9c0 10\ucd08", "done": 45, "total": 90}
{"active": true, "message": "\ud30c\uc77c \uc0ac\uc774 \ud734\uc2dd \u00b7 \ub2e4\uc74c \ud30c\uc77c \uc2dc\uc791\uae4c\uc9c0 5\ucd08", "done": 45, "total": 90}
{"active": true, "message": "S03.png \u00b7 TRELLIS \uc0dd\uc131 \uc911", "done": 45, "total": 90}
{"active": true, "message": "S03.png \u00b7 shape \uc2dc\uac01\uac80\uc0ac", "done": 45, "total": 90}
{"active": true, "message": "S03.png \u00b7 Awaiting main-agent visual review: shape", "done": 45, "total": 90}
{"active": true, "message": "S03.png \u00b7 TRELLIS \uc0dd\uc131 \uc911", "done": 45, "total": 90}
{"active": true, "message": "S03.png \u00b7 texture_source \uc2dc\uac01\uac80\uc0ac", "done": 45, "total": 90}
{"active": true, "message": "S03.png \u00b7 Awaiting main-agent visual review: texture_source", "done": 45, "total": 90}
{"active": true, "message": "S03.png \u00b7 Blender \u00b7 Unwrap UV atlas", "done": 45, "total": 90}
{"active": true, "message": "S03.png \u00b7 Blender \u00b7 Bake Metallic", "done": 45, "total": 90}
{"active": true, "message": "S03.png \u00b7 Blender \u00b7 Render preview", "done": 45, "total": 90}
{"active": true, "message": "S03.png \u00b7 final_compare \uc2dc\uac01\uac80\uc0ac", "done": 45, "total": 90}
{"active": true, "message": "S03.png \u00b7 Awaiting main-agent visual review: final_compare", "done": 45, "total": 90}
{"active": true, "message": "S03.png \u00b7 Blender \u00b7 Import source GLB", "done": 45, "total": 90}
{"active": true, "message": "S03.png \u00b7 Blender \u00b7 Bake BaseColor", "done": 45, "total": 90}
{"active": true, "message": "S03.png \u00b7 Blender \u00b7 Bake Normal", "done": 45, "total": 90}
{"active": true, "message": "S03.png \u00b7 Blender \u00b7 Render preview", "done": 45, "total": 90}
{"active": true, "message": "S03.png \u00b7 final_compare \uc2dc\uac01\uac80\uc0ac", "done": 45, "total": 90}
{"active": true, "message": "S03.png \u00b7 Awaiting main-agent visual review: final_compare", "done": 45, "total": 90}
{"active": true, "message": "\ud30c\uc77c \uc0ac\uc774 \ud734\uc2dd \u00b7 \ub2e4\uc74c \ud30c\uc77c \uc2dc\uc791\uae4c\uc9c0 59\ucd08", "done": 46, "total": 90}
{"active": true, "message": "\ud30c\uc77c \uc0ac\uc774 \ud734\uc2dd \u00b7 \ub2e4\uc74c \ud30c\uc77c \uc2dc\uc791\uae4c\uc9c0 54\ucd08", "done": 46, "total": 90}
{"active": true, "message": "\ud30c\uc77c \uc0ac\uc774 \ud734\uc2dd \u00b7 \ub2e4\uc74c \ud30c\uc77c \uc2dc\uc791\uae4c\uc9c0 49\ucd08", "done": 46, "total": 90}
{"active": true, "message": "\ud30c\uc77c \uc0ac\uc774 \ud734\uc2dd \u00b7 \ub2e4\uc74c \ud30c\uc77c \uc2dc\uc791\uae4c\uc9c0 43\ucd08", "done": 46, "total": 90}
{"active": true, "message": "\ud30c\uc77c \uc0ac\uc774 \ud734\uc2dd \u00b7 \ub2e4\uc74c \ud30c\uc77c \uc2dc\uc791\uae4c\uc9c0 38\ucd08", "done": 46, "total": 90}
{"active": true, "message": "\ud30c\uc77c \uc0ac\uc774 \ud734\uc2dd \u00b7 \ub2e4\uc74c \ud30c\uc77c \uc2dc\uc791\uae4c\uc9c0 33\ucd08", "done": 46, "total": 90}
{"active": true, "message": "\ud30c\uc77c \uc0ac\uc774 \ud734\uc2dd \u00b7 \ub2e4\uc74c \ud30c\uc77c \uc2dc\uc791\uae4c\uc9c0 28\ucd08", "done": 46, "total": 90}
{"active": true, "message": "\ud30c\uc77c \uc0ac\uc774 \ud734\uc2dd \u00b7 \ub2e4\uc74c \ud30c\uc77c \uc2dc\uc791\uae4c\uc9c0 23\ucd08", "done": 46, "total": 90}
{"active": true, "message": "\ud30c\uc77c \uc0ac\uc774 \ud734\uc2dd \u00b7 \ub2e4\uc74c \ud30c\uc77c \uc2dc\uc791\uae4c\uc9c0 18\ucd08", "done": 46, "total": 90}
{"active": true, "message": "\ud30c\uc77c \uc0ac\uc774 \ud734\uc2dd \u00b7 \ub2e4\uc74c \ud30c\uc77c \uc2dc\uc791\uae4c\uc9c0 13\ucd08", "done": 46, "total": 90}
{"active": true, "message": "\ud30c\uc77c \uc0ac\uc774 \ud734\uc2dd \u00b7 \ub2e4\uc74c \ud30c\uc77c \uc2dc\uc791\uae4c\uc9c0 8\ucd08", "done": 46, "total": 90}
{"active": true, "message": "\ud30c\uc77c \uc0ac\uc774 \ud734\uc2dd \u00b7 \ub2e4\uc74c \ud30c\uc77c \uc2dc\uc791\uae4c\uc9c0 3\ucd08", "done": 46, "total": 90}
{"active": true, "message": "S04.png \u00b7 TRELLIS \uc0dd\uc131 \uc911", "done": 46, "total": 90}
{"active": true, "message": "S04.png \u00b7 shape \uc2dc\uac01\uac80\uc0ac", "done": 46, "total": 90}
{"active": true, "message": "S04.png \u00b7 Awaiting main-agent visual review: shape", "done": 46, "total": 90}
{"active": true, "message": "S04.png \u00b7 \uba54\uc2dc 1/3 \u00b7 \ud14d\uc2a4\ucc98 \ucd1d 1/3 \uc0dd\uc131", "done": 46, "total": 90}
{"active": true, "message": "S04.png \u00b7 TRELLIS \uc0dd\uc131 \uc911", "done": 46, "total": 90}
{"active": true, "message": "S04.png \u00b7 texture_source \uc2dc\uac01\uac80\uc0ac", "done": 46, "total": 90}
{"active": true, "message": "S04.png \u00b7 Awaiting main-agent visual review: texture_source", "done": 46, "total": 90}
{"active": true, "message": "S04.png \u00b7 Blender \u00b7 Clean mesh", "done": 46, "total": 90}
{"active": true, "message": "S04.png \u00b7 Blender \u00b7 Bake Roughness", "done": 46, "total": 90}
{"active": true, "message": "S04.png \u00b7 Blender \u00b7 Render preview", "done": 46, "total": 90}
{"active": true, "message": "S04.png \u00b7 final_compare \uc2dc\uac01\uac80\uc0ac", "done": 46, "total": 90}
{"active": true, "message": "S04.png \u00b7 Awaiting main-agent visual review: final_compare", "done": 46, "total": 90}
{"active": true, "message": "\ud30c\uc77c \uc0ac\uc774 \ud734\uc2dd \u00b7 \ub2e4\uc74c \ud30c\uc77c \uc2dc\uc791\uae4c\uc9c0 60\ucd08", "done": 47, "total": 90}
{"active": true, "message": "\ud30c\uc77c \uc0ac\uc774 \ud734\uc2dd \u00b7 \ub2e4\uc74c \ud30c\uc77c \uc2dc\uc791\uae4c\uc9c0 55\ucd08", "done": 47, "total": 90}
{"active": true, "message": "\ud30c\uc77c \uc0ac\uc774 \ud734\uc2dd \u00b7 \ub2e4\uc74c \ud30c\uc77c \uc2dc\uc791\uae4c\uc9c0 50\ucd08", "done": 47, "total": 90}
{"active": true, "message": "\ud30c\uc77c \uc0ac\uc774 \ud734\uc2dd \u00b7 \ub2e4\uc74c \ud30c\uc77c \uc2dc\uc791\uae4c\uc9c0 44\ucd08", "done": 47, "total": 90}
{"active": true, "message": "\ud30c\uc77c \uc0ac\uc774 \ud734\uc2dd \u00b7 \ub2e4\uc74c \ud30c\uc77c \uc2dc\uc791\uae4c\uc9c0 39\ucd08", "done": 47, "total": 90}
{"active": true, "message": "\ud30c\uc77c \uc0ac\uc774 \ud734\uc2dd \u00b7 \ub2e4\uc74c \ud30c\uc77c \uc2dc\uc791\uae4c\uc9c0 34\ucd08", "done": 47, "total": 90}
{"active": true, "message": "\ud30c\uc77c \uc0ac\uc774 \ud734\uc2dd \u00b7 \ub2e4\uc74c \ud30c\uc77c \uc2dc\uc791\uae4c\uc9c0 29\ucd08", "done": 47, "total": 90}
{"active": true, "message": "\ud30c\uc77c \uc0ac\uc774 \ud734\uc2dd \u00b7 \ub2e4\uc74c \ud30c\uc77c \uc2dc\uc791\uae4c\uc9c0 24\ucd08", "done": 47, "total": 90}
{"active": true, "message": "\ud30c\uc77c \uc0ac\uc774 \ud734\uc2dd \u00b7 \ub2e4\uc74c \ud30c\uc77c \uc2dc\uc791\uae4c\uc9c0 19\ucd08", "done": 47, "total": 90}
{"active": true, "message": "\ud30c\uc77c \uc0ac\uc774 \ud734\uc2dd \u00b7 \ub2e4\uc74c \ud30c\uc77c \uc2dc\uc791\uae4c\uc9c0 14\ucd08", "done": 47, "total": 90}
{"active": true, "message": "\ud30c\uc77c \uc0ac\uc774 \ud734\uc2dd \u00b7 \ub2e4\uc74c \ud30c\uc77c \uc2dc\uc791\uae4c\uc9c0 9\ucd08", "done": 47, "total": 90}
{"active": true, "message": "\ud30c\uc77c \uc0ac\uc774 \ud734\uc2dd \u00b7 \ub2e4\uc74c \ud30c\uc77c \uc2dc\uc791\uae4c\uc9c0 4\ucd08", "done": 47, "total": 90}
{"active": true, "message": "S05.png \u00b7 TRELLIS \uc0dd\uc131 \uc911", "done": 47, "total": 90}
{"active": true, "message": "S05.png \u00b7 shape \uc2dc\uac01\uac80\uc0ac", "done": 47, "total": 90}
{"active": true, "message": "S05.png \u00b7 Awaiting main-agent visual review: shape", "done": 47, "total": 90}
{"active": true, "message": "S05.png \u00b7 TRELLIS \uc0dd\uc131 \uc911", "done": 47, "total": 90}
{"active": true, "message": "S05.png \u00b7 texture_source \uc2dc\uac01\uac80\uc0ac", "done": 47, "total": 90}
{"active": true, "message": "S05.png \u00b7 Awaiting main-agent visual review: texture_source", "done": 47, "total": 90}
{"active": true, "message": "S05.png \u00b7 Blender \u00b7 Clean mesh", "done": 47, "total": 90}
{"active": true, "message": "S05.png \u00b7 Blender \u00b7 Bake Roughness", "done": 47, "total": 90}
{"active": true, "message": "S05.png \u00b7 Blender \u00b7 Render preview", "done": 47, "total": 90}
{"active": true, "message": "S05.png \u00b7 final_compare \uc2dc\uac01\uac80\uc0ac", "done": 47, "total": 90}
{"active": true, "message": "S05.png \u00b7 Awaiting main-agent visual review: final_compare", "done": 47, "total": 90}
{"active": true, "message": "\ud30c\uc77c \uc0ac\uc774 \ud734\uc2dd \u00b7 \ub2e4\uc74c \ud30c\uc77c \uc2dc\uc791\uae4c\uc9c0 59\ucd08", "done": 48, "total": 90}
{"active": true, "message": "\ud30c\uc77c \uc0ac\uc774 \ud734\uc2dd \u00b7 \ub2e4\uc74c \ud30c\uc77c \uc2dc\uc791\uae4c\uc9c0 54\ucd08", "done": 48, "total": 90}
{"active": true, "message": "\ud30c\uc77c \uc0ac\uc774 \ud734\uc2dd \u00b7 \ub2e4\uc74c \ud30c\uc77c \uc2dc\uc791\uae4c\uc9c0 49\ucd08", "done": 48, "total": 90}
{"active": true, "message": "\ud30c\uc77c \uc0ac\uc774 \ud734\uc2dd \u00b7 \ub2e4\uc74c \ud30c\uc77c \uc2dc\uc791\uae4c\uc9c0 44\ucd08", "done": 48, "total": 90}
{"active": true, "message": "\ud30c\uc77c \uc0ac\uc774 \ud734\uc2dd \u00b7 \ub2e4\uc74c \ud30c\uc77c \uc2dc\uc791\uae4c\uc9c0 39\ucd08", "done": 48, "total": 90}
{"active": true, "message": "\ud30c\uc77c \uc0ac\uc774 \ud734\uc2dd \u00b7 \ub2e4\uc74c \ud30c\uc77c \uc2dc\uc791\uae4c\uc9c0 34\ucd08", "done": 48, "total": 90}
{"active": true, "message": "\ud30c\uc77c \uc0ac\uc774 \ud734\uc2dd \u00b7 \ub2e4\uc74c \ud30c\uc77c \uc2dc\uc791\uae4c\uc9c0 29\ucd08", "done": 48, "total": 90}
{"active": true, "message": "\ud30c\uc77c \uc0ac\uc774 \ud734\uc2dd \u00b7 \ub2e4\uc74c \ud30c\uc77c \uc2dc\uc791\uae4c\uc9c0 24\ucd08", "done": 48, "total": 90}
{"active": true, "message": "\ud30c\uc77c \uc0ac\uc774 \ud734\uc2dd \u00b7 \ub2e4\uc74c \ud30c\uc77c \uc2dc\uc791\uae4c\uc9c0 19\ucd08", "done": 48, "total": 90}
{"active": true, "message": "\ud30c\uc77c \uc0ac\uc774 \ud734\uc2dd \u00b7 \ub2e4\uc74c \ud30c\uc77c \uc2dc\uc791\uae4c\uc9c0 14\ucd08", "done": 48, "total": 90}
{"active": true, "message": "\ud30c\uc77c \uc0ac\uc774 \ud734\uc2dd \u00b7 \ub2e4\uc74c \ud30c\uc77c \uc2dc\uc791\uae4c\uc9c0 8\ucd08", "done": 48, "total": 90}
{"active": true, "message": "\ud30c\uc77c \uc0ac\uc774 \ud734\uc2dd \u00b7 \ub2e4\uc74c \ud30c\uc77c \uc2dc\uc791\uae4c\uc9c0 3\ucd08", "done": 48, "total": 90}
{"active": true, "message": "S06.png \u00b7 TRELLIS \uc0dd\uc131 \uc911", "done": 48, "total": 90}
{"active": true, "message": "S06.png \u00b7 TRELLIS \uc5f0\uacb0\uc744 \uae30\ub2e4\ub9ac\ub294 \uc911\u2026", "done": 48, "total": 90}
{"active": true, "message": "S06.png \u00b7 TRELLIS \uc0dd\uc131 \uc911", "done": 48, "total": 90}
{"active": true, "message": "S06.png \u00b7 shape \uc2dc\uac01\uac80\uc0ac", "done": 48, "total": 90}
{"active": true, "message": "S06.png \u00b7 Awaiting main-agent visual review: shape", "done": 48, "total": 90}
{"active": true, "message": "S06.png \u00b7 TRELLIS \uc0dd\uc131 \uc911", "done": 48, "total": 90}
{"active": true, "message": "S06.png \u00b7 texture_source \uc2dc\uac01\uac80\uc0ac", "done": 48, "total": 90}
{"active": true, "message": "S06.png \u00b7 Awaiting main-agent visual review: texture_source", "done": 48, "total": 90}
{"active": true, "message": "S06.png \u00b7 Blender \u00b7 Clean mesh", "done": 48, "total": 90}
{"active": true, "message": "S06.png \u00b7 Blender \u00b7 Bake Roughness", "done": 48, "total": 90}
{"active": true, "message": "S06.png \u00b7 Blender \u00b7 Render preview", "done": 48, "total": 90}
{"active": true, "message": "S06.png \u00b7 Blender \u00b7 Saved", "done": 48, "total": 90}
{"active": true, "message": "S06.png \u00b7 final_compare \uc2dc\uac01\uac80\uc0ac", "done": 48, "total": 90}
{"active": true, "message": "S06.png \u00b7 Awaiting main-agent visual review: final_compare", "done": 48, "total": 90}
{"active": true, "message": "\ud30c\uc77c \uc0ac\uc774 \ud734\uc2dd \u00b7 \ub2e4\uc74c \ud30c\uc77c \uc2dc\uc791\uae4c\uc9c0 57\ucd08", "done": 49, "total": 90}
{"active": true, "message": "\ud30c\uc77c \uc0ac\uc774 \ud734\uc2dd \u00b7 \ub2e4\uc74c \ud30c\uc77c \uc2dc\uc791\uae4c\uc9c0 52\ucd08", "done": 49, "total": 90}
{"active": true, "message": "\ud30c\uc77c \uc0ac\uc774 \ud734\uc2dd \u00b7 \ub2e4\uc74c \ud30c\uc77c \uc2dc\uc791\uae4c\uc9c0 47\ucd08", "done": 49, "total": 90}
{"active": true, "message": "\ud30c\uc77c \uc0ac\uc774 \ud734\uc2dd \u00b7 \ub2e4\uc74c \ud30c\uc77c \uc2dc\uc791\uae4c\uc9c0 42\ucd08", "done": 49, "total": 90}
{"active": true, "message": "\ud30c\uc77c \uc0ac\uc774 \ud734\uc2dd \u00b7 \ub2e4\uc74c \ud30c\uc77c \uc2dc\uc791\uae4c\uc9c0 37\ucd08", "done": 49, "total": 90}
{"active": true, "message": "\ud30c\uc77c \uc0ac\uc774 \ud734\uc2dd \u00b7 \ub2e4\uc74c \ud30c\uc77c \uc2dc\uc791\uae4c\uc9c0 32\ucd08", "done": 49, "total": 90}
{"active": true, "message": "\ud30c\uc77c \uc0ac\uc774 \ud734\uc2dd \u00b7 \ub2e4\uc74c \ud30c\uc77c \uc2dc\uc791\uae4c\uc9c0 27\ucd08", "done": 49, "total": 90}
{"active": true, "message": "\ud30c\uc77c \uc0ac\uc774 \ud734\uc2dd \u00b7 \ub2e4\uc74c \ud30c\uc77c \uc2dc\uc791\uae4c\uc9c0 22\ucd08", "done": 49, "total": 90}
{"active": true, "message": "\ud30c\uc77c \uc0ac\uc774 \ud734\uc2dd \u00b7 \ub2e4\uc74c \ud30c\uc77c \uc2dc\uc791\uae4c\uc9c0 17\ucd08", "done": 49, "total": 90}
{"active": true, "message": "\ud30c\uc77c \uc0ac\uc774 \ud734\uc2dd \u00b7 \ub2e4\uc74c \ud30c\uc77c \uc2dc\uc791\uae4c\uc9c0 12\ucd08", "done": 49, "total": 90}
{"active": true, "message": "\ud30c\uc77c \uc0ac\uc774 \ud734\uc2dd \u00b7 \ub2e4\uc74c \ud30c\uc77c \uc2dc\uc791\uae4c\uc9c0 7\ucd08", "done": 49, "total": 90}
{"active": true, "message": "\ud30c\uc77c \uc0ac\uc774 \ud734\uc2dd \u00b7 \ub2e4\uc74c \ud30c\uc77c \uc2dc\uc791\uae4c\uc9c0 2\ucd08", "done": 49, "total": 90}
{"active": true, "message": "S07.png \u00b7 TRELLIS \uc0dd\uc131 \uc911", "done": 49, "total": 90}
{"active": true, "message": "S07.png \u00b7 shape \uc2dc\uac01\uac80\uc0ac", "done": 49, "total": 90}
{"active": true, "message": "S07.png \u00b7 Awaiting main-agent visual review: shape", "done": 49, "total": 90}
{"active": true, "message": "S07.png \u00b7 TRELLIS \uc0dd\uc131 \uc911", "done": 49, "total": 90}
{"active": true, "message": "S07.png \u00b7 texture_source \uc2dc\uac01\uac80\uc0ac", "done": 49, "total": 90}
{"active": true, "message": "S07.png \u00b7 Awaiting main-agent visual review: texture_source", "done": 49, "total": 90}
{"active": true, "message": "S07.png \u00b7 Blender parts \uac10\ub7c9\u00b7\ubca0\uc774\ud06c", "done": 49, "total": 90}
{"active": true, "message": "S07.png \u00b7 Blender \u00b7 Reduce triangle count", "done": 49, "total": 90}
{"active": true, "message": "S07.png \u00b7 Blender \u00b7 Bake Metallic", "done": 49, "total": 90}
{"active": true, "message": "S07.png \u00b7 Blender \u00b7 Render preview", "done": 49, "total": 90}
{"active": true, "message": "S07.png \u00b7 final_compare \uc2dc\uac01\uac80\uc0ac", "done": 49, "total": 90}
{"active": true, "message": "S07.png \u00b7 Awaiting main-agent visual review: final_compare", "done": 49, "total": 90}
{"active": true, "message": "\ud30c\uc77c \uc0ac\uc774 \ud734\uc2dd \u00b7 \ub2e4\uc74c \ud30c\uc77c \uc2dc\uc791\uae4c\uc9c0 57\ucd08", "done": 50, "total": 90}
{"active": true, "message": "\ud30c\uc77c \uc0ac\uc774 \ud734\uc2dd \u00b7 \ub2e4\uc74c \ud30c\uc77c \uc2dc\uc791\uae4c\uc9c0 52\ucd08", "done": 50, "total": 90}
{"active": true, "message": "\ud30c\uc77c \uc0ac\uc774 \ud734\uc2dd \u00b7 \ub2e4\uc74c \ud30c\uc77c \uc2dc\uc791\uae4c\uc9c0 47\ucd08", "done": 50, "total": 90}
{"active": true, "message": "\ud30c\uc77c \uc0ac\uc774 \ud734\uc2dd \u00b7 \ub2e4\uc74c \ud30c\uc77c \uc2dc\uc791\uae4c\uc9c0 42\ucd08", "done": 50, "total": 90}
{"active": true, "message": "\ud30c\uc77c \uc0ac\uc774 \ud734\uc2dd \u00b7 \ub2e4\uc74c \ud30c\uc77c \uc2dc\uc791\uae4c\uc9c0 37\ucd08", "done": 50, "total": 90}
{"active": true, "message": "\ud30c\uc77c \uc0ac\uc774 \ud734\uc2dd \u00b7 \ub2e4\uc74c \ud30c\uc77c \uc2dc\uc791\uae4c\uc9c0 32\ucd08", "done": 50, "total": 90}
{"active": true, "message": "\ud30c\uc77c \uc0ac\uc774 \ud734\uc2dd \u00b7 \ub2e4\uc74c \ud30c\uc77c \uc2dc\uc791\uae4c\uc9c0 26\ucd08", "done": 50, "total": 90}
{"active": true, "message": "\ud30c\uc77c \uc0ac\uc774 \ud734\uc2dd \u00b7 \ub2e4\uc74c \ud30c\uc77c \uc2dc\uc791\uae4c\uc9c0 21\ucd08", "done": 50, "total": 90}
{"active": true, "message": "\ud30c\uc77c \uc0ac\uc774 \ud734\uc2dd \u00b7 \ub2e4\uc74c \ud30c\uc77c \uc2dc\uc791\uae4c\uc9c0 16\ucd08", "done": 50, "total": 90}
{"active": true, "message": "\ud30c\uc77c \uc0ac\uc774 \ud734\uc2dd \u00b7 \ub2e4\uc74c \ud30c\uc77c \uc2dc\uc791\uae4c\uc9c0 11\ucd08", "done": 50, "total": 90}
{"active": true, "message": "\ud30c\uc77c \uc0ac\uc774 \ud734\uc2dd \u00b7 \ub2e4\uc74c \ud30c\uc77c \uc2dc\uc791\uae4c\uc9c0 6\ucd08", "done": 50, "total": 90}
{"active": true, "message": "\ud30c\uc77c \uc0ac\uc774 \ud734\uc2dd \u00b7 \ub2e4\uc74c \ud30c\uc77c \uc2dc\uc791\uae4c\uc9c0 1\ucd08", "done": 50, "total": 90}
{"active": true, "message": "S08.png \u00b7 TRELLIS \uc0dd\uc131 \uc911", "done": 50, "total": 90}
{"active": true, "message": "S08.png \u00b7 shape \uc2dc\uac01\uac80\uc0ac", "done": 50, "total": 90}
{"active": true, "message": "S08.png \u00b7 Awaiting main-agent visual review: shape", "done": 50, "total": 90}
{"active": true, "message": "\ud30c\uc77c \uc0ac\uc774 \ud734\uc2dd \u00b7 \ub2e4\uc74c \ud30c\uc77c \uc2dc\uc791\uae4c\uc9c0 56\ucd08", "done": 50, "total": 90}
{"active": true, "message": "\ud30c\uc77c \uc0ac\uc774 \ud734\uc2dd \u00b7 \ub2e4\uc74c \ud30c\uc77c \uc2dc\uc791\uae4c\uc9c0 51\ucd08", "done": 50, "total": 90}
{"active": true, "message": "\ud30c\uc77c \uc0ac\uc774 \ud734\uc2dd \u00b7 \ub2e4\uc74c \ud30c\uc77c \uc2dc\uc791\uae4c\uc9c0 46\ucd08", "done": 50, "total": 90}
{"active": true, "message": "\ud30c\uc77c \uc0ac\uc774 \ud734\uc2dd \u00b7 \ub2e4\uc74c \ud30c\uc77c \uc2dc\uc791\uae4c\uc9c0 41\ucd08", "done": 50, "total": 90}
{"active": true, "message": "\ud30c\uc77c \uc0ac\uc774 \ud734\uc2dd \u00b7 \ub2e4\uc74c \ud30c\uc77c \uc2dc\uc791\uae4c\uc9c0 35\ucd08", "done": 50, "total": 90}
{"active": true, "message": "\ud30c\uc77c \uc0ac\uc774 \ud734\uc2dd \u00b7 \ub2e4\uc74c \ud30c\uc77c \uc2dc\uc791\uae4c\uc9c0 30\ucd08", "done": 50, "total": 90}
{"active": true, "message": "\ud30c\uc77c \uc0ac\uc774 \ud734\uc2dd \u00b7 \ub2e4\uc74c \ud30c\uc77c \uc2dc\uc791\uae4c\uc9c0 25\ucd08", "done": 50, "total": 90}
{"active": true, "message": "\ud30c\uc77c \uc0ac\uc774 \ud734\uc2dd \u00b7 \ub2e4\uc74c \ud30c\uc77c \uc2dc\uc791\uae4c\uc9c0 20\ucd08", "done": 50, "total": 90}
{"active": true, "message": "\ud30c\uc77c \uc0ac\uc774 \ud734\uc2dd \u00b7 \ub2e4\uc74c \ud30c\uc77c \uc2dc\uc791\uae4c\uc9c0 15\ucd08", "done": 50, "total": 90}
{"active": true, "message": "\ud30c\uc77c \uc0ac\uc774 \ud734\uc2dd \u00b7 \ub2e4\uc74c \ud30c\uc77c \uc2dc\uc791\uae4c\uc9c0 10\ucd08", "done": 50, "total": 90}
{"active": true, "message": "\ud30c\uc77c \uc0ac\uc774 \ud734\uc2dd \u00b7 \ub2e4\uc74c \ud30c\uc77c \uc2dc\uc791\uae4c\uc9c0 5\ucd08", "done": 50, "total": 90}
{"active": true, "message": "S09.png \u00b7 TRELLIS \uc0dd\uc131 \uc911", "done": 50, "total": 90}
{"active": true, "message": "S09.png \u00b7 shape \uc2dc\uac01\uac80\uc0ac", "done": 50, "total": 90}
{"active": true, "message": "S09.png \u00b7 Awaiting main-agent visual review: shape", "done": 50, "total": 90}
{"active": true, "message": "S09.png \u00b7 TRELLIS \uc0dd\uc131 \uc911", "done": 50, "total": 90}
{"active": true, "message": "S09.png \u00b7 texture_source \uc2dc\uac01\uac80\uc0ac", "done": 50, "total": 90}
{"active": true, "message": "S09.png \u00b7 Awaiting main-agent visual review: texture_source", "done": 50, "total": 90}
{"active": true, "message": "S09.png \u00b7 TRELLIS \uc0dd\uc131 \uc911", "done": 50, "total": 90}
{"active": true, "message": "S09.png \u00b7 shape \uc2dc\uac01\uac80\uc0ac", "done": 50, "total": 90}
{"active": true, "message": "S09.png \u00b7 Awaiting main-agent visual review: shape", "done": 50, "total": 90}
{"active": true, "message": "S09.png \u00b7 TRELLIS \uc0dd\uc131 \uc911", "done": 50, "total": 90}
{"active": true, "message": "S09.png \u00b7 texture_source \uc2dc\uac01\uac80\uc0ac", "done": 50, "total": 90}
{"active": true, "message": "S09.png \u00b7 Awaiting main-agent visual review: texture_source", "done": 50, "total": 90}
{"active": true, "message": "S09.png \u00b7 Blender \u00b7 Reduce triangle count", "done": 50, "total": 90}
{"active": true, "message": "S09.png \u00b7 Blender \u00b7 Bake Metallic", "done": 50, "total": 90}
{"active": true, "message": "S09.png \u00b7 Blender \u00b7 Render preview", "done": 50, "total": 90}
{"active": true, "message": "S09.png \u00b7 final_compare \uc2dc\uac01\uac80\uc0ac", "done": 50, "total": 90}
{"active": true, "message": "S09.png \u00b7 Awaiting main-agent visual review: final_compare", "done": 50, "total": 90}
{"active": true, "message": "\ud30c\uc77c \uc0ac\uc774 \ud734\uc2dd \u00b7 \ub2e4\uc74c \ud30c\uc77c \uc2dc\uc791\uae4c\uc9c0 58\ucd08", "done": 51, "total": 90}
{"active": true, "message": "\ud30c\uc77c \uc0ac\uc774 \ud734\uc2dd \u00b7 \ub2e4\uc74c \ud30c\uc77c \uc2dc\uc791\uae4c\uc9c0 52\ucd08", "done": 51, "total": 90}
{"active": true, "message": "\ud30c\uc77c \uc0ac\uc774 \ud734\uc2dd \u00b7 \ub2e4\uc74c \ud30c\uc77c \uc2dc\uc791\uae4c\uc9c0 47\ucd08", "done": 51, "total": 90}
{"active": true, "message": "\ud30c\uc77c \uc0ac\uc774 \ud734\uc2dd \u00b7 \ub2e4\uc74c \ud30c\uc77c \uc2dc\uc791\uae4c\uc9c0 42\ucd08", "done": 51, "total": 90}
{"active": true, "message": "\ud30c\uc77c \uc0ac\uc774 \ud734\uc2dd \u00b7 \ub2e4\uc74c \ud30c\uc77c \uc2dc\uc791\uae4c\uc9c0 37\ucd08", "done": 51, "total": 90}
{"active": true, "message": "\ud30c\uc77c \uc0ac\uc774 \ud734\uc2dd \u00b7 \ub2e4\uc74c \ud30c\uc77c \uc2dc\uc791\uae4c\uc9c0 32\ucd08", "done": 51, "total": 90}
{"active": true, "message": "\ud30c\uc77c \uc0ac\uc774 \ud734\uc2dd \u00b7 \ub2e4\uc74c \ud30c\uc77c \uc2dc\uc791\uae4c\uc9c0 27\ucd08", "done": 51, "total": 90}
{"active": true, "message": "\ud30c\uc77c \uc0ac\uc774 \ud734\uc2dd \u00b7 \ub2e4\uc74c \ud30c\uc77c \uc2dc\uc791\uae4c\uc9c0 22\ucd08", "done": 51, "total": 90}
{"active": true, "message": "\ud30c\uc77c \uc0ac\uc774 \ud734\uc2dd \u00b7 \ub2e4\uc74c \ud30c\uc77c \uc2dc\uc791\uae4c\uc9c0 17\ucd08", "done": 51, "total": 90}
{"active": true, "message": "\ud30c\uc77c \uc0ac\uc774 \ud734\uc2dd \u00b7 \ub2e4\uc74c \ud30c\uc77c \uc2dc\uc791\uae4c\uc9c0 12\ucd08", "done": 51, "total": 90}
{"active": true, "message": "\ud30c\uc77c \uc0ac\uc774 \ud734\uc2dd \u00b7 \ub2e4\uc74c \ud30c\uc77c \uc2dc\uc791\uae4c\uc9c0 7\ucd08", "done": 51, "total": 90}
{"active": true, "message": "\ud30c\uc77c \uc0ac\uc774 \ud734\uc2dd \u00b7 \ub2e4\uc74c \ud30c\uc77c \uc2dc\uc791\uae4c\uc9c0 2\ucd08", "done": 51, "total": 90}
{"active": true, "message": "S10.png \u00b7 TRELLIS \uc0dd\uc131 \uc911", "done": 51, "total": 90}
{"active": true, "message": "S10.png \u00b7 shape \uc2dc\uac01\uac80\uc0ac", "done": 51, "total": 90}
{"active": true, "message": "S10.png \u00b7 Awaiting main-agent visual review: shape", "done": 51, "total": 90}
