{"pid": 49464, "started": 1790305604.2513397, "script": "C:\\Users\\ljh\\tralalero Shooter\\tools\\run-reststop-trellis-production.py", "threads": 4, "logicalProcessors": [0, 1, 2, 3, 4, 5, 6, 7], "priority": "below-normal", "availableMemoryBytes": 34318155776}
{"active": true, "message": "\ud30c\uc77c \ubaa9\ub85d\uc744 \uc900\ube44\ud558\uace0 \uc788\uc2b5\ub2c8\ub2e4.", "done": 0, "total": 0}
{"active": true, "message": "\ud30c\uc77c \uc0ac\uc774 \ud734\uc2dd \u00b7 \ub2e4\uc74c \ud30c\uc77c \uc2dc\uc791\uae4c\uc9c0 11\ucd08", "done": 0, "total": 2}
{"active": true, "message": "\ud30c\uc77c \uc0ac\uc774 \ud734\uc2dd \u00b7 \ub2e4\uc74c \ud30c\uc77c \uc2dc\uc791\uae4c\uc9c0 6\ucd08", "done": 0, "total": 2}
{"active": true, "message": "V05.png \u00b7 TRELLIS \uc0dd\uc131 \uc911", "done": 0, "total": 2}
{"active": true, "message": "V05.png \u00b7 shape \uc2dc\uac01\uac80\uc0ac", "done": 0, "total": 2}
{"active": true, "message": "V05.png \u00b7 Awaiting main-agent visual review: shape", "done": 0, "total": 2}
{"active": true, "message": "V05.png \u00b7 TRELLIS \uc0dd\uc131 \uc911", "done": 0, "total": 2}
{"active": true, "message": "V05.png \u00b7 shape \uc2dc\uac01\uac80\uc0ac", "done": 0, "total": 2}
{"active": true, "message": "V05.png \u00b7 Awaiting main-agent visual review: shape", "done": 0, "total": 2}
{"active": true, "message": "V05.png \u00b7 TRELLIS \uc0dd\uc131 \uc911", "done": 0, "total": 2}
{"active": true, "message": "V05.png \u00b7 shape \uc2dc\uac01\uac80\uc0ac", "done": 0, "total": 2}
{"active": true, "message": "V05.png \u00b7 Awaiting main-agent visual review: shape", "done": 0, "total": 2}
{"active": true, "message": "\ud30c\uc77c \uc0ac\uc774 \ud734\uc2dd \u00b7 \ub2e4\uc74c \ud30c\uc77c \uc2dc\uc791\uae4c\uc9c0 58\ucd08", "done": 0, "total": 2}
{"active": true, "message": "\ud30c\uc77c \uc0ac\uc774 \ud734\uc2dd \u00b7 \ub2e4\uc74c \ud30c\uc77c \uc2dc\uc791\uae4c\uc9c0 53\ucd08", "done": 0, "total": 2}
{"active": true, "message": "\ud30c\uc77c \uc0ac\uc774 \ud734\uc2dd \u00b7 \ub2e4\uc74c \ud30c\uc77c \uc2dc\uc791\uae4c\uc9c0 48\ucd08", "done": 0, "total": 2}
{"active": true, "message": "\ud30c\uc77c \uc0ac\uc774 \ud734\uc2dd \u00b7 \ub2e4\uc74c \ud30c\uc77c \uc2dc\uc791\uae4c\uc9c0 43\ucd08", "done": 0, "total": 2}
{"active": true, "message": "\ud30c\uc77c \uc0ac\uc774 \ud734\uc2dd \u00b7 \ub2e4\uc74c \ud30c\uc77c \uc2dc\uc791\uae4c\uc9c0 38\ucd08", "done": 0, "total": 2}
{"active": true, "message": "\ud30c\uc77c \uc0ac\uc774 \ud734\uc2dd \u00b7 \ub2e4\uc74c \ud30c\uc77c \uc2dc\uc791\uae4c\uc9c0 33\ucd08", "done": 0, "total": 2}
{"active": true, "message": "\ud30c\uc77c \uc0ac\uc774 \ud734\uc2dd \u00b7 \ub2e4\uc74c \ud30c\uc77c \uc2dc\uc791\uae4c\uc9c0 28\ucd08", "done": 0, "total": 2}
{"active": true, "message": "\ud30c\uc77c \uc0ac\uc774 \ud734\uc2dd \u00b7 \ub2e4\uc74c \ud30c\uc77c \uc2dc\uc791\uae4c\uc9c0 23\ucd08", "done": 0, "total": 2}
{"active": true, "message": "\ud30c\uc77c \uc0ac\uc774 \ud734\uc2dd \u00b7 \ub2e4\uc74c \ud30c\uc77c \uc2dc\uc791\uae4c\uc9c0 18\ucd08", "done": 0, "total": 2}
{"active": true, "message": "\ud30c\uc77c \uc0ac\uc774 \ud734\uc2dd \u00b7 \ub2e4\uc74c \ud30c\uc77c \uc2dc\uc791\uae4c\uc9c0 12\ucd08", "done": 0, "total": 2}
{"active": true, "message": "\ud30c\uc77c \uc0ac\uc774 \ud734\uc2dd \u00b7 \ub2e4\uc74c \ud30c\uc77c \uc2dc\uc791\uae4c\uc9c0 7\ucd08", "done": 0, "total": 2}
{"active": true, "message": "\ud30c\uc77c \uc0ac\uc774 \ud734\uc2dd \u00b7 \ub2e4\uc74c \ud30c\uc77c \uc2dc\uc791\uae4c\uc9c0 2\ucd08", "done": 0, "total": 2}
{"active": true, "message": "V06.png \u00b7 TRELLIS \uc0dd\uc131 \uc911", "done": 0, "total": 2}
{"active": true, "message": "V06.png \u00b7 shape \uc2dc\uac01\uac80\uc0ac", "done": 0, "total": 2}
{"active": true, "message": "V06.png \u00b7 Awaiting main-agent visual review: shape", "done": 0, "total": 2}
{"active": true, "message": "V06.png \u00b7 TRELLIS \uc0dd\uc131 \uc911", "done": 0, "total": 2}
{"active": true, "message": "V06.png \u00b7 shape \uc2dc\uac01\uac80\uc0ac", "done": 0, "total": 2}
{"active": true, "message": "V06.png \u00b7 Awaiting main-agent visual review: shape", "done": 0, "total": 2}
{"active": true, "message": "V06.png \u00b7 TRELLIS \uc0dd\uc131 \uc911", "done": 0, "total": 2}
{"active": true, "message": "V06.png \u00b7 shape \uc2dc\uac01\uac80\uc0ac", "done": 0, "total": 2}
{"active": true, "message": "V06.png \u00b7 Awaiting main-agent visual review: shape", "done": 0, "total": 2}
{"finished": true, "message": "\ucc98\ub9ac\uac00 \ub05d\ub0ac\uc2b5\ub2c8\ub2e4. \uacb0\uacfc\ub97c \ud655\uc778\ud558\uc138\uc694."}
