{"pid": 70880, "started": 1790203782.1263745, "script": "C:\\Users\\ljh\\tralalero Shooter\\tools\\restore-reststop-door-track.py", "threads": 4, "logicalProcessors": [0, 1, 2, 3, 4, 5, 6, 7], "priority": "below-normal", "availableMemoryBytes": 23221207040}
07:49:42 | INFO: Data are loaded, start creating Blender stuff
07:49:42 | INFO: Blender create Mesh node geometry_0
07:49:42 | INFO: glTF import finished in 0.08s
Warning: No mesh data to join
Info: No new files have been packed
Info: Saved as "model.blend"
INFO Draco is available, use library at C:\Users\ljh\AppData\Local\Programs\Blender Foundation\Blender 5.2\5.2\scripts\addons_core\io_scene_gltf2\bf_intern_draco_bridge.dll
INFO MeshOptimizer is available, use library at C:\Users\ljh\AppData\Local\Programs\Blender Foundation\Blender 5.2\5.2\scripts\addons_core\io_scene_gltf2\bf_intern_meshopt_bridge.dll
07:49:44 | INFO: Starting glTF 2.0 export
07:49:44 | INFO: Extracting primitive: geometry_0
07:49:44 | INFO: Primitives created: 1
07:49:44 | INFO: Finished glTF 2.0 export in 0.21375393867492676 s

07:49:44 | INFO: Data are loaded, start creating Blender stuff
07:49:44 | INFO: Blender create Mesh node geometry_0
07:49:45 | INFO: glTF import finished in 0.78s
C:\Users\ljh\tralalero Shooter\tools\reststop-production-review-render.py:10: DeprecationWarning: 'Material.use_nodes' is expected to be removed in Blender 6.0
  mat=bpy.data.materials.new('Pre-texture geometry');mat.use_nodes=True;mat.node_tree.nodes['Principled BSDF'].inputs['Base Color'].default_value=(.35,.35,.35,1)
C:\Users\ljh\tralalero Shooter\tools\reststop-production-review-render.py:19: DeprecationWarning: 'World.use_nodes' is expected to be removed in Blender 6.0
  world=bpy.data.worlds.new('Review studio');world.use_nodes=True;world.node_tree.nodes['Background'].inputs['Strength'].default_value=.6;scene.world=world
00:05.781  render           | Saved: 'C:\Users\ljh\tralalero Shooter\outputs\reststop-production-2026-09-24\manual\B06-r1\shape\quality\hero.png'
00:07.625  render           | Saved: 'C:\Users\ljh\tralalero Shooter\outputs\reststop-production-2026-09-24\manual\B06-r1\shape\quality\top.png'
00:09.547  render           | Saved: 'C:\Users\ljh\tralalero Shooter\outputs\reststop-production-2026-09-24\manual\B06-r1\shape\quality\opposite.png'
00:11.500  render           | Saved: 'C:\Users\ljh\tralalero Shooter\outputs\reststop-production-2026-09-24\manual\B06-r1\shape\quality\front.png'
C:\Users\ljh\tralalero Shooter\tools\reststop-production-review-render.py:28: DeprecationWarning: 'Material.use_nodes' is expected to be removed in Blender 6.0
  m=bpy.data.materials.new('Geometry only');m.use_nodes=True;p=m.node_tree.nodes.get('Principled BSDF');p.inputs['Base Color'].default_value=(.35,.35,.35,1);p.inputs['Roughness'].default_value=.75;scene.view_layers[0].material_override=m
00:13.469  render           | Saved: 'C:\Users\ljh\tralalero Shooter\outputs\reststop-production-2026-09-24\manual\B06-r1\shape\quality\neutral.png'
Blender 5.2.1 LTS (hash 9e2066aef7ef built 2026-08-25 02:38:20)

Blender quit
