{"pid": 44208, "started": 1790191402.8891187, "script": "C:\\Users\\ljh\\tralalero Shooter\\tools\\render-reststop-rig-preview.py", "threads": 4, "logicalProcessors": [0, 1, 2, 3, 4, 5, 6, 7], "priority": "below-normal", "availableMemoryBytes": 23692820480}
00:00.359  blend            | Read blend: "C:\Users\ljh\tralalero Shooter\outputs\reststop-production-2026-09-24\rigged\H04-r1\Cashier.blend"
C:\Users\ljh\tralalero Shooter\tools\render-reststop-rig-preview.py:31: DeprecationWarning: 'World.use_nodes' is expected to be removed in Blender 6.0
  scene.world=bpy.data.worlds.new('Animation_review_world');scene.world.use_nodes=True
C:\Users\ljh\tralalero Shooter\tools\render-reststop-rig-preview.py:46: DeprecationWarning: 'Material.use_nodes' is expected to be removed in Blender 6.0
  label_material=bpy.data.materials.new('Review text');label_material.use_nodes=True
00:01.484  render           | Saved: 'C:\Users\ljh\tralalero Shooter\outputs\reststop-production-2026-09-24\rigged\H04-r1\preview-frames\00001.png'
00:01.656  render           | Saved: 'C:\Users\ljh\tralalero Shooter\outputs\reststop-production-2026-09-24\rigged\H04-r1\preview-frames\00002.png'
00:01.844  render           | Saved: 'C:\Users\ljh\tralalero Shooter\outputs\reststop-production-2026-09-24\rigged\H04-r1\preview-frames\00003.png'
00:02.000  render           | Saved: 'C:\Users\ljh\tralalero Shooter\outputs\reststop-production-2026-09-24\rigged\H04-r1\preview-frames\00004.png'
00:02.156  render           | Saved: 'C:\Users\ljh\tralalero Shooter\outputs\reststop-production-2026-09-24\rigged\H04-r1\preview-frames\00005.png'
00:02.312  render           | Saved: 'C:\Users\ljh\tralalero Shooter\outputs\reststop-production-2026-09-24\rigged\H04-r1\preview-frames\00006.png'
00:02.469  render           | Saved: 'C:\Users\ljh\tralalero Shooter\outputs\reststop-production-2026-09-24\rigged\H04-r1\preview-frames\00007.png'
00:02.609  render           | Saved: 'C:\Users\ljh\tralalero Shooter\outputs\reststop-production-2026-09-24\rigged\H04-r1\preview-frames\00008.png'
00:02.765  render           | Saved: 'C:\Users\ljh\tralalero Shooter\outputs\reststop-production-2026-09-24\rigged\H04-r1\preview-frames\00009.png'
00:02.922  render           | Saved: 'C:\Users\ljh\tralalero Shooter\outputs\reststop-production-2026-09-24\rigged\H04-r1\preview-frames\00010.png'
00:03.078  render           | Saved: 'C:\Users\ljh\tralalero Shooter\outputs\reststop-production-2026-09-24\rigged\H04-r1\preview-frames\00011.png'
00:03.234  render           | Saved: 'C:\Users\ljh\tralalero Shooter\outputs\reststop-production-2026-09-24\rigged\H04-r1\preview-frames\00012.png'
00:03.390  render           | Saved: 'C:\Users\ljh\tralalero Shooter\outputs\reststop-production-2026-09-24\rigged\H04-r1\preview-frames\00013.png'
00:03.594  render           | Saved: 'C:\Users\ljh\tralalero Shooter\outputs\reststop-production-2026-09-24\rigged\H04-r1\preview-frames\00014.png'
00:03.750  render           | Saved: 'C:\Users\ljh\tralalero Shooter\outputs\reststop-production-2026-09-24\rigged\H04-r1\preview-frames\00015.png'
00:03.906  render           | Saved: 'C:\Users\ljh\tralalero Shooter\outputs\reststop-production-2026-09-24\rigged\H04-r1\preview-frames\00016.png'
00:04.062  render           | Saved: 'C:\Users\ljh\tralalero Shooter\outputs\reststop-production-2026-09-24\rigged\H04-r1\preview-frames\00017.png'
00:04.219  render           | Saved: 'C:\Users\ljh\tralalero Shooter\outputs\reststop-production-2026-09-24\rigged\H04-r1\preview-frames\00018.png'
00:04.375  render           | Saved: 'C:\Users\ljh\tralalero Shooter\outputs\reststop-production-2026-09-24\rigged\H04-r1\preview-frames\00019.png'
00:04.531  render           | Saved: 'C:\Users\ljh\tralalero Shooter\outputs\reststop-production-2026-09-24\rigged\H04-r1\preview-frames\00020.png'
00:04.703  render           | Saved: 'C:\Users\ljh\tralalero Shooter\outputs\reststop-production-2026-09-24\rigged\H04-r1\preview-frames\00021.png'
00:04.875  render           | Saved: 'C:\Users\ljh\tralalero Shooter\outputs\reststop-production-2026-09-24\rigged\H04-r1\preview-frames\00022.png'
00:05.031  render           | Saved: 'C:\Users\ljh\tralalero Shooter\outputs\reststop-production-2026-09-24\rigged\H04-r1\preview-frames\00023.png'
00:05.187  render           | Saved: 'C:\Users\ljh\tralalero Shooter\outputs\reststop-production-2026-09-24\rigged\H04-r1\preview-frames\00024.png'
00:05.359  render           | Saved: 'C:\Users\ljh\tralalero Shooter\outputs\reststop-production-2026-09-24\rigged\H04-r1\preview-frames\00025.png'
00:05.515  render           | Saved: 'C:\Users\ljh\tralalero Shooter\outputs\reststop-production-2026-09-24\rigged\H04-r1\preview-frames\00026.png'
00:05.703  render           | Saved: 'C:\Users\ljh\tralalero Shooter\outputs\reststop-production-2026-09-24\rigged\H04-r1\preview-frames\00027.png'
00:05.859  render           | Saved: 'C:\Users\ljh\tralalero Shooter\outputs\reststop-production-2026-09-24\rigged\H04-r1\preview-frames\00028.png'
00:06.015  render           | Saved: 'C:\Users\ljh\tralalero Shooter\outputs\reststop-production-2026-09-24\rigged\H04-r1\preview-frames\00029.png'
00:06.172  render           | Saved: 'C:\Users\ljh\tralalero Shooter\outputs\reststop-production-2026-09-24\rigged\H04-r1\preview-frames\00030.png'
00:06.344  render           | Saved: 'C:\Users\ljh\tralalero Shooter\outputs\reststop-production-2026-09-24\rigged\H04-r1\preview-frames\00031.png'
00:06.500  render           | Saved: 'C:\Users\ljh\tralalero Shooter\outputs\reststop-production-2026-09-24\rigged\H04-r1\preview-frames\00032.png'
00:06.672  render           | Saved: 'C:\Users\ljh\tralalero Shooter\outputs\reststop-production-2026-09-24\rigged\H04-r1\preview-frames\00033.png'
00:06.844  render           | Saved: 'C:\Users\ljh\tralalero Shooter\outputs\reststop-production-2026-09-24\rigged\H04-r1\preview-frames\00034.png'
00:07.000  render           | Saved: 'C:\Users\ljh\tralalero Shooter\outputs\reststop-production-2026-09-24\rigged\H04-r1\preview-frames\00035.png'
00:07.172  render           | Saved: 'C:\Users\ljh\tralalero Shooter\outputs\reststop-production-2026-09-24\rigged\H04-r1\preview-frames\00036.png'
REVIEW_ACTION attack_loop
00:07.344  render           | Saved: 'C:\Users\ljh\tralalero Shooter\outputs\reststop-production-2026-09-24\rigged\H04-r1\preview-frames\00037.png'
00:07.500  render           | Saved: 'C:\Users\ljh\tralalero Shooter\outputs\reststop-production-2026-09-24\rigged\H04-r1\preview-frames\00038.png'
00:07.656  render           | Saved: 'C:\Users\ljh\tralalero Shooter\outputs\reststop-production-2026-09-24\rigged\H04-r1\preview-frames\00039.png'
00:07.828  render           | Saved: 'C:\Users\ljh\tralalero Shooter\outputs\reststop-production-2026-09-24\rigged\H04-r1\preview-frames\00040.png'
00:08.015  render           | Saved: 'C:\Users\ljh\tralalero Shooter\outputs\reststop-production-2026-09-24\rigged\H04-r1\preview-frames\00041.png'
00:08.187  render           | Saved: 'C:\Users\ljh\tralalero Shooter\outputs\reststop-production-2026-09-24\rigged\H04-r1\preview-frames\00042.png'
00:08.359  render           | Saved: 'C:\Users\ljh\tralalero Shooter\outputs\reststop-production-2026-09-24\rigged\H04-r1\preview-frames\00043.png'
00:08.500  render           | Saved: 'C:\Users\ljh\tralalero Shooter\outputs\reststop-production-2026-09-24\rigged\H04-r1\preview-frames\00044.png'
00:08.656  render           | Saved: 'C:\Users\ljh\tralalero Shooter\outputs\reststop-production-2026-09-24\rigged\H04-r1\preview-frames\00045.png'
00:08.812  render           | Saved: 'C:\Users\ljh\tralalero Shooter\outputs\reststop-production-2026-09-24\rigged\H04-r1\preview-frames\00046.png'
00:08.969  render           | Saved: 'C:\Users\ljh\tralalero Shooter\outputs\reststop-production-2026-09-24\rigged\H04-r1\preview-frames\00047.png'
00:09.156  render           | Saved: 'C:\Users\ljh\tralalero Shooter\outputs\reststop-production-2026-09-24\rigged\H04-r1\preview-frames\00048.png'
00:09.312  render           | Saved: 'C:\Users\ljh\tralalero Shooter\outputs\reststop-production-2026-09-24\rigged\H04-r1\preview-frames\00049.png'
00:09.484  render           | Saved: 'C:\Users\ljh\tralalero Shooter\outputs\reststop-production-2026-09-24\rigged\H04-r1\preview-frames\00050.png'
00:09.656  render           | Saved: 'C:\Users\ljh\tralalero Shooter\outputs\reststop-production-2026-09-24\rigged\H04-r1\preview-frames\00051.png'
00:09.812  render           | Saved: 'C:\Users\ljh\tralalero Shooter\outputs\reststop-production-2026-09-24\rigged\H04-r1\preview-frames\00052.png'
00:09.984  render           | Saved: 'C:\Users\ljh\tralalero Shooter\outputs\reststop-production-2026-09-24\rigged\H04-r1\preview-frames\00053.png'
00:10.140  render           | Saved: 'C:\Users\ljh\tralalero Shooter\outputs\reststop-production-2026-09-24\rigged\H04-r1\preview-frames\00054.png'
00:10.312  render           | Saved: 'C:\Users\ljh\tralalero Shooter\outputs\reststop-production-2026-09-24\rigged\H04-r1\preview-frames\00055.png'
00:10.469  render           | Saved: 'C:\Users\ljh\tralalero Shooter\outputs\reststop-production-2026-09-24\rigged\H04-r1\preview-frames\00056.png'
00:10.640  render           | Saved: 'C:\Users\ljh\tralalero Shooter\outputs\reststop-production-2026-09-24\rigged\H04-r1\preview-frames\00057.png'
00:10.781  render           | Saved: 'C:\Users\ljh\tralalero Shooter\outputs\reststop-production-2026-09-24\rigged\H04-r1\preview-frames\00058.png'
00:10.937  render           | Saved: 'C:\Users\ljh\tralalero Shooter\outputs\reststop-production-2026-09-24\rigged\H04-r1\preview-frames\00059.png'
00:11.109  render           | Saved: 'C:\Users\ljh\tralalero Shooter\outputs\reststop-production-2026-09-24\rigged\H04-r1\preview-frames\00060.png'
00:11.265  render           | Saved: 'C:\Users\ljh\tralalero Shooter\outputs\reststop-production-2026-09-24\rigged\H04-r1\preview-frames\00061.png'
00:11.422  render           | Saved: 'C:\Users\ljh\tralalero Shooter\outputs\reststop-production-2026-09-24\rigged\H04-r1\preview-frames\00062.png'
00:11.578  render           | Saved: 'C:\Users\ljh\tralalero Shooter\outputs\reststop-production-2026-09-24\rigged\H04-r1\preview-frames\00063.png'
00:11.734  render           | Saved: 'C:\Users\ljh\tralalero Shooter\outputs\reststop-production-2026-09-24\rigged\H04-r1\preview-frames\00064.png'
00:11.906  render           | Saved: 'C:\Users\ljh\tralalero Shooter\outputs\reststop-production-2026-09-24\rigged\H04-r1\preview-frames\00065.png'
00:12.062  render           | Saved: 'C:\Users\ljh\tralalero Shooter\outputs\reststop-production-2026-09-24\rigged\H04-r1\preview-frames\00066.png'
00:12.234  render           | Saved: 'C:\Users\ljh\tralalero Shooter\outputs\reststop-production-2026-09-24\rigged\H04-r1\preview-frames\00067.png'
00:12.390  render           | Saved: 'C:\Users\ljh\tralalero Shooter\outputs\reststop-production-2026-09-24\rigged\H04-r1\preview-frames\00068.png'
00:12.547  render           | Saved: 'C:\Users\ljh\tralalero Shooter\outputs\reststop-production-2026-09-24\rigged\H04-r1\preview-frames\00069.png'
00:12.703  render           | Saved: 'C:\Users\ljh\tralalero Shooter\outputs\reststop-production-2026-09-24\rigged\H04-r1\preview-frames\00070.png'
00:12.859  render           | Saved: 'C:\Users\ljh\tralalero Shooter\outputs\reststop-production-2026-09-24\rigged\H04-r1\preview-frames\00071.png'
00:13.015  render           | Saved: 'C:\Users\ljh\tralalero Shooter\outputs\reststop-production-2026-09-24\rigged\H04-r1\preview-frames\00072.png'
REVIEW_ACTION attack_once
00:13.172  render           | Saved: 'C:\Users\ljh\tralalero Shooter\outputs\reststop-production-2026-09-24\rigged\H04-r1\preview-frames\00073.png'
00:13.344  render           | Saved: 'C:\Users\ljh\tralalero Shooter\outputs\reststop-production-2026-09-24\rigged\H04-r1\preview-frames\00074.png'
00:13.500  render           | Saved: 'C:\Users\ljh\tralalero Shooter\outputs\reststop-production-2026-09-24\rigged\H04-r1\preview-frames\00075.png'
00:13.672  render           | Saved: 'C:\Users\ljh\tralalero Shooter\outputs\reststop-production-2026-09-24\rigged\H04-r1\preview-frames\00076.png'
00:13.844  render           | Saved: 'C:\Users\ljh\tralalero Shooter\outputs\reststop-production-2026-09-24\rigged\H04-r1\preview-frames\00077.png'
00:14.000  render           | Saved: 'C:\Users\ljh\tralalero Shooter\outputs\reststop-production-2026-09-24\rigged\H04-r1\preview-frames\00078.png'
00:14.172  render           | Saved: 'C:\Users\ljh\tralalero Shooter\outputs\reststop-production-2026-09-24\rigged\H04-r1\preview-frames\00079.png'
00:14.312  render           | Saved: 'C:\Users\ljh\tralalero Shooter\outputs\reststop-production-2026-09-24\rigged\H04-r1\preview-frames\00080.png'
00:14.500  render           | Saved: 'C:\Users\ljh\tralalero Shooter\outputs\reststop-production-2026-09-24\rigged\H04-r1\preview-frames\00081.png'
00:14.672  render           | Saved: 'C:\Users\ljh\tralalero Shooter\outputs\reststop-production-2026-09-24\rigged\H04-r1\preview-frames\00082.png'
00:14.844  render           | Saved: 'C:\Users\ljh\tralalero Shooter\outputs\reststop-production-2026-09-24\rigged\H04-r1\preview-frames\00083.png'
00:15.015  render           | Saved: 'C:\Users\ljh\tralalero Shooter\outputs\reststop-production-2026-09-24\rigged\H04-r1\preview-frames\00084.png'
00:15.187  render           | Saved: 'C:\Users\ljh\tralalero Shooter\outputs\reststop-production-2026-09-24\rigged\H04-r1\preview-frames\00085.png'
00:15.359  render           | Saved: 'C:\Users\ljh\tralalero Shooter\outputs\reststop-production-2026-09-24\rigged\H04-r1\preview-frames\00086.png'
00:15.515  render           | Saved: 'C:\Users\ljh\tralalero Shooter\outputs\reststop-production-2026-09-24\rigged\H04-r1\preview-frames\00087.png'
00:15.687  render           | Saved: 'C:\Users\ljh\tralalero Shooter\outputs\reststop-production-2026-09-24\rigged\H04-r1\preview-frames\00088.png'
00:15.859  render           | Saved: 'C:\Users\ljh\tralalero Shooter\outputs\reststop-production-2026-09-24\rigged\H04-r1\preview-frames\00089.png'
00:16.015  render           | Saved: 'C:\Users\ljh\tralalero Shooter\outputs\reststop-production-2026-09-24\rigged\H04-r1\preview-frames\00090.png'
00:16.172  render           | Saved: 'C:\Users\ljh\tralalero Shooter\outputs\reststop-production-2026-09-24\rigged\H04-r1\preview-frames\00091.png'
00:16.344  render           | Saved: 'C:\Users\ljh\tralalero Shooter\outputs\reststop-production-2026-09-24\rigged\H04-r1\preview-frames\00092.png'
00:16.500  render           | Saved: 'C:\Users\ljh\tralalero Shooter\outputs\reststop-production-2026-09-24\rigged\H04-r1\preview-frames\00093.png'
00:16.656  render           | Saved: 'C:\Users\ljh\tralalero Shooter\outputs\reststop-production-2026-09-24\rigged\H04-r1\preview-frames\00094.png'
00:16.828  render           | Saved: 'C:\Users\ljh\tralalero Shooter\outputs\reststop-production-2026-09-24\rigged\H04-r1\preview-frames\00095.png'
00:16.984  render           | Saved: 'C:\Users\ljh\tralalero Shooter\outputs\reststop-production-2026-09-24\rigged\H04-r1\preview-frames\00096.png'
00:17.156  render           | Saved: 'C:\Users\ljh\tralalero Shooter\outputs\reststop-production-2026-09-24\rigged\H04-r1\preview-frames\00097.png'
00:17.328  render           | Saved: 'C:\Users\ljh\tralalero Shooter\outputs\reststop-production-2026-09-24\rigged\H04-r1\preview-frames\00098.png'
00:17.484  render           | Saved: 'C:\Users\ljh\tralalero Shooter\outputs\reststop-production-2026-09-24\rigged\H04-r1\preview-frames\00099.png'
00:17.672  render           | Saved: 'C:\Users\ljh\tralalero Shooter\outputs\reststop-production-2026-09-24\rigged\H04-r1\preview-frames\00100.png'
00:17.828  render           | Saved: 'C:\Users\ljh\tralalero Shooter\outputs\reststop-production-2026-09-24\rigged\H04-r1\preview-frames\00101.png'
00:17.984  render           | Saved: 'C:\Users\ljh\tralalero Shooter\outputs\reststop-production-2026-09-24\rigged\H04-r1\preview-frames\00102.png'
REVIEW_ACTION die
00:18.156  render           | Saved: 'C:\Users\ljh\tralalero Shooter\outputs\reststop-production-2026-09-24\rigged\H04-r1\preview-frames\00103.png'
00:18.344  render           | Saved: 'C:\Users\ljh\tralalero Shooter\outputs\reststop-production-2026-09-24\rigged\H04-r1\preview-frames\00104.png'
00:18.500  render           | Saved: 'C:\Users\ljh\tralalero Shooter\outputs\reststop-production-2026-09-24\rigged\H04-r1\preview-frames\00105.png'
00:18.656  render           | Saved: 'C:\Users\ljh\tralalero Shooter\outputs\reststop-production-2026-09-24\rigged\H04-r1\preview-frames\00106.png'
00:18.812  render           | Saved: 'C:\Users\ljh\tralalero Shooter\outputs\reststop-production-2026-09-24\rigged\H04-r1\preview-frames\00107.png'
00:18.969  render           | Saved: 'C:\Users\ljh\tralalero Shooter\outputs\reststop-production-2026-09-24\rigged\H04-r1\preview-frames\00108.png'
00:19.125  render           | Saved: 'C:\Users\ljh\tralalero Shooter\outputs\reststop-production-2026-09-24\rigged\H04-r1\preview-frames\00109.png'
00:19.281  render           | Saved: 'C:\Users\ljh\tralalero Shooter\outputs\reststop-production-2026-09-24\rigged\H04-r1\preview-frames\00110.png'
00:19.422  render           | Saved: 'C:\Users\ljh\tralalero Shooter\outputs\reststop-production-2026-09-24\rigged\H04-r1\preview-frames\00111.png'
00:19.578  render           | Saved: 'C:\Users\ljh\tralalero Shooter\outputs\reststop-production-2026-09-24\rigged\H04-r1\preview-frames\00112.png'
00:19.734  render           | Saved: 'C:\Users\ljh\tralalero Shooter\outputs\reststop-production-2026-09-24\rigged\H04-r1\preview-frames\00113.png'
00:19.890  render           | Saved: 'C:\Users\ljh\tralalero Shooter\outputs\reststop-production-2026-09-24\rigged\H04-r1\preview-frames\00114.png'
00:20.047  render           | Saved: 'C:\Users\ljh\tralalero Shooter\outputs\reststop-production-2026-09-24\rigged\H04-r1\preview-frames\00115.png'
00:20.203  render           | Saved: 'C:\Users\ljh\tralalero Shooter\outputs\reststop-production-2026-09-24\rigged\H04-r1\preview-frames\00116.png'
00:20.375  render           | Saved: 'C:\Users\ljh\tralalero Shooter\outputs\reststop-production-2026-09-24\rigged\H04-r1\preview-frames\00117.png'
00:20.531  render           | Saved: 'C:\Users\ljh\tralalero Shooter\outputs\reststop-production-2026-09-24\rigged\H04-r1\preview-frames\00118.png'
00:20.703  render           | Saved: 'C:\Users\ljh\tralalero Shooter\outputs\reststop-production-2026-09-24\rigged\H04-r1\preview-frames\00119.png'
00:20.859  render           | Saved: 'C:\Users\ljh\tralalero Shooter\outputs\reststop-production-2026-09-24\rigged\H04-r1\preview-frames\00120.png'
00:21.000  render           | Saved: 'C:\Users\ljh\tralalero Shooter\outputs\reststop-production-2026-09-24\rigged\H04-r1\preview-frames\00121.png'
00:21.156  render           | Saved: 'C:\Users\ljh\tralalero Shooter\outputs\reststop-production-2026-09-24\rigged\H04-r1\preview-frames\00122.png'
00:21.328  render           | Saved: 'C:\Users\ljh\tralalero Shooter\outputs\reststop-production-2026-09-24\rigged\H04-r1\preview-frames\00123.png'
00:21.484  render           | Saved: 'C:\Users\ljh\tralalero Shooter\outputs\reststop-production-2026-09-24\rigged\H04-r1\preview-frames\00124.png'
00:21.656  render           | Saved: 'C:\Users\ljh\tralalero Shooter\outputs\reststop-production-2026-09-24\rigged\H04-r1\preview-frames\00125.png'
00:21.812  render           | Saved: 'C:\Users\ljh\tralalero Shooter\outputs\reststop-production-2026-09-24\rigged\H04-r1\preview-frames\00126.png'
00:21.953  render           | Saved: 'C:\Users\ljh\tralalero Shooter\outputs\reststop-production-2026-09-24\rigged\H04-r1\preview-frames\00127.png'
00:22.109  render           | Saved: 'C:\Users\ljh\tralalero Shooter\outputs\reststop-production-2026-09-24\rigged\H04-r1\preview-frames\00128.png'
00:22.265  render           | Saved: 'C:\Users\ljh\tralalero Shooter\outputs\reststop-production-2026-09-24\rigged\H04-r1\preview-frames\00129.png'
00:22.422  render           | Saved: 'C:\Users\ljh\tralalero Shooter\outputs\reststop-production-2026-09-24\rigged\H04-r1\preview-frames\00130.png'
00:22.578  render           | Saved: 'C:\Users\ljh\tralalero Shooter\outputs\reststop-production-2026-09-24\rigged\H04-r1\preview-frames\00131.png'
00:22.734  render           | Saved: 'C:\Users\ljh\tralalero Shooter\outputs\reststop-production-2026-09-24\rigged\H04-r1\preview-frames\00132.png'
00:22.890  render           | Saved: 'C:\Users\ljh\tralalero Shooter\outputs\reststop-production-2026-09-24\rigged\H04-r1\preview-frames\00133.png'
00:23.047  render           | Saved: 'C:\Users\ljh\tralalero Shooter\outputs\reststop-production-2026-09-24\rigged\H04-r1\preview-frames\00134.png'
00:23.203  render           | Saved: 'C:\Users\ljh\tralalero Shooter\outputs\reststop-production-2026-09-24\rigged\H04-r1\preview-frames\00135.png'
00:23.359  render           | Saved: 'C:\Users\ljh\tralalero Shooter\outputs\reststop-production-2026-09-24\rigged\H04-r1\preview-frames\00136.png'
00:23.515  render           | Saved: 'C:\Users\ljh\tralalero Shooter\outputs\reststop-production-2026-09-24\rigged\H04-r1\preview-frames\00137.png'
00:23.672  render           | Saved: 'C:\Users\ljh\tralalero Shooter\outputs\reststop-production-2026-09-24\rigged\H04-r1\preview-frames\00138.png'
00:23.812  render           | Saved: 'C:\Users\ljh\tralalero Shooter\outputs\reststop-production-2026-09-24\rigged\H04-r1\preview-frames\00139.png'
00:23.969  render           | Saved: 'C:\Users\ljh\tralalero Shooter\outputs\reststop-production-2026-09-24\rigged\H04-r1\preview-frames\00140.png'
00:24.140  render           | Saved: 'C:\Users\ljh\tralalero Shooter\outputs\reststop-production-2026-09-24\rigged\H04-r1\preview-frames\00141.png'
00:24.312  render           | Saved: 'C:\Users\ljh\tralalero Shooter\outputs\reststop-production-2026-09-24\rigged\H04-r1\preview-frames\00142.png'
00:24.469  render           | Saved: 'C:\Users\ljh\tralalero Shooter\outputs\reststop-production-2026-09-24\rigged\H04-r1\preview-frames\00143.png'
00:24.625  render           | Saved: 'C:\Users\ljh\tralalero Shooter\outputs\reststop-production-2026-09-24\rigged\H04-r1\preview-frames\00144.png'
00:24.765  render           | Saved: 'C:\Users\ljh\tralalero Shooter\outputs\reststop-production-2026-09-24\rigged\H04-r1\preview-frames\00145.png'
00:24.922  render           | Saved: 'C:\Users\ljh\tralalero Shooter\outputs\reststop-production-2026-09-24\rigged\H04-r1\preview-frames\00146.png'
00:25.078  render           | Saved: 'C:\Users\ljh\tralalero Shooter\outputs\reststop-production-2026-09-24\rigged\H04-r1\preview-frames\00147.png'
00:25.234  render           | Saved: 'C:\Users\ljh\tralalero Shooter\outputs\reststop-production-2026-09-24\rigged\H04-r1\preview-frames\00148.png'
00:25.390  render           | Saved: 'C:\Users\ljh\tralalero Shooter\outputs\reststop-production-2026-09-24\rigged\H04-r1\preview-frames\00149.png'
00:25.531  render           | Saved: 'C:\Users\ljh\tralalero Shooter\outputs\reststop-production-2026-09-24\rigged\H04-r1\preview-frames\00150.png'
00:25.687  render           | Saved: 'C:\Users\ljh\tralalero Shooter\outputs\reststop-production-2026-09-24\rigged\H04-r1\preview-frames\00151.png'
00:25.844  render           | Saved: 'C:\Users\ljh\tralalero Shooter\outputs\reststop-production-2026-09-24\rigged\H04-r1\preview-frames\00152.png'
00:26.000  render           | Saved: 'C:\Users\ljh\tralalero Shooter\outputs\reststop-production-2026-09-24\rigged\H04-r1\preview-frames\00153.png'
00:26.156  render           | Saved: 'C:\Users\ljh\tralalero Shooter\outputs\reststop-production-2026-09-24\rigged\H04-r1\preview-frames\00154.png'
00:26.312  render           | Saved: 'C:\Users\ljh\tralalero Shooter\outputs\reststop-production-2026-09-24\rigged\H04-r1\preview-frames\00155.png'
00:26.469  render           | Saved: 'C:\Users\ljh\tralalero Shooter\outputs\reststop-production-2026-09-24\rigged\H04-r1\preview-frames\00156.png'
REVIEW_ACTION greet
00:26.640  render           | Saved: 'C:\Users\ljh\tralalero Shooter\outputs\reststop-production-2026-09-24\rigged\H04-r1\preview-frames\00157.png'
00:26.797  render           | Saved: 'C:\Users\ljh\tralalero Shooter\outputs\reststop-production-2026-09-24\rigged\H04-r1\preview-frames\00158.png'
00:26.937  render           | Saved: 'C:\Users\ljh\tralalero Shooter\outputs\reststop-production-2026-09-24\rigged\H04-r1\preview-frames\00159.png'
00:27.125  render           | Saved: 'C:\Users\ljh\tralalero Shooter\outputs\reststop-production-2026-09-24\rigged\H04-r1\preview-frames\00160.png'
00:27.297  render           | Saved: 'C:\Users\ljh\tralalero Shooter\outputs\reststop-production-2026-09-24\rigged\H04-r1\preview-frames\00161.png'
00:27.453  render           | Saved: 'C:\Users\ljh\tralalero Shooter\outputs\reststop-production-2026-09-24\rigged\H04-r1\preview-frames\00162.png'
00:27.625  render           | Saved: 'C:\Users\ljh\tralalero Shooter\outputs\reststop-production-2026-09-24\rigged\H04-r1\preview-frames\00163.png'
00:27.781  render           | Saved: 'C:\Users\ljh\tralalero Shooter\outputs\reststop-production-2026-09-24\rigged\H04-r1\preview-frames\00164.png'
00:27.937  render           | Saved: 'C:\Users\ljh\tralalero Shooter\outputs\reststop-production-2026-09-24\rigged\H04-r1\preview-frames\00165.png'
REVIEW_ACTION hit
00:28.094  render           | Saved: 'C:\Users\ljh\tralalero Shooter\outputs\reststop-production-2026-09-24\rigged\H04-r1\preview-frames\00166.png'
00:28.250  render           | Saved: 'C:\Users\ljh\tralalero Shooter\outputs\reststop-production-2026-09-24\rigged\H04-r1\preview-frames\00167.png'
00:28.406  render           | Saved: 'C:\Users\ljh\tralalero Shooter\outputs\reststop-production-2026-09-24\rigged\H04-r1\preview-frames\00168.png'
00:28.562  render           | Saved: 'C:\Users\ljh\tralalero Shooter\outputs\reststop-production-2026-09-24\rigged\H04-r1\preview-frames\00169.png'
00:28.734  render           | Saved: 'C:\Users\ljh\tralalero Shooter\outputs\reststop-production-2026-09-24\rigged\H04-r1\preview-frames\00170.png'
00:28.906  render           | Saved: 'C:\Users\ljh\tralalero Shooter\outputs\reststop-production-2026-09-24\rigged\H04-r1\preview-frames\00171.png'
00:29.062  render           | Saved: 'C:\Users\ljh\tralalero Shooter\outputs\reststop-production-2026-09-24\rigged\H04-r1\preview-frames\00172.png'
00:29.203  render           | Saved: 'C:\Users\ljh\tralalero Shooter\outputs\reststop-production-2026-09-24\rigged\H04-r1\preview-frames\00173.png'
00:29.359  render           | Saved: 'C:\Users\ljh\tralalero Shooter\outputs\reststop-production-2026-09-24\rigged\H04-r1\preview-frames\00174.png'
00:29.531  render           | Saved: 'C:\Users\ljh\tralalero Shooter\outputs\reststop-production-2026-09-24\rigged\H04-r1\preview-frames\00175.png'
00:29.687  render           | Saved: 'C:\Users\ljh\tralalero Shooter\outputs\reststop-production-2026-09-24\rigged\H04-r1\preview-frames\00176.png'
00:29.844  render           | Saved: 'C:\Users\ljh\tralalero Shooter\outputs\reststop-production-2026-09-24\rigged\H04-r1\preview-frames\00177.png'
00:30.000  render           | Saved: 'C:\Users\ljh\tralalero Shooter\outputs\reststop-production-2026-09-24\rigged\H04-r1\preview-frames\00178.png'
00:30.156  render           | Saved: 'C:\Users\ljh\tralalero Shooter\outputs\reststop-production-2026-09-24\rigged\H04-r1\preview-frames\00179.png'
00:30.312  render           | Saved: 'C:\Users\ljh\tralalero Shooter\outputs\reststop-production-2026-09-24\rigged\H04-r1\preview-frames\00180.png'
00:30.469  render           | Saved: 'C:\Users\ljh\tralalero Shooter\outputs\reststop-production-2026-09-24\rigged\H04-r1\preview-frames\00181.png'
00:30.625  render           | Saved: 'C:\Users\ljh\tralalero Shooter\outputs\reststop-production-2026-09-24\rigged\H04-r1\preview-frames\00182.png'
00:30.781  render           | Saved: 'C:\Users\ljh\tralalero Shooter\outputs\reststop-production-2026-09-24\rigged\H04-r1\preview-frames\00183.png'
00:30.937  render           | Saved: 'C:\Users\ljh\tralalero Shooter\outputs\reststop-production-2026-09-24\rigged\H04-r1\preview-frames\00184.png'
00:31.109  render           | Saved: 'C:\Users\ljh\tralalero Shooter\outputs\reststop-production-2026-09-24\rigged\H04-r1\preview-frames\00185.png'
00:31.250  render           | Saved: 'C:\Users\ljh\tralalero Shooter\outputs\reststop-production-2026-09-24\rigged\H04-r1\preview-frames\00186.png'
00:31.406  render           | Saved: 'C:\Users\ljh\tralalero Shooter\outputs\reststop-production-2026-09-24\rigged\H04-r1\preview-frames\00187.png'
00:31.562  render           | Saved: 'C:\Users\ljh\tralalero Shooter\outputs\reststop-production-2026-09-24\rigged\H04-r1\preview-frames\00188.png'
00:31.734  render           | Saved: 'C:\Users\ljh\tralalero Shooter\outputs\reststop-production-2026-09-24\rigged\H04-r1\preview-frames\00189.png'
00:31.890  render           | Saved: 'C:\Users\ljh\tralalero Shooter\outputs\reststop-production-2026-09-24\rigged\H04-r1\preview-frames\00190.png'
00:32.047  render           | Saved: 'C:\Users\ljh\tralalero Shooter\outputs\reststop-production-2026-09-24\rigged\H04-r1\preview-frames\00191.png'
00:32.203  render           | Saved: 'C:\Users\ljh\tralalero Shooter\outputs\reststop-production-2026-09-24\rigged\H04-r1\preview-frames\00192.png'
00:32.375  render           | Saved: 'C:\Users\ljh\tralalero Shooter\outputs\reststop-production-2026-09-24\rigged\H04-r1\preview-frames\00193.png'
00:32.547  render           | Saved: 'C:\Users\ljh\tralalero Shooter\outputs\reststop-production-2026-09-24\rigged\H04-r1\preview-frames\00194.png'
00:32.703  render           | Saved: 'C:\Users\ljh\tralalero Shooter\outputs\reststop-production-2026-09-24\rigged\H04-r1\preview-frames\00195.png'
00:32.844  render           | Saved: 'C:\Users\ljh\tralalero Shooter\outputs\reststop-production-2026-09-24\rigged\H04-r1\preview-frames\00196.png'
00:33.015  render           | Saved: 'C:\Users\ljh\tralalero Shooter\outputs\reststop-production-2026-09-24\rigged\H04-r1\preview-frames\00197.png'
00:33.172  render           | Saved: 'C:\Users\ljh\tralalero Shooter\outputs\reststop-production-2026-09-24\rigged\H04-r1\preview-frames\00198.png'
00:33.328  render           | Saved: 'C:\Users\ljh\tralalero Shooter\outputs\reststop-production-2026-09-24\rigged\H04-r1\preview-frames\00199.png'
00:33.484  render           | Saved: 'C:\Users\ljh\tralalero Shooter\outputs\reststop-production-2026-09-24\rigged\H04-r1\preview-frames\00200.png'
00:33.640  render           | Saved: 'C:\Users\ljh\tralalero Shooter\outputs\reststop-production-2026-09-24\rigged\H04-r1\preview-frames\00201.png'
00:33.812  render           | Saved: 'C:\Users\ljh\tralalero Shooter\outputs\reststop-production-2026-09-24\rigged\H04-r1\preview-frames\00202.png'
00:33.953  render           | Saved: 'C:\Users\ljh\tralalero Shooter\outputs\reststop-production-2026-09-24\rigged\H04-r1\preview-frames\00203.png'
00:34.109  render           | Saved: 'C:\Users\ljh\tralalero Shooter\outputs\reststop-production-2026-09-24\rigged\H04-r1\preview-frames\00204.png'
00:34.265  render           | Saved: 'C:\Users\ljh\tralalero Shooter\outputs\reststop-production-2026-09-24\rigged\H04-r1\preview-frames\00205.png'
00:34.422  render           | Saved: 'C:\Users\ljh\tralalero Shooter\outputs\reststop-production-2026-09-24\rigged\H04-r1\preview-frames\00206.png'
00:34.578  render           | Saved: 'C:\Users\ljh\tralalero Shooter\outputs\reststop-production-2026-09-24\rigged\H04-r1\preview-frames\00207.png'
00:34.734  render           | Saved: 'C:\Users\ljh\tralalero Shooter\outputs\reststop-production-2026-09-24\rigged\H04-r1\preview-frames\00208.png'
00:34.890  render           | Saved: 'C:\Users\ljh\tralalero Shooter\outputs\reststop-production-2026-09-24\rigged\H04-r1\preview-frames\00209.png'
00:35.031  render           | Saved: 'C:\Users\ljh\tralalero Shooter\outputs\reststop-production-2026-09-24\rigged\H04-r1\preview-frames\00210.png'
00:35.187  render           | Saved: 'C:\Users\ljh\tralalero Shooter\outputs\reststop-production-2026-09-24\rigged\H04-r1\preview-frames\00211.png'
00:35.359  render           | Saved: 'C:\Users\ljh\tralalero Shooter\outputs\reststop-production-2026-09-24\rigged\H04-r1\preview-frames\00212.png'
00:35.515  render           | Saved: 'C:\Users\ljh\tralalero Shooter\outputs\reststop-production-2026-09-24\rigged\H04-r1\preview-frames\00213.png'
00:35.672  render           | Saved: 'C:\Users\ljh\tralalero Shooter\outputs\reststop-production-2026-09-24\rigged\H04-r1\preview-frames\00214.png'
00:35.828  render           | Saved: 'C:\Users\ljh\tralalero Shooter\outputs\reststop-production-2026-09-24\rigged\H04-r1\preview-frames\00215.png'
00:35.969  render           | Saved: 'C:\Users\ljh\tralalero Shooter\outputs\reststop-production-2026-09-24\rigged\H04-r1\preview-frames\00216.png'
00:36.125  render           | Saved: 'C:\Users\ljh\tralalero Shooter\outputs\reststop-production-2026-09-24\rigged\H04-r1\preview-frames\00217.png'
00:36.281  render           | Saved: 'C:\Users\ljh\tralalero Shooter\outputs\reststop-production-2026-09-24\rigged\H04-r1\preview-frames\00218.png'
00:36.437  render           | Saved: 'C:\Users\ljh\tralalero Shooter\outputs\reststop-production-2026-09-24\rigged\H04-r1\preview-frames\00219.png'
00:36.594  render           | Saved: 'C:\Users\ljh\tralalero Shooter\outputs\reststop-production-2026-09-24\rigged\H04-r1\preview-frames\00220.png'
00:36.781  render           | Saved: 'C:\Users\ljh\tralalero Shooter\outputs\reststop-production-2026-09-24\rigged\H04-r1\preview-frames\00221.png'
00:36.937  render           | Saved: 'C:\Users\ljh\tralalero Shooter\outputs\reststop-production-2026-09-24\rigged\H04-r1\preview-frames\00222.png'
00:37.094  render           | Saved: 'C:\Users\ljh\tralalero Shooter\outputs\reststop-production-2026-09-24\rigged\H04-r1\preview-frames\00223.png'
00:37.265  render           | Saved: 'C:\Users\ljh\tralalero Shooter\outputs\reststop-production-2026-09-24\rigged\H04-r1\preview-frames\00224.png'
00:37.422  render           | Saved: 'C:\Users\ljh\tralalero Shooter\outputs\reststop-production-2026-09-24\rigged\H04-r1\preview-frames\00225.png'
00:37.578  render           | Saved: 'C:\Users\ljh\tralalero Shooter\outputs\reststop-production-2026-09-24\rigged\H04-r1\preview-frames\00226.png'
00:37.734  render           | Saved: 'C:\Users\ljh\tralalero Shooter\outputs\reststop-production-2026-09-24\rigged\H04-r1\preview-frames\00227.png'
00:37.890  render           | Saved: 'C:\Users\ljh\tralalero Shooter\outputs\reststop-production-2026-09-24\rigged\H04-r1\preview-frames\00228.png'
00:38.047  render           | Saved: 'C:\Users\ljh\tralalero Shooter\outputs\reststop-production-2026-09-24\rigged\H04-r1\preview-frames\00229.png'
00:38.187  render           | Saved: 'C:\Users\ljh\tralalero Shooter\outputs\reststop-production-2026-09-24\rigged\H04-r1\preview-frames\00230.png'
00:38.344  render           | Saved: 'C:\Users\ljh\tralalero Shooter\outputs\reststop-production-2026-09-24\rigged\H04-r1\preview-frames\00231.png'
00:38.500  render           | Saved: 'C:\Users\ljh\tralalero Shooter\outputs\reststop-production-2026-09-24\rigged\H04-r1\preview-frames\00232.png'
00:38.656  render           | Saved: 'C:\Users\ljh\tralalero Shooter\outputs\reststop-production-2026-09-24\rigged\H04-r1\preview-frames\00233.png'
00:38.812  render           | Saved: 'C:\Users\ljh\tralalero Shooter\outputs\reststop-production-2026-09-24\rigged\H04-r1\preview-frames\00234.png'
00:38.969  render           | Saved: 'C:\Users\ljh\tralalero Shooter\outputs\reststop-production-2026-09-24\rigged\H04-r1\preview-frames\00235.png'
00:39.109  render           | Saved: 'C:\Users\ljh\tralalero Shooter\outputs\reststop-production-2026-09-24\rigged\H04-r1\preview-frames\00236.png'
00:39.265  render           | Saved: 'C:\Users\ljh\tralalero Shooter\outputs\reststop-production-2026-09-24\rigged\H04-r1\preview-frames\00237.png'
REVIEW_ACTION idle
00:39.422  render           | Saved: 'C:\Users\ljh\tralalero Shooter\outputs\reststop-production-2026-09-24\rigged\H04-r1\preview-frames\00238.png'
00:39.594  render           | Saved: 'C:\Users\ljh\tralalero Shooter\outputs\reststop-production-2026-09-24\rigged\H04-r1\preview-frames\00239.png'
00:39.750  render           | Saved: 'C:\Users\ljh\tralalero Shooter\outputs\reststop-production-2026-09-24\rigged\H04-r1\preview-frames\00240.png'
00:39.906  render           | Saved: 'C:\Users\ljh\tralalero Shooter\outputs\reststop-production-2026-09-24\rigged\H04-r1\preview-frames\00241.png'
00:40.062  render           | Saved: 'C:\Users\ljh\tralalero Shooter\outputs\reststop-production-2026-09-24\rigged\H04-r1\preview-frames\00242.png'
00:40.219  render           | Saved: 'C:\Users\ljh\tralalero Shooter\outputs\reststop-production-2026-09-24\rigged\H04-r1\preview-frames\00243.png'
00:40.375  render           | Saved: 'C:\Users\ljh\tralalero Shooter\outputs\reststop-production-2026-09-24\rigged\H04-r1\preview-frames\00244.png'
00:40.531  render           | Saved: 'C:\Users\ljh\tralalero Shooter\outputs\reststop-production-2026-09-24\rigged\H04-r1\preview-frames\00245.png'
00:40.703  render           | Saved: 'C:\Users\ljh\tralalero Shooter\outputs\reststop-production-2026-09-24\rigged\H04-r1\preview-frames\00246.png'
00:40.844  render           | Saved: 'C:\Users\ljh\tralalero Shooter\outputs\reststop-production-2026-09-24\rigged\H04-r1\preview-frames\00247.png'
00:41.000  render           | Saved: 'C:\Users\ljh\tralalero Shooter\outputs\reststop-production-2026-09-24\rigged\H04-r1\preview-frames\00248.png'
00:41.172  render           | Saved: 'C:\Users\ljh\tralalero Shooter\outputs\reststop-production-2026-09-24\rigged\H04-r1\preview-frames\00249.png'
00:41.328  render           | Saved: 'C:\Users\ljh\tralalero Shooter\outputs\reststop-production-2026-09-24\rigged\H04-r1\preview-frames\00250.png'
00:41.484  render           | Saved: 'C:\Users\ljh\tralalero Shooter\outputs\reststop-production-2026-09-24\rigged\H04-r1\preview-frames\00251.png'
00:41.640  render           | Saved: 'C:\Users\ljh\tralalero Shooter\outputs\reststop-production-2026-09-24\rigged\H04-r1\preview-frames\00252.png'
00:41.797  render           | Saved: 'C:\Users\ljh\tralalero Shooter\outputs\reststop-production-2026-09-24\rigged\H04-r1\preview-frames\00253.png'
00:41.953  render           | Saved: 'C:\Users\ljh\tralalero Shooter\outputs\reststop-production-2026-09-24\rigged\H04-r1\preview-frames\00254.png'
00:42.109  render           | Saved: 'C:\Users\ljh\tralalero Shooter\outputs\reststop-production-2026-09-24\rigged\H04-r1\preview-frames\00255.png'
00:42.265  render           | Saved: 'C:\Users\ljh\tralalero Shooter\outputs\reststop-production-2026-09-24\rigged\H04-r1\preview-frames\00256.png'
00:42.406  render           | Saved: 'C:\Users\ljh\tralalero Shooter\outputs\reststop-production-2026-09-24\rigged\H04-r1\preview-frames\00257.png'
REVIEW_ACTION run
00:42.562  render           | Saved: 'C:\Users\ljh\tralalero Shooter\outputs\reststop-production-2026-09-24\rigged\H04-r1\preview-frames\00258.png'
00:42.719  render           | Saved: 'C:\Users\ljh\tralalero Shooter\outputs\reststop-production-2026-09-24\rigged\H04-r1\preview-frames\00259.png'
00:42.875  render           | Saved: 'C:\Users\ljh\tralalero Shooter\outputs\reststop-production-2026-09-24\rigged\H04-r1\preview-frames\00260.png'
00:43.031  render           | Saved: 'C:\Users\ljh\tralalero Shooter\outputs\reststop-production-2026-09-24\rigged\H04-r1\preview-frames\00261.png'
00:43.187  render           | Saved: 'C:\Users\ljh\tralalero Shooter\outputs\reststop-production-2026-09-24\rigged\H04-r1\preview-frames\00262.png'
00:43.344  render           | Saved: 'C:\Users\ljh\tralalero Shooter\outputs\reststop-production-2026-09-24\rigged\H04-r1\preview-frames\00263.png'
00:43.500  render           | Saved: 'C:\Users\ljh\tralalero Shooter\outputs\reststop-production-2026-09-24\rigged\H04-r1\preview-frames\00264.png'
00:43.656  render           | Saved: 'C:\Users\ljh\tralalero Shooter\outputs\reststop-production-2026-09-24\rigged\H04-r1\preview-frames\00265.png'
00:43.812  render           | Saved: 'C:\Users\ljh\tralalero Shooter\outputs\reststop-production-2026-09-24\rigged\H04-r1\preview-frames\00266.png'
00:43.953  render           | Saved: 'C:\Users\ljh\tralalero Shooter\outputs\reststop-production-2026-09-24\rigged\H04-r1\preview-frames\00267.png'
00:44.109  render           | Saved: 'C:\Users\ljh\tralalero Shooter\outputs\reststop-production-2026-09-24\rigged\H04-r1\preview-frames\00268.png'
00:44.250  render           | Saved: 'C:\Users\ljh\tralalero Shooter\outputs\reststop-production-2026-09-24\rigged\H04-r1\preview-frames\00269.png'
00:44.406  render           | Saved: 'C:\Users\ljh\tralalero Shooter\outputs\reststop-production-2026-09-24\rigged\H04-r1\preview-frames\00270.png'
00:44.562  render           | Saved: 'C:\Users\ljh\tralalero Shooter\outputs\reststop-production-2026-09-24\rigged\H04-r1\preview-frames\00271.png'
00:44.734  render           | Saved: 'C:\Users\ljh\tralalero Shooter\outputs\reststop-production-2026-09-24\rigged\H04-r1\preview-frames\00272.png'
00:44.890  render           | Saved: 'C:\Users\ljh\tralalero Shooter\outputs\reststop-production-2026-09-24\rigged\H04-r1\preview-frames\00273.png'
00:45.047  render           | Saved: 'C:\Users\ljh\tralalero Shooter\outputs\reststop-production-2026-09-24\rigged\H04-r1\preview-frames\00274.png'
00:45.187  render           | Saved: 'C:\Users\ljh\tralalero Shooter\outputs\reststop-production-2026-09-24\rigged\H04-r1\preview-frames\00275.png'
00:45.344  render           | Saved: 'C:\Users\ljh\tralalero Shooter\outputs\reststop-production-2026-09-24\rigged\H04-r1\preview-frames\00276.png'
00:45.500  render           | Saved: 'C:\Users\ljh\tralalero Shooter\outputs\reststop-production-2026-09-24\rigged\H04-r1\preview-frames\00277.png'
00:45.656  render           | Saved: 'C:\Users\ljh\tralalero Shooter\outputs\reststop-production-2026-09-24\rigged\H04-r1\preview-frames\00278.png'
00:45.828  render           | Saved: 'C:\Users\ljh\tralalero Shooter\outputs\reststop-production-2026-09-24\rigged\H04-r1\preview-frames\00279.png'
00:45.969  render           | Saved: 'C:\Users\ljh\tralalero Shooter\outputs\reststop-production-2026-09-24\rigged\H04-r1\preview-frames\00280.png'
00:46.125  render           | Saved: 'C:\Users\ljh\tralalero Shooter\outputs\reststop-production-2026-09-24\rigged\H04-r1\preview-frames\00281.png'
00:46.281  render           | Saved: 'C:\Users\ljh\tralalero Shooter\outputs\reststop-production-2026-09-24\rigged\H04-r1\preview-frames\00282.png'
00:46.437  render           | Saved: 'C:\Users\ljh\tralalero Shooter\outputs\reststop-production-2026-09-24\rigged\H04-r1\preview-frames\00283.png'
00:46.578  render           | Saved: 'C:\Users\ljh\tralalero Shooter\outputs\reststop-production-2026-09-24\rigged\H04-r1\preview-frames\00284.png'
00:46.734  render           | Saved: 'C:\Users\ljh\tralalero Shooter\outputs\reststop-production-2026-09-24\rigged\H04-r1\preview-frames\00285.png'
00:46.906  render           | Saved: 'C:\Users\ljh\tralalero Shooter\outputs\reststop-production-2026-09-24\rigged\H04-r1\preview-frames\00286.png'
00:47.062  render           | Saved: 'C:\Users\ljh\tralalero Shooter\outputs\reststop-production-2026-09-24\rigged\H04-r1\preview-frames\00287.png'
00:47.203  render           | Saved: 'C:\Users\ljh\tralalero Shooter\outputs\reststop-production-2026-09-24\rigged\H04-r1\preview-frames\00288.png'
00:47.359  render           | Saved: 'C:\Users\ljh\tralalero Shooter\outputs\reststop-production-2026-09-24\rigged\H04-r1\preview-frames\00289.png'
00:47.515  render           | Saved: 'C:\Users\ljh\tralalero Shooter\outputs\reststop-production-2026-09-24\rigged\H04-r1\preview-frames\00290.png'
00:47.687  render           | Saved: 'C:\Users\ljh\tralalero Shooter\outputs\reststop-production-2026-09-24\rigged\H04-r1\preview-frames\00291.png'
00:47.828  render           | Saved: 'C:\Users\ljh\tralalero Shooter\outputs\reststop-production-2026-09-24\rigged\H04-r1\preview-frames\00292.png'
00:47.984  render           | Saved: 'C:\Users\ljh\tralalero Shooter\outputs\reststop-production-2026-09-24\rigged\H04-r1\preview-frames\00293.png'
00:48.140  render           | Saved: 'C:\Users\ljh\tralalero Shooter\outputs\reststop-production-2026-09-24\rigged\H04-r1\preview-frames\00294.png'
00:48.297  render           | Saved: 'C:\Users\ljh\tralalero Shooter\outputs\reststop-production-2026-09-24\rigged\H04-r1\preview-frames\00295.png'
00:48.453  render           | Saved: 'C:\Users\ljh\tralalero Shooter\outputs\reststop-production-2026-09-24\rigged\H04-r1\preview-frames\00296.png'
00:48.609  render           | Saved: 'C:\Users\ljh\tralalero Shooter\outputs\reststop-production-2026-09-24\rigged\H04-r1\preview-frames\00297.png'
00:48.781  render           | Saved: 'C:\Users\ljh\tralalero Shooter\outputs\reststop-production-2026-09-24\rigged\H04-r1\preview-frames\00298.png'
00:48.937  render           | Saved: 'C:\Users\ljh\tralalero Shooter\outputs\reststop-production-2026-09-24\rigged\H04-r1\preview-frames\00299.png'
00:49.109  render           | Saved: 'C:\Users\ljh\tralalero Shooter\outputs\reststop-production-2026-09-24\rigged\H04-r1\preview-frames\00300.png'
00:49.265  render           | Saved: 'C:\Users\ljh\tralalero Shooter\outputs\reststop-production-2026-09-24\rigged\H04-r1\preview-frames\00301.png'
00:49.422  render           | Saved: 'C:\Users\ljh\tralalero Shooter\outputs\reststop-production-2026-09-24\rigged\H04-r1\preview-frames\00302.png'
00:49.578  render           | Saved: 'C:\Users\ljh\tralalero Shooter\outputs\reststop-production-2026-09-24\rigged\H04-r1\preview-frames\00303.png'
00:49.734  render           | Saved: 'C:\Users\ljh\tralalero Shooter\outputs\reststop-production-2026-09-24\rigged\H04-r1\preview-frames\00304.png'
00:49.890  render           | Saved: 'C:\Users\ljh\tralalero Shooter\outputs\reststop-production-2026-09-24\rigged\H04-r1\preview-frames\00305.png'
00:50.062  render           | Saved: 'C:\Users\ljh\tralalero Shooter\outputs\reststop-production-2026-09-24\rigged\H04-r1\preview-frames\00306.png'
00:50.219  render           | Saved: 'C:\Users\ljh\tralalero Shooter\outputs\reststop-production-2026-09-24\rigged\H04-r1\preview-frames\00307.png'
00:50.390  render           | Saved: 'C:\Users\ljh\tralalero Shooter\outputs\reststop-production-2026-09-24\rigged\H04-r1\preview-frames\00308.png'
00:50.547  render           | Saved: 'C:\Users\ljh\tralalero Shooter\outputs\reststop-production-2026-09-24\rigged\H04-r1\preview-frames\00309.png'
00:50.703  render           | Saved: 'C:\Users\ljh\tralalero Shooter\outputs\reststop-production-2026-09-24\rigged\H04-r1\preview-frames\00310.png'
00:50.859  render           | Saved: 'C:\Users\ljh\tralalero Shooter\outputs\reststop-production-2026-09-24\rigged\H04-r1\preview-frames\00311.png'
REVIEW_ACTION serve
00:51.015  render           | Saved: 'C:\Users\ljh\tralalero Shooter\outputs\reststop-production-2026-09-24\rigged\H04-r1\preview-frames\00312.png'
00:51.172  render           | Saved: 'C:\Users\ljh\tralalero Shooter\outputs\reststop-production-2026-09-24\rigged\H04-r1\preview-frames\00313.png'
00:51.312  render           | Saved: 'C:\Users\ljh\tralalero Shooter\outputs\reststop-production-2026-09-24\rigged\H04-r1\preview-frames\00314.png'
00:51.484  render           | Saved: 'C:\Users\ljh\tralalero Shooter\outputs\reststop-production-2026-09-24\rigged\H04-r1\preview-frames\00315.png'
00:51.640  render           | Saved: 'C:\Users\ljh\tralalero Shooter\outputs\reststop-production-2026-09-24\rigged\H04-r1\preview-frames\00316.png'
00:51.797  render           | Saved: 'C:\Users\ljh\tralalero Shooter\outputs\reststop-production-2026-09-24\rigged\H04-r1\preview-frames\00317.png'
00:51.953  render           | Saved: 'C:\Users\ljh\tralalero Shooter\outputs\reststop-production-2026-09-24\rigged\H04-r1\preview-frames\00318.png'
00:52.125  render           | Saved: 'C:\Users\ljh\tralalero Shooter\outputs\reststop-production-2026-09-24\rigged\H04-r1\preview-frames\00319.png'
00:52.281  render           | Saved: 'C:\Users\ljh\tralalero Shooter\outputs\reststop-production-2026-09-24\rigged\H04-r1\preview-frames\00320.png'
00:52.453  render           | Saved: 'C:\Users\ljh\tralalero Shooter\outputs\reststop-production-2026-09-24\rigged\H04-r1\preview-frames\00321.png'
00:52.609  render           | Saved: 'C:\Users\ljh\tralalero Shooter\outputs\reststop-production-2026-09-24\rigged\H04-r1\preview-frames\00322.png'
00:52.765  render           | Saved: 'C:\Users\ljh\tralalero Shooter\outputs\reststop-production-2026-09-24\rigged\H04-r1\preview-frames\00323.png'
00:52.922  render           | Saved: 'C:\Users\ljh\tralalero Shooter\outputs\reststop-production-2026-09-24\rigged\H04-r1\preview-frames\00324.png'
00:53.078  render           | Saved: 'C:\Users\ljh\tralalero Shooter\outputs\reststop-production-2026-09-24\rigged\H04-r1\preview-frames\00325.png'
00:53.250  render           | Saved: 'C:\Users\ljh\tralalero Shooter\outputs\reststop-production-2026-09-24\rigged\H04-r1\preview-frames\00326.png'
00:53.406  render           | Saved: 'C:\Users\ljh\tralalero Shooter\outputs\reststop-production-2026-09-24\rigged\H04-r1\preview-frames\00327.png'
00:53.578  render           | Saved: 'C:\Users\ljh\tralalero Shooter\outputs\reststop-production-2026-09-24\rigged\H04-r1\preview-frames\00328.png'
00:53.734  render           | Saved: 'C:\Users\ljh\tralalero Shooter\outputs\reststop-production-2026-09-24\rigged\H04-r1\preview-frames\00329.png'
00:53.890  render           | Saved: 'C:\Users\ljh\tralalero Shooter\outputs\reststop-production-2026-09-24\rigged\H04-r1\preview-frames\00330.png'
00:54.047  render           | Saved: 'C:\Users\ljh\tralalero Shooter\outputs\reststop-production-2026-09-24\rigged\H04-r1\preview-frames\00331.png'
00:54.203  render           | Saved: 'C:\Users\ljh\tralalero Shooter\outputs\reststop-production-2026-09-24\rigged\H04-r1\preview-frames\00332.png'
00:54.359  render           | Saved: 'C:\Users\ljh\tralalero Shooter\outputs\reststop-production-2026-09-24\rigged\H04-r1\preview-frames\00333.png'
00:54.531  render           | Saved: 'C:\Users\ljh\tralalero Shooter\outputs\reststop-production-2026-09-24\rigged\H04-r1\preview-frames\00334.png'
00:54.687  render           | Saved: 'C:\Users\ljh\tralalero Shooter\outputs\reststop-production-2026-09-24\rigged\H04-r1\preview-frames\00335.png'
00:54.859  render           | Saved: 'C:\Users\ljh\tralalero Shooter\outputs\reststop-production-2026-09-24\rigged\H04-r1\preview-frames\00336.png'
00:55.015  render           | Saved: 'C:\Users\ljh\tralalero Shooter\outputs\reststop-production-2026-09-24\rigged\H04-r1\preview-frames\00337.png'
00:55.156  render           | Saved: 'C:\Users\ljh\tralalero Shooter\outputs\reststop-production-2026-09-24\rigged\H04-r1\preview-frames\00338.png'
REVIEW_ACTION walk
Blender 5.2.1 LTS (hash 9e2066aef7ef built 2026-08-25 02:38:20)

Blender quit
