{"pid": 15652, "started": 1790190001.7861123, "script": "C:\\Users\\ljh\\tralalero Shooter\\tools\\render-reststop-rig-preview.py", "threads": 4, "logicalProcessors": [0, 1, 2, 3, 4, 5, 6, 7], "priority": "below-normal", "availableMemoryBytes": 23241351168}
00:00.391  blend            | Read blend: "C:\Users\ljh\tralalero Shooter\outputs\reststop-production-2026-09-24\rigged\H01-r8\ParkingMarshal.blend"
C:\Users\ljh\tralalero Shooter\tools\render-reststop-rig-preview.py:31: DeprecationWarning: 'World.use_nodes' is expected to be removed in Blender 6.0
  scene.world=bpy.data.worlds.new('Animation_review_world');scene.world.use_nodes=True
C:\Users\ljh\tralalero Shooter\tools\render-reststop-rig-preview.py:46: DeprecationWarning: 'Material.use_nodes' is expected to be removed in Blender 6.0
  label_material=bpy.data.materials.new('Review text');label_material.use_nodes=True
00:01.563  render           | Saved: 'C:\Users\ljh\tralalero Shooter\outputs\reststop-production-2026-09-24\rigged\H01-r8\preview-frames\00001.png'
00:01.735  render           | Saved: 'C:\Users\ljh\tralalero Shooter\outputs\reststop-production-2026-09-24\rigged\H01-r8\preview-frames\00002.png'
00:01.906  render           | Saved: 'C:\Users\ljh\tralalero Shooter\outputs\reststop-production-2026-09-24\rigged\H01-r8\preview-frames\00003.png'
00:02.063  render           | Saved: 'C:\Users\ljh\tralalero Shooter\outputs\reststop-production-2026-09-24\rigged\H01-r8\preview-frames\00004.png'
00:02.219  render           | Saved: 'C:\Users\ljh\tralalero Shooter\outputs\reststop-production-2026-09-24\rigged\H01-r8\preview-frames\00005.png'
00:02.375  render           | Saved: 'C:\Users\ljh\tralalero Shooter\outputs\reststop-production-2026-09-24\rigged\H01-r8\preview-frames\00006.png'
00:02.516  render           | Saved: 'C:\Users\ljh\tralalero Shooter\outputs\reststop-production-2026-09-24\rigged\H01-r8\preview-frames\00007.png'
00:02.672  render           | Saved: 'C:\Users\ljh\tralalero Shooter\outputs\reststop-production-2026-09-24\rigged\H01-r8\preview-frames\00008.png'
00:02.813  render           | Saved: 'C:\Users\ljh\tralalero Shooter\outputs\reststop-production-2026-09-24\rigged\H01-r8\preview-frames\00009.png'
00:02.969  render           | Saved: 'C:\Users\ljh\tralalero Shooter\outputs\reststop-production-2026-09-24\rigged\H01-r8\preview-frames\00010.png'
00:03.125  render           | Saved: 'C:\Users\ljh\tralalero Shooter\outputs\reststop-production-2026-09-24\rigged\H01-r8\preview-frames\00011.png'
00:03.281  render           | Saved: 'C:\Users\ljh\tralalero Shooter\outputs\reststop-production-2026-09-24\rigged\H01-r8\preview-frames\00012.png'
00:03.438  render           | Saved: 'C:\Users\ljh\tralalero Shooter\outputs\reststop-production-2026-09-24\rigged\H01-r8\preview-frames\00013.png'
00:03.594  render           | Saved: 'C:\Users\ljh\tralalero Shooter\outputs\reststop-production-2026-09-24\rigged\H01-r8\preview-frames\00014.png'
00:03.750  render           | Saved: 'C:\Users\ljh\tralalero Shooter\outputs\reststop-production-2026-09-24\rigged\H01-r8\preview-frames\00015.png'
00:03.891  render           | Saved: 'C:\Users\ljh\tralalero Shooter\outputs\reststop-production-2026-09-24\rigged\H01-r8\preview-frames\00016.png'
00:04.047  render           | Saved: 'C:\Users\ljh\tralalero Shooter\outputs\reststop-production-2026-09-24\rigged\H01-r8\preview-frames\00017.png'
00:04.203  render           | Saved: 'C:\Users\ljh\tralalero Shooter\outputs\reststop-production-2026-09-24\rigged\H01-r8\preview-frames\00018.png'
00:04.375  render           | Saved: 'C:\Users\ljh\tralalero Shooter\outputs\reststop-production-2026-09-24\rigged\H01-r8\preview-frames\00019.png'
00:04.531  render           | Saved: 'C:\Users\ljh\tralalero Shooter\outputs\reststop-production-2026-09-24\rigged\H01-r8\preview-frames\00020.png'
00:04.688  render           | Saved: 'C:\Users\ljh\tralalero Shooter\outputs\reststop-production-2026-09-24\rigged\H01-r8\preview-frames\00021.png'
00:04.860  render           | Saved: 'C:\Users\ljh\tralalero Shooter\outputs\reststop-production-2026-09-24\rigged\H01-r8\preview-frames\00022.png'
00:05.016  render           | Saved: 'C:\Users\ljh\tralalero Shooter\outputs\reststop-production-2026-09-24\rigged\H01-r8\preview-frames\00023.png'
00:05.156  render           | Saved: 'C:\Users\ljh\tralalero Shooter\outputs\reststop-production-2026-09-24\rigged\H01-r8\preview-frames\00024.png'
00:05.313  render           | Saved: 'C:\Users\ljh\tralalero Shooter\outputs\reststop-production-2026-09-24\rigged\H01-r8\preview-frames\00025.png'
00:05.469  render           | Saved: 'C:\Users\ljh\tralalero Shooter\outputs\reststop-production-2026-09-24\rigged\H01-r8\preview-frames\00026.png'
00:05.625  render           | Saved: 'C:\Users\ljh\tralalero Shooter\outputs\reststop-production-2026-09-24\rigged\H01-r8\preview-frames\00027.png'
00:05.766  render           | Saved: 'C:\Users\ljh\tralalero Shooter\outputs\reststop-production-2026-09-24\rigged\H01-r8\preview-frames\00028.png'
00:05.922  render           | Saved: 'C:\Users\ljh\tralalero Shooter\outputs\reststop-production-2026-09-24\rigged\H01-r8\preview-frames\00029.png'
00:06.094  render           | Saved: 'C:\Users\ljh\tralalero Shooter\outputs\reststop-production-2026-09-24\rigged\H01-r8\preview-frames\00030.png'
00:06.235  render           | Saved: 'C:\Users\ljh\tralalero Shooter\outputs\reststop-production-2026-09-24\rigged\H01-r8\preview-frames\00031.png'
00:06.391  render           | Saved: 'C:\Users\ljh\tralalero Shooter\outputs\reststop-production-2026-09-24\rigged\H01-r8\preview-frames\00032.png'
00:06.531  render           | Saved: 'C:\Users\ljh\tralalero Shooter\outputs\reststop-production-2026-09-24\rigged\H01-r8\preview-frames\00033.png'
00:06.703  render           | Saved: 'C:\Users\ljh\tralalero Shooter\outputs\reststop-production-2026-09-24\rigged\H01-r8\preview-frames\00034.png'
00:06.844  render           | Saved: 'C:\Users\ljh\tralalero Shooter\outputs\reststop-production-2026-09-24\rigged\H01-r8\preview-frames\00035.png'
00:07.000  render           | Saved: 'C:\Users\ljh\tralalero Shooter\outputs\reststop-production-2026-09-24\rigged\H01-r8\preview-frames\00036.png'
REVIEW_ACTION attack_loop
00:07.156  render           | Saved: 'C:\Users\ljh\tralalero Shooter\outputs\reststop-production-2026-09-24\rigged\H01-r8\preview-frames\00037.png'
00:07.313  render           | Saved: 'C:\Users\ljh\tralalero Shooter\outputs\reststop-production-2026-09-24\rigged\H01-r8\preview-frames\00038.png'
00:07.469  render           | Saved: 'C:\Users\ljh\tralalero Shooter\outputs\reststop-production-2026-09-24\rigged\H01-r8\preview-frames\00039.png'
00:07.625  render           | Saved: 'C:\Users\ljh\tralalero Shooter\outputs\reststop-production-2026-09-24\rigged\H01-r8\preview-frames\00040.png'
00:07.781  render           | Saved: 'C:\Users\ljh\tralalero Shooter\outputs\reststop-production-2026-09-24\rigged\H01-r8\preview-frames\00041.png'
00:07.938  render           | Saved: 'C:\Users\ljh\tralalero Shooter\outputs\reststop-production-2026-09-24\rigged\H01-r8\preview-frames\00042.png'
00:08.094  render           | Saved: 'C:\Users\ljh\tralalero Shooter\outputs\reststop-production-2026-09-24\rigged\H01-r8\preview-frames\00043.png'
00:08.250  render           | Saved: 'C:\Users\ljh\tralalero Shooter\outputs\reststop-production-2026-09-24\rigged\H01-r8\preview-frames\00044.png'
00:08.406  render           | Saved: 'C:\Users\ljh\tralalero Shooter\outputs\reststop-production-2026-09-24\rigged\H01-r8\preview-frames\00045.png'
00:08.563  render           | Saved: 'C:\Users\ljh\tralalero Shooter\outputs\reststop-production-2026-09-24\rigged\H01-r8\preview-frames\00046.png'
00:08.719  render           | Saved: 'C:\Users\ljh\tralalero Shooter\outputs\reststop-production-2026-09-24\rigged\H01-r8\preview-frames\00047.png'
00:08.875  render           | Saved: 'C:\Users\ljh\tralalero Shooter\outputs\reststop-production-2026-09-24\rigged\H01-r8\preview-frames\00048.png'
00:09.031  render           | Saved: 'C:\Users\ljh\tralalero Shooter\outputs\reststop-production-2026-09-24\rigged\H01-r8\preview-frames\00049.png'
00:09.188  render           | Saved: 'C:\Users\ljh\tralalero Shooter\outputs\reststop-production-2026-09-24\rigged\H01-r8\preview-frames\00050.png'
00:09.344  render           | Saved: 'C:\Users\ljh\tralalero Shooter\outputs\reststop-production-2026-09-24\rigged\H01-r8\preview-frames\00051.png'
00:09.500  render           | Saved: 'C:\Users\ljh\tralalero Shooter\outputs\reststop-production-2026-09-24\rigged\H01-r8\preview-frames\00052.png'
00:09.656  render           | Saved: 'C:\Users\ljh\tralalero Shooter\outputs\reststop-production-2026-09-24\rigged\H01-r8\preview-frames\00053.png'
00:09.813  render           | Saved: 'C:\Users\ljh\tralalero Shooter\outputs\reststop-production-2026-09-24\rigged\H01-r8\preview-frames\00054.png'
00:09.969  render           | Saved: 'C:\Users\ljh\tralalero Shooter\outputs\reststop-production-2026-09-24\rigged\H01-r8\preview-frames\00055.png'
00:10.125  render           | Saved: 'C:\Users\ljh\tralalero Shooter\outputs\reststop-production-2026-09-24\rigged\H01-r8\preview-frames\00056.png'
00:10.281  render           | Saved: 'C:\Users\ljh\tralalero Shooter\outputs\reststop-production-2026-09-24\rigged\H01-r8\preview-frames\00057.png'
00:10.438  render           | Saved: 'C:\Users\ljh\tralalero Shooter\outputs\reststop-production-2026-09-24\rigged\H01-r8\preview-frames\00058.png'
00:10.594  render           | Saved: 'C:\Users\ljh\tralalero Shooter\outputs\reststop-production-2026-09-24\rigged\H01-r8\preview-frames\00059.png'
00:10.750  render           | Saved: 'C:\Users\ljh\tralalero Shooter\outputs\reststop-production-2026-09-24\rigged\H01-r8\preview-frames\00060.png'
00:10.906  render           | Saved: 'C:\Users\ljh\tralalero Shooter\outputs\reststop-production-2026-09-24\rigged\H01-r8\preview-frames\00061.png'
00:11.063  render           | Saved: 'C:\Users\ljh\tralalero Shooter\outputs\reststop-production-2026-09-24\rigged\H01-r8\preview-frames\00062.png'
00:11.219  render           | Saved: 'C:\Users\ljh\tralalero Shooter\outputs\reststop-production-2026-09-24\rigged\H01-r8\preview-frames\00063.png'
00:11.391  render           | Saved: 'C:\Users\ljh\tralalero Shooter\outputs\reststop-production-2026-09-24\rigged\H01-r8\preview-frames\00064.png'
00:11.547  render           | Saved: 'C:\Users\ljh\tralalero Shooter\outputs\reststop-production-2026-09-24\rigged\H01-r8\preview-frames\00065.png'
00:11.703  render           | Saved: 'C:\Users\ljh\tralalero Shooter\outputs\reststop-production-2026-09-24\rigged\H01-r8\preview-frames\00066.png'
00:11.875  render           | Saved: 'C:\Users\ljh\tralalero Shooter\outputs\reststop-production-2026-09-24\rigged\H01-r8\preview-frames\00067.png'
00:12.016  render           | Saved: 'C:\Users\ljh\tralalero Shooter\outputs\reststop-production-2026-09-24\rigged\H01-r8\preview-frames\00068.png'
00:12.172  render           | Saved: 'C:\Users\ljh\tralalero Shooter\outputs\reststop-production-2026-09-24\rigged\H01-r8\preview-frames\00069.png'
00:12.328  render           | Saved: 'C:\Users\ljh\tralalero Shooter\outputs\reststop-production-2026-09-24\rigged\H01-r8\preview-frames\00070.png'
00:12.469  render           | Saved: 'C:\Users\ljh\tralalero Shooter\outputs\reststop-production-2026-09-24\rigged\H01-r8\preview-frames\00071.png'
00:12.625  render           | Saved: 'C:\Users\ljh\tralalero Shooter\outputs\reststop-production-2026-09-24\rigged\H01-r8\preview-frames\00072.png'
REVIEW_ACTION attack_once
00:12.781  render           | Saved: 'C:\Users\ljh\tralalero Shooter\outputs\reststop-production-2026-09-24\rigged\H01-r8\preview-frames\00073.png'
00:12.938  render           | Saved: 'C:\Users\ljh\tralalero Shooter\outputs\reststop-production-2026-09-24\rigged\H01-r8\preview-frames\00074.png'
00:13.094  render           | Saved: 'C:\Users\ljh\tralalero Shooter\outputs\reststop-production-2026-09-24\rigged\H01-r8\preview-frames\00075.png'
00:13.250  render           | Saved: 'C:\Users\ljh\tralalero Shooter\outputs\reststop-production-2026-09-24\rigged\H01-r8\preview-frames\00076.png'
00:13.391  render           | Saved: 'C:\Users\ljh\tralalero Shooter\outputs\reststop-production-2026-09-24\rigged\H01-r8\preview-frames\00077.png'
00:13.547  render           | Saved: 'C:\Users\ljh\tralalero Shooter\outputs\reststop-production-2026-09-24\rigged\H01-r8\preview-frames\00078.png'
00:13.703  render           | Saved: 'C:\Users\ljh\tralalero Shooter\outputs\reststop-production-2026-09-24\rigged\H01-r8\preview-frames\00079.png'
00:13.844  render           | Saved: 'C:\Users\ljh\tralalero Shooter\outputs\reststop-production-2026-09-24\rigged\H01-r8\preview-frames\00080.png'
00:14.000  render           | Saved: 'C:\Users\ljh\tralalero Shooter\outputs\reststop-production-2026-09-24\rigged\H01-r8\preview-frames\00081.png'
00:14.156  render           | Saved: 'C:\Users\ljh\tralalero Shooter\outputs\reststop-production-2026-09-24\rigged\H01-r8\preview-frames\00082.png'
00:14.313  render           | Saved: 'C:\Users\ljh\tralalero Shooter\outputs\reststop-production-2026-09-24\rigged\H01-r8\preview-frames\00083.png'
00:14.453  render           | Saved: 'C:\Users\ljh\tralalero Shooter\outputs\reststop-production-2026-09-24\rigged\H01-r8\preview-frames\00084.png'
00:14.610  render           | Saved: 'C:\Users\ljh\tralalero Shooter\outputs\reststop-production-2026-09-24\rigged\H01-r8\preview-frames\00085.png'
00:14.750  render           | Saved: 'C:\Users\ljh\tralalero Shooter\outputs\reststop-production-2026-09-24\rigged\H01-r8\preview-frames\00086.png'
00:14.906  render           | Saved: 'C:\Users\ljh\tralalero Shooter\outputs\reststop-production-2026-09-24\rigged\H01-r8\preview-frames\00087.png'
00:15.063  render           | Saved: 'C:\Users\ljh\tralalero Shooter\outputs\reststop-production-2026-09-24\rigged\H01-r8\preview-frames\00088.png'
00:15.219  render           | Saved: 'C:\Users\ljh\tralalero Shooter\outputs\reststop-production-2026-09-24\rigged\H01-r8\preview-frames\00089.png'
00:15.375  render           | Saved: 'C:\Users\ljh\tralalero Shooter\outputs\reststop-production-2026-09-24\rigged\H01-r8\preview-frames\00090.png'
00:15.531  render           | Saved: 'C:\Users\ljh\tralalero Shooter\outputs\reststop-production-2026-09-24\rigged\H01-r8\preview-frames\00091.png'
00:15.688  render           | Saved: 'C:\Users\ljh\tralalero Shooter\outputs\reststop-production-2026-09-24\rigged\H01-r8\preview-frames\00092.png'
00:15.844  render           | Saved: 'C:\Users\ljh\tralalero Shooter\outputs\reststop-production-2026-09-24\rigged\H01-r8\preview-frames\00093.png'
00:16.000  render           | Saved: 'C:\Users\ljh\tralalero Shooter\outputs\reststop-production-2026-09-24\rigged\H01-r8\preview-frames\00094.png'
00:16.141  render           | Saved: 'C:\Users\ljh\tralalero Shooter\outputs\reststop-production-2026-09-24\rigged\H01-r8\preview-frames\00095.png'
00:16.297  render           | Saved: 'C:\Users\ljh\tralalero Shooter\outputs\reststop-production-2026-09-24\rigged\H01-r8\preview-frames\00096.png'
00:16.453  render           | Saved: 'C:\Users\ljh\tralalero Shooter\outputs\reststop-production-2026-09-24\rigged\H01-r8\preview-frames\00097.png'
00:16.625  render           | Saved: 'C:\Users\ljh\tralalero Shooter\outputs\reststop-production-2026-09-24\rigged\H01-r8\preview-frames\00098.png'
00:16.781  render           | Saved: 'C:\Users\ljh\tralalero Shooter\outputs\reststop-production-2026-09-24\rigged\H01-r8\preview-frames\00099.png'
00:16.938  render           | Saved: 'C:\Users\ljh\tralalero Shooter\outputs\reststop-production-2026-09-24\rigged\H01-r8\preview-frames\00100.png'
00:17.110  render           | Saved: 'C:\Users\ljh\tralalero Shooter\outputs\reststop-production-2026-09-24\rigged\H01-r8\preview-frames\00101.png'
00:17.266  render           | Saved: 'C:\Users\ljh\tralalero Shooter\outputs\reststop-production-2026-09-24\rigged\H01-r8\preview-frames\00102.png'
REVIEW_ACTION die
00:17.438  render           | Saved: 'C:\Users\ljh\tralalero Shooter\outputs\reststop-production-2026-09-24\rigged\H01-r8\preview-frames\00103.png'
00:17.610  render           | Saved: 'C:\Users\ljh\tralalero Shooter\outputs\reststop-production-2026-09-24\rigged\H01-r8\preview-frames\00104.png'
00:17.766  render           | Saved: 'C:\Users\ljh\tralalero Shooter\outputs\reststop-production-2026-09-24\rigged\H01-r8\preview-frames\00105.png'
00:17.922  render           | Saved: 'C:\Users\ljh\tralalero Shooter\outputs\reststop-production-2026-09-24\rigged\H01-r8\preview-frames\00106.png'
00:18.078  render           | Saved: 'C:\Users\ljh\tralalero Shooter\outputs\reststop-production-2026-09-24\rigged\H01-r8\preview-frames\00107.png'
00:18.250  render           | Saved: 'C:\Users\ljh\tralalero Shooter\outputs\reststop-production-2026-09-24\rigged\H01-r8\preview-frames\00108.png'
00:18.391  render           | Saved: 'C:\Users\ljh\tralalero Shooter\outputs\reststop-production-2026-09-24\rigged\H01-r8\preview-frames\00109.png'
00:18.563  render           | Saved: 'C:\Users\ljh\tralalero Shooter\outputs\reststop-production-2026-09-24\rigged\H01-r8\preview-frames\00110.png'
00:18.719  render           | Saved: 'C:\Users\ljh\tralalero Shooter\outputs\reststop-production-2026-09-24\rigged\H01-r8\preview-frames\00111.png'
00:18.875  render           | Saved: 'C:\Users\ljh\tralalero Shooter\outputs\reststop-production-2026-09-24\rigged\H01-r8\preview-frames\00112.png'
00:19.031  render           | Saved: 'C:\Users\ljh\tralalero Shooter\outputs\reststop-production-2026-09-24\rigged\H01-r8\preview-frames\00113.png'
00:19.188  render           | Saved: 'C:\Users\ljh\tralalero Shooter\outputs\reststop-production-2026-09-24\rigged\H01-r8\preview-frames\00114.png'
00:19.360  render           | Saved: 'C:\Users\ljh\tralalero Shooter\outputs\reststop-production-2026-09-24\rigged\H01-r8\preview-frames\00115.png'
00:19.516  render           | Saved: 'C:\Users\ljh\tralalero Shooter\outputs\reststop-production-2026-09-24\rigged\H01-r8\preview-frames\00116.png'
00:19.672  render           | Saved: 'C:\Users\ljh\tralalero Shooter\outputs\reststop-production-2026-09-24\rigged\H01-r8\preview-frames\00117.png'
00:19.813  render           | Saved: 'C:\Users\ljh\tralalero Shooter\outputs\reststop-production-2026-09-24\rigged\H01-r8\preview-frames\00118.png'
00:19.969  render           | Saved: 'C:\Users\ljh\tralalero Shooter\outputs\reststop-production-2026-09-24\rigged\H01-r8\preview-frames\00119.png'
00:20.125  render           | Saved: 'C:\Users\ljh\tralalero Shooter\outputs\reststop-production-2026-09-24\rigged\H01-r8\preview-frames\00120.png'
00:20.281  render           | Saved: 'C:\Users\ljh\tralalero Shooter\outputs\reststop-production-2026-09-24\rigged\H01-r8\preview-frames\00121.png'
00:20.438  render           | Saved: 'C:\Users\ljh\tralalero Shooter\outputs\reststop-production-2026-09-24\rigged\H01-r8\preview-frames\00122.png'
00:20.594  render           | Saved: 'C:\Users\ljh\tralalero Shooter\outputs\reststop-production-2026-09-24\rigged\H01-r8\preview-frames\00123.png'
00:20.750  render           | Saved: 'C:\Users\ljh\tralalero Shooter\outputs\reststop-production-2026-09-24\rigged\H01-r8\preview-frames\00124.png'
00:20.891  render           | Saved: 'C:\Users\ljh\tralalero Shooter\outputs\reststop-production-2026-09-24\rigged\H01-r8\preview-frames\00125.png'
00:21.063  render           | Saved: 'C:\Users\ljh\tralalero Shooter\outputs\reststop-production-2026-09-24\rigged\H01-r8\preview-frames\00126.png'
00:21.219  render           | Saved: 'C:\Users\ljh\tralalero Shooter\outputs\reststop-production-2026-09-24\rigged\H01-r8\preview-frames\00127.png'
00:21.360  render           | Saved: 'C:\Users\ljh\tralalero Shooter\outputs\reststop-production-2026-09-24\rigged\H01-r8\preview-frames\00128.png'
00:21.531  render           | Saved: 'C:\Users\ljh\tralalero Shooter\outputs\reststop-production-2026-09-24\rigged\H01-r8\preview-frames\00129.png'
00:21.688  render           | Saved: 'C:\Users\ljh\tralalero Shooter\outputs\reststop-production-2026-09-24\rigged\H01-r8\preview-frames\00130.png'
00:21.844  render           | Saved: 'C:\Users\ljh\tralalero Shooter\outputs\reststop-production-2026-09-24\rigged\H01-r8\preview-frames\00131.png'
00:22.000  render           | Saved: 'C:\Users\ljh\tralalero Shooter\outputs\reststop-production-2026-09-24\rigged\H01-r8\preview-frames\00132.png'
00:22.156  render           | Saved: 'C:\Users\ljh\tralalero Shooter\outputs\reststop-production-2026-09-24\rigged\H01-r8\preview-frames\00133.png'
00:22.297  render           | Saved: 'C:\Users\ljh\tralalero Shooter\outputs\reststop-production-2026-09-24\rigged\H01-r8\preview-frames\00134.png'
00:22.469  render           | Saved: 'C:\Users\ljh\tralalero Shooter\outputs\reststop-production-2026-09-24\rigged\H01-r8\preview-frames\00135.png'
00:22.625  render           | Saved: 'C:\Users\ljh\tralalero Shooter\outputs\reststop-production-2026-09-24\rigged\H01-r8\preview-frames\00136.png'
00:22.797  render           | Saved: 'C:\Users\ljh\tralalero Shooter\outputs\reststop-production-2026-09-24\rigged\H01-r8\preview-frames\00137.png'
00:22.953  render           | Saved: 'C:\Users\ljh\tralalero Shooter\outputs\reststop-production-2026-09-24\rigged\H01-r8\preview-frames\00138.png'
00:23.125  render           | Saved: 'C:\Users\ljh\tralalero Shooter\outputs\reststop-production-2026-09-24\rigged\H01-r8\preview-frames\00139.png'
00:23.281  render           | Saved: 'C:\Users\ljh\tralalero Shooter\outputs\reststop-production-2026-09-24\rigged\H01-r8\preview-frames\00140.png'
00:23.422  render           | Saved: 'C:\Users\ljh\tralalero Shooter\outputs\reststop-production-2026-09-24\rigged\H01-r8\preview-frames\00141.png'
00:23.594  render           | Saved: 'C:\Users\ljh\tralalero Shooter\outputs\reststop-production-2026-09-24\rigged\H01-r8\preview-frames\00142.png'
00:23.750  render           | Saved: 'C:\Users\ljh\tralalero Shooter\outputs\reststop-production-2026-09-24\rigged\H01-r8\preview-frames\00143.png'
00:23.906  render           | Saved: 'C:\Users\ljh\tralalero Shooter\outputs\reststop-production-2026-09-24\rigged\H01-r8\preview-frames\00144.png'
00:24.063  render           | Saved: 'C:\Users\ljh\tralalero Shooter\outputs\reststop-production-2026-09-24\rigged\H01-r8\preview-frames\00145.png'
00:24.235  render           | Saved: 'C:\Users\ljh\tralalero Shooter\outputs\reststop-production-2026-09-24\rigged\H01-r8\preview-frames\00146.png'
00:24.391  render           | Saved: 'C:\Users\ljh\tralalero Shooter\outputs\reststop-production-2026-09-24\rigged\H01-r8\preview-frames\00147.png'
00:24.547  render           | Saved: 'C:\Users\ljh\tralalero Shooter\outputs\reststop-production-2026-09-24\rigged\H01-r8\preview-frames\00148.png'
00:24.703  render           | Saved: 'C:\Users\ljh\tralalero Shooter\outputs\reststop-production-2026-09-24\rigged\H01-r8\preview-frames\00149.png'
00:24.860  render           | Saved: 'C:\Users\ljh\tralalero Shooter\outputs\reststop-production-2026-09-24\rigged\H01-r8\preview-frames\00150.png'
00:25.016  render           | Saved: 'C:\Users\ljh\tralalero Shooter\outputs\reststop-production-2026-09-24\rigged\H01-r8\preview-frames\00151.png'
00:25.156  render           | Saved: 'C:\Users\ljh\tralalero Shooter\outputs\reststop-production-2026-09-24\rigged\H01-r8\preview-frames\00152.png'
00:25.313  render           | Saved: 'C:\Users\ljh\tralalero Shooter\outputs\reststop-production-2026-09-24\rigged\H01-r8\preview-frames\00153.png'
00:25.469  render           | Saved: 'C:\Users\ljh\tralalero Shooter\outputs\reststop-production-2026-09-24\rigged\H01-r8\preview-frames\00154.png'
00:25.625  render           | Saved: 'C:\Users\ljh\tralalero Shooter\outputs\reststop-production-2026-09-24\rigged\H01-r8\preview-frames\00155.png'
00:25.781  render           | Saved: 'C:\Users\ljh\tralalero Shooter\outputs\reststop-production-2026-09-24\rigged\H01-r8\preview-frames\00156.png'
REVIEW_ACTION greet
00:25.922  render           | Saved: 'C:\Users\ljh\tralalero Shooter\outputs\reststop-production-2026-09-24\rigged\H01-r8\preview-frames\00157.png'
00:26.078  render           | Saved: 'C:\Users\ljh\tralalero Shooter\outputs\reststop-production-2026-09-24\rigged\H01-r8\preview-frames\00158.png'
00:26.235  render           | Saved: 'C:\Users\ljh\tralalero Shooter\outputs\reststop-production-2026-09-24\rigged\H01-r8\preview-frames\00159.png'
00:26.391  render           | Saved: 'C:\Users\ljh\tralalero Shooter\outputs\reststop-production-2026-09-24\rigged\H01-r8\preview-frames\00160.png'
00:26.547  render           | Saved: 'C:\Users\ljh\tralalero Shooter\outputs\reststop-production-2026-09-24\rigged\H01-r8\preview-frames\00161.png'
00:26.703  render           | Saved: 'C:\Users\ljh\tralalero Shooter\outputs\reststop-production-2026-09-24\rigged\H01-r8\preview-frames\00162.png'
00:26.860  render           | Saved: 'C:\Users\ljh\tralalero Shooter\outputs\reststop-production-2026-09-24\rigged\H01-r8\preview-frames\00163.png'
00:27.016  render           | Saved: 'C:\Users\ljh\tralalero Shooter\outputs\reststop-production-2026-09-24\rigged\H01-r8\preview-frames\00164.png'
00:27.188  render           | Saved: 'C:\Users\ljh\tralalero Shooter\outputs\reststop-production-2026-09-24\rigged\H01-r8\preview-frames\00165.png'
REVIEW_ACTION hit
00:27.344  render           | Saved: 'C:\Users\ljh\tralalero Shooter\outputs\reststop-production-2026-09-24\rigged\H01-r8\preview-frames\00166.png'
00:27.500  render           | Saved: 'C:\Users\ljh\tralalero Shooter\outputs\reststop-production-2026-09-24\rigged\H01-r8\preview-frames\00167.png'
00:27.656  render           | Saved: 'C:\Users\ljh\tralalero Shooter\outputs\reststop-production-2026-09-24\rigged\H01-r8\preview-frames\00168.png'
00:27.813  render           | Saved: 'C:\Users\ljh\tralalero Shooter\outputs\reststop-production-2026-09-24\rigged\H01-r8\preview-frames\00169.png'
00:27.969  render           | Saved: 'C:\Users\ljh\tralalero Shooter\outputs\reststop-production-2026-09-24\rigged\H01-r8\preview-frames\00170.png'
00:28.125  render           | Saved: 'C:\Users\ljh\tralalero Shooter\outputs\reststop-production-2026-09-24\rigged\H01-r8\preview-frames\00171.png'
00:28.281  render           | Saved: 'C:\Users\ljh\tralalero Shooter\outputs\reststop-production-2026-09-24\rigged\H01-r8\preview-frames\00172.png'
00:28.422  render           | Saved: 'C:\Users\ljh\tralalero Shooter\outputs\reststop-production-2026-09-24\rigged\H01-r8\preview-frames\00173.png'
00:28.594  render           | Saved: 'C:\Users\ljh\tralalero Shooter\outputs\reststop-production-2026-09-24\rigged\H01-r8\preview-frames\00174.png'
00:28.750  render           | Saved: 'C:\Users\ljh\tralalero Shooter\outputs\reststop-production-2026-09-24\rigged\H01-r8\preview-frames\00175.png'
00:28.906  render           | Saved: 'C:\Users\ljh\tralalero Shooter\outputs\reststop-production-2026-09-24\rigged\H01-r8\preview-frames\00176.png'
00:29.063  render           | Saved: 'C:\Users\ljh\tralalero Shooter\outputs\reststop-production-2026-09-24\rigged\H01-r8\preview-frames\00177.png'
00:29.219  render           | Saved: 'C:\Users\ljh\tralalero Shooter\outputs\reststop-production-2026-09-24\rigged\H01-r8\preview-frames\00178.png'
00:29.375  render           | Saved: 'C:\Users\ljh\tralalero Shooter\outputs\reststop-production-2026-09-24\rigged\H01-r8\preview-frames\00179.png'
00:29.531  render           | Saved: 'C:\Users\ljh\tralalero Shooter\outputs\reststop-production-2026-09-24\rigged\H01-r8\preview-frames\00180.png'
00:29.688  render           | Saved: 'C:\Users\ljh\tralalero Shooter\outputs\reststop-production-2026-09-24\rigged\H01-r8\preview-frames\00181.png'
00:29.844  render           | Saved: 'C:\Users\ljh\tralalero Shooter\outputs\reststop-production-2026-09-24\rigged\H01-r8\preview-frames\00182.png'
00:30.000  render           | Saved: 'C:\Users\ljh\tralalero Shooter\outputs\reststop-production-2026-09-24\rigged\H01-r8\preview-frames\00183.png'
00:30.156  render           | Saved: 'C:\Users\ljh\tralalero Shooter\outputs\reststop-production-2026-09-24\rigged\H01-r8\preview-frames\00184.png'
00:30.297  render           | Saved: 'C:\Users\ljh\tralalero Shooter\outputs\reststop-production-2026-09-24\rigged\H01-r8\preview-frames\00185.png'
00:30.469  render           | Saved: 'C:\Users\ljh\tralalero Shooter\outputs\reststop-production-2026-09-24\rigged\H01-r8\preview-frames\00186.png'
00:30.610  render           | Saved: 'C:\Users\ljh\tralalero Shooter\outputs\reststop-production-2026-09-24\rigged\H01-r8\preview-frames\00187.png'
00:30.766  render           | Saved: 'C:\Users\ljh\tralalero Shooter\outputs\reststop-production-2026-09-24\rigged\H01-r8\preview-frames\00188.png'
00:30.922  render           | Saved: 'C:\Users\ljh\tralalero Shooter\outputs\reststop-production-2026-09-24\rigged\H01-r8\preview-frames\00189.png'
00:31.078  render           | Saved: 'C:\Users\ljh\tralalero Shooter\outputs\reststop-production-2026-09-24\rigged\H01-r8\preview-frames\00190.png'
00:31.235  render           | Saved: 'C:\Users\ljh\tralalero Shooter\outputs\reststop-production-2026-09-24\rigged\H01-r8\preview-frames\00191.png'
00:31.391  render           | Saved: 'C:\Users\ljh\tralalero Shooter\outputs\reststop-production-2026-09-24\rigged\H01-r8\preview-frames\00192.png'
00:31.547  render           | Saved: 'C:\Users\ljh\tralalero Shooter\outputs\reststop-production-2026-09-24\rigged\H01-r8\preview-frames\00193.png'
00:31.703  render           | Saved: 'C:\Users\ljh\tralalero Shooter\outputs\reststop-production-2026-09-24\rigged\H01-r8\preview-frames\00194.png'
00:31.875  render           | Saved: 'C:\Users\ljh\tralalero Shooter\outputs\reststop-production-2026-09-24\rigged\H01-r8\preview-frames\00195.png'
00:32.016  render           | Saved: 'C:\Users\ljh\tralalero Shooter\outputs\reststop-production-2026-09-24\rigged\H01-r8\preview-frames\00196.png'
00:32.188  render           | Saved: 'C:\Users\ljh\tralalero Shooter\outputs\reststop-production-2026-09-24\rigged\H01-r8\preview-frames\00197.png'
00:32.344  render           | Saved: 'C:\Users\ljh\tralalero Shooter\outputs\reststop-production-2026-09-24\rigged\H01-r8\preview-frames\00198.png'
00:32.500  render           | Saved: 'C:\Users\ljh\tralalero Shooter\outputs\reststop-production-2026-09-24\rigged\H01-r8\preview-frames\00199.png'
00:32.656  render           | Saved: 'C:\Users\ljh\tralalero Shooter\outputs\reststop-production-2026-09-24\rigged\H01-r8\preview-frames\00200.png'
00:32.813  render           | Saved: 'C:\Users\ljh\tralalero Shooter\outputs\reststop-production-2026-09-24\rigged\H01-r8\preview-frames\00201.png'
00:32.969  render           | Saved: 'C:\Users\ljh\tralalero Shooter\outputs\reststop-production-2026-09-24\rigged\H01-r8\preview-frames\00202.png'
00:33.125  render           | Saved: 'C:\Users\ljh\tralalero Shooter\outputs\reststop-production-2026-09-24\rigged\H01-r8\preview-frames\00203.png'
00:33.281  render           | Saved: 'C:\Users\ljh\tralalero Shooter\outputs\reststop-production-2026-09-24\rigged\H01-r8\preview-frames\00204.png'
00:33.438  render           | Saved: 'C:\Users\ljh\tralalero Shooter\outputs\reststop-production-2026-09-24\rigged\H01-r8\preview-frames\00205.png'
00:33.594  render           | Saved: 'C:\Users\ljh\tralalero Shooter\outputs\reststop-production-2026-09-24\rigged\H01-r8\preview-frames\00206.png'
00:33.735  render           | Saved: 'C:\Users\ljh\tralalero Shooter\outputs\reststop-production-2026-09-24\rigged\H01-r8\preview-frames\00207.png'
00:33.891  render           | Saved: 'C:\Users\ljh\tralalero Shooter\outputs\reststop-production-2026-09-24\rigged\H01-r8\preview-frames\00208.png'
00:34.047  render           | Saved: 'C:\Users\ljh\tralalero Shooter\outputs\reststop-production-2026-09-24\rigged\H01-r8\preview-frames\00209.png'
00:34.203  render           | Saved: 'C:\Users\ljh\tralalero Shooter\outputs\reststop-production-2026-09-24\rigged\H01-r8\preview-frames\00210.png'
00:34.375  render           | Saved: 'C:\Users\ljh\tralalero Shooter\outputs\reststop-production-2026-09-24\rigged\H01-r8\preview-frames\00211.png'
00:34.516  render           | Saved: 'C:\Users\ljh\tralalero Shooter\outputs\reststop-production-2026-09-24\rigged\H01-r8\preview-frames\00212.png'
00:34.719  render           | Saved: 'C:\Users\ljh\tralalero Shooter\outputs\reststop-production-2026-09-24\rigged\H01-r8\preview-frames\00213.png'
00:34.875  render           | Saved: 'C:\Users\ljh\tralalero Shooter\outputs\reststop-production-2026-09-24\rigged\H01-r8\preview-frames\00214.png'
00:35.016  render           | Saved: 'C:\Users\ljh\tralalero Shooter\outputs\reststop-production-2026-09-24\rigged\H01-r8\preview-frames\00215.png'
00:35.172  render           | Saved: 'C:\Users\ljh\tralalero Shooter\outputs\reststop-production-2026-09-24\rigged\H01-r8\preview-frames\00216.png'
00:35.344  render           | Saved: 'C:\Users\ljh\tralalero Shooter\outputs\reststop-production-2026-09-24\rigged\H01-r8\preview-frames\00217.png'
00:35.500  render           | Saved: 'C:\Users\ljh\tralalero Shooter\outputs\reststop-production-2026-09-24\rigged\H01-r8\preview-frames\00218.png'
00:35.656  render           | Saved: 'C:\Users\ljh\tralalero Shooter\outputs\reststop-production-2026-09-24\rigged\H01-r8\preview-frames\00219.png'
00:35.813  render           | Saved: 'C:\Users\ljh\tralalero Shooter\outputs\reststop-production-2026-09-24\rigged\H01-r8\preview-frames\00220.png'
00:35.953  render           | Saved: 'C:\Users\ljh\tralalero Shooter\outputs\reststop-production-2026-09-24\rigged\H01-r8\preview-frames\00221.png'
00:36.110  render           | Saved: 'C:\Users\ljh\tralalero Shooter\outputs\reststop-production-2026-09-24\rigged\H01-r8\preview-frames\00222.png'
00:36.266  render           | Saved: 'C:\Users\ljh\tralalero Shooter\outputs\reststop-production-2026-09-24\rigged\H01-r8\preview-frames\00223.png'
00:36.422  render           | Saved: 'C:\Users\ljh\tralalero Shooter\outputs\reststop-production-2026-09-24\rigged\H01-r8\preview-frames\00224.png'
00:36.563  render           | Saved: 'C:\Users\ljh\tralalero Shooter\outputs\reststop-production-2026-09-24\rigged\H01-r8\preview-frames\00225.png'
00:36.719  render           | Saved: 'C:\Users\ljh\tralalero Shooter\outputs\reststop-production-2026-09-24\rigged\H01-r8\preview-frames\00226.png'
00:36.875  render           | Saved: 'C:\Users\ljh\tralalero Shooter\outputs\reststop-production-2026-09-24\rigged\H01-r8\preview-frames\00227.png'
00:37.031  render           | Saved: 'C:\Users\ljh\tralalero Shooter\outputs\reststop-production-2026-09-24\rigged\H01-r8\preview-frames\00228.png'
00:37.172  render           | Saved: 'C:\Users\ljh\tralalero Shooter\outputs\reststop-production-2026-09-24\rigged\H01-r8\preview-frames\00229.png'
00:37.328  render           | Saved: 'C:\Users\ljh\tralalero Shooter\outputs\reststop-production-2026-09-24\rigged\H01-r8\preview-frames\00230.png'
00:37.485  render           | Saved: 'C:\Users\ljh\tralalero Shooter\outputs\reststop-production-2026-09-24\rigged\H01-r8\preview-frames\00231.png'
00:37.625  render           | Saved: 'C:\Users\ljh\tralalero Shooter\outputs\reststop-production-2026-09-24\rigged\H01-r8\preview-frames\00232.png'
00:37.781  render           | Saved: 'C:\Users\ljh\tralalero Shooter\outputs\reststop-production-2026-09-24\rigged\H01-r8\preview-frames\00233.png'
00:37.938  render           | Saved: 'C:\Users\ljh\tralalero Shooter\outputs\reststop-production-2026-09-24\rigged\H01-r8\preview-frames\00234.png'
00:38.094  render           | Saved: 'C:\Users\ljh\tralalero Shooter\outputs\reststop-production-2026-09-24\rigged\H01-r8\preview-frames\00235.png'
00:38.250  render           | Saved: 'C:\Users\ljh\tralalero Shooter\outputs\reststop-production-2026-09-24\rigged\H01-r8\preview-frames\00236.png'
00:38.406  render           | Saved: 'C:\Users\ljh\tralalero Shooter\outputs\reststop-production-2026-09-24\rigged\H01-r8\preview-frames\00237.png'
REVIEW_ACTION idle
00:38.578  render           | Saved: 'C:\Users\ljh\tralalero Shooter\outputs\reststop-production-2026-09-24\rigged\H01-r8\preview-frames\00238.png'
00:38.735  render           | Saved: 'C:\Users\ljh\tralalero Shooter\outputs\reststop-production-2026-09-24\rigged\H01-r8\preview-frames\00239.png'
00:38.875  render           | Saved: 'C:\Users\ljh\tralalero Shooter\outputs\reststop-production-2026-09-24\rigged\H01-r8\preview-frames\00240.png'
00:39.031  render           | Saved: 'C:\Users\ljh\tralalero Shooter\outputs\reststop-production-2026-09-24\rigged\H01-r8\preview-frames\00241.png'
00:39.188  render           | Saved: 'C:\Users\ljh\tralalero Shooter\outputs\reststop-production-2026-09-24\rigged\H01-r8\preview-frames\00242.png'
00:39.344  render           | Saved: 'C:\Users\ljh\tralalero Shooter\outputs\reststop-production-2026-09-24\rigged\H01-r8\preview-frames\00243.png'
00:39.500  render           | Saved: 'C:\Users\ljh\tralalero Shooter\outputs\reststop-production-2026-09-24\rigged\H01-r8\preview-frames\00244.png'
00:39.656  render           | Saved: 'C:\Users\ljh\tralalero Shooter\outputs\reststop-production-2026-09-24\rigged\H01-r8\preview-frames\00245.png'
00:39.797  render           | Saved: 'C:\Users\ljh\tralalero Shooter\outputs\reststop-production-2026-09-24\rigged\H01-r8\preview-frames\00246.png'
00:39.953  render           | Saved: 'C:\Users\ljh\tralalero Shooter\outputs\reststop-production-2026-09-24\rigged\H01-r8\preview-frames\00247.png'
00:40.110  render           | Saved: 'C:\Users\ljh\tralalero Shooter\outputs\reststop-production-2026-09-24\rigged\H01-r8\preview-frames\00248.png'
00:40.281  render           | Saved: 'C:\Users\ljh\tralalero Shooter\outputs\reststop-production-2026-09-24\rigged\H01-r8\preview-frames\00249.png'
00:40.438  render           | Saved: 'C:\Users\ljh\tralalero Shooter\outputs\reststop-production-2026-09-24\rigged\H01-r8\preview-frames\00250.png'
00:40.594  render           | Saved: 'C:\Users\ljh\tralalero Shooter\outputs\reststop-production-2026-09-24\rigged\H01-r8\preview-frames\00251.png'
00:40.750  render           | Saved: 'C:\Users\ljh\tralalero Shooter\outputs\reststop-production-2026-09-24\rigged\H01-r8\preview-frames\00252.png'
00:40.922  render           | Saved: 'C:\Users\ljh\tralalero Shooter\outputs\reststop-production-2026-09-24\rigged\H01-r8\preview-frames\00253.png'
00:41.078  render           | Saved: 'C:\Users\ljh\tralalero Shooter\outputs\reststop-production-2026-09-24\rigged\H01-r8\preview-frames\00254.png'
00:41.219  render           | Saved: 'C:\Users\ljh\tralalero Shooter\outputs\reststop-production-2026-09-24\rigged\H01-r8\preview-frames\00255.png'
00:41.375  render           | Saved: 'C:\Users\ljh\tralalero Shooter\outputs\reststop-production-2026-09-24\rigged\H01-r8\preview-frames\00256.png'
00:41.531  render           | Saved: 'C:\Users\ljh\tralalero Shooter\outputs\reststop-production-2026-09-24\rigged\H01-r8\preview-frames\00257.png'
REVIEW_ACTION run
00:41.688  render           | Saved: 'C:\Users\ljh\tralalero Shooter\outputs\reststop-production-2026-09-24\rigged\H01-r8\preview-frames\00258.png'
00:41.844  render           | Saved: 'C:\Users\ljh\tralalero Shooter\outputs\reststop-production-2026-09-24\rigged\H01-r8\preview-frames\00259.png'
00:42.000  render           | Saved: 'C:\Users\ljh\tralalero Shooter\outputs\reststop-production-2026-09-24\rigged\H01-r8\preview-frames\00260.png'
00:42.172  render           | Saved: 'C:\Users\ljh\tralalero Shooter\outputs\reststop-production-2026-09-24\rigged\H01-r8\preview-frames\00261.png'
00:42.344  render           | Saved: 'C:\Users\ljh\tralalero Shooter\outputs\reststop-production-2026-09-24\rigged\H01-r8\preview-frames\00262.png'
00:42.500  render           | Saved: 'C:\Users\ljh\tralalero Shooter\outputs\reststop-production-2026-09-24\rigged\H01-r8\preview-frames\00263.png'
00:42.656  render           | Saved: 'C:\Users\ljh\tralalero Shooter\outputs\reststop-production-2026-09-24\rigged\H01-r8\preview-frames\00264.png'
00:42.813  render           | Saved: 'C:\Users\ljh\tralalero Shooter\outputs\reststop-production-2026-09-24\rigged\H01-r8\preview-frames\00265.png'
00:42.953  render           | Saved: 'C:\Users\ljh\tralalero Shooter\outputs\reststop-production-2026-09-24\rigged\H01-r8\preview-frames\00266.png'
00:43.110  render           | Saved: 'C:\Users\ljh\tralalero Shooter\outputs\reststop-production-2026-09-24\rigged\H01-r8\preview-frames\00267.png'
00:43.281  render           | Saved: 'C:\Users\ljh\tralalero Shooter\outputs\reststop-production-2026-09-24\rigged\H01-r8\preview-frames\00268.png'
00:43.438  render           | Saved: 'C:\Users\ljh\tralalero Shooter\outputs\reststop-production-2026-09-24\rigged\H01-r8\preview-frames\00269.png'
00:43.594  render           | Saved: 'C:\Users\ljh\tralalero Shooter\outputs\reststop-production-2026-09-24\rigged\H01-r8\preview-frames\00270.png'
00:43.750  render           | Saved: 'C:\Users\ljh\tralalero Shooter\outputs\reststop-production-2026-09-24\rigged\H01-r8\preview-frames\00271.png'
00:43.906  render           | Saved: 'C:\Users\ljh\tralalero Shooter\outputs\reststop-production-2026-09-24\rigged\H01-r8\preview-frames\00272.png'
00:44.047  render           | Saved: 'C:\Users\ljh\tralalero Shooter\outputs\reststop-production-2026-09-24\rigged\H01-r8\preview-frames\00273.png'
00:44.203  render           | Saved: 'C:\Users\ljh\tralalero Shooter\outputs\reststop-production-2026-09-24\rigged\H01-r8\preview-frames\00274.png'
00:44.375  render           | Saved: 'C:\Users\ljh\tralalero Shooter\outputs\reststop-production-2026-09-24\rigged\H01-r8\preview-frames\00275.png'
00:44.531  render           | Saved: 'C:\Users\ljh\tralalero Shooter\outputs\reststop-production-2026-09-24\rigged\H01-r8\preview-frames\00276.png'
00:44.688  render           | Saved: 'C:\Users\ljh\tralalero Shooter\outputs\reststop-production-2026-09-24\rigged\H01-r8\preview-frames\00277.png'
00:44.828  render           | Saved: 'C:\Users\ljh\tralalero Shooter\outputs\reststop-production-2026-09-24\rigged\H01-r8\preview-frames\00278.png'
00:44.985  render           | Saved: 'C:\Users\ljh\tralalero Shooter\outputs\reststop-production-2026-09-24\rigged\H01-r8\preview-frames\00279.png'
00:45.141  render           | Saved: 'C:\Users\ljh\tralalero Shooter\outputs\reststop-production-2026-09-24\rigged\H01-r8\preview-frames\00280.png'
00:45.281  render           | Saved: 'C:\Users\ljh\tralalero Shooter\outputs\reststop-production-2026-09-24\rigged\H01-r8\preview-frames\00281.png'
00:45.438  render           | Saved: 'C:\Users\ljh\tralalero Shooter\outputs\reststop-production-2026-09-24\rigged\H01-r8\preview-frames\00282.png'
00:45.578  render           | Saved: 'C:\Users\ljh\tralalero Shooter\outputs\reststop-production-2026-09-24\rigged\H01-r8\preview-frames\00283.png'
00:45.750  render           | Saved: 'C:\Users\ljh\tralalero Shooter\outputs\reststop-production-2026-09-24\rigged\H01-r8\preview-frames\00284.png'
00:45.891  render           | Saved: 'C:\Users\ljh\tralalero Shooter\outputs\reststop-production-2026-09-24\rigged\H01-r8\preview-frames\00285.png'
00:46.063  render           | Saved: 'C:\Users\ljh\tralalero Shooter\outputs\reststop-production-2026-09-24\rigged\H01-r8\preview-frames\00286.png'
00:46.203  render           | Saved: 'C:\Users\ljh\tralalero Shooter\outputs\reststop-production-2026-09-24\rigged\H01-r8\preview-frames\00287.png'
00:46.360  render           | Saved: 'C:\Users\ljh\tralalero Shooter\outputs\reststop-production-2026-09-24\rigged\H01-r8\preview-frames\00288.png'
00:46.516  render           | Saved: 'C:\Users\ljh\tralalero Shooter\outputs\reststop-production-2026-09-24\rigged\H01-r8\preview-frames\00289.png'
00:46.672  render           | Saved: 'C:\Users\ljh\tralalero Shooter\outputs\reststop-production-2026-09-24\rigged\H01-r8\preview-frames\00290.png'
00:46.828  render           | Saved: 'C:\Users\ljh\tralalero Shooter\outputs\reststop-production-2026-09-24\rigged\H01-r8\preview-frames\00291.png'
00:46.985  render           | Saved: 'C:\Users\ljh\tralalero Shooter\outputs\reststop-production-2026-09-24\rigged\H01-r8\preview-frames\00292.png'
00:47.141  render           | Saved: 'C:\Users\ljh\tralalero Shooter\outputs\reststop-production-2026-09-24\rigged\H01-r8\preview-frames\00293.png'
00:47.281  render           | Saved: 'C:\Users\ljh\tralalero Shooter\outputs\reststop-production-2026-09-24\rigged\H01-r8\preview-frames\00294.png'
00:47.438  render           | Saved: 'C:\Users\ljh\tralalero Shooter\outputs\reststop-production-2026-09-24\rigged\H01-r8\preview-frames\00295.png'
00:47.610  render           | Saved: 'C:\Users\ljh\tralalero Shooter\outputs\reststop-production-2026-09-24\rigged\H01-r8\preview-frames\00296.png'
00:47.750  render           | Saved: 'C:\Users\ljh\tralalero Shooter\outputs\reststop-production-2026-09-24\rigged\H01-r8\preview-frames\00297.png'
00:47.922  render           | Saved: 'C:\Users\ljh\tralalero Shooter\outputs\reststop-production-2026-09-24\rigged\H01-r8\preview-frames\00298.png'
00:48.078  render           | Saved: 'C:\Users\ljh\tralalero Shooter\outputs\reststop-production-2026-09-24\rigged\H01-r8\preview-frames\00299.png'
00:48.250  render           | Saved: 'C:\Users\ljh\tralalero Shooter\outputs\reststop-production-2026-09-24\rigged\H01-r8\preview-frames\00300.png'
00:48.406  render           | Saved: 'C:\Users\ljh\tralalero Shooter\outputs\reststop-production-2026-09-24\rigged\H01-r8\preview-frames\00301.png'
00:48.547  render           | Saved: 'C:\Users\ljh\tralalero Shooter\outputs\reststop-production-2026-09-24\rigged\H01-r8\preview-frames\00302.png'
00:48.719  render           | Saved: 'C:\Users\ljh\tralalero Shooter\outputs\reststop-production-2026-09-24\rigged\H01-r8\preview-frames\00303.png'
00:48.875  render           | Saved: 'C:\Users\ljh\tralalero Shooter\outputs\reststop-production-2026-09-24\rigged\H01-r8\preview-frames\00304.png'
00:49.031  render           | Saved: 'C:\Users\ljh\tralalero Shooter\outputs\reststop-production-2026-09-24\rigged\H01-r8\preview-frames\00305.png'
00:49.188  render           | Saved: 'C:\Users\ljh\tralalero Shooter\outputs\reststop-production-2026-09-24\rigged\H01-r8\preview-frames\00306.png'
00:49.344  render           | Saved: 'C:\Users\ljh\tralalero Shooter\outputs\reststop-production-2026-09-24\rigged\H01-r8\preview-frames\00307.png'
00:49.500  render           | Saved: 'C:\Users\ljh\tralalero Shooter\outputs\reststop-production-2026-09-24\rigged\H01-r8\preview-frames\00308.png'
00:49.672  render           | Saved: 'C:\Users\ljh\tralalero Shooter\outputs\reststop-production-2026-09-24\rigged\H01-r8\preview-frames\00309.png'
00:49.828  render           | Saved: 'C:\Users\ljh\tralalero Shooter\outputs\reststop-production-2026-09-24\rigged\H01-r8\preview-frames\00310.png'
00:50.000  render           | Saved: 'C:\Users\ljh\tralalero Shooter\outputs\reststop-production-2026-09-24\rigged\H01-r8\preview-frames\00311.png'
REVIEW_ACTION signal
00:50.172  render           | Saved: 'C:\Users\ljh\tralalero Shooter\outputs\reststop-production-2026-09-24\rigged\H01-r8\preview-frames\00312.png'
00:50.328  render           | Saved: 'C:\Users\ljh\tralalero Shooter\outputs\reststop-production-2026-09-24\rigged\H01-r8\preview-frames\00313.png'
00:50.469  render           | Saved: 'C:\Users\ljh\tralalero Shooter\outputs\reststop-production-2026-09-24\rigged\H01-r8\preview-frames\00314.png'
00:50.625  render           | Saved: 'C:\Users\ljh\tralalero Shooter\outputs\reststop-production-2026-09-24\rigged\H01-r8\preview-frames\00315.png'
00:50.766  render           | Saved: 'C:\Users\ljh\tralalero Shooter\outputs\reststop-production-2026-09-24\rigged\H01-r8\preview-frames\00316.png'
00:50.922  render           | Saved: 'C:\Users\ljh\tralalero Shooter\outputs\reststop-production-2026-09-24\rigged\H01-r8\preview-frames\00317.png'
00:51.078  render           | Saved: 'C:\Users\ljh\tralalero Shooter\outputs\reststop-production-2026-09-24\rigged\H01-r8\preview-frames\00318.png'
00:51.219  render           | Saved: 'C:\Users\ljh\tralalero Shooter\outputs\reststop-production-2026-09-24\rigged\H01-r8\preview-frames\00319.png'
00:51.375  render           | Saved: 'C:\Users\ljh\tralalero Shooter\outputs\reststop-production-2026-09-24\rigged\H01-r8\preview-frames\00320.png'
00:51.531  render           | Saved: 'C:\Users\ljh\tralalero Shooter\outputs\reststop-production-2026-09-24\rigged\H01-r8\preview-frames\00321.png'
00:51.688  render           | Saved: 'C:\Users\ljh\tralalero Shooter\outputs\reststop-production-2026-09-24\rigged\H01-r8\preview-frames\00322.png'
00:51.828  render           | Saved: 'C:\Users\ljh\tralalero Shooter\outputs\reststop-production-2026-09-24\rigged\H01-r8\preview-frames\00323.png'
00:51.985  render           | Saved: 'C:\Users\ljh\tralalero Shooter\outputs\reststop-production-2026-09-24\rigged\H01-r8\preview-frames\00324.png'
00:52.125  render           | Saved: 'C:\Users\ljh\tralalero Shooter\outputs\reststop-production-2026-09-24\rigged\H01-r8\preview-frames\00325.png'
00:52.281  render           | Saved: 'C:\Users\ljh\tralalero Shooter\outputs\reststop-production-2026-09-24\rigged\H01-r8\preview-frames\00326.png'
00:52.438  render           | Saved: 'C:\Users\ljh\tralalero Shooter\outputs\reststop-production-2026-09-24\rigged\H01-r8\preview-frames\00327.png'
00:52.594  render           | Saved: 'C:\Users\ljh\tralalero Shooter\outputs\reststop-production-2026-09-24\rigged\H01-r8\preview-frames\00328.png'
00:52.735  render           | Saved: 'C:\Users\ljh\tralalero Shooter\outputs\reststop-production-2026-09-24\rigged\H01-r8\preview-frames\00329.png'
00:52.891  render           | Saved: 'C:\Users\ljh\tralalero Shooter\outputs\reststop-production-2026-09-24\rigged\H01-r8\preview-frames\00330.png'
00:53.031  render           | Saved: 'C:\Users\ljh\tralalero Shooter\outputs\reststop-production-2026-09-24\rigged\H01-r8\preview-frames\00331.png'
00:53.203  render           | Saved: 'C:\Users\ljh\tralalero Shooter\outputs\reststop-production-2026-09-24\rigged\H01-r8\preview-frames\00332.png'
00:53.344  render           | Saved: 'C:\Users\ljh\tralalero Shooter\outputs\reststop-production-2026-09-24\rigged\H01-r8\preview-frames\00333.png'
00:53.500  render           | Saved: 'C:\Users\ljh\tralalero Shooter\outputs\reststop-production-2026-09-24\rigged\H01-r8\preview-frames\00334.png'
00:53.656  render           | Saved: 'C:\Users\ljh\tralalero Shooter\outputs\reststop-production-2026-09-24\rigged\H01-r8\preview-frames\00335.png'
00:53.797  render           | Saved: 'C:\Users\ljh\tralalero Shooter\outputs\reststop-production-2026-09-24\rigged\H01-r8\preview-frames\00336.png'
00:53.953  render           | Saved: 'C:\Users\ljh\tralalero Shooter\outputs\reststop-production-2026-09-24\rigged\H01-r8\preview-frames\00337.png'
00:54.110  render           | Saved: 'C:\Users\ljh\tralalero Shooter\outputs\reststop-production-2026-09-24\rigged\H01-r8\preview-frames\00338.png'
REVIEW_ACTION walk
Blender 5.2.1 LTS (hash 9e2066aef7ef built 2026-08-25 02:38:20)

Blender quit
