{"pid": 63828, "started": 1790190584.8002007, "script": "C:\\Users\\ljh\\tralalero Shooter\\tools\\render-reststop-rig-preview.py", "threads": 4, "logicalProcessors": [0, 1, 2, 3, 4, 5, 6, 7], "priority": "below-normal", "availableMemoryBytes": 23827673088}
00:00.375  blend            | Read blend: "C:\Users\ljh\tralalero Shooter\outputs\reststop-production-2026-09-24\rigged\H03-r1\CoffeeVendor.blend"
C:\Users\ljh\tralalero Shooter\tools\render-reststop-rig-preview.py:31: DeprecationWarning: 'World.use_nodes' is expected to be removed in Blender 6.0
  scene.world=bpy.data.worlds.new('Animation_review_world');scene.world.use_nodes=True
C:\Users\ljh\tralalero Shooter\tools\render-reststop-rig-preview.py:46: DeprecationWarning: 'Material.use_nodes' is expected to be removed in Blender 6.0
  label_material=bpy.data.materials.new('Review text');label_material.use_nodes=True
00:01.578  render           | Saved: 'C:\Users\ljh\tralalero Shooter\outputs\reststop-production-2026-09-24\rigged\H03-r1\preview-frames\00001.png'
00:01.750  render           | Saved: 'C:\Users\ljh\tralalero Shooter\outputs\reststop-production-2026-09-24\rigged\H03-r1\preview-frames\00002.png'
00:01.906  render           | Saved: 'C:\Users\ljh\tralalero Shooter\outputs\reststop-production-2026-09-24\rigged\H03-r1\preview-frames\00003.png'
00:02.078  render           | Saved: 'C:\Users\ljh\tralalero Shooter\outputs\reststop-production-2026-09-24\rigged\H03-r1\preview-frames\00004.png'
00:02.219  render           | Saved: 'C:\Users\ljh\tralalero Shooter\outputs\reststop-production-2026-09-24\rigged\H03-r1\preview-frames\00005.png'
00:02.375  render           | Saved: 'C:\Users\ljh\tralalero Shooter\outputs\reststop-production-2026-09-24\rigged\H03-r1\preview-frames\00006.png'
00:02.531  render           | Saved: 'C:\Users\ljh\tralalero Shooter\outputs\reststop-production-2026-09-24\rigged\H03-r1\preview-frames\00007.png'
00:02.688  render           | Saved: 'C:\Users\ljh\tralalero Shooter\outputs\reststop-production-2026-09-24\rigged\H03-r1\preview-frames\00008.png'
00:02.844  render           | Saved: 'C:\Users\ljh\tralalero Shooter\outputs\reststop-production-2026-09-24\rigged\H03-r1\preview-frames\00009.png'
00:03.000  render           | Saved: 'C:\Users\ljh\tralalero Shooter\outputs\reststop-production-2026-09-24\rigged\H03-r1\preview-frames\00010.png'
00:03.156  render           | Saved: 'C:\Users\ljh\tralalero Shooter\outputs\reststop-production-2026-09-24\rigged\H03-r1\preview-frames\00011.png'
00:03.313  render           | Saved: 'C:\Users\ljh\tralalero Shooter\outputs\reststop-production-2026-09-24\rigged\H03-r1\preview-frames\00012.png'
00:03.484  render           | Saved: 'C:\Users\ljh\tralalero Shooter\outputs\reststop-production-2026-09-24\rigged\H03-r1\preview-frames\00013.png'
00:03.625  render           | Saved: 'C:\Users\ljh\tralalero Shooter\outputs\reststop-production-2026-09-24\rigged\H03-r1\preview-frames\00014.png'
00:03.781  render           | Saved: 'C:\Users\ljh\tralalero Shooter\outputs\reststop-production-2026-09-24\rigged\H03-r1\preview-frames\00015.png'
00:03.938  render           | Saved: 'C:\Users\ljh\tralalero Shooter\outputs\reststop-production-2026-09-24\rigged\H03-r1\preview-frames\00016.png'
00:04.094  render           | Saved: 'C:\Users\ljh\tralalero Shooter\outputs\reststop-production-2026-09-24\rigged\H03-r1\preview-frames\00017.png'
00:04.250  render           | Saved: 'C:\Users\ljh\tralalero Shooter\outputs\reststop-production-2026-09-24\rigged\H03-r1\preview-frames\00018.png'
00:04.406  render           | Saved: 'C:\Users\ljh\tralalero Shooter\outputs\reststop-production-2026-09-24\rigged\H03-r1\preview-frames\00019.png'
00:04.578  render           | Saved: 'C:\Users\ljh\tralalero Shooter\outputs\reststop-production-2026-09-24\rigged\H03-r1\preview-frames\00020.png'
00:04.734  render           | Saved: 'C:\Users\ljh\tralalero Shooter\outputs\reststop-production-2026-09-24\rigged\H03-r1\preview-frames\00021.png'
00:04.906  render           | Saved: 'C:\Users\ljh\tralalero Shooter\outputs\reststop-production-2026-09-24\rigged\H03-r1\preview-frames\00022.png'
00:05.047  render           | Saved: 'C:\Users\ljh\tralalero Shooter\outputs\reststop-production-2026-09-24\rigged\H03-r1\preview-frames\00023.png'
00:05.203  render           | Saved: 'C:\Users\ljh\tralalero Shooter\outputs\reststop-production-2026-09-24\rigged\H03-r1\preview-frames\00024.png'
00:05.359  render           | Saved: 'C:\Users\ljh\tralalero Shooter\outputs\reststop-production-2026-09-24\rigged\H03-r1\preview-frames\00025.png'
00:05.516  render           | Saved: 'C:\Users\ljh\tralalero Shooter\outputs\reststop-production-2026-09-24\rigged\H03-r1\preview-frames\00026.png'
00:05.672  render           | Saved: 'C:\Users\ljh\tralalero Shooter\outputs\reststop-production-2026-09-24\rigged\H03-r1\preview-frames\00027.png'
00:05.828  render           | Saved: 'C:\Users\ljh\tralalero Shooter\outputs\reststop-production-2026-09-24\rigged\H03-r1\preview-frames\00028.png'
00:06.000  render           | Saved: 'C:\Users\ljh\tralalero Shooter\outputs\reststop-production-2026-09-24\rigged\H03-r1\preview-frames\00029.png'
00:06.141  render           | Saved: 'C:\Users\ljh\tralalero Shooter\outputs\reststop-production-2026-09-24\rigged\H03-r1\preview-frames\00030.png'
00:06.297  render           | Saved: 'C:\Users\ljh\tralalero Shooter\outputs\reststop-production-2026-09-24\rigged\H03-r1\preview-frames\00031.png'
00:06.469  render           | Saved: 'C:\Users\ljh\tralalero Shooter\outputs\reststop-production-2026-09-24\rigged\H03-r1\preview-frames\00032.png'
00:06.625  render           | Saved: 'C:\Users\ljh\tralalero Shooter\outputs\reststop-production-2026-09-24\rigged\H03-r1\preview-frames\00033.png'
00:06.781  render           | Saved: 'C:\Users\ljh\tralalero Shooter\outputs\reststop-production-2026-09-24\rigged\H03-r1\preview-frames\00034.png'
00:06.922  render           | Saved: 'C:\Users\ljh\tralalero Shooter\outputs\reststop-production-2026-09-24\rigged\H03-r1\preview-frames\00035.png'
00:07.078  render           | Saved: 'C:\Users\ljh\tralalero Shooter\outputs\reststop-production-2026-09-24\rigged\H03-r1\preview-frames\00036.png'
REVIEW_ACTION attack_loop
00:07.234  render           | Saved: 'C:\Users\ljh\tralalero Shooter\outputs\reststop-production-2026-09-24\rigged\H03-r1\preview-frames\00037.png'
00:07.391  render           | Saved: 'C:\Users\ljh\tralalero Shooter\outputs\reststop-production-2026-09-24\rigged\H03-r1\preview-frames\00038.png'
00:07.547  render           | Saved: 'C:\Users\ljh\tralalero Shooter\outputs\reststop-production-2026-09-24\rigged\H03-r1\preview-frames\00039.png'
00:07.703  render           | Saved: 'C:\Users\ljh\tralalero Shooter\outputs\reststop-production-2026-09-24\rigged\H03-r1\preview-frames\00040.png'
00:07.859  render           | Saved: 'C:\Users\ljh\tralalero Shooter\outputs\reststop-production-2026-09-24\rigged\H03-r1\preview-frames\00041.png'
00:08.016  render           | Saved: 'C:\Users\ljh\tralalero Shooter\outputs\reststop-production-2026-09-24\rigged\H03-r1\preview-frames\00042.png'
00:08.172  render           | Saved: 'C:\Users\ljh\tralalero Shooter\outputs\reststop-production-2026-09-24\rigged\H03-r1\preview-frames\00043.png'
00:08.328  render           | Saved: 'C:\Users\ljh\tralalero Shooter\outputs\reststop-production-2026-09-24\rigged\H03-r1\preview-frames\00044.png'
00:08.484  render           | Saved: 'C:\Users\ljh\tralalero Shooter\outputs\reststop-production-2026-09-24\rigged\H03-r1\preview-frames\00045.png'
00:08.656  render           | Saved: 'C:\Users\ljh\tralalero Shooter\outputs\reststop-production-2026-09-24\rigged\H03-r1\preview-frames\00046.png'
00:08.813  render           | Saved: 'C:\Users\ljh\tralalero Shooter\outputs\reststop-production-2026-09-24\rigged\H03-r1\preview-frames\00047.png'
00:08.969  render           | Saved: 'C:\Users\ljh\tralalero Shooter\outputs\reststop-production-2026-09-24\rigged\H03-r1\preview-frames\00048.png'
00:09.125  render           | Saved: 'C:\Users\ljh\tralalero Shooter\outputs\reststop-production-2026-09-24\rigged\H03-r1\preview-frames\00049.png'
00:09.281  render           | Saved: 'C:\Users\ljh\tralalero Shooter\outputs\reststop-production-2026-09-24\rigged\H03-r1\preview-frames\00050.png'
00:09.438  render           | Saved: 'C:\Users\ljh\tralalero Shooter\outputs\reststop-production-2026-09-24\rigged\H03-r1\preview-frames\00051.png'
00:09.594  render           | Saved: 'C:\Users\ljh\tralalero Shooter\outputs\reststop-production-2026-09-24\rigged\H03-r1\preview-frames\00052.png'
00:09.766  render           | Saved: 'C:\Users\ljh\tralalero Shooter\outputs\reststop-production-2026-09-24\rigged\H03-r1\preview-frames\00053.png'
00:09.922  render           | Saved: 'C:\Users\ljh\tralalero Shooter\outputs\reststop-production-2026-09-24\rigged\H03-r1\preview-frames\00054.png'
00:10.063  render           | Saved: 'C:\Users\ljh\tralalero Shooter\outputs\reststop-production-2026-09-24\rigged\H03-r1\preview-frames\00055.png'
00:10.219  render           | Saved: 'C:\Users\ljh\tralalero Shooter\outputs\reststop-production-2026-09-24\rigged\H03-r1\preview-frames\00056.png'
00:10.375  render           | Saved: 'C:\Users\ljh\tralalero Shooter\outputs\reststop-production-2026-09-24\rigged\H03-r1\preview-frames\00057.png'
00:10.531  render           | Saved: 'C:\Users\ljh\tralalero Shooter\outputs\reststop-production-2026-09-24\rigged\H03-r1\preview-frames\00058.png'
00:10.672  render           | Saved: 'C:\Users\ljh\tralalero Shooter\outputs\reststop-production-2026-09-24\rigged\H03-r1\preview-frames\00059.png'
00:10.844  render           | Saved: 'C:\Users\ljh\tralalero Shooter\outputs\reststop-production-2026-09-24\rigged\H03-r1\preview-frames\00060.png'
00:11.000  render           | Saved: 'C:\Users\ljh\tralalero Shooter\outputs\reststop-production-2026-09-24\rigged\H03-r1\preview-frames\00061.png'
00:11.141  render           | Saved: 'C:\Users\ljh\tralalero Shooter\outputs\reststop-production-2026-09-24\rigged\H03-r1\preview-frames\00062.png'
00:11.297  render           | Saved: 'C:\Users\ljh\tralalero Shooter\outputs\reststop-production-2026-09-24\rigged\H03-r1\preview-frames\00063.png'
00:11.469  render           | Saved: 'C:\Users\ljh\tralalero Shooter\outputs\reststop-production-2026-09-24\rigged\H03-r1\preview-frames\00064.png'
00:11.625  render           | Saved: 'C:\Users\ljh\tralalero Shooter\outputs\reststop-production-2026-09-24\rigged\H03-r1\preview-frames\00065.png'
00:11.766  render           | Saved: 'C:\Users\ljh\tralalero Shooter\outputs\reststop-production-2026-09-24\rigged\H03-r1\preview-frames\00066.png'
00:11.922  render           | Saved: 'C:\Users\ljh\tralalero Shooter\outputs\reststop-production-2026-09-24\rigged\H03-r1\preview-frames\00067.png'
00:12.078  render           | Saved: 'C:\Users\ljh\tralalero Shooter\outputs\reststop-production-2026-09-24\rigged\H03-r1\preview-frames\00068.png'
00:12.234  render           | Saved: 'C:\Users\ljh\tralalero Shooter\outputs\reststop-production-2026-09-24\rigged\H03-r1\preview-frames\00069.png'
00:12.406  render           | Saved: 'C:\Users\ljh\tralalero Shooter\outputs\reststop-production-2026-09-24\rigged\H03-r1\preview-frames\00070.png'
00:12.563  render           | Saved: 'C:\Users\ljh\tralalero Shooter\outputs\reststop-production-2026-09-24\rigged\H03-r1\preview-frames\00071.png'
00:12.719  render           | Saved: 'C:\Users\ljh\tralalero Shooter\outputs\reststop-production-2026-09-24\rigged\H03-r1\preview-frames\00072.png'
REVIEW_ACTION attack_once
00:12.875  render           | Saved: 'C:\Users\ljh\tralalero Shooter\outputs\reststop-production-2026-09-24\rigged\H03-r1\preview-frames\00073.png'
00:13.031  render           | Saved: 'C:\Users\ljh\tralalero Shooter\outputs\reststop-production-2026-09-24\rigged\H03-r1\preview-frames\00074.png'
00:13.188  render           | Saved: 'C:\Users\ljh\tralalero Shooter\outputs\reststop-production-2026-09-24\rigged\H03-r1\preview-frames\00075.png'
00:13.344  render           | Saved: 'C:\Users\ljh\tralalero Shooter\outputs\reststop-production-2026-09-24\rigged\H03-r1\preview-frames\00076.png'
00:13.516  render           | Saved: 'C:\Users\ljh\tralalero Shooter\outputs\reststop-production-2026-09-24\rigged\H03-r1\preview-frames\00077.png'
00:13.672  render           | Saved: 'C:\Users\ljh\tralalero Shooter\outputs\reststop-production-2026-09-24\rigged\H03-r1\preview-frames\00078.png'
00:13.828  render           | Saved: 'C:\Users\ljh\tralalero Shooter\outputs\reststop-production-2026-09-24\rigged\H03-r1\preview-frames\00079.png'
00:13.969  render           | Saved: 'C:\Users\ljh\tralalero Shooter\outputs\reststop-production-2026-09-24\rigged\H03-r1\preview-frames\00080.png'
00:14.125  render           | Saved: 'C:\Users\ljh\tralalero Shooter\outputs\reststop-production-2026-09-24\rigged\H03-r1\preview-frames\00081.png'
00:14.297  render           | Saved: 'C:\Users\ljh\tralalero Shooter\outputs\reststop-production-2026-09-24\rigged\H03-r1\preview-frames\00082.png'
00:14.453  render           | Saved: 'C:\Users\ljh\tralalero Shooter\outputs\reststop-production-2026-09-24\rigged\H03-r1\preview-frames\00083.png'
00:14.594  render           | Saved: 'C:\Users\ljh\tralalero Shooter\outputs\reststop-production-2026-09-24\rigged\H03-r1\preview-frames\00084.png'
00:14.766  render           | Saved: 'C:\Users\ljh\tralalero Shooter\outputs\reststop-production-2026-09-24\rigged\H03-r1\preview-frames\00085.png'
00:14.906  render           | Saved: 'C:\Users\ljh\tralalero Shooter\outputs\reststop-production-2026-09-24\rigged\H03-r1\preview-frames\00086.png'
00:15.063  render           | Saved: 'C:\Users\ljh\tralalero Shooter\outputs\reststop-production-2026-09-24\rigged\H03-r1\preview-frames\00087.png'
00:15.219  render           | Saved: 'C:\Users\ljh\tralalero Shooter\outputs\reststop-production-2026-09-24\rigged\H03-r1\preview-frames\00088.png'
00:15.375  render           | Saved: 'C:\Users\ljh\tralalero Shooter\outputs\reststop-production-2026-09-24\rigged\H03-r1\preview-frames\00089.png'
00:15.531  render           | Saved: 'C:\Users\ljh\tralalero Shooter\outputs\reststop-production-2026-09-24\rigged\H03-r1\preview-frames\00090.png'
00:15.688  render           | Saved: 'C:\Users\ljh\tralalero Shooter\outputs\reststop-production-2026-09-24\rigged\H03-r1\preview-frames\00091.png'
00:15.844  render           | Saved: 'C:\Users\ljh\tralalero Shooter\outputs\reststop-production-2026-09-24\rigged\H03-r1\preview-frames\00092.png'
00:16.016  render           | Saved: 'C:\Users\ljh\tralalero Shooter\outputs\reststop-production-2026-09-24\rigged\H03-r1\preview-frames\00093.png'
00:16.156  render           | Saved: 'C:\Users\ljh\tralalero Shooter\outputs\reststop-production-2026-09-24\rigged\H03-r1\preview-frames\00094.png'
00:16.313  render           | Saved: 'C:\Users\ljh\tralalero Shooter\outputs\reststop-production-2026-09-24\rigged\H03-r1\preview-frames\00095.png'
00:16.484  render           | Saved: 'C:\Users\ljh\tralalero Shooter\outputs\reststop-production-2026-09-24\rigged\H03-r1\preview-frames\00096.png'
00:16.641  render           | Saved: 'C:\Users\ljh\tralalero Shooter\outputs\reststop-production-2026-09-24\rigged\H03-r1\preview-frames\00097.png'
00:16.797  render           | Saved: 'C:\Users\ljh\tralalero Shooter\outputs\reststop-production-2026-09-24\rigged\H03-r1\preview-frames\00098.png'
00:16.938  render           | Saved: 'C:\Users\ljh\tralalero Shooter\outputs\reststop-production-2026-09-24\rigged\H03-r1\preview-frames\00099.png'
00:17.094  render           | Saved: 'C:\Users\ljh\tralalero Shooter\outputs\reststop-production-2026-09-24\rigged\H03-r1\preview-frames\00100.png'
00:17.250  render           | Saved: 'C:\Users\ljh\tralalero Shooter\outputs\reststop-production-2026-09-24\rigged\H03-r1\preview-frames\00101.png'
00:17.406  render           | Saved: 'C:\Users\ljh\tralalero Shooter\outputs\reststop-production-2026-09-24\rigged\H03-r1\preview-frames\00102.png'
REVIEW_ACTION die
00:17.578  render           | Saved: 'C:\Users\ljh\tralalero Shooter\outputs\reststop-production-2026-09-24\rigged\H03-r1\preview-frames\00103.png'
00:17.719  render           | Saved: 'C:\Users\ljh\tralalero Shooter\outputs\reststop-production-2026-09-24\rigged\H03-r1\preview-frames\00104.png'
00:17.875  render           | Saved: 'C:\Users\ljh\tralalero Shooter\outputs\reststop-production-2026-09-24\rigged\H03-r1\preview-frames\00105.png'
00:18.031  render           | Saved: 'C:\Users\ljh\tralalero Shooter\outputs\reststop-production-2026-09-24\rigged\H03-r1\preview-frames\00106.png'
00:18.203  render           | Saved: 'C:\Users\ljh\tralalero Shooter\outputs\reststop-production-2026-09-24\rigged\H03-r1\preview-frames\00107.png'
00:18.359  render           | Saved: 'C:\Users\ljh\tralalero Shooter\outputs\reststop-production-2026-09-24\rigged\H03-r1\preview-frames\00108.png'
00:18.516  render           | Saved: 'C:\Users\ljh\tralalero Shooter\outputs\reststop-production-2026-09-24\rigged\H03-r1\preview-frames\00109.png'
00:18.688  render           | Saved: 'C:\Users\ljh\tralalero Shooter\outputs\reststop-production-2026-09-24\rigged\H03-r1\preview-frames\00110.png'
00:18.844  render           | Saved: 'C:\Users\ljh\tralalero Shooter\outputs\reststop-production-2026-09-24\rigged\H03-r1\preview-frames\00111.png'
00:19.016  render           | Saved: 'C:\Users\ljh\tralalero Shooter\outputs\reststop-production-2026-09-24\rigged\H03-r1\preview-frames\00112.png'
00:19.188  render           | Saved: 'C:\Users\ljh\tralalero Shooter\outputs\reststop-production-2026-09-24\rigged\H03-r1\preview-frames\00113.png'
00:19.344  render           | Saved: 'C:\Users\ljh\tralalero Shooter\outputs\reststop-production-2026-09-24\rigged\H03-r1\preview-frames\00114.png'
00:19.500  render           | Saved: 'C:\Users\ljh\tralalero Shooter\outputs\reststop-production-2026-09-24\rigged\H03-r1\preview-frames\00115.png'
00:19.656  render           | Saved: 'C:\Users\ljh\tralalero Shooter\outputs\reststop-production-2026-09-24\rigged\H03-r1\preview-frames\00116.png'
00:19.813  render           | Saved: 'C:\Users\ljh\tralalero Shooter\outputs\reststop-production-2026-09-24\rigged\H03-r1\preview-frames\00117.png'
00:19.969  render           | Saved: 'C:\Users\ljh\tralalero Shooter\outputs\reststop-production-2026-09-24\rigged\H03-r1\preview-frames\00118.png'
00:20.125  render           | Saved: 'C:\Users\ljh\tralalero Shooter\outputs\reststop-production-2026-09-24\rigged\H03-r1\preview-frames\00119.png'
00:20.297  render           | Saved: 'C:\Users\ljh\tralalero Shooter\outputs\reststop-production-2026-09-24\rigged\H03-r1\preview-frames\00120.png'
00:20.453  render           | Saved: 'C:\Users\ljh\tralalero Shooter\outputs\reststop-production-2026-09-24\rigged\H03-r1\preview-frames\00121.png'
00:20.609  render           | Saved: 'C:\Users\ljh\tralalero Shooter\outputs\reststop-production-2026-09-24\rigged\H03-r1\preview-frames\00122.png'
00:20.766  render           | Saved: 'C:\Users\ljh\tralalero Shooter\outputs\reststop-production-2026-09-24\rigged\H03-r1\preview-frames\00123.png'
00:20.922  render           | Saved: 'C:\Users\ljh\tralalero Shooter\outputs\reststop-production-2026-09-24\rigged\H03-r1\preview-frames\00124.png'
00:21.078  render           | Saved: 'C:\Users\ljh\tralalero Shooter\outputs\reststop-production-2026-09-24\rigged\H03-r1\preview-frames\00125.png'
00:21.250  render           | Saved: 'C:\Users\ljh\tralalero Shooter\outputs\reststop-production-2026-09-24\rigged\H03-r1\preview-frames\00126.png'
00:21.406  render           | Saved: 'C:\Users\ljh\tralalero Shooter\outputs\reststop-production-2026-09-24\rigged\H03-r1\preview-frames\00127.png'
00:21.563  render           | Saved: 'C:\Users\ljh\tralalero Shooter\outputs\reststop-production-2026-09-24\rigged\H03-r1\preview-frames\00128.png'
00:21.703  render           | Saved: 'C:\Users\ljh\tralalero Shooter\outputs\reststop-production-2026-09-24\rigged\H03-r1\preview-frames\00129.png'
00:21.875  render           | Saved: 'C:\Users\ljh\tralalero Shooter\outputs\reststop-production-2026-09-24\rigged\H03-r1\preview-frames\00130.png'
00:22.031  render           | Saved: 'C:\Users\ljh\tralalero Shooter\outputs\reststop-production-2026-09-24\rigged\H03-r1\preview-frames\00131.png'
00:22.188  render           | Saved: 'C:\Users\ljh\tralalero Shooter\outputs\reststop-production-2026-09-24\rigged\H03-r1\preview-frames\00132.png'
00:22.344  render           | Saved: 'C:\Users\ljh\tralalero Shooter\outputs\reststop-production-2026-09-24\rigged\H03-r1\preview-frames\00133.png'
00:22.500  render           | Saved: 'C:\Users\ljh\tralalero Shooter\outputs\reststop-production-2026-09-24\rigged\H03-r1\preview-frames\00134.png'
00:22.641  render           | Saved: 'C:\Users\ljh\tralalero Shooter\outputs\reststop-production-2026-09-24\rigged\H03-r1\preview-frames\00135.png'
00:22.797  render           | Saved: 'C:\Users\ljh\tralalero Shooter\outputs\reststop-production-2026-09-24\rigged\H03-r1\preview-frames\00136.png'
00:22.953  render           | Saved: 'C:\Users\ljh\tralalero Shooter\outputs\reststop-production-2026-09-24\rigged\H03-r1\preview-frames\00137.png'
00:23.109  render           | Saved: 'C:\Users\ljh\tralalero Shooter\outputs\reststop-production-2026-09-24\rigged\H03-r1\preview-frames\00138.png'
00:23.266  render           | Saved: 'C:\Users\ljh\tralalero Shooter\outputs\reststop-production-2026-09-24\rigged\H03-r1\preview-frames\00139.png'
00:23.422  render           | Saved: 'C:\Users\ljh\tralalero Shooter\outputs\reststop-production-2026-09-24\rigged\H03-r1\preview-frames\00140.png'
00:23.578  render           | Saved: 'C:\Users\ljh\tralalero Shooter\outputs\reststop-production-2026-09-24\rigged\H03-r1\preview-frames\00141.png'
00:23.734  render           | Saved: 'C:\Users\ljh\tralalero Shooter\outputs\reststop-production-2026-09-24\rigged\H03-r1\preview-frames\00142.png'
00:23.906  render           | Saved: 'C:\Users\ljh\tralalero Shooter\outputs\reststop-production-2026-09-24\rigged\H03-r1\preview-frames\00143.png'
00:24.047  render           | Saved: 'C:\Users\ljh\tralalero Shooter\outputs\reststop-production-2026-09-24\rigged\H03-r1\preview-frames\00144.png'
00:24.203  render           | Saved: 'C:\Users\ljh\tralalero Shooter\outputs\reststop-production-2026-09-24\rigged\H03-r1\preview-frames\00145.png'
00:24.359  render           | Saved: 'C:\Users\ljh\tralalero Shooter\outputs\reststop-production-2026-09-24\rigged\H03-r1\preview-frames\00146.png'
00:24.531  render           | Saved: 'C:\Users\ljh\tralalero Shooter\outputs\reststop-production-2026-09-24\rigged\H03-r1\preview-frames\00147.png'
00:24.703  render           | Saved: 'C:\Users\ljh\tralalero Shooter\outputs\reststop-production-2026-09-24\rigged\H03-r1\preview-frames\00148.png'
00:24.859  render           | Saved: 'C:\Users\ljh\tralalero Shooter\outputs\reststop-production-2026-09-24\rigged\H03-r1\preview-frames\00149.png'
00:25.016  render           | Saved: 'C:\Users\ljh\tralalero Shooter\outputs\reststop-production-2026-09-24\rigged\H03-r1\preview-frames\00150.png'
00:25.172  render           | Saved: 'C:\Users\ljh\tralalero Shooter\outputs\reststop-production-2026-09-24\rigged\H03-r1\preview-frames\00151.png'
00:25.313  render           | Saved: 'C:\Users\ljh\tralalero Shooter\outputs\reststop-production-2026-09-24\rigged\H03-r1\preview-frames\00152.png'
00:25.469  render           | Saved: 'C:\Users\ljh\tralalero Shooter\outputs\reststop-production-2026-09-24\rigged\H03-r1\preview-frames\00153.png'
00:25.625  render           | Saved: 'C:\Users\ljh\tralalero Shooter\outputs\reststop-production-2026-09-24\rigged\H03-r1\preview-frames\00154.png'
00:25.797  render           | Saved: 'C:\Users\ljh\tralalero Shooter\outputs\reststop-production-2026-09-24\rigged\H03-r1\preview-frames\00155.png'
00:25.953  render           | Saved: 'C:\Users\ljh\tralalero Shooter\outputs\reststop-production-2026-09-24\rigged\H03-r1\preview-frames\00156.png'
REVIEW_ACTION greet
00:26.109  render           | Saved: 'C:\Users\ljh\tralalero Shooter\outputs\reststop-production-2026-09-24\rigged\H03-r1\preview-frames\00157.png'
00:26.266  render           | Saved: 'C:\Users\ljh\tralalero Shooter\outputs\reststop-production-2026-09-24\rigged\H03-r1\preview-frames\00158.png'
00:26.422  render           | Saved: 'C:\Users\ljh\tralalero Shooter\outputs\reststop-production-2026-09-24\rigged\H03-r1\preview-frames\00159.png'
00:26.578  render           | Saved: 'C:\Users\ljh\tralalero Shooter\outputs\reststop-production-2026-09-24\rigged\H03-r1\preview-frames\00160.png'
00:26.719  render           | Saved: 'C:\Users\ljh\tralalero Shooter\outputs\reststop-production-2026-09-24\rigged\H03-r1\preview-frames\00161.png'
00:26.891  render           | Saved: 'C:\Users\ljh\tralalero Shooter\outputs\reststop-production-2026-09-24\rigged\H03-r1\preview-frames\00162.png'
00:27.047  render           | Saved: 'C:\Users\ljh\tralalero Shooter\outputs\reststop-production-2026-09-24\rigged\H03-r1\preview-frames\00163.png'
00:27.203  render           | Saved: 'C:\Users\ljh\tralalero Shooter\outputs\reststop-production-2026-09-24\rigged\H03-r1\preview-frames\00164.png'
00:27.359  render           | Saved: 'C:\Users\ljh\tralalero Shooter\outputs\reststop-production-2026-09-24\rigged\H03-r1\preview-frames\00165.png'
REVIEW_ACTION hit
00:27.531  render           | Saved: 'C:\Users\ljh\tralalero Shooter\outputs\reststop-production-2026-09-24\rigged\H03-r1\preview-frames\00166.png'
00:27.688  render           | Saved: 'C:\Users\ljh\tralalero Shooter\outputs\reststop-production-2026-09-24\rigged\H03-r1\preview-frames\00167.png'
00:27.859  render           | Saved: 'C:\Users\ljh\tralalero Shooter\outputs\reststop-production-2026-09-24\rigged\H03-r1\preview-frames\00168.png'
00:28.031  render           | Saved: 'C:\Users\ljh\tralalero Shooter\outputs\reststop-production-2026-09-24\rigged\H03-r1\preview-frames\00169.png'
00:28.203  render           | Saved: 'C:\Users\ljh\tralalero Shooter\outputs\reststop-production-2026-09-24\rigged\H03-r1\preview-frames\00170.png'
00:28.359  render           | Saved: 'C:\Users\ljh\tralalero Shooter\outputs\reststop-production-2026-09-24\rigged\H03-r1\preview-frames\00171.png'
00:28.531  render           | Saved: 'C:\Users\ljh\tralalero Shooter\outputs\reststop-production-2026-09-24\rigged\H03-r1\preview-frames\00172.png'
00:28.688  render           | Saved: 'C:\Users\ljh\tralalero Shooter\outputs\reststop-production-2026-09-24\rigged\H03-r1\preview-frames\00173.png'
00:28.844  render           | Saved: 'C:\Users\ljh\tralalero Shooter\outputs\reststop-production-2026-09-24\rigged\H03-r1\preview-frames\00174.png'
00:29.000  render           | Saved: 'C:\Users\ljh\tralalero Shooter\outputs\reststop-production-2026-09-24\rigged\H03-r1\preview-frames\00175.png'
00:29.156  render           | Saved: 'C:\Users\ljh\tralalero Shooter\outputs\reststop-production-2026-09-24\rigged\H03-r1\preview-frames\00176.png'
00:29.313  render           | Saved: 'C:\Users\ljh\tralalero Shooter\outputs\reststop-production-2026-09-24\rigged\H03-r1\preview-frames\00177.png'
00:29.484  render           | Saved: 'C:\Users\ljh\tralalero Shooter\outputs\reststop-production-2026-09-24\rigged\H03-r1\preview-frames\00178.png'
00:29.625  render           | Saved: 'C:\Users\ljh\tralalero Shooter\outputs\reststop-production-2026-09-24\rigged\H03-r1\preview-frames\00179.png'
00:29.781  render           | Saved: 'C:\Users\ljh\tralalero Shooter\outputs\reststop-production-2026-09-24\rigged\H03-r1\preview-frames\00180.png'
00:29.938  render           | Saved: 'C:\Users\ljh\tralalero Shooter\outputs\reststop-production-2026-09-24\rigged\H03-r1\preview-frames\00181.png'
00:30.094  render           | Saved: 'C:\Users\ljh\tralalero Shooter\outputs\reststop-production-2026-09-24\rigged\H03-r1\preview-frames\00182.png'
00:30.250  render           | Saved: 'C:\Users\ljh\tralalero Shooter\outputs\reststop-production-2026-09-24\rigged\H03-r1\preview-frames\00183.png'
00:30.406  render           | Saved: 'C:\Users\ljh\tralalero Shooter\outputs\reststop-production-2026-09-24\rigged\H03-r1\preview-frames\00184.png'
00:30.594  render           | Saved: 'C:\Users\ljh\tralalero Shooter\outputs\reststop-production-2026-09-24\rigged\H03-r1\preview-frames\00185.png'
00:30.750  render           | Saved: 'C:\Users\ljh\tralalero Shooter\outputs\reststop-production-2026-09-24\rigged\H03-r1\preview-frames\00186.png'
00:30.906  render           | Saved: 'C:\Users\ljh\tralalero Shooter\outputs\reststop-production-2026-09-24\rigged\H03-r1\preview-frames\00187.png'
00:31.063  render           | Saved: 'C:\Users\ljh\tralalero Shooter\outputs\reststop-production-2026-09-24\rigged\H03-r1\preview-frames\00188.png'
00:31.219  render           | Saved: 'C:\Users\ljh\tralalero Shooter\outputs\reststop-production-2026-09-24\rigged\H03-r1\preview-frames\00189.png'
00:31.375  render           | Saved: 'C:\Users\ljh\tralalero Shooter\outputs\reststop-production-2026-09-24\rigged\H03-r1\preview-frames\00190.png'
00:31.516  render           | Saved: 'C:\Users\ljh\tralalero Shooter\outputs\reststop-production-2026-09-24\rigged\H03-r1\preview-frames\00191.png'
00:31.672  render           | Saved: 'C:\Users\ljh\tralalero Shooter\outputs\reststop-production-2026-09-24\rigged\H03-r1\preview-frames\00192.png'
00:31.828  render           | Saved: 'C:\Users\ljh\tralalero Shooter\outputs\reststop-production-2026-09-24\rigged\H03-r1\preview-frames\00193.png'
00:32.000  render           | Saved: 'C:\Users\ljh\tralalero Shooter\outputs\reststop-production-2026-09-24\rigged\H03-r1\preview-frames\00194.png'
00:32.156  render           | Saved: 'C:\Users\ljh\tralalero Shooter\outputs\reststop-production-2026-09-24\rigged\H03-r1\preview-frames\00195.png'
00:32.328  render           | Saved: 'C:\Users\ljh\tralalero Shooter\outputs\reststop-production-2026-09-24\rigged\H03-r1\preview-frames\00196.png'
00:32.484  render           | Saved: 'C:\Users\ljh\tralalero Shooter\outputs\reststop-production-2026-09-24\rigged\H03-r1\preview-frames\00197.png'
00:32.656  render           | Saved: 'C:\Users\ljh\tralalero Shooter\outputs\reststop-production-2026-09-24\rigged\H03-r1\preview-frames\00198.png'
00:32.828  render           | Saved: 'C:\Users\ljh\tralalero Shooter\outputs\reststop-production-2026-09-24\rigged\H03-r1\preview-frames\00199.png'
00:32.984  render           | Saved: 'C:\Users\ljh\tralalero Shooter\outputs\reststop-production-2026-09-24\rigged\H03-r1\preview-frames\00200.png'
00:33.141  render           | Saved: 'C:\Users\ljh\tralalero Shooter\outputs\reststop-production-2026-09-24\rigged\H03-r1\preview-frames\00201.png'
00:33.281  render           | Saved: 'C:\Users\ljh\tralalero Shooter\outputs\reststop-production-2026-09-24\rigged\H03-r1\preview-frames\00202.png'
00:33.438  render           | Saved: 'C:\Users\ljh\tralalero Shooter\outputs\reststop-production-2026-09-24\rigged\H03-r1\preview-frames\00203.png'
00:33.594  render           | Saved: 'C:\Users\ljh\tralalero Shooter\outputs\reststop-production-2026-09-24\rigged\H03-r1\preview-frames\00204.png'
00:33.750  render           | Saved: 'C:\Users\ljh\tralalero Shooter\outputs\reststop-production-2026-09-24\rigged\H03-r1\preview-frames\00205.png'
00:33.906  render           | Saved: 'C:\Users\ljh\tralalero Shooter\outputs\reststop-production-2026-09-24\rigged\H03-r1\preview-frames\00206.png'
00:34.063  render           | Saved: 'C:\Users\ljh\tralalero Shooter\outputs\reststop-production-2026-09-24\rigged\H03-r1\preview-frames\00207.png'
00:34.219  render           | Saved: 'C:\Users\ljh\tralalero Shooter\outputs\reststop-production-2026-09-24\rigged\H03-r1\preview-frames\00208.png'
00:34.375  render           | Saved: 'C:\Users\ljh\tralalero Shooter\outputs\reststop-production-2026-09-24\rigged\H03-r1\preview-frames\00209.png'
00:34.531  render           | Saved: 'C:\Users\ljh\tralalero Shooter\outputs\reststop-production-2026-09-24\rigged\H03-r1\preview-frames\00210.png'
00:34.688  render           | Saved: 'C:\Users\ljh\tralalero Shooter\outputs\reststop-production-2026-09-24\rigged\H03-r1\preview-frames\00211.png'
00:34.859  render           | Saved: 'C:\Users\ljh\tralalero Shooter\outputs\reststop-production-2026-09-24\rigged\H03-r1\preview-frames\00212.png'
00:35.016  render           | Saved: 'C:\Users\ljh\tralalero Shooter\outputs\reststop-production-2026-09-24\rigged\H03-r1\preview-frames\00213.png'
00:35.172  render           | Saved: 'C:\Users\ljh\tralalero Shooter\outputs\reststop-production-2026-09-24\rigged\H03-r1\preview-frames\00214.png'
00:35.328  render           | Saved: 'C:\Users\ljh\tralalero Shooter\outputs\reststop-production-2026-09-24\rigged\H03-r1\preview-frames\00215.png'
00:35.484  render           | Saved: 'C:\Users\ljh\tralalero Shooter\outputs\reststop-production-2026-09-24\rigged\H03-r1\preview-frames\00216.png'
00:35.625  render           | Saved: 'C:\Users\ljh\tralalero Shooter\outputs\reststop-production-2026-09-24\rigged\H03-r1\preview-frames\00217.png'
00:35.797  render           | Saved: 'C:\Users\ljh\tralalero Shooter\outputs\reststop-production-2026-09-24\rigged\H03-r1\preview-frames\00218.png'
00:35.969  render           | Saved: 'C:\Users\ljh\tralalero Shooter\outputs\reststop-production-2026-09-24\rigged\H03-r1\preview-frames\00219.png'
00:36.125  render           | Saved: 'C:\Users\ljh\tralalero Shooter\outputs\reststop-production-2026-09-24\rigged\H03-r1\preview-frames\00220.png'
00:36.297  render           | Saved: 'C:\Users\ljh\tralalero Shooter\outputs\reststop-production-2026-09-24\rigged\H03-r1\preview-frames\00221.png'
00:36.453  render           | Saved: 'C:\Users\ljh\tralalero Shooter\outputs\reststop-production-2026-09-24\rigged\H03-r1\preview-frames\00222.png'
00:36.625  render           | Saved: 'C:\Users\ljh\tralalero Shooter\outputs\reststop-production-2026-09-24\rigged\H03-r1\preview-frames\00223.png'
00:36.781  render           | Saved: 'C:\Users\ljh\tralalero Shooter\outputs\reststop-production-2026-09-24\rigged\H03-r1\preview-frames\00224.png'
00:36.938  render           | Saved: 'C:\Users\ljh\tralalero Shooter\outputs\reststop-production-2026-09-24\rigged\H03-r1\preview-frames\00225.png'
00:37.094  render           | Saved: 'C:\Users\ljh\tralalero Shooter\outputs\reststop-production-2026-09-24\rigged\H03-r1\preview-frames\00226.png'
00:37.266  render           | Saved: 'C:\Users\ljh\tralalero Shooter\outputs\reststop-production-2026-09-24\rigged\H03-r1\preview-frames\00227.png'
00:37.422  render           | Saved: 'C:\Users\ljh\tralalero Shooter\outputs\reststop-production-2026-09-24\rigged\H03-r1\preview-frames\00228.png'
00:37.578  render           | Saved: 'C:\Users\ljh\tralalero Shooter\outputs\reststop-production-2026-09-24\rigged\H03-r1\preview-frames\00229.png'
00:37.750  render           | Saved: 'C:\Users\ljh\tralalero Shooter\outputs\reststop-production-2026-09-24\rigged\H03-r1\preview-frames\00230.png'
00:37.906  render           | Saved: 'C:\Users\ljh\tralalero Shooter\outputs\reststop-production-2026-09-24\rigged\H03-r1\preview-frames\00231.png'
00:38.078  render           | Saved: 'C:\Users\ljh\tralalero Shooter\outputs\reststop-production-2026-09-24\rigged\H03-r1\preview-frames\00232.png'
00:38.234  render           | Saved: 'C:\Users\ljh\tralalero Shooter\outputs\reststop-production-2026-09-24\rigged\H03-r1\preview-frames\00233.png'
00:38.391  render           | Saved: 'C:\Users\ljh\tralalero Shooter\outputs\reststop-production-2026-09-24\rigged\H03-r1\preview-frames\00234.png'
00:38.547  render           | Saved: 'C:\Users\ljh\tralalero Shooter\outputs\reststop-production-2026-09-24\rigged\H03-r1\preview-frames\00235.png'
00:38.703  render           | Saved: 'C:\Users\ljh\tralalero Shooter\outputs\reststop-production-2026-09-24\rigged\H03-r1\preview-frames\00236.png'
00:38.859  render           | Saved: 'C:\Users\ljh\tralalero Shooter\outputs\reststop-production-2026-09-24\rigged\H03-r1\preview-frames\00237.png'
REVIEW_ACTION idle
00:39.016  render           | Saved: 'C:\Users\ljh\tralalero Shooter\outputs\reststop-production-2026-09-24\rigged\H03-r1\preview-frames\00238.png'
00:39.188  render           | Saved: 'C:\Users\ljh\tralalero Shooter\outputs\reststop-production-2026-09-24\rigged\H03-r1\preview-frames\00239.png'
00:39.375  render           | Saved: 'C:\Users\ljh\tralalero Shooter\outputs\reststop-production-2026-09-24\rigged\H03-r1\preview-frames\00240.png'
00:39.531  render           | Saved: 'C:\Users\ljh\tralalero Shooter\outputs\reststop-production-2026-09-24\rigged\H03-r1\preview-frames\00241.png'
00:39.688  render           | Saved: 'C:\Users\ljh\tralalero Shooter\outputs\reststop-production-2026-09-24\rigged\H03-r1\preview-frames\00242.png'
00:39.844  render           | Saved: 'C:\Users\ljh\tralalero Shooter\outputs\reststop-production-2026-09-24\rigged\H03-r1\preview-frames\00243.png'
00:40.000  render           | Saved: 'C:\Users\ljh\tralalero Shooter\outputs\reststop-production-2026-09-24\rigged\H03-r1\preview-frames\00244.png'
00:40.156  render           | Saved: 'C:\Users\ljh\tralalero Shooter\outputs\reststop-production-2026-09-24\rigged\H03-r1\preview-frames\00245.png'
00:40.313  render           | Saved: 'C:\Users\ljh\tralalero Shooter\outputs\reststop-production-2026-09-24\rigged\H03-r1\preview-frames\00246.png'
00:40.484  render           | Saved: 'C:\Users\ljh\tralalero Shooter\outputs\reststop-production-2026-09-24\rigged\H03-r1\preview-frames\00247.png'
00:40.641  render           | Saved: 'C:\Users\ljh\tralalero Shooter\outputs\reststop-production-2026-09-24\rigged\H03-r1\preview-frames\00248.png'
00:40.813  render           | Saved: 'C:\Users\ljh\tralalero Shooter\outputs\reststop-production-2026-09-24\rigged\H03-r1\preview-frames\00249.png'
00:40.969  render           | Saved: 'C:\Users\ljh\tralalero Shooter\outputs\reststop-production-2026-09-24\rigged\H03-r1\preview-frames\00250.png'
00:41.109  render           | Saved: 'C:\Users\ljh\tralalero Shooter\outputs\reststop-production-2026-09-24\rigged\H03-r1\preview-frames\00251.png'
00:41.281  render           | Saved: 'C:\Users\ljh\tralalero Shooter\outputs\reststop-production-2026-09-24\rigged\H03-r1\preview-frames\00252.png'
00:41.438  render           | Saved: 'C:\Users\ljh\tralalero Shooter\outputs\reststop-production-2026-09-24\rigged\H03-r1\preview-frames\00253.png'
00:41.609  render           | Saved: 'C:\Users\ljh\tralalero Shooter\outputs\reststop-production-2026-09-24\rigged\H03-r1\preview-frames\00254.png'
00:41.766  render           | Saved: 'C:\Users\ljh\tralalero Shooter\outputs\reststop-production-2026-09-24\rigged\H03-r1\preview-frames\00255.png'
00:41.938  render           | Saved: 'C:\Users\ljh\tralalero Shooter\outputs\reststop-production-2026-09-24\rigged\H03-r1\preview-frames\00256.png'
00:42.094  render           | Saved: 'C:\Users\ljh\tralalero Shooter\outputs\reststop-production-2026-09-24\rigged\H03-r1\preview-frames\00257.png'
REVIEW_ACTION run
00:42.266  render           | Saved: 'C:\Users\ljh\tralalero Shooter\outputs\reststop-production-2026-09-24\rigged\H03-r1\preview-frames\00258.png'
00:42.422  render           | Saved: 'C:\Users\ljh\tralalero Shooter\outputs\reststop-production-2026-09-24\rigged\H03-r1\preview-frames\00259.png'
00:42.578  render           | Saved: 'C:\Users\ljh\tralalero Shooter\outputs\reststop-production-2026-09-24\rigged\H03-r1\preview-frames\00260.png'
00:42.734  render           | Saved: 'C:\Users\ljh\tralalero Shooter\outputs\reststop-production-2026-09-24\rigged\H03-r1\preview-frames\00261.png'
00:42.891  render           | Saved: 'C:\Users\ljh\tralalero Shooter\outputs\reststop-production-2026-09-24\rigged\H03-r1\preview-frames\00262.png'
00:43.047  render           | Saved: 'C:\Users\ljh\tralalero Shooter\outputs\reststop-production-2026-09-24\rigged\H03-r1\preview-frames\00263.png'
00:43.203  render           | Saved: 'C:\Users\ljh\tralalero Shooter\outputs\reststop-production-2026-09-24\rigged\H03-r1\preview-frames\00264.png'
00:43.359  render           | Saved: 'C:\Users\ljh\tralalero Shooter\outputs\reststop-production-2026-09-24\rigged\H03-r1\preview-frames\00265.png'
00:43.516  render           | Saved: 'C:\Users\ljh\tralalero Shooter\outputs\reststop-production-2026-09-24\rigged\H03-r1\preview-frames\00266.png'
00:43.672  render           | Saved: 'C:\Users\ljh\tralalero Shooter\outputs\reststop-production-2026-09-24\rigged\H03-r1\preview-frames\00267.png'
00:43.844  render           | Saved: 'C:\Users\ljh\tralalero Shooter\outputs\reststop-production-2026-09-24\rigged\H03-r1\preview-frames\00268.png'
00:44.000  render           | Saved: 'C:\Users\ljh\tralalero Shooter\outputs\reststop-production-2026-09-24\rigged\H03-r1\preview-frames\00269.png'
00:44.141  render           | Saved: 'C:\Users\ljh\tralalero Shooter\outputs\reststop-production-2026-09-24\rigged\H03-r1\preview-frames\00270.png'
00:44.297  render           | Saved: 'C:\Users\ljh\tralalero Shooter\outputs\reststop-production-2026-09-24\rigged\H03-r1\preview-frames\00271.png'
00:44.453  render           | Saved: 'C:\Users\ljh\tralalero Shooter\outputs\reststop-production-2026-09-24\rigged\H03-r1\preview-frames\00272.png'
00:44.609  render           | Saved: 'C:\Users\ljh\tralalero Shooter\outputs\reststop-production-2026-09-24\rigged\H03-r1\preview-frames\00273.png'
00:44.766  render           | Saved: 'C:\Users\ljh\tralalero Shooter\outputs\reststop-production-2026-09-24\rigged\H03-r1\preview-frames\00274.png'
00:44.906  render           | Saved: 'C:\Users\ljh\tralalero Shooter\outputs\reststop-production-2026-09-24\rigged\H03-r1\preview-frames\00275.png'
00:45.063  render           | Saved: 'C:\Users\ljh\tralalero Shooter\outputs\reststop-production-2026-09-24\rigged\H03-r1\preview-frames\00276.png'
00:45.219  render           | Saved: 'C:\Users\ljh\tralalero Shooter\outputs\reststop-production-2026-09-24\rigged\H03-r1\preview-frames\00277.png'
00:45.375  render           | Saved: 'C:\Users\ljh\tralalero Shooter\outputs\reststop-production-2026-09-24\rigged\H03-r1\preview-frames\00278.png'
00:45.531  render           | Saved: 'C:\Users\ljh\tralalero Shooter\outputs\reststop-production-2026-09-24\rigged\H03-r1\preview-frames\00279.png'
00:45.688  render           | Saved: 'C:\Users\ljh\tralalero Shooter\outputs\reststop-production-2026-09-24\rigged\H03-r1\preview-frames\00280.png'
00:45.844  render           | Saved: 'C:\Users\ljh\tralalero Shooter\outputs\reststop-production-2026-09-24\rigged\H03-r1\preview-frames\00281.png'
00:46.000  render           | Saved: 'C:\Users\ljh\tralalero Shooter\outputs\reststop-production-2026-09-24\rigged\H03-r1\preview-frames\00282.png'
00:46.156  render           | Saved: 'C:\Users\ljh\tralalero Shooter\outputs\reststop-production-2026-09-24\rigged\H03-r1\preview-frames\00283.png'
00:46.313  render           | Saved: 'C:\Users\ljh\tralalero Shooter\outputs\reststop-production-2026-09-24\rigged\H03-r1\preview-frames\00284.png'
00:46.469  render           | Saved: 'C:\Users\ljh\tralalero Shooter\outputs\reststop-production-2026-09-24\rigged\H03-r1\preview-frames\00285.png'
00:46.625  render           | Saved: 'C:\Users\ljh\tralalero Shooter\outputs\reststop-production-2026-09-24\rigged\H03-r1\preview-frames\00286.png'
00:46.781  render           | Saved: 'C:\Users\ljh\tralalero Shooter\outputs\reststop-production-2026-09-24\rigged\H03-r1\preview-frames\00287.png'
00:46.938  render           | Saved: 'C:\Users\ljh\tralalero Shooter\outputs\reststop-production-2026-09-24\rigged\H03-r1\preview-frames\00288.png'
00:47.109  render           | Saved: 'C:\Users\ljh\tralalero Shooter\outputs\reststop-production-2026-09-24\rigged\H03-r1\preview-frames\00289.png'
00:47.281  render           | Saved: 'C:\Users\ljh\tralalero Shooter\outputs\reststop-production-2026-09-24\rigged\H03-r1\preview-frames\00290.png'
00:47.438  render           | Saved: 'C:\Users\ljh\tralalero Shooter\outputs\reststop-production-2026-09-24\rigged\H03-r1\preview-frames\00291.png'
00:47.594  render           | Saved: 'C:\Users\ljh\tralalero Shooter\outputs\reststop-production-2026-09-24\rigged\H03-r1\preview-frames\00292.png'
00:47.750  render           | Saved: 'C:\Users\ljh\tralalero Shooter\outputs\reststop-production-2026-09-24\rigged\H03-r1\preview-frames\00293.png'
00:47.922  render           | Saved: 'C:\Users\ljh\tralalero Shooter\outputs\reststop-production-2026-09-24\rigged\H03-r1\preview-frames\00294.png'
00:48.094  render           | Saved: 'C:\Users\ljh\tralalero Shooter\outputs\reststop-production-2026-09-24\rigged\H03-r1\preview-frames\00295.png'
00:48.250  render           | Saved: 'C:\Users\ljh\tralalero Shooter\outputs\reststop-production-2026-09-24\rigged\H03-r1\preview-frames\00296.png'
00:48.406  render           | Saved: 'C:\Users\ljh\tralalero Shooter\outputs\reststop-production-2026-09-24\rigged\H03-r1\preview-frames\00297.png'
00:48.563  render           | Saved: 'C:\Users\ljh\tralalero Shooter\outputs\reststop-production-2026-09-24\rigged\H03-r1\preview-frames\00298.png'
00:48.734  render           | Saved: 'C:\Users\ljh\tralalero Shooter\outputs\reststop-production-2026-09-24\rigged\H03-r1\preview-frames\00299.png'
00:48.891  render           | Saved: 'C:\Users\ljh\tralalero Shooter\outputs\reststop-production-2026-09-24\rigged\H03-r1\preview-frames\00300.png'
00:49.063  render           | Saved: 'C:\Users\ljh\tralalero Shooter\outputs\reststop-production-2026-09-24\rigged\H03-r1\preview-frames\00301.png'
00:49.219  render           | Saved: 'C:\Users\ljh\tralalero Shooter\outputs\reststop-production-2026-09-24\rigged\H03-r1\preview-frames\00302.png'
00:49.375  render           | Saved: 'C:\Users\ljh\tralalero Shooter\outputs\reststop-production-2026-09-24\rigged\H03-r1\preview-frames\00303.png'
00:49.531  render           | Saved: 'C:\Users\ljh\tralalero Shooter\outputs\reststop-production-2026-09-24\rigged\H03-r1\preview-frames\00304.png'
00:49.703  render           | Saved: 'C:\Users\ljh\tralalero Shooter\outputs\reststop-production-2026-09-24\rigged\H03-r1\preview-frames\00305.png'
00:49.859  render           | Saved: 'C:\Users\ljh\tralalero Shooter\outputs\reststop-production-2026-09-24\rigged\H03-r1\preview-frames\00306.png'
00:50.031  render           | Saved: 'C:\Users\ljh\tralalero Shooter\outputs\reststop-production-2026-09-24\rigged\H03-r1\preview-frames\00307.png'
00:50.172  render           | Saved: 'C:\Users\ljh\tralalero Shooter\outputs\reststop-production-2026-09-24\rigged\H03-r1\preview-frames\00308.png'
00:50.328  render           | Saved: 'C:\Users\ljh\tralalero Shooter\outputs\reststop-production-2026-09-24\rigged\H03-r1\preview-frames\00309.png'
00:50.484  render           | Saved: 'C:\Users\ljh\tralalero Shooter\outputs\reststop-production-2026-09-24\rigged\H03-r1\preview-frames\00310.png'
00:50.656  render           | Saved: 'C:\Users\ljh\tralalero Shooter\outputs\reststop-production-2026-09-24\rigged\H03-r1\preview-frames\00311.png'
REVIEW_ACTION serve
00:50.813  render           | Saved: 'C:\Users\ljh\tralalero Shooter\outputs\reststop-production-2026-09-24\rigged\H03-r1\preview-frames\00312.png'
00:50.969  render           | Saved: 'C:\Users\ljh\tralalero Shooter\outputs\reststop-production-2026-09-24\rigged\H03-r1\preview-frames\00313.png'
00:51.109  render           | Saved: 'C:\Users\ljh\tralalero Shooter\outputs\reststop-production-2026-09-24\rigged\H03-r1\preview-frames\00314.png'
00:51.266  render           | Saved: 'C:\Users\ljh\tralalero Shooter\outputs\reststop-production-2026-09-24\rigged\H03-r1\preview-frames\00315.png'
00:51.422  render           | Saved: 'C:\Users\ljh\tralalero Shooter\outputs\reststop-production-2026-09-24\rigged\H03-r1\preview-frames\00316.png'
00:51.578  render           | Saved: 'C:\Users\ljh\tralalero Shooter\outputs\reststop-production-2026-09-24\rigged\H03-r1\preview-frames\00317.png'
00:51.734  render           | Saved: 'C:\Users\ljh\tralalero Shooter\outputs\reststop-production-2026-09-24\rigged\H03-r1\preview-frames\00318.png'
00:51.891  render           | Saved: 'C:\Users\ljh\tralalero Shooter\outputs\reststop-production-2026-09-24\rigged\H03-r1\preview-frames\00319.png'
00:52.047  render           | Saved: 'C:\Users\ljh\tralalero Shooter\outputs\reststop-production-2026-09-24\rigged\H03-r1\preview-frames\00320.png'
00:52.219  render           | Saved: 'C:\Users\ljh\tralalero Shooter\outputs\reststop-production-2026-09-24\rigged\H03-r1\preview-frames\00321.png'
00:52.375  render           | Saved: 'C:\Users\ljh\tralalero Shooter\outputs\reststop-production-2026-09-24\rigged\H03-r1\preview-frames\00322.png'
00:52.547  render           | Saved: 'C:\Users\ljh\tralalero Shooter\outputs\reststop-production-2026-09-24\rigged\H03-r1\preview-frames\00323.png'
00:52.703  render           | Saved: 'C:\Users\ljh\tralalero Shooter\outputs\reststop-production-2026-09-24\rigged\H03-r1\preview-frames\00324.png'
00:52.859  render           | Saved: 'C:\Users\ljh\tralalero Shooter\outputs\reststop-production-2026-09-24\rigged\H03-r1\preview-frames\00325.png'
00:53.031  render           | Saved: 'C:\Users\ljh\tralalero Shooter\outputs\reststop-production-2026-09-24\rigged\H03-r1\preview-frames\00326.png'
00:53.203  render           | Saved: 'C:\Users\ljh\tralalero Shooter\outputs\reststop-production-2026-09-24\rigged\H03-r1\preview-frames\00327.png'
00:53.359  render           | Saved: 'C:\Users\ljh\tralalero Shooter\outputs\reststop-production-2026-09-24\rigged\H03-r1\preview-frames\00328.png'
00:53.516  render           | Saved: 'C:\Users\ljh\tralalero Shooter\outputs\reststop-production-2026-09-24\rigged\H03-r1\preview-frames\00329.png'
00:53.672  render           | Saved: 'C:\Users\ljh\tralalero Shooter\outputs\reststop-production-2026-09-24\rigged\H03-r1\preview-frames\00330.png'
00:53.828  render           | Saved: 'C:\Users\ljh\tralalero Shooter\outputs\reststop-production-2026-09-24\rigged\H03-r1\preview-frames\00331.png'
00:53.984  render           | Saved: 'C:\Users\ljh\tralalero Shooter\outputs\reststop-production-2026-09-24\rigged\H03-r1\preview-frames\00332.png'
00:54.141  render           | Saved: 'C:\Users\ljh\tralalero Shooter\outputs\reststop-production-2026-09-24\rigged\H03-r1\preview-frames\00333.png'
00:54.297  render           | Saved: 'C:\Users\ljh\tralalero Shooter\outputs\reststop-production-2026-09-24\rigged\H03-r1\preview-frames\00334.png'
00:54.469  render           | Saved: 'C:\Users\ljh\tralalero Shooter\outputs\reststop-production-2026-09-24\rigged\H03-r1\preview-frames\00335.png'
00:54.609  render           | Saved: 'C:\Users\ljh\tralalero Shooter\outputs\reststop-production-2026-09-24\rigged\H03-r1\preview-frames\00336.png'
00:54.766  render           | Saved: 'C:\Users\ljh\tralalero Shooter\outputs\reststop-production-2026-09-24\rigged\H03-r1\preview-frames\00337.png'
00:54.938  render           | Saved: 'C:\Users\ljh\tralalero Shooter\outputs\reststop-production-2026-09-24\rigged\H03-r1\preview-frames\00338.png'
REVIEW_ACTION walk
Blender 5.2.1 LTS (hash 9e2066aef7ef built 2026-08-25 02:38:20)

Blender quit
