
━━━━━━━━━━━━━━━━━━━━━━━━━━━━━━━━━━━━━━━━━━━━━━━━━━━━━━━━━━━━━━━━
  SA3 → TFLite/CPU  text-to-audio
━━━━━━━━━━━━━━━━━━━━━━━━━━━━━━━━━━━━━━━━━━━━━━━━━━━━━━━━━━━━━━━━
       prompt  'Original instrumental arcade game background music, lively and rhythmically buoyant, 112 BPM, bouncy pizzicato strings, playful celesta hook, rounded walking bass, crisp restrained woodblock rhythm, wistful woodwind countermelody, mischievous haunted harbor, clear singable original melody, steady upbeat groove supporting fast gameplay, mild creepy mystery and nostalgic emotion, continuous instrumental backing for the entire track, uncluttered mix, gentle percussion, loop-friendly, no silence, no slow ambient section, no breakdown, no fade-out, no big finale'
   neg prompt  'vocals, singing, speech, lyrics, harsh distortion, loud impacts, abrupt ending'
          dit  sm-music       decoder  same-s     precision  fp32       threads  8
         σmax  1.00           cfg  1.5  (apg=1.0, batched CFG)
      seconds  64.0s         steps  8          seed  26091551
        T_lat  690 (64.09s → trimmed to 64.00s)

  [1/3] T5Gemma (tokenize + encode)
INFO: Created TensorFlow Lite XNNPACK delegate for CPU.
  [1/3] T5Gemma (tokenize + encode) ····················  2036 ms
        t5_hidden (1, 256, 768)   mask sum=109   neg (prompt)
  [2/3] DiT — load + sample (8 steps, σmax=1.00)
        loading baked DiT sm-music ...
        load 5.2s   CFG batched (1× batch=2 invoke/step)
        schedule  1.000 · 0.994 · 0.984 · 0.958 · 0.891 · 0.746 · 0.512 · 0.274 · 0.000
        sampling step 1/8  8538 ms
        sampling step 2/8  3999 ms
        sampling step 3/8  3948 ms
        sampling step 4/8  3908 ms
        sampling step 5/8  3927 ms
        sampling step 6/8  3949 ms
        sampling step 7/8  3871 ms
        sampling step 8/8  3875 ms
  [2/3] DiT — load + sample (8 steps, σmax=1.00) ······· 41176 ms
        sample 36014 ms  (4502 ms/step, 16 forwards)   latents (1, 256, 690)
  [3/3] Decoder (same-s, audio-out) + WAV
        loading baked decoder same-s ...
        load 30 ms
        whole decode ...
  [3/3] Decoder (same-s, audio-out) + WAV ··············  5525 ms
        decode whole  5495 ms   audio (2, 2822400)   peak 0.887 rms 0.113

━━━━━━━━━━━━━━━━━━━━━━━━━━━━━━━━━━━━━━━━━━━━━━━━━━━━━━━━━━━━━━━━
  done   49.80s wall  →  64.0s audio  →  1.29× realtime   seed 26091551
  ▸ saved  C:\Users\ljh\tralalero Shooter\map-concepts\harbor-polish-2026-09-15\audio\raw\01_lantern_shuffle.wav
━━━━━━━━━━━━━━━━━━━━━━━━━━━━━━━━━━━━━━━━━━━━━━━━━━━━━━━━━━━━━━━━
