
━━━━━━━━━━━━━━━━━━━━━━━━━━━━━━━━━━━━━━━━━━━━━━━━━━━━━━━━━━━━━━━━
  SA3 → TFLite/CPU  text-to-audio
━━━━━━━━━━━━━━━━━━━━━━━━━━━━━━━━━━━━━━━━━━━━━━━━━━━━━━━━━━━━━━━━
       prompt  'Original instrumental arcade game background music, lively and rhythmically buoyant, 108 BPM, cheeky bamboo flute motif, plucked zither and pizzicato cello, energetic wooden percussion, bouncy rhythm, warm nostalgic melody and secretive minor harmonies, clear singable original melody, steady upbeat groove supporting fast gameplay, mild creepy mystery and nostalgic emotion, continuous instrumental backing for the entire track, uncluttered mix, gentle percussion, loop-friendly, no silence, no slow ambient section, no breakdown, no fade-out, no big finale'
   neg prompt  'vocals, singing, speech, lyrics, harsh distortion, loud impacts, abrupt ending'
          dit  sm-music       decoder  same-s     precision  fp32       threads  8
         σmax  1.00           cfg  1.5  (apg=1.0, batched CFG)
      seconds  64.0s         steps  8          seed  26091554
        T_lat  690 (64.09s → trimmed to 64.00s)

  [1/3] T5Gemma (tokenize + encode)
INFO: Created TensorFlow Lite XNNPACK delegate for CPU.
  [1/3] T5Gemma (tokenize + encode) ····················   927 ms
        t5_hidden (1, 256, 768)   mask sum=106   neg (prompt)
  [2/3] DiT — load + sample (8 steps, σmax=1.00)
        loading baked DiT sm-music ...
        load 0.9s   CFG batched (1× batch=2 invoke/step)
        schedule  1.000 · 0.994 · 0.984 · 0.958 · 0.891 · 0.746 · 0.512 · 0.274 · 0.000
        sampling step 1/8  6480 ms
        sampling step 2/8  3461 ms
        sampling step 3/8  3379 ms
        sampling step 4/8  3385 ms
        sampling step 5/8  3386 ms
        sampling step 6/8  3388 ms
        sampling step 7/8  3387 ms
        sampling step 8/8  3378 ms
  [2/3] DiT — load + sample (8 steps, σmax=1.00) ······· 31180 ms
        sample 30244 ms  (3781 ms/step, 16 forwards)   latents (1, 256, 690)
  [3/3] Decoder (same-s, audio-out) + WAV
        loading baked decoder same-s ...
        load 1 ms
        whole decode ...
  [3/3] Decoder (same-s, audio-out) + WAV ··············  4498 ms
        decode whole  4497 ms   audio (2, 2822400)   peak 0.920 rms 0.117

━━━━━━━━━━━━━━━━━━━━━━━━━━━━━━━━━━━━━━━━━━━━━━━━━━━━━━━━━━━━━━━━
  done   37.30s wall  →  64.0s audio  →  1.72× realtime   seed 26091554
  ▸ saved  C:\Users\ljh\tralalero Shooter\map-concepts\harbor-polish-2026-09-15\audio\raw\04_market_mischief.wav
━━━━━━━━━━━━━━━━━━━━━━━━━━━━━━━━━━━━━━━━━━━━━━━━━━━━━━━━━━━━━━━━
