
━━━━━━━━━━━━━━━━━━━━━━━━━━━━━━━━━━━━━━━━━━━━━━━━━━━━━━━━━━━━━━━━
  SA3 → TFLite/CPU  text-to-audio
━━━━━━━━━━━━━━━━━━━━━━━━━━━━━━━━━━━━━━━━━━━━━━━━━━━━━━━━━━━━━━━━
       prompt  'Original instrumental arcade game background music, lively and rhythmically buoyant, 106 BPM, groovy muted guitar and warm electric piano, bouncing soft drums and analog bass, memorable bittersweet celesta motif, curious empty roadside cafe, playful creeping tension, clear singable original melody, steady upbeat groove supporting fast gameplay, mild creepy mystery and nostalgic emotion, continuous instrumental backing for the entire track, uncluttered mix, gentle percussion, loop-friendly, no silence, no slow ambient section, no breakdown, no fade-out, no big finale'
   neg prompt  'vocals, singing, speech, lyrics, harsh distortion, loud impacts, abrupt ending'
          dit  sm-music       decoder  same-s     precision  fp32       threads  8
         σmax  1.00           cfg  1.5  (apg=1.0, batched CFG)
      seconds  64.0s         steps  8          seed  26091559
        T_lat  690 (64.09s → trimmed to 64.00s)

  [1/3] T5Gemma (tokenize + encode)
INFO: Created TensorFlow Lite XNNPACK delegate for CPU.
  [1/3] T5Gemma (tokenize + encode) ····················   916 ms
        t5_hidden (1, 256, 768)   mask sum=108   neg (prompt)
  [2/3] DiT — load + sample (8 steps, σmax=1.00)
        loading baked DiT sm-music ...
        load 0.9s   CFG batched (1× batch=2 invoke/step)
        schedule  1.000 · 0.994 · 0.984 · 0.958 · 0.891 · 0.746 · 0.512 · 0.274 · 0.000
        sampling step 1/8  6516 ms
        sampling step 2/8  3449 ms
        sampling step 3/8  3376 ms
        sampling step 4/8  3419 ms
        sampling step 5/8  3377 ms
        sampling step 6/8  3379 ms
        sampling step 7/8  3372 ms
        sampling step 8/8  3381 ms
  [2/3] DiT — load + sample (8 steps, σmax=1.00) ······· 31189 ms
        sample 30269 ms  (3784 ms/step, 16 forwards)   latents (1, 256, 690)
  [3/3] Decoder (same-s, audio-out) + WAV
        loading baked decoder same-s ...
        load 1 ms
        whole decode ...
  [3/3] Decoder (same-s, audio-out) + WAV ··············  4482 ms
        decode whole  4481 ms   audio (2, 2822400)   peak 0.999 rms 0.143

━━━━━━━━━━━━━━━━━━━━━━━━━━━━━━━━━━━━━━━━━━━━━━━━━━━━━━━━━━━━━━━━
  done   37.29s wall  →  64.0s audio  →  1.72× realtime   seed 26091559
  ▸ saved  C:\Users\ljh\tralalero Shooter\map-concepts\harbor-polish-2026-09-15\audio\raw\09_roadside_twilight.wav
━━━━━━━━━━━━━━━━━━━━━━━━━━━━━━━━━━━━━━━━━━━━━━━━━━━━━━━━━━━━━━━━
