[32m[INFO][0m setup plugin alembic.autogenerate.schemas
[32m[INFO][0m setup plugin alembic.autogenerate.tables
[32m[INFO][0m setup plugin alembic.autogenerate.types
[32m[INFO][0m setup plugin alembic.autogenerate.constraints
[32m[INFO][0m setup plugin alembic.autogenerate.defaults
[32m[INFO][0m setup plugin alembic.autogenerate.comments
[32m[INFO][0m setup plugin alembic.autogenerate.checkconstraint_byname
[32m[INFO][0m Adding extra search path diffusion_models E:\AI_Models\ComfyUI-Creative\models\diffusion_models
[32m[INFO][0m Adding extra search path text_encoders E:\AI_Models\ComfyUI-Creative\models\text_encoders
[32m[INFO][0m Adding extra search path vae E:\AI_Models\ComfyUI-Creative\models\vae
[32m[INFO][0m Found comfy_kitchen backend triton: {'available': False, 'disabled': True, 'unavailable_reason': "ImportError: No module named 'triton'", 'capabilities': []}
[32m[INFO][0m Found comfy_kitchen backend eager: {'available': True, 'disabled': False, 'unavailable_reason': None, 'capabilities': ['adaln', 'apply_rope', 'apply_rope1', 'apply_rope1_', 'apply_rope_', 'apply_rope_split_half', 'apply_rope_split_half1', 'apply_rope_split_half1_', 'apply_rope_split_half_', 'convrot_w4a4_linear', 'dequantize_convrot_w4a4_weight', 'dequantize_int8_convrot_weight', 'dequantize_int8_convrot_weight_dtype', 'dequantize_int8_embedding', 'dequantize_int8_simple', 'dequantize_int8_simple_dtype', 'dequantize_mxfp8', 'dequantize_nvfp4', 'dequantize_per_tensor_fp8', 'dequantize_w4a8_int8_weight', 'gemv_awq_w4a16', 'int8_linear', 'na3d', 'prepare_int4_weight_for_int8_linear', 'quantize_and_rotate_rowwise', 'quantize_convrot_w4a4_weight', 'quantize_int8_convrot_weight', 'quantize_int8_rowwise', 'quantize_int8_tensorwise', 'quantize_mxfp8', 'quantize_nvfp4', 'quantize_per_tensor_fp8', 'quantize_svdquant_w4a4', 'quantize_w4a8_int8_weight', 'rms_adaln', 'rms_rope', 'rms_rope1', 'rms_rope1_', 'rms_rope_', 'rms_rope_split_half', 'rms_rope_split_half1', 'rms_rope_split_half1_', 'rms_rope_split_half_', 'rotate_int8_convrot_weight', 'scaled_mm_mxfp8', 'scaled_mm_nvfp4', 'scaled_mm_svdquant_w4a4', 'stochastic_rounding_fp8', 'w4a8_int8_linear']}
[32m[INFO][0m Found comfy_kitchen backend cuda: {'available': True, 'disabled': True, 'unavailable_reason': None, 'capabilities': ['adaln', 'apply_rope', 'apply_rope1', 'apply_rope1_', 'apply_rope_', 'apply_rope_split_half', 'apply_rope_split_half1', 'apply_rope_split_half1_', 'apply_rope_split_half_', 'convrot_w4a4_linear', 'dequantize_convrot_w4a4_weight', 'dequantize_int8_convrot_weight', 'dequantize_int8_convrot_weight_dtype', 'dequantize_int8_simple', 'dequantize_int8_simple_dtype', 'dequantize_nvfp4', 'dequantize_per_tensor_fp8', 'dequantize_w4a8_int8_weight', 'gemv_awq_w4a16', 'na3d', 'prepare_int4_weight_for_int8_linear', 'quantize_and_rotate_rowwise', 'quantize_convrot_w4a4_weight', 'quantize_int8_convrot_weight', 'quantize_int8_rowwise', 'quantize_int8_tensorwise', 'quantize_mxfp8', 'quantize_nvfp4', 'quantize_per_tensor_fp8', 'quantize_svdquant_w4a4', 'quantize_w4a8_int8_weight', 'rms_adaln', 'rms_rope', 'rms_rope1', 'rms_rope1_', 'rms_rope_', 'rms_rope_split_half', 'rms_rope_split_half1', 'rms_rope_split_half1_', 'rms_rope_split_half_', 'rotate_int8_convrot_weight', 'scaled_mm_svdquant_w4a4', 'stochastic_rounding_fp8', 'w4a8_int8_linear']}
[32m[INFO][0m Found comfy_kitchen backend hip: {'available': True, 'disabled': False, 'unavailable_reason': None, 'capabilities': ['adaln', 'apply_rope', 'apply_rope1', 'apply_rope1_', 'apply_rope_', 'apply_rope_split_half', 'apply_rope_split_half1', 'apply_rope_split_half1_', 'apply_rope_split_half_', 'convrot_w4a4_linear', 'dequantize_convrot_w4a4_weight', 'dequantize_int8_convrot_weight_dtype', 'dequantize_int8_simple_dtype', 'dequantize_per_tensor_fp8', 'dequantize_w4a8_int8_weight', 'gemv_awq_w4a16', 'int8_linear', 'na3d', 'quantize_and_rotate_rowwise', 'quantize_convrot_w4a4_weight', 'quantize_int8_convrot_weight', 'quantize_int8_rowwise', 'quantize_int8_tensorwise', 'quantize_per_tensor_fp8', 'quantize_svdquant_w4a4', 'quantize_w4a8_int8_weight', 'rms_adaln', 'rms_rope', 'rms_rope1', 'rms_rope1_', 'rms_rope_', 'rms_rope_split_half', 'rms_rope_split_half1', 'rms_rope_split_half1_', 'rms_rope_split_half_', 'scaled_mm_svdquant_w4a4', 'stochastic_rounding_fp8', 'w4a8_int8_linear']}
[32m[INFO][0m Checkpoint files will always be loaded safely.
[32m[INFO][0m Total VRAM 32624 MB, total RAM 48517 MB
[32m[INFO][0m pytorch version: 2.12.0+rocm7.14.0
[32m[INFO][0m Set: torch.backends.cudnn.enabled = False for better AMD performance.
[32m[INFO][0m AMD arch: gfx1201
[32m[INFO][0m ROCm version: (7, 14)
[32m[INFO][0m Set vram state to: NORMAL_VRAM
[32m[INFO][0m Device: cuda:0 AMD Radeon AI PRO R9700 : native
[32m[INFO][0m Using async weight offloading with 2 streams
[32m[INFO][0m Using pytorch attention
[32m[INFO][0m aimdo: src-win/cuda-detour.c:38:INFO:aimdo_setup_hooks: installing 6 hooks
[32m[INFO][0m aimdo: src-win/shmem-detect.c:80:INFO:comfy-aimdo WDDM adapter match: AMD Radeon AI PRO R9700 runtime_luid=00000000:00013dff dxgi_luid=00000000:00013dff
[32m[INFO][0m aimdo: src/control.c:277:INFO:comfy-aimdo inited for GPU: AMD Radeon AI PRO R9700 (VRAM: 32624 MB)
[32m[INFO][0m DynamicVRAM support detected and enabled
[32m[INFO][0m Python version: 3.12.10 (tags/v3.12.10:0cc8128, Apr  8 2025, 12:21:36) [MSC v.1943 64 bit (AMD64)]
[32m[INFO][0m ComfyUI version: 0.33.0
[32m[INFO][0m comfy-aimdo version: 0.4.13
[32m[INFO][0m comfy-kitchen version: 0.2.31
[32m[INFO][0m comfyui-frontend-package version: 1.49.6
[32m[INFO][0m comfyui-workflow-templates version: 0.11.44
[32m[INFO][0m comfyui-embedded-docs version: 0.5.10
[32m[INFO][0m comfy-kitchen version: 0.2.31
[32m[INFO][0m comfy-aimdo version: 0.4.13
[32m[INFO][0m [Prompt Server] web root: C:\AI\ComfyUI-Creative-AMD\venv\Lib\site-packages\comfyui_frontend_package\static
[32m[INFO][0m Asset seeder disabled
[32m[INFO][0m No OpenGL_accelerate module loaded: No module named 'OpenGL_accelerate'
[32m[INFO][0m 
Import times for custom nodes:
[32m[INFO][0m    0.0 seconds: C:\AI\ComfyUI-Creative-AMD\ComfyUI\custom_nodes\websocket_image_save.py
[32m[INFO][0m 
[32m[INFO][0m Context impl SQLiteImpl.
[32m[INFO][0m Will assume non-transactional DDL.
[32m[INFO][0m Using RAM pressure cache.
[32m[INFO][0m Starting server

[32m[INFO][0m To see the GUI go to: http://127.0.0.1:8190
[32m[INFO][0m got prompt
[32m[INFO][0m Using split attention in VAE
[32m[INFO][0m Using split attention in VAE
[32m[INFO][0m VAE load device: cuda:0, offload device: cpu, dtype: torch.bfloat16
[32m[INFO][0m Found quantization metadata version 1
[32m[INFO][0m Using MixedPrecisionOps for text encoder
[32m[INFO][0m CLIP/text encoder model load device: cuda:0, offload device: cpu, current: cpu, dtype: torch.float16
[32m[INFO][0m Requested to load WanTEModel
[32m[INFO][0m Model WanTEModel prepared for dynamic VRAM loading. 6419MB Staged. 0 patches attached. Force pre-loaded 73 weights: 488 KB.
[32m[INFO][0m Model WanTEModel prepared for dynamic VRAM loading. 6419MB Staged. 0 patches attached. Force pre-loaded 73 weights: 488 KB.
[32m[INFO][0m Requested to load WanVAE
[32m[INFO][0m Model WanVAE prepared for dynamic VRAM loading. 241MB Staged. 0 patches attached. Force pre-loaded 60 weights: 61 KB.
[32m[INFO][0m Found quantization metadata version 1
[32m[INFO][0m Detected mixed precision quantization
[32m[INFO][0m Using mixed precision operations
[32m[INFO][0m Native ops: int8_tensorwise, convrot_w4a4, float8_e5m2, float8_e4m3fn, asym_w4a8_int8 , emulated ops: mxfp8, nvfp4
[32m[INFO][0m model weight dtype torch.float16, manual cast: torch.float16
[32m[INFO][0m model_type FLOW
[32m[INFO][0m Requested to load WAN21
[32m[INFO][0m Model WAN21 prepared for dynamic VRAM loading. 13630MB Staged. 0 patches attached. Force pre-loaded 160 weights: 1603 KB.
  0%|          | 0/10 [00:00<?, ?it/s]  0%|          | 0/10 [00:00<?, ?it/s,   Model Initializing ...  ]  0%|          | 0/10 [03:02<?, ?it/s,  Model Initialization complete!  ] 10%|#         | 1/10 [03:02<27:23, 182.57s/it,  Model Initialization complete!  ] 10%|#         | 1/10 [01:18<27:23, 182.57s/it]                                    20%|##        | 2/10 [01:18<05:12, 39.11s/it]  30%|###       | 3/10 [04:22<21:32, 184.58s/it] 40%|####      | 4/10 [07:26<18:20, 183.38s/it] 50%|#####     | 5/10 [10:28<15:11, 182.34s/it][32m[INFO][0m Global interrupt (no prompt_id specified)
