{"active": true, "stop_requested": false, "message": "\ud30c\uc77c \ubaa9\ub85d\uc744 \uc900\ube44\ud558\uace0 \uc788\uc2b5\ub2c8\ub2e4.", "jobs": [], "logs": [], "started": 1789517334.6545017, "settings": {"input_dir": "C:\\Users\\ljh\\tralalero Shooter\\map-concepts\\harbor-opening-refinement-2026-09-16\\references", "output_dir": "C:\\Users\\ljh\\tralalero Shooter\\outputs\\harbor-opening-refinement-2026-09-16\\trellis", "recursive": false, "resolution": 1536, "texture_size": 2048, "target_triangles": 25000, "intermediate_faces": 300000, "low_vram": false, "keep_models_loaded": false, "use_tiled_decoder": true, "remove_floor": false, "continue_on_error": true, "seed": 12345, "steps": 12, "texture_steps": 25, "trellis_url": "http://127.0.0.1:8189", "trellis_root": "C:\\AI\\TRELLIS2-AMD", "blender": "C:\\Program Files\\Blender Foundation\\Blender 4.4\\blender.exe", "longest_side": 6.0, "timeout_minutes": 120, "quality_retry": false, "stage_quality": false}, "cooldown_remaining": 0}
{"active": true, "message": "\ud30c\uc77c \ubaa9\ub85d\uc744 \uc900\ube44\ud558\uace0 \uc788\uc2b5\ub2c8\ub2e4."}
{"active": true, "message": "\ud30c\uc77c \ubaa9\ub85d\uc744 \uc900\ube44\ud558\uace0 \uc788\uc2b5\ub2c8\ub2e4."}
{"active": true, "message": "\ud30c\uc77c \ubaa9\ub85d\uc744 \uc900\ube44\ud558\uace0 \uc788\uc2b5\ub2c8\ub2e4."}
{"active": true, "message": "01-workshop.png \u00b7 TRELLIS \uc0dd\uc131 \uc911"}
{"active": true, "message": "01-workshop.png \u00b7 TRELLIS \uc0dd\uc131 \uc911"}
{"active": true, "message": "01-workshop.png \u00b7 TRELLIS \uc0dd\uc131 \uc911"}
{"active": true, "message": "01-workshop.png \u00b7 TRELLIS \uc0dd\uc131 \uc911"}
{"active": true, "message": "01-workshop.png \u00b7 TRELLIS \uc0dd\uc131 \uc911"}
{"active": true, "message": "01-workshop.png \u00b7 TRELLIS \uc0dd\uc131 \uc911"}
{"active": true, "message": "01-workshop.png \u00b7 TRELLIS \uc0dd\uc131 \uc911"}
{"active": true, "message": "01-workshop.png \u00b7 TRELLIS \uc0dd\uc131 \uc911"}
{"active": true, "message": "01-workshop.png \u00b7 TRELLIS \uc0dd\uc131 \uc911"}
{"active": true, "message": "01-workshop.png \u00b7 TRELLIS \uc0dd\uc131 \uc911"}
{"active": true, "message": "01-workshop.png \u00b7 TRELLIS \uc0dd\uc131 \uc911"}
{"active": true, "message": "01-workshop.png \u00b7 TRELLIS \uc0dd\uc131 \uc911"}
{"active": true, "message": "01-workshop.png \u00b7 TRELLIS \uc0dd\uc131 \uc911"}
{"active": true, "message": "01-workshop.png \u00b7 TRELLIS \uc0dd\uc131 \uc911"}
{"active": true, "message": "01-workshop.png \u00b7 TRELLIS \uc0dd\uc131 \uc911"}
{"active": true, "message": "01-workshop.png \u00b7 TRELLIS \uc0dd\uc131 \uc911"}
{"active": true, "message": "01-workshop.png \u00b7 TRELLIS \uc0dd\uc131 \uc911"}
{"active": true, "message": "01-workshop.png \u00b7 TRELLIS \uc0dd\uc131 \uc911"}
{"active": true, "message": "01-workshop.png \u00b7 TRELLIS \uc0dd\uc131 \uc911"}
{"active": true, "message": "01-workshop.png \u00b7 TRELLIS \uc0dd\uc131 \uc911"}
{"active": true, "message": "01-workshop.png \u00b7 TRELLIS \uc0dd\uc131 \uc911"}
{"active": true, "message": "01-workshop.png \u00b7 TRELLIS \uc0dd\uc131 \uc911"}
{"active": true, "message": "01-workshop.png \u00b7 TRELLIS \uc0dd\uc131 \uc911"}
{"active": true, "message": "01-workshop.png \u00b7 TRELLIS \uc0dd\uc131 \uc911"}
{"active": true, "message": "01-workshop.png \u00b7 TRELLIS \uc0dd\uc131 \uc911"}
{"active": true, "message": "01-workshop.png \u00b7 TRELLIS \uc0dd\uc131 \uc911"}
{"active": true, "message": "01-workshop.png \u00b7 TRELLIS \uc0dd\uc131 \uc911"}
{"active": true, "message": "01-workshop.png \u00b7 TRELLIS \uc0dd\uc131 \uc911"}
{"active": true, "message": "01-workshop.png \u00b7 TRELLIS \uc0dd\uc131 \uc911"}
{"active": true, "message": "01-workshop.png \u00b7 TRELLIS \uc0dd\uc131 \uc911"}
{"active": true, "message": "01-workshop.png \u00b7 TRELLIS \uc0dd\uc131 \uc911"}
{"active": true, "message": "01-workshop.png \u00b7 TRELLIS \uc0dd\uc131 \uc911"}
{"active": true, "message": "01-workshop.png \u00b7 TRELLIS \uc0dd\uc131 \uc911"}
{"active": true, "message": "01-workshop.png \u00b7 TRELLIS \uc0dd\uc131 \uc911"}
{"active": true, "message": "01-workshop.png \u00b7 TRELLIS \uc0dd\uc131 \uc911"}
{"active": true, "message": "01-workshop.png \u00b7 TRELLIS \uc0dd\uc131 \uc911"}
{"active": true, "message": "01-workshop.png \u00b7 TRELLIS \uc0dd\uc131 \uc911"}
{"active": true, "message": "01-workshop.png \u00b7 TRELLIS \uc0dd\uc131 \uc911"}
{"active": true, "message": "01-workshop.png \u00b7 TRELLIS \uc0dd\uc131 \uc911"}
{"active": true, "message": "01-workshop.png \u00b7 TRELLIS \uc0dd\uc131 \uc911"}
{"active": true, "message": "01-workshop.png \u00b7 TRELLIS \uc0dd\uc131 \uc911"}
{"active": true, "message": "01-workshop.png \u00b7 TRELLIS \uc0dd\uc131 \uc911"}
{"active": true, "message": "01-workshop.png \u00b7 TRELLIS \uc0dd\uc131 \uc911"}
{"active": true, "message": "01-workshop.png \u00b7 TRELLIS \uc0dd\uc131 \uc911"}
{"active": true, "message": "01-workshop.png \u00b7 TRELLIS \uc0dd\uc131 \uc911"}
{"active": true, "message": "01-workshop.png \u00b7 TRELLIS \uc0dd\uc131 \uc911"}
{"active": true, "message": "01-workshop.png \u00b7 TRELLIS \uc0dd\uc131 \uc911"}
{"active": true, "message": "01-workshop.png \u00b7 TRELLIS \uc0dd\uc131 \uc911"}
{"active": true, "message": "01-workshop.png \u00b7 TRELLIS \uc0dd\uc131 \uc911"}
{"active": true, "message": "01-workshop.png \u00b7 TRELLIS \uc0dd\uc131 \uc911"}
{"active": true, "message": "01-workshop.png \u00b7 TRELLIS \uc0dd\uc131 \uc911"}
{"active": true, "message": "01-workshop.png \u00b7 TRELLIS \uc0dd\uc131 \uc911"}
{"active": true, "message": "01-workshop.png \u00b7 TRELLIS \uc0dd\uc131 \uc911"}
{"active": true, "message": "01-workshop.png \u00b7 TRELLIS \uc0dd\uc131 \uc911"}
{"active": true, "message": "01-workshop.png \u00b7 TRELLIS \uc0dd\uc131 \uc911"}
{"active": true, "message": "01-workshop.png \u00b7 TRELLIS \uc0dd\uc131 \uc911"}
{"active": true, "message": "01-workshop.png \u00b7 TRELLIS \uc0dd\uc131 \uc911"}
{"active": true, "message": "01-workshop.png \u00b7 TRELLIS \uc0dd\uc131 \uc911"}
{"active": true, "message": "01-workshop.png \u00b7 TRELLIS \uc0dd\uc131 \uc911"}
{"active": true, "message": "01-workshop.png \u00b7 TRELLIS \uc0dd\uc131 \uc911"}
{"active": true, "message": "01-workshop.png \u00b7 TRELLIS \uc0dd\uc131 \uc911"}
{"active": true, "message": "01-workshop.png \u00b7 TRELLIS \uc0dd\uc131 \uc911"}
{"active": true, "message": "01-workshop.png \u00b7 TRELLIS \uc0dd\uc131 \uc911"}
{"active": true, "message": "01-workshop.png \u00b7 TRELLIS \uc0dd\uc131 \uc911"}
{"active": true, "message": "01-workshop.png \u00b7 TRELLIS \uc0dd\uc131 \uc911"}
{"active": true, "message": "01-workshop.png \u00b7 TRELLIS \uc0dd\uc131 \uc911"}
{"active": true, "message": "01-workshop.png \u00b7 TRELLIS \uc0dd\uc131 \uc911"}
{"active": true, "message": "01-workshop.png \u00b7 TRELLIS \uc0dd\uc131 \uc911"}
{"active": true, "message": "01-workshop.png \u00b7 TRELLIS \uc0dd\uc131 \uc911"}
{"active": true, "message": "01-workshop.png \u00b7 TRELLIS \uc0dd\uc131 \uc911"}
{"active": true, "message": "01-workshop.png \u00b7 TRELLIS \uc0dd\uc131 \uc911"}
{"active": true, "message": "01-workshop.png \u00b7 TRELLIS \uc0dd\uc131 \uc911"}
{"active": true, "message": "01-workshop.png \u00b7 TRELLIS \uc0dd\uc131 \uc911"}
{"active": true, "message": "01-workshop.png \u00b7 TRELLIS \uc0dd\uc131 \uc911"}
{"active": true, "message": "01-workshop.png \u00b7 TRELLIS \uc0dd\uc131 \uc911"}
{"active": true, "message": "01-workshop.png \u00b7 TRELLIS \uc0dd\uc131 \uc911"}
{"active": true, "message": "01-workshop.png \u00b7 TRELLIS \uc0dd\uc131 \uc911"}
{"active": true, "message": "01-workshop.png \u00b7 TRELLIS \uc0dd\uc131 \uc911"}
{"active": true, "message": "01-workshop.png \u00b7 TRELLIS \uc0dd\uc131 \uc911"}
{"active": true, "message": "01-workshop.png \u00b7 TRELLIS \uc0dd\uc131 \uc911"}
{"active": true, "message": "01-workshop.png \u00b7 TRELLIS \uc0dd\uc131 \uc911"}
{"active": true, "message": "01-workshop.png \u00b7 TRELLIS \uc0dd\uc131 \uc911"}
{"active": true, "message": "01-workshop.png \u00b7 TRELLIS \uc0dd\uc131 \uc911"}
{"active": true, "message": "01-workshop.png \u00b7 TRELLIS \uc0dd\uc131 \uc911"}
{"active": true, "message": "01-workshop.png \u00b7 TRELLIS \uc0dd\uc131 \uc911"}
{"active": true, "message": "01-workshop.png \u00b7 TRELLIS \uc0dd\uc131 \uc911"}
{"active": true, "message": "01-workshop.png \u00b7 TRELLIS \uc0dd\uc131 \uc911"}
{"active": true, "message": "01-workshop.png \u00b7 TRELLIS \uc0dd\uc131 \uc911"}
{"active": true, "message": "01-workshop.png \u00b7 TRELLIS \uc0dd\uc131 \uc911"}
{"active": true, "message": "01-workshop.png \u00b7 TRELLIS \uc0dd\uc131 \uc911"}
{"active": true, "message": "01-workshop.png \u00b7 TRELLIS \uc0dd\uc131 \uc911"}
{"active": true, "message": "01-workshop.png \u00b7 TRELLIS \uc0dd\uc131 \uc911"}
{"active": true, "message": "01-workshop.png \u00b7 TRELLIS \uc0dd\uc131 \uc911"}
{"active": true, "message": "01-workshop.png \u00b7 TRELLIS \uc0dd\uc131 \uc911"}
{"active": true, "message": "01-workshop.png \u00b7 \uba54\uc2dc \uc815\ub9ac \ubc0f \ud14d\uc2a4\ucc98 \ubca0\uc774\ud06c"}
{"active": true, "message": "\ud30c\uc77c \uc0ac\uc774 \ud734\uc2dd \u00b7 \ub2e4\uc74c \ud30c\uc77c \uc2dc\uc791\uae4c\uc9c0 59\ucd08"}
{"active": true, "message": "\ud30c\uc77c \uc0ac\uc774 \ud734\uc2dd \u00b7 \ub2e4\uc74c \ud30c\uc77c \uc2dc\uc791\uae4c\uc9c0 39\ucd08"}
{"active": true, "message": "\ud30c\uc77c \uc0ac\uc774 \ud734\uc2dd \u00b7 \ub2e4\uc74c \ud30c\uc77c \uc2dc\uc791\uae4c\uc9c0 19\ucd08"}
{"active": true, "message": "02-merchant.png \u00b7 TRELLIS \uc0dd\uc131 \uc911"}
{"active": true, "message": "02-merchant.png \u00b7 TRELLIS \uc0dd\uc131 \uc911"}
{"active": true, "message": "02-merchant.png \u00b7 TRELLIS \uc0dd\uc131 \uc911"}
{"active": true, "message": "02-merchant.png \u00b7 TRELLIS \uc0dd\uc131 \uc911"}
{"active": true, "message": "02-merchant.png \u00b7 TRELLIS \uc0dd\uc131 \uc911"}
{"active": true, "message": "02-merchant.png \u00b7 TRELLIS \uc0dd\uc131 \uc911"}
{"active": true, "message": "02-merchant.png \u00b7 TRELLIS \uc0dd\uc131 \uc911"}
{"active": true, "message": "02-merchant.png \u00b7 TRELLIS \uc0dd\uc131 \uc911"}
{"active": true, "message": "02-merchant.png \u00b7 TRELLIS \uc0dd\uc131 \uc911"}
{"active": true, "message": "02-merchant.png \u00b7 TRELLIS \uc0dd\uc131 \uc911"}
{"active": true, "message": "02-merchant.png \u00b7 TRELLIS \uc0dd\uc131 \uc911"}
{"active": true, "message": "02-merchant.png \u00b7 TRELLIS \uc0dd\uc131 \uc911"}
{"active": true, "message": "02-merchant.png \u00b7 TRELLIS \uc0dd\uc131 \uc911"}
{"active": true, "message": "02-merchant.png \u00b7 TRELLIS \uc0dd\uc131 \uc911"}
{"active": true, "message": "02-merchant.png \u00b7 TRELLIS \uc0dd\uc131 \uc911"}
{"active": true, "message": "02-merchant.png \u00b7 TRELLIS \uc0dd\uc131 \uc911"}
{"active": true, "message": "02-merchant.png \u00b7 TRELLIS \uc0dd\uc131 \uc911"}
{"active": true, "message": "02-merchant.png \u00b7 TRELLIS \uc0dd\uc131 \uc911"}
{"active": true, "message": "02-merchant.png \u00b7 TRELLIS \uc0dd\uc131 \uc911"}
{"active": true, "message": "02-merchant.png \u00b7 TRELLIS \uc0dd\uc131 \uc911"}
{"active": true, "message": "02-merchant.png \u00b7 TRELLIS \uc0dd\uc131 \uc911"}
{"active": true, "message": "02-merchant.png \u00b7 TRELLIS \uc0dd\uc131 \uc911"}
{"active": true, "message": "02-merchant.png \u00b7 TRELLIS \uc0dd\uc131 \uc911"}
{"active": true, "message": "02-merchant.png \u00b7 TRELLIS \uc0dd\uc131 \uc911"}
{"active": true, "message": "02-merchant.png \u00b7 TRELLIS \uc0dd\uc131 \uc911"}
{"active": true, "message": "02-merchant.png \u00b7 TRELLIS \uc0dd\uc131 \uc911"}
{"active": true, "message": "02-merchant.png \u00b7 TRELLIS \uc0dd\uc131 \uc911"}
{"active": true, "message": "02-merchant.png \u00b7 TRELLIS \uc0dd\uc131 \uc911"}
{"active": true, "message": "02-merchant.png \u00b7 TRELLIS \uc0dd\uc131 \uc911"}
COMPLETE
