
━━━━━━━━━━━━━━━━━━━━━━━━━━━━━━━━━━━━━━━━━━━━━━━━━━━━━━━━━━━━━━━━
  SA3 → TFLite/CPU  text-to-audio
━━━━━━━━━━━━━━━━━━━━━━━━━━━━━━━━━━━━━━━━━━━━━━━━━━━━━━━━━━━━━━━━
       prompt  'Quiet seaside harbor ambience, small gentle water laps against wooden dock, distant single seagull, soft natural ocean breeze, clean stereo background recording, no music, no voices'
   neg prompt  'music, vocals, speech, distortion, clipping'
          dit  sm-sfx       decoder  same-s     precision  fp32       threads  8
         σmax  1.00           cfg  1.5  (apg=1.0, batched CFG)
      seconds  8.0s         steps  8          seed  26091411
        T_lat  87 (8.08s → trimmed to 8.00s)

  [1/3] T5Gemma (tokenize + encode)
INFO: Created TensorFlow Lite XNNPACK delegate for CPU.
  [1/3] T5Gemma (tokenize + encode) ····················  1002 ms
        t5_hidden (1, 256, 768)   mask sum=33   neg (prompt)
  [2/3] DiT — load + sample (8 steps, σmax=1.00)
        loading baked DiT sm-sfx ...
        load 5.1s   CFG batched (1× batch=2 invoke/step)
        schedule  1.000 · 0.994 · 0.984 · 0.958 · 0.891 · 0.746 · 0.512 · 0.274 · 0.000
        sampling step 1/8  1266 ms
        sampling step 2/8  792 ms
        sampling step 3/8  794 ms
        sampling step 4/8  795 ms
        sampling step 5/8  791 ms
        sampling step 6/8  796 ms
        sampling step 7/8  791 ms
        sampling step 8/8  792 ms
  [2/3] DiT — load + sample (8 steps, σmax=1.00) ······· 11879 ms
        sample 6817 ms  (852 ms/step, 16 forwards)   latents (1, 256, 87)
  [3/3] Decoder (same-s, audio-out) + WAV
        loading baked decoder same-s ...
        load 14 ms
        whole decode ...
  [3/3] Decoder (same-s, audio-out) + WAV ··············   703 ms
        decode whole  689 ms   audio (2, 352800)   peak 0.250 rms 0.023

━━━━━━━━━━━━━━━━━━━━━━━━━━━━━━━━━━━━━━━━━━━━━━━━━━━━━━━━━━━━━━━━
  done   14.22s wall  →  8.0s audio  →  0.56× realtime   seed 26091411
  ▸ saved  C:\Users\ljh\tralalero Shooter\map-concepts\mobile-presentation-2026-09-14\audio\sfx-source\harbor.wav
━━━━━━━━━━━━━━━━━━━━━━━━━━━━━━━━━━━━━━━━━━━━━━━━━━━━━━━━━━━━━━━━
