
━━━━━━━━━━━━━━━━━━━━━━━━━━━━━━━━━━━━━━━━━━━━━━━━━━━━━━━━━━━━━━━━
  SA3 → TFLite/CPU  text-to-audio
━━━━━━━━━━━━━━━━━━━━━━━━━━━━━━━━━━━━━━━━━━━━━━━━━━━━━━━━━━━━━━━━
       prompt  'One short stylized cartoon sword swish followed by a light metallic blade ring, isolated fast airy whoosh, crisp attack and short decay, dry clean sound effect with silence between events, no music, no voices'
   neg prompt  'music, vocals, speech, distortion, clipping'
          dit  sm-sfx       decoder  same-s     precision  fp32       threads  8
         σmax  1.00           cfg  1.5  (apg=1.0, batched CFG)
      seconds  8.0s         steps  8          seed  26091413
        T_lat  87 (8.08s → trimmed to 8.00s)

  [1/3] T5Gemma (tokenize + encode)
INFO: Created TensorFlow Lite XNNPACK delegate for CPU.
  [1/3] T5Gemma (tokenize + encode) ····················   990 ms
        t5_hidden (1, 256, 768)   mask sum=41   neg (prompt)
  [2/3] DiT — load + sample (8 steps, σmax=1.00)
        loading baked DiT sm-sfx ...
        load 0.9s   CFG batched (1× batch=2 invoke/step)
        schedule  1.000 · 0.994 · 0.984 · 0.958 · 0.891 · 0.746 · 0.512 · 0.274 · 0.000
        sampling step 1/8  1221 ms
        sampling step 2/8  822 ms
        sampling step 3/8  840 ms
        sampling step 4/8  821 ms
        sampling step 5/8  800 ms
        sampling step 6/8  808 ms
        sampling step 7/8  823 ms
        sampling step 8/8  803 ms
  [2/3] DiT — load + sample (8 steps, σmax=1.00) ·······  7841 ms
        sample 6937 ms  (867 ms/step, 16 forwards)   latents (1, 256, 87)
  [3/3] Decoder (same-s, audio-out) + WAV
        loading baked decoder same-s ...
        load 1 ms
        whole decode ...
  [3/3] Decoder (same-s, audio-out) + WAV ··············   704 ms
        decode whole  703 ms   audio (2, 352800)   peak 1.356 rms 0.043

━━━━━━━━━━━━━━━━━━━━━━━━━━━━━━━━━━━━━━━━━━━━━━━━━━━━━━━━━━━━━━━━
  done   10.02s wall  →  8.0s audio  →  0.80× realtime   seed 26091413
  ▸ saved  C:\Users\ljh\tralalero Shooter\map-concepts\mobile-presentation-2026-09-14\audio\sfx-source\knife.wav
━━━━━━━━━━━━━━━━━━━━━━━━━━━━━━━━━━━━━━━━━━━━━━━━━━━━━━━━━━━━━━━━
