
━━━━━━━━━━━━━━━━━━━━━━━━━━━━━━━━━━━━━━━━━━━━━━━━━━━━━━━━━━━━━━━━
  SA3 → TFLite/CPU  text-to-audio
━━━━━━━━━━━━━━━━━━━━━━━━━━━━━━━━━━━━━━━━━━━━━━━━━━━━━━━━━━━━━━━━
       prompt  'Soft distant highway traffic ambience, passing cars with gentle tire hiss, distant engine hum, steady restrained outdoor background, clean stereo recording, no horns, no music, no speech'
   neg prompt  'music, vocals, speech, distortion, clipping'
          dit  sm-sfx       decoder  same-s     precision  fp32       threads  8
         σmax  1.00           cfg  1.5  (apg=1.0, batched CFG)
      seconds  8.0s         steps  8          seed  26091412
        T_lat  87 (8.08s → trimmed to 8.00s)

  [1/3] T5Gemma (tokenize + encode)
INFO: Created TensorFlow Lite XNNPACK delegate for CPU.
  [1/3] T5Gemma (tokenize + encode) ····················   928 ms
        t5_hidden (1, 256, 768)   mask sum=34   neg (prompt)
  [2/3] DiT — load + sample (8 steps, σmax=1.00)
        loading baked DiT sm-sfx ...
        load 1.0s   CFG batched (1× batch=2 invoke/step)
        schedule  1.000 · 0.994 · 0.984 · 0.958 · 0.891 · 0.746 · 0.512 · 0.274 · 0.000
        sampling step 1/8  1239 ms
        sampling step 2/8  838 ms
        sampling step 3/8  802 ms
        sampling step 4/8  767 ms
        sampling step 5/8  766 ms
        sampling step 6/8  763 ms
        sampling step 7/8  769 ms
        sampling step 8/8  776 ms
  [2/3] DiT — load + sample (8 steps, σmax=1.00) ·······  7699 ms
        sample 6720 ms  (840 ms/step, 16 forwards)   latents (1, 256, 87)
  [3/3] Decoder (same-s, audio-out) + WAV
        loading baked decoder same-s ...
        load 1 ms
        whole decode ...
  [3/3] Decoder (same-s, audio-out) + WAV ··············   710 ms
        decode whole  709 ms   audio (2, 352800)   peak 0.383 rms 0.055

━━━━━━━━━━━━━━━━━━━━━━━━━━━━━━━━━━━━━━━━━━━━━━━━━━━━━━━━━━━━━━━━
  done   9.83s wall  →  8.0s audio  →  0.81× realtime   seed 26091412
  ▸ saved  C:\Users\ljh\tralalero Shooter\map-concepts\mobile-presentation-2026-09-14\audio\sfx-source\traffic.wav
━━━━━━━━━━━━━━━━━━━━━━━━━━━━━━━━━━━━━━━━━━━━━━━━━━━━━━━━━━━━━━━━
