
━━━━━━━━━━━━━━━━━━━━━━━━━━━━━━━━━━━━━━━━━━━━━━━━━━━━━━━━━━━━━━━━
  SA3 → TFLite/CPU  text-to-audio
━━━━━━━━━━━━━━━━━━━━━━━━━━━━━━━━━━━━━━━━━━━━━━━━━━━━━━━━━━━━━━━━
       prompt  'Original instrumental game background music. 76 BPM, lilting three-four dark fairytale waltz, tender memorable celesta and felt piano melody, wistful childhood nostalgia, flowing harp arpeggios, warm strings with sinister low cello undercurrents, a slightly out-of-tune music box echo answers the main melody, delicate ticking percussion, sweet aching beauty with a persistent uneasy shadow. A clear expressive original melody remains audible throughout, gentle musical evolution, creepy atmospheric tension, balanced uncluttered mix with room for gameplay sound effects, steady loop-friendly arrangement, no intro silence, no big finale.'
   neg prompt  'vocals, singing, speech, lyrics, harsh distortion, loud impacts, abrupt ending'
          dit  sm-music       decoder  same-s     precision  fp32       threads  8
         σmax  1.00           cfg  1.5  (apg=1.0, batched CFG)
      seconds  64.0s         steps  8          seed  26091501
        T_lat  690 (64.09s → trimmed to 64.00s)

  [1/3] T5Gemma (tokenize + encode)
INFO: Created TensorFlow Lite XNNPACK delegate for CPU.
  [1/3] T5Gemma (tokenize + encode) ····················  1462 ms
        t5_hidden (1, 256, 768)   mask sum=121   neg (prompt)
  [2/3] DiT — load + sample (8 steps, σmax=1.00)
        loading baked DiT sm-music ...
        load 5.2s   CFG batched (1× batch=2 invoke/step)
        schedule  1.000 · 0.994 · 0.984 · 0.958 · 0.891 · 0.746 · 0.512 · 0.274 · 0.000
        sampling step 1/8  7564 ms
        sampling step 2/8  3382 ms
        sampling step 3/8  3371 ms
        sampling step 4/8  3471 ms
        sampling step 5/8  3383 ms
        sampling step 6/8  3403 ms
        sampling step 7/8  3378 ms
        sampling step 8/8  3380 ms
  [2/3] DiT — load + sample (8 steps, σmax=1.00) ······· 36575 ms
        sample 31331 ms  (3916 ms/step, 16 forwards)   latents (1, 256, 690)
  [3/3] Decoder (same-s, audio-out) + WAV
        loading baked decoder same-s ...
        load 17 ms
        whole decode ...
  [3/3] Decoder (same-s, audio-out) + WAV ··············  5102 ms
        decode whole  5084 ms   audio (2, 2822400)   peak 0.861 rms 0.126

━━━━━━━━━━━━━━━━━━━━━━━━━━━━━━━━━━━━━━━━━━━━━━━━━━━━━━━━━━━━━━━━
  done   44.15s wall  →  64.0s audio  →  1.45× realtime   seed 26091501
  ▸ saved  C:\Users\ljh\tralalero Shooter\map-concepts\emotional-horror-bgm-2026-09-15\raw\01_candy_after_dark.wav
━━━━━━━━━━━━━━━━━━━━━━━━━━━━━━━━━━━━━━━━━━━━━━━━━━━━━━━━━━━━━━━━
