
━━━━━━━━━━━━━━━━━━━━━━━━━━━━━━━━━━━━━━━━━━━━━━━━━━━━━━━━━━━━━━━━
  SA3 → TFLite/CPU  text-to-audio
━━━━━━━━━━━━━━━━━━━━━━━━━━━━━━━━━━━━━━━━━━━━━━━━━━━━━━━━━━━━━━━━
       prompt  'Original instrumental game background music. 68 BPM, intimate haunted lullaby for soft felt piano and fragile music box, simple unforgettable sorrowful melody, deep underwater ambience, bowed vibraphone and dark cello drones, sparse dissonant bell echoes and gently unstable pitch, long empty spaces between phrases, quietly heartbreaking and distinctly frightening, no percussion except a faint soft heartbeat. A clear expressive original melody remains audible throughout, gentle musical evolution, creepy atmospheric tension, balanced uncluttered mix with room for gameplay sound effects, steady loop-friendly arrangement, no intro silence, no big finale.'
   neg prompt  'vocals, singing, speech, lyrics, harsh distortion, loud impacts, abrupt ending'
          dit  sm-music       decoder  same-s     precision  fp32       threads  8
         σmax  1.00           cfg  1.5  (apg=1.0, batched CFG)
      seconds  64.0s         steps  8          seed  26091503
        T_lat  690 (64.09s → trimmed to 64.00s)

  [1/3] T5Gemma (tokenize + encode)
INFO: Created TensorFlow Lite XNNPACK delegate for CPU.
  [1/3] T5Gemma (tokenize + encode) ····················   911 ms
        t5_hidden (1, 256, 768)   mask sum=116   neg (prompt)
  [2/3] DiT — load + sample (8 steps, σmax=1.00)
        loading baked DiT sm-music ...
        load 0.9s   CFG batched (1× batch=2 invoke/step)
        schedule  1.000 · 0.994 · 0.984 · 0.958 · 0.891 · 0.746 · 0.512 · 0.274 · 0.000
        sampling step 1/8  6397 ms
        sampling step 2/8  3286 ms
        sampling step 3/8  3285 ms
        sampling step 4/8  3276 ms
        sampling step 5/8  3312 ms
        sampling step 6/8  3321 ms
        sampling step 7/8  3330 ms
        sampling step 8/8  3274 ms
  [2/3] DiT — load + sample (8 steps, σmax=1.00) ······· 30382 ms
        sample 29480 ms  (3685 ms/step, 16 forwards)   latents (1, 256, 690)
  [3/3] Decoder (same-s, audio-out) + WAV
        loading baked decoder same-s ...
        load 1 ms
        whole decode ...
  [3/3] Decoder (same-s, audio-out) + WAV ··············  4380 ms
        decode whole  4379 ms   audio (2, 2822400)   peak 0.612 rms 0.053

━━━━━━━━━━━━━━━━━━━━━━━━━━━━━━━━━━━━━━━━━━━━━━━━━━━━━━━━━━━━━━━━
  done   36.36s wall  →  64.0s audio  →  1.76× realtime   seed 26091503
  ▸ saved  C:\Users\ljh\tralalero Shooter\map-concepts\emotional-horror-bgm-2026-09-15\raw\03_drowned_lullaby.wav
━━━━━━━━━━━━━━━━━━━━━━━━━━━━━━━━━━━━━━━━━━━━━━━━━━━━━━━━━━━━━━━━
