
━━━━━━━━━━━━━━━━━━━━━━━━━━━━━━━━━━━━━━━━━━━━━━━━━━━━━━━━━━━━━━━━
  SA3 → TFLite/CPU  text-to-audio
━━━━━━━━━━━━━━━━━━━━━━━━━━━━━━━━━━━━━━━━━━━━━━━━━━━━━━━━━━━━━━━━
       prompt  'Original instrumental game background music. 100 BPM, emotional nocturnal driving soundtrack, mournful electric piano and warm analog arpeggios, a clear yearning minor melody on distant solo violin, steady muted electronic pulse and deep bass, abandoned highway after midnight, cold detuned synth shadows and restrained dissonant string swells, bittersweet memories pushing forward through mounting supernatural dread. A clear expressive original melody remains audible throughout, gentle musical evolution, creepy atmospheric tension, balanced uncluttered mix with room for gameplay sound effects, steady loop-friendly arrangement, no intro silence, no big finale.'
   neg prompt  'vocals, singing, speech, lyrics, harsh distortion, loud impacts, abrupt ending'
          dit  sm-music       decoder  same-s     precision  fp32       threads  8
         σmax  1.00           cfg  1.5  (apg=1.0, batched CFG)
      seconds  64.0s         steps  8          seed  26091506
        T_lat  690 (64.09s → trimmed to 64.00s)

  [1/3] T5Gemma (tokenize + encode)
INFO: Created TensorFlow Lite XNNPACK delegate for CPU.
  [1/3] T5Gemma (tokenize + encode) ····················   907 ms
        t5_hidden (1, 256, 768)   mask sum=116   neg (prompt)
  [2/3] DiT — load + sample (8 steps, σmax=1.00)
        loading baked DiT sm-music ...
        load 0.9s   CFG batched (1× batch=2 invoke/step)
        schedule  1.000 · 0.994 · 0.984 · 0.958 · 0.891 · 0.746 · 0.512 · 0.274 · 0.000
        sampling step 1/8  6390 ms
        sampling step 2/8  3292 ms
        sampling step 3/8  3305 ms
        sampling step 4/8  3293 ms
        sampling step 5/8  3304 ms
        sampling step 6/8  3325 ms
        sampling step 7/8  3304 ms
        sampling step 8/8  3327 ms
  [2/3] DiT — load + sample (8 steps, σmax=1.00) ······· 30444 ms
        sample 29541 ms  (3693 ms/step, 16 forwards)   latents (1, 256, 690)
  [3/3] Decoder (same-s, audio-out) + WAV
        loading baked decoder same-s ...
        load 1 ms
        whole decode ...
  [3/3] Decoder (same-s, audio-out) + WAV ··············  4527 ms
        decode whole  4526 ms   audio (2, 2822400)   peak 0.549 rms 0.069

━━━━━━━━━━━━━━━━━━━━━━━━━━━━━━━━━━━━━━━━━━━━━━━━━━━━━━━━━━━━━━━━
  done   36.58s wall  →  64.0s audio  →  1.75× realtime   seed 26091506
  ▸ saved  C:\Users\ljh\tralalero Shooter\map-concepts\emotional-horror-bgm-2026-09-15\raw\06_midnight_return.wav
━━━━━━━━━━━━━━━━━━━━━━━━━━━━━━━━━━━━━━━━━━━━━━━━━━━━━━━━━━━━━━━━
