{"pid": 58756, "started": 1790165573.2453349, "script": "C:\\Users\\ljh\\tralalero Shooter\\tools\\reststop-previs-v2\\render.py", "threads": 4, "logicalProcessors": [0, 1, 2, 3, 4, 5, 6, 7], "priority": "below-normal", "availableMemoryBytes": 20775129088}
00:01.000  blend            | Read blend: "C:\Users\ljh\tralalero Shooter\outputs\reststop-blender-v2-2026-09-23\reststop-v2.blend"
00:02.969  render           | Saved: 'C:\Users\ljh\tralalero Shooter\outputs\reststop-blender-v2-2026-09-23\evidence\view-008.png'
00:03.563  render           | Saved: 'C:\Users\ljh\tralalero Shooter\outputs\reststop-blender-v2-2026-09-23\evidence\view-019.png'
00:04.125  render           | Saved: 'C:\Users\ljh\tralalero Shooter\outputs\reststop-blender-v2-2026-09-23\evidence\view-031.png'
00:04.735  render           | Saved: 'C:\Users\ljh\tralalero Shooter\outputs\reststop-blender-v2-2026-09-23\evidence\view-035.png'
00:05.266  render           | Saved: 'C:\Users\ljh\tralalero Shooter\outputs\reststop-blender-v2-2026-09-23\evidence\view-043.png'
00:05.953  render           | Saved: 'C:\Users\ljh\tralalero Shooter\outputs\reststop-blender-v2-2026-09-23\evidence\view-056.png'
00:06.656  render           | Saved: 'C:\Users\ljh\tralalero Shooter\outputs\reststop-blender-v2-2026-09-23\evidence\view-065.png'
00:07.203  render           | Saved: 'C:\Users\ljh\tralalero Shooter\outputs\reststop-blender-v2-2026-09-23\evidence\view-077.png'
00:07.703  render           | Saved: 'C:\Users\ljh\tralalero Shooter\outputs\reststop-blender-v2-2026-09-23\evidence\view-091.png'
00:08.203  render           | Saved: 'C:\Users\ljh\tralalero Shooter\outputs\reststop-blender-v2-2026-09-23\evidence\view-103.png'
00:08.703  render           | Saved: 'C:\Users\ljh\tralalero Shooter\outputs\reststop-blender-v2-2026-09-23\evidence\view-115.png'
00:09.219  render           | Saved: 'C:\Users\ljh\tralalero Shooter\outputs\reststop-blender-v2-2026-09-23\evidence\view-134.png'
00:09.703  render           | Saved: 'C:\Users\ljh\tralalero Shooter\outputs\reststop-blender-v2-2026-09-23\evidence\view-153.png'
00:10.235  render           | Saved: 'C:\Users\ljh\tralalero Shooter\outputs\reststop-blender-v2-2026-09-23\evidence\view-169.png'
00:10.797  render           | Saved: 'C:\Users\ljh\tralalero Shooter\outputs\reststop-blender-v2-2026-09-23\evidence\view-179.png'
00:11.266  render           | Saved: 'C:\Users\ljh\tralalero Shooter\outputs\reststop-blender-v2-2026-09-23\evidence\view-194.png'
00:11.766  render           | Saved: 'C:\Users\ljh\tralalero Shooter\outputs\reststop-blender-v2-2026-09-23\evidence\view-206.png'
00:12.235  render           | Saved: 'C:\Users\ljh\tralalero Shooter\outputs\reststop-blender-v2-2026-09-23\evidence\view-216.png'
00:12.703  render           | Saved: 'C:\Users\ljh\tralalero Shooter\outputs\reststop-blender-v2-2026-09-23\evidence\view-223.png'
00:13.172  render           | Saved: 'C:\Users\ljh\tralalero Shooter\outputs\reststop-blender-v2-2026-09-23\evidence\view-231.png'
00:13.610  render           | Saved: 'C:\Users\ljh\tralalero Shooter\outputs\reststop-blender-v2-2026-09-23\evidence\view-242.png'
00:14.063  render           | Saved: 'C:\Users\ljh\tralalero Shooter\outputs\reststop-blender-v2-2026-09-23\evidence\view-248.png'
00:14.500  render           | Saved: 'C:\Users\ljh\tralalero Shooter\outputs\reststop-blender-v2-2026-09-23\evidence\view-258.png'
00:14.953  render           | Saved: 'C:\Users\ljh\tralalero Shooter\outputs\reststop-blender-v2-2026-09-23\evidence\view-268.png'
00:15.422  render           | Saved: 'C:\Users\ljh\tralalero Shooter\outputs\reststop-blender-v2-2026-09-23\evidence\view-284.png'
00:15.860  render           | Saved: 'C:\Users\ljh\tralalero Shooter\outputs\reststop-blender-v2-2026-09-23\evidence\view-295.png'
EVIDENCE_COMPLETE
Blender 5.2.1 LTS (hash 9e2066aef7ef built 2026-08-25 02:38:20)

Blender quit
