{"pid": 56844, "started": 1790165781.8362727, "script": "C:\\Users\\ljh\\tralalero Shooter\\tools\\reststop-previs-v2\\render.py", "threads": 4, "logicalProcessors": [0, 1, 2, 3, 4, 5, 6, 7], "priority": "below-normal", "availableMemoryBytes": 20728647680}
00:00.938  blend            | Read blend: "C:\Users\ljh\tralalero Shooter\outputs\reststop-blender-v2-2026-09-23\reststop-v2.blend"
00:02.875  render           | Saved: 'C:\Users\ljh\tralalero Shooter\outputs\reststop-blender-v2-2026-09-23\evidence\view-008.png'
00:03.469  render           | Saved: 'C:\Users\ljh\tralalero Shooter\outputs\reststop-blender-v2-2026-09-23\evidence\view-019.png'
00:04.031  render           | Saved: 'C:\Users\ljh\tralalero Shooter\outputs\reststop-blender-v2-2026-09-23\evidence\view-031.png'
00:04.625  render           | Saved: 'C:\Users\ljh\tralalero Shooter\outputs\reststop-blender-v2-2026-09-23\evidence\view-035.png'
00:05.156  render           | Saved: 'C:\Users\ljh\tralalero Shooter\outputs\reststop-blender-v2-2026-09-23\evidence\view-043.png'
00:05.844  render           | Saved: 'C:\Users\ljh\tralalero Shooter\outputs\reststop-blender-v2-2026-09-23\evidence\view-056.png'
00:06.531  render           | Saved: 'C:\Users\ljh\tralalero Shooter\outputs\reststop-blender-v2-2026-09-23\evidence\view-065.png'
00:07.078  render           | Saved: 'C:\Users\ljh\tralalero Shooter\outputs\reststop-blender-v2-2026-09-23\evidence\view-077.png'
00:07.594  render           | Saved: 'C:\Users\ljh\tralalero Shooter\outputs\reststop-blender-v2-2026-09-23\evidence\view-091.png'
00:08.078  render           | Saved: 'C:\Users\ljh\tralalero Shooter\outputs\reststop-blender-v2-2026-09-23\evidence\view-103.png'
00:08.578  render           | Saved: 'C:\Users\ljh\tralalero Shooter\outputs\reststop-blender-v2-2026-09-23\evidence\view-115.png'
00:09.078  render           | Saved: 'C:\Users\ljh\tralalero Shooter\outputs\reststop-blender-v2-2026-09-23\evidence\view-134.png'
00:09.578  render           | Saved: 'C:\Users\ljh\tralalero Shooter\outputs\reststop-blender-v2-2026-09-23\evidence\view-153.png'
00:10.094  render           | Saved: 'C:\Users\ljh\tralalero Shooter\outputs\reststop-blender-v2-2026-09-23\evidence\view-169.png'
00:10.672  render           | Saved: 'C:\Users\ljh\tralalero Shooter\outputs\reststop-blender-v2-2026-09-23\evidence\view-179.png'
00:11.125  render           | Saved: 'C:\Users\ljh\tralalero Shooter\outputs\reststop-blender-v2-2026-09-23\evidence\view-194.png'
00:11.625  render           | Saved: 'C:\Users\ljh\tralalero Shooter\outputs\reststop-blender-v2-2026-09-23\evidence\view-206.png'
00:12.094  render           | Saved: 'C:\Users\ljh\tralalero Shooter\outputs\reststop-blender-v2-2026-09-23\evidence\view-216.png'
00:12.547  render           | Saved: 'C:\Users\ljh\tralalero Shooter\outputs\reststop-blender-v2-2026-09-23\evidence\view-223.png'
00:13.000  render           | Saved: 'C:\Users\ljh\tralalero Shooter\outputs\reststop-blender-v2-2026-09-23\evidence\view-231.png'
00:13.453  render           | Saved: 'C:\Users\ljh\tralalero Shooter\outputs\reststop-blender-v2-2026-09-23\evidence\view-242.png'
00:13.891  render           | Saved: 'C:\Users\ljh\tralalero Shooter\outputs\reststop-blender-v2-2026-09-23\evidence\view-248.png'
00:14.375  render           | Saved: 'C:\Users\ljh\tralalero Shooter\outputs\reststop-blender-v2-2026-09-23\evidence\view-258.png'
00:14.828  render           | Saved: 'C:\Users\ljh\tralalero Shooter\outputs\reststop-blender-v2-2026-09-23\evidence\view-268.png'
00:15.281  render           | Saved: 'C:\Users\ljh\tralalero Shooter\outputs\reststop-blender-v2-2026-09-23\evidence\view-284.png'
00:15.734  render           | Saved: 'C:\Users\ljh\tralalero Shooter\outputs\reststop-blender-v2-2026-09-23\evidence\view-295.png'
EVIDENCE_COMPLETE
Blender 5.2.1 LTS (hash 9e2066aef7ef built 2026-08-25 02:38:20)

Blender quit
