{"pid": 33852, "started": 1790167040.0928843, "script": "C:\\Users\\ljh\\tralalero Shooter\\tools\\reststop-previs-v2\\verify_export.py", "threads": 4, "logicalProcessors": [0, 1, 2, 3, 4, 5, 6, 7], "priority": "below-normal", "availableMemoryBytes": 20531572736}
Failed to remove: (<built-in function unlink>, 'C:\\Users\\ljh\\AppData\\Roaming\\Blender Foundation\\Blender\\5.2\\extensions\\.local\\lib\\python3.13\\site-packages\\cryptography\\hazmat\\bindings\\_rust.pyd', PermissionError(13, '액세스가 거부되었습니다'))
Failed to remove: (<built-in function rmdir>, 'C:\\Users\\ljh\\AppData\\Roaming\\Blender Foundation\\Blender\\5.2\\extensions\\.local\\lib\\python3.13\\site-packages\\cryptography\\hazmat\\bindings', OSError(41, '디렉터리가 비어 있지 않습니다'))
Failed to remove: (<built-in function rmdir>, 'C:\\Users\\ljh\\AppData\\Roaming\\Blender Foundation\\Blender\\5.2\\extensions\\.local\\lib\\python3.13\\site-packages\\cryptography\\hazmat', OSError(41, '디렉터리가 비어 있지 않습니다'))
Failed to remove: (<built-in function rmdir>, 'C:\\Users\\ljh\\AppData\\Roaming\\Blender Foundation\\Blender\\5.2\\extensions\\.local\\lib\\python3.13\\site-packages\\cryptography', OSError(41, '디렉터리가 비어 있지 않습니다'))
21:37:22 | INFO: Data are loaded, start creating Blender stuff
21:37:22 | INFO: Blender create Mesh node cuboid.173
21:37:22 | INFO: Blender create Mesh node cuboid.172
21:37:22 | INFO: Blender create Mesh node cylinder.044
21:37:22 | INFO: Blender create Mesh node rounded_surface.041
21:37:22 | INFO: Blender create Mesh node rounded_surface.040
21:37:22 | INFO: Blender create Mesh node cuboid.176
21:37:22 | INFO: Blender create Mesh node cylinder.046
21:37:22 | INFO: Blender create Mesh node cuboid.174
21:37:22 | INFO: Blender create Mesh node cuboid.175
21:37:22 | INFO: Blender create Mesh node cylinder.045
21:37:22 | INFO: Blender create Mesh node cuboid.199
21:37:22 | INFO: Blender create Mesh node cuboid.184
21:37:22 | INFO: Blender create Mesh node cuboid.180
21:37:22 | INFO: Blender create Mesh node cuboid.183
21:37:22 | INFO: Blender create Mesh node rounded_surface.044
21:37:22 | INFO: Blender create Mesh node rounded_surface.043
21:37:22 | INFO: Blender create Mesh node cuboid.182
21:37:22 | INFO: Blender create Mesh node cuboid.198
21:37:22 | INFO: Blender create Mesh node rounded_surface.042
21:37:22 | INFO: Blender create Mesh node cylinder.047
21:37:22 | INFO: Blender create Mesh node cylinder.048
21:37:22 | INFO: Blender create Mesh node cylinder.049
21:37:22 | INFO: Blender create Mesh node cylinder.050
21:37:22 | INFO: Blender create Mesh node cuboid.197
21:37:22 | INFO: Blender create Mesh node cuboid.177
21:37:22 | INFO: Blender create Mesh node cuboid.178
21:37:22 | INFO: Blender create Mesh node cuboid.179
21:37:22 | INFO: Blender create Mesh node cuboid.181
21:37:22 | INFO: Blender create Mesh node cuboid.206
21:37:22 | INFO: Blender create Mesh node cuboid.201
21:37:22 | INFO: Blender create Mesh node cuboid.205
21:37:22 | INFO: Blender create Mesh node rounded_surface.047
21:37:22 | INFO: Blender create Mesh node rounded_surface.046
21:37:22 | INFO: Blender create Mesh node cuboid.204
21:37:22 | INFO: Blender create Mesh node rounded_surface.045
21:37:22 | INFO: Blender create Mesh node cuboid.200
21:37:22 | INFO: Blender create Mesh node cuboid.202
21:37:22 | INFO: Blender create Mesh node cuboid.203
21:37:22 | INFO: Blender create Mesh node cuboid.281
21:37:22 | INFO: Blender create Mesh node cuboid.277
21:37:22 | INFO: Blender create Mesh node cuboid.280
21:37:22 | INFO: Blender create Mesh node cuboid.279
21:37:22 | INFO: Blender create Mesh node rounded_surface.048
21:37:22 | INFO: Blender create Mesh node cuboid.215
21:37:22 | INFO: Blender create Mesh node cuboid.276
21:37:22 | INFO: Blender create Mesh node cuboid.278
21:37:22 | INFO: Blender create Mesh node cuboid.364
21:37:22 | INFO: Blender create Mesh node cuboid.367
21:37:22 | INFO: Blender create Mesh node cuboid.365
21:37:22 | INFO: Blender create Mesh node cuboid.366
21:37:22 | INFO: Blender create Mesh node cylinder.105
21:37:22 | INFO: Blender create Mesh node cylinder.106
21:37:22 | INFO: Blender create Mesh node cylinder.107
21:37:22 | INFO: Blender create Mesh node cylinder.108
21:37:22 | INFO: Blender create Mesh node cuboid.282
21:37:22 | INFO: Blender create Mesh node cuboid.368
21:37:22 | INFO: Blender create Mesh node cuboid.370
21:37:22 | INFO: Blender create Mesh node rounded_surface.050
21:37:22 | INFO: Blender create Mesh node cuboid.369
21:37:22 | INFO: Blender create Mesh node rounded_surface.049
21:37:22 | INFO: Blender create Mesh node cuboid.371
21:37:22 | INFO: Blender create Mesh node cuboid.376
21:37:22 | INFO: Blender create Mesh node cuboid.373
21:37:22 | INFO: Blender create Mesh node cuboid.377
21:37:22 | INFO: Blender create Mesh node cylinder.109
21:37:22 | INFO: Blender create Mesh node cuboid.375
21:37:22 | INFO: Blender create Mesh node cuboid.372
21:37:22 | INFO: Blender create Mesh node cuboid.374
21:37:22 | INFO: Blender create Mesh node Convenience_identity
21:37:22 | INFO: Blender create Mesh node cuboid.076
21:37:22 | INFO: Blender create Mesh node cuboid.057
21:37:22 | INFO: Blender create Mesh node cuboid.039
21:37:22 | INFO: Blender create Mesh node cuboid.054
21:37:22 | INFO: Blender create Mesh node Dining_food_menu
21:37:22 | INFO: Blender create Mesh node Dining_food_menu.001
21:37:22 | INFO: Blender create Mesh node Dining_food_menu.002
21:37:22 | INFO: Blender create Mesh node cuboid.042
21:37:22 | INFO: Blender create Mesh node cuboid.041
21:37:22 | INFO: Blender create Mesh node Dining_roof
21:37:22 | INFO: Blender create Mesh node cuboid.058
21:37:22 | INFO: Blender create Mesh node Dining_roof_seam
21:37:22 | INFO: Blender create Mesh node Dining_roof_seam.001
21:37:22 | INFO: Blender create Mesh node Dining_roof_seam.002
21:37:22 | INFO: Blender create Mesh node Dining_roof_seam.003
21:37:22 | INFO: Blender create Mesh node Dining_roof_seam.004
21:37:22 | INFO: Blender create Mesh node Dining_roof_seam.005
21:37:22 | INFO: Blender create Mesh node Dining_roof_seam.006
21:37:22 | INFO: Blender create Mesh node Dining_roof_seam.007
21:37:22 | INFO: Blender create Mesh node Dining_roof_seam.008
21:37:22 | INFO: Blender create Mesh node Dining_roof_seam.009
21:37:22 | INFO: Blender create Mesh node Dining_roof_seam.010
21:37:22 | INFO: Blender create Mesh node Dining_roof_seam.011
21:37:22 | INFO: Blender create Mesh node Dining_roof_seam.012
21:37:22 | INFO: Blender create Mesh node Dining_roof_seam.013
21:37:22 | INFO: Blender create Mesh node Dining_roof_seam.014
21:37:22 | INFO: Blender create Mesh node Dining_roof_seam.015
21:37:22 | INFO: Blender create Mesh node Dining_roof_seam.016
21:37:22 | INFO: Blender create Mesh node Dining_roof_seam.017
21:37:22 | INFO: Blender create Mesh node Dining_roof_seam.018
21:37:22 | INFO: Blender create Mesh node Dining_roof_seam.019
21:37:22 | INFO: Blender create Mesh node Dining_roof_seam.020
21:37:22 | INFO: Blender create Mesh node Dining_roof_seam.021
21:37:22 | INFO: Blender create Mesh node Dining_roof_seam.022
21:37:22 | INFO: Blender create Mesh node Dining_roof_seam.023
21:37:22 | INFO: Blender create Mesh node Dining_roof_seam.024
21:37:22 | INFO: Blender create Mesh node Dining_roof_seam.025
21:37:22 | INFO: Blender create Mesh node Dining_sign
21:37:22 | INFO: Blender create Mesh node cuboid.070
21:37:22 | INFO: Blender create Mesh node Entry_green_guide
21:37:22 | INFO: Blender create Mesh node cuboid.005
21:37:22 | INFO: Blender create Mesh node Entry_sign
21:37:22 | INFO: Blender create Mesh node cuboid.004
21:37:22 | INFO: Blender create Mesh node cuboid.003
21:37:22 | INFO: Blender create Mesh node Exit_guidance
21:37:22 | INFO: Blender create Mesh node Exit_road
21:37:22 | INFO: Blender create Mesh node Exit_road_sign
21:37:22 | INFO: Blender create Mesh node cuboid.130
21:37:22 | INFO: Blender create Mesh node cuboid.131
21:37:22 | INFO: Blender create Mesh node Front_arcade_arch
21:37:22 | INFO: Blender create Mesh node Front_arcade_arch.001
21:37:22 | INFO: Blender create Mesh node Front_arcade_arch.002
21:37:22 | INFO: Blender create Mesh node Front_arcade_arch.003
21:37:22 | INFO: Blender create Mesh node Front_arcade_arch.004
21:37:22 | INFO: Blender create Mesh node Front_arcade_arch.005
21:37:22 | INFO: Blender create Mesh node Front_arcade_arch.006
21:37:22 | INFO: Blender create Mesh node Front_arcade_arch.007
21:37:22 | INFO: Blender create Mesh node Front_arcade_arch.008
21:37:22 | INFO: Blender create Mesh node Front_arcade_arch.009
21:37:22 | INFO: Blender create Mesh node Front_arcade_arch.010
21:37:22 | INFO: Blender create Mesh node Front_arcade_arch.011
21:37:22 | INFO: Blender create Mesh node Front_arcade_arch.012
21:37:22 | INFO: Blender create Mesh node Front_arcade_arch.013
21:37:22 | INFO: Blender create Mesh node Front_arcade_arch.014
21:37:22 | INFO: Blender create Mesh node Front_arcade_arch.015
21:37:22 | INFO: Blender create Mesh node Front_arcade_arch.016
21:37:22 | INFO: Blender create Mesh node Front_arcade_arch.017
21:37:22 | INFO: Blender create Mesh node Front_arcade_arch.018
21:37:22 | INFO: Blender create Mesh node Front_arcade_arch.019
21:37:22 | INFO: Blender create Mesh node Front_arcade_arch.020
21:37:22 | INFO: Blender create Mesh node Front_arcade_arch.021
21:37:22 | INFO: Blender create Mesh node Front_arcade_arch.022
21:37:22 | INFO: Blender create Mesh node Front_arcade_arch.023
21:37:22 | INFO: Blender create Mesh node Front_arcade_arch.024
21:37:22 | INFO: Blender create Mesh node Front_arcade_arch.025
21:37:22 | INFO: Blender create Mesh node Front_arcade_arch.026
21:37:22 | INFO: Blender create Mesh node Front_arcade_arch.027
21:37:22 | INFO: Blender create Mesh node Front_arcade_arch.028
21:37:22 | INFO: Blender create Mesh node Front_arcade_arch.029
21:37:22 | INFO: Blender create Mesh node Front_arcade_arch.030
21:37:22 | INFO: Blender create Mesh node Front_arcade_arch.031
21:37:22 | INFO: Blender create Mesh node Front_arcade_arch.032
21:37:22 | INFO: Blender create Mesh node Front_arcade_arch.033
21:37:22 | INFO: Blender create Mesh node Front_arcade_arch.034
21:37:22 | INFO: Blender create Mesh node Front_arcade_arch.035
21:37:22 | INFO: Blender create Mesh node Front_arcade_arch.036
21:37:22 | INFO: Blender create Mesh node Front_arcade_arch.037
21:37:22 | INFO: Blender create Mesh node Front_arcade_arch.038
21:37:22 | INFO: Blender create Mesh node Front_arcade_arch.039
21:37:22 | INFO: Blender create Mesh node Front_arcade_arch.040
21:37:22 | INFO: Blender create Mesh node Front_arcade_arch.041
21:37:22 | INFO: Blender create Mesh node Front_arcade_arch.042
21:37:22 | INFO: Blender create Mesh node Front_arcade_arch.043
21:37:22 | INFO: Blender create Mesh node Front_arcade_arch.044
21:37:22 | INFO: Blender create Mesh node Front_arcade_arch.045
21:37:22 | INFO: Blender create Mesh node Front_arcade_arch.046
21:37:22 | INFO: Blender create Mesh node Front_arcade_arch.047
21:37:22 | INFO: Blender create Mesh node Front_arcade_arch.048
21:37:22 | INFO: Blender create Mesh node Front_arcade_arch.049
21:37:22 | INFO: Blender create Mesh node Front_arcade_arch.050
21:37:22 | INFO: Blender create Mesh node Front_arcade_arch.051
21:37:22 | INFO: Blender create Mesh node Front_arcade_arch.052
21:37:22 | INFO: Blender create Mesh node Front_arcade_transparent_cover
21:37:22 | INFO: Blender create Mesh node cuboid.119
21:37:22 | INFO: Blender create Mesh node cuboid.120
21:37:22 | INFO: Blender create Mesh node cuboid.121
21:37:22 | INFO: Blender create Mesh node cuboid.113
21:37:22 | INFO: Blender create Mesh node Fuel_identity
21:37:22 | INFO: Blender create Mesh node cuboid.126
21:37:22 | INFO: Blender create Mesh node Fuel_shop_name
21:37:22 | INFO: Blender create Mesh node Hall_counter_menu
21:37:22 | INFO: Blender create Mesh node Hall_counter_menu.001
21:37:22 | INFO: Blender create Mesh node Hall_counter_menu.002
21:37:22 | INFO: Blender create Mesh node Highway
21:37:22 | INFO: Blender create Mesh node cuboid.379
21:37:22 | INFO: Blender create Mesh node cylinder.110
21:37:22 | INFO: Blender create Mesh node rounded_surface.053
21:37:22 | INFO: Blender create Mesh node rounded_surface.052
21:37:22 | INFO: Blender create Mesh node rounded_surface.051
21:37:22 | INFO: Blender create Mesh node cuboid.378
21:37:22 | INFO: Blender create Mesh node cylinder.111
21:37:22 | INFO: Blender create Mesh node cuboid.074
21:37:22 | INFO: Blender create Mesh node cuboid.071
21:37:22 | INFO: Blender create Mesh node Large_convenience_store_roof
21:37:22 | INFO: Blender create Mesh node cuboid.075
21:37:22 | INFO: Blender create Mesh node Large_convenience_store_roof_seam
21:37:22 | INFO: Blender create Mesh node Large_convenience_store_roof_seam.001
21:37:22 | INFO: Blender create Mesh node Large_convenience_store_roof_seam.002
21:37:22 | INFO: Blender create Mesh node Large_convenience_store_roof_seam.003
21:37:22 | INFO: Blender create Mesh node Large_convenience_store_roof_seam.004
21:37:22 | INFO: Blender create Mesh node Large_convenience_store_roof_seam.005
21:37:22 | INFO: Blender create Mesh node Large_convenience_store_roof_seam.006
21:37:22 | INFO: Blender create Mesh node Large_convenience_store_roof_seam.007
21:37:22 | INFO: Blender create Mesh node Large_convenience_store_roof_seam.008
21:37:22 | INFO: Blender create Mesh node Large_convenience_store_roof_seam.009
21:37:22 | INFO: Blender create Mesh node Large_convenience_store_roof_seam.010
21:37:22 | INFO: Blender create Mesh node Large_convenience_store_roof_seam.011
21:37:22 | INFO: Blender create Mesh node Large_convenience_store_roof_seam.012
21:37:22 | INFO: Blender create Mesh node Large_convenience_store_roof_seam.013
21:37:22 | INFO: Blender create Mesh node Large_convenience_store_roof_seam.014
21:37:22 | INFO: Blender create Mesh node Large_convenience_store_roof_seam.015
21:37:22 | INFO: Blender create Mesh node Large_convenience_store_roof_seam.016
21:37:22 | INFO: Blender create Mesh node Large_convenience_store_roof_seam.017
21:37:22 | INFO: Blender create Mesh node Large_convenience_store_roof_seam.018
21:37:22 | INFO: Blender create Mesh node Large_convenience_store_roof_seam.019
21:37:22 | INFO: Blender create Mesh node Large_convenience_store_roof_seam.020
21:37:22 | INFO: Blender create Mesh node Large_convenience_store_roof_seam.021
21:37:22 | INFO: Blender create Mesh node Large_convenience_store_roof_seam.022
21:37:22 | INFO: Blender create Mesh node Large_convenience_store_roof_seam.023
21:37:22 | INFO: Blender create Mesh node Large_convenience_store_roof_seam.024
21:37:22 | INFO: Blender create Mesh node Large_convenience_store_roof_seam.025
21:37:22 | INFO: Blender create Mesh node Large_convenience_store_roof_seam.026
21:37:22 | INFO: Blender create Mesh node Large_convenience_store_roof_seam.027
21:37:22 | INFO: Blender create Mesh node Large_convenience_store_roof_seam.028
21:37:22 | INFO: Blender create Mesh node Large_convenience_store_roof_seam.029
21:37:22 | INFO: Blender create Mesh node cuboid.014
21:37:22 | INFO: Blender create Mesh node cuboid.038
21:37:22 | INFO: Blender create Mesh node cuboid.035
21:37:22 | INFO: Blender create Mesh node Main_hall_roof
21:37:22 | INFO: Blender create Mesh node cuboid.040
21:37:22 | INFO: Blender create Mesh node Main_hall_roof_seam
21:37:22 | INFO: Blender create Mesh node Main_hall_roof_seam.001
21:37:22 | INFO: Blender create Mesh node Main_hall_roof_seam.002
21:37:22 | INFO: Blender create Mesh node Main_hall_roof_seam.003
21:37:22 | INFO: Blender create Mesh node Main_hall_roof_seam.004
21:37:22 | INFO: Blender create Mesh node Main_hall_roof_seam.005
21:37:22 | INFO: Blender create Mesh node Main_hall_roof_seam.006
21:37:22 | INFO: Blender create Mesh node Main_hall_roof_seam.007
21:37:22 | INFO: Blender create Mesh node Main_hall_roof_seam.008
21:37:22 | INFO: Blender create Mesh node Main_hall_roof_seam.009
21:37:22 | INFO: Blender create Mesh node Main_hall_roof_seam.010
21:37:22 | INFO: Blender create Mesh node Main_hall_roof_seam.011
21:37:22 | INFO: Blender create Mesh node Main_hall_roof_seam.012
21:37:22 | INFO: Blender create Mesh node Main_hall_roof_seam.013
21:37:22 | INFO: Blender create Mesh node Main_hall_roof_seam.014
21:37:22 | INFO: Blender create Mesh node Main_hall_roof_seam.015
21:37:22 | INFO: Blender create Mesh node Main_hall_roof_seam.016
21:37:22 | INFO: Blender create Mesh node Main_hall_roof_seam.017
21:37:22 | INFO: Blender create Mesh node Main_hall_roof_seam.018
21:37:22 | INFO: Blender create Mesh node Main_hall_roof_seam.019
21:37:22 | INFO: Blender create Mesh node Main_hall_roof_seam.020
21:37:22 | INFO: Blender create Mesh node Main_hall_roof_seam.021
21:37:22 | INFO: Blender create Mesh node Main_hall_roof_seam.022
21:37:22 | INFO: Blender create Mesh node Main_hall_roof_seam.023
21:37:22 | INFO: Blender create Mesh node Main_hall_roof_seam.024
21:37:22 | INFO: Blender create Mesh node Main_hall_roof_seam.025
21:37:22 | INFO: Blender create Mesh node Main_hall_roof_seam.026
21:37:22 | INFO: Blender create Mesh node Main_hall_roof_seam.027
21:37:22 | INFO: Blender create Mesh node Main_hall_roof_seam.028
21:37:22 | INFO: Blender create Mesh node Main_hall_roof_seam.029
21:37:22 | INFO: Blender create Mesh node Main_hall_roof_seam.030
21:37:22 | INFO: Blender create Mesh node Main_hall_roof_seam.031
21:37:22 | INFO: Blender create Mesh node Main_hall_roof_seam.032
21:37:22 | INFO: Blender create Mesh node Main_identity
21:37:22 | INFO: Blender create Mesh node cuboid.043
21:37:22 | INFO: Blender create Mesh node Men_zone
21:37:22 | INFO: Blender create Mesh node cuboid.110
21:37:22 | INFO: Blender create Mesh node Outdoor_snack_menu
21:37:22 | INFO: Blender create Mesh node Outdoor_snack_menu.001
21:37:22 | INFO: Blender create Mesh node Outdoor_snack_menu.002
21:37:22 | INFO: Blender create Mesh node cuboid.008
21:37:22 | INFO: Blender create Mesh node cuboid.011
21:37:22 | INFO: Blender create Mesh node cuboid.112
21:37:22 | INFO: Blender create Mesh node Pump_hose
21:37:22 | INFO: Blender create Mesh node Pump_hose.001
21:37:22 | INFO: Blender create Mesh node Pump_hose.002
21:37:22 | INFO: Blender create Mesh node Pump_hose.003
21:37:22 | INFO: Blender create Mesh node Pump_hose.004
21:37:22 | INFO: Blender create Mesh node Pump_hose.005
21:37:22 | INFO: Blender create Mesh node Pump_hose.006
21:37:22 | INFO: Blender create Mesh node Pump_hose.007
21:37:22 | INFO: Blender create Mesh node Restroom
21:37:22 | INFO: Blender create Mesh node cuboid.090
21:37:22 | INFO: Blender create Mesh node cuboid.092
21:37:22 | INFO: Blender create Mesh node Restroom_direction
21:37:22 | INFO: Blender create Mesh node cuboid.089
21:37:22 | INFO: Blender create Mesh node cuboid.098
21:37:22 | INFO: Blender create Mesh node cuboid.096
21:37:22 | INFO: Blender create Mesh node cuboid.097
21:37:22 | INFO: Blender create Mesh node cuboid.116
21:37:22 | INFO: Blender create Mesh node Restroom_identity
21:37:22 | INFO: Blender create Mesh node cuboid.103
21:37:22 | INFO: Blender create Mesh node cuboid.094
21:37:22 | INFO: Blender create Mesh node cuboid.095
21:37:22 | INFO: Blender create Mesh node cuboid.093
21:37:22 | INFO: Blender create Mesh node Restroom_seam
21:37:22 | INFO: Blender create Mesh node Restroom_seam.001
21:37:22 | INFO: Blender create Mesh node Restroom_seam.002
21:37:22 | INFO: Blender create Mesh node Restroom_seam.003
21:37:22 | INFO: Blender create Mesh node Restroom_seam.004
21:37:22 | INFO: Blender create Mesh node Restroom_seam.005
21:37:22 | INFO: Blender create Mesh node Restroom_seam.006
21:37:22 | INFO: Blender create Mesh node Restroom_seam.007
21:37:22 | INFO: Blender create Mesh node Restroom_seam.008
21:37:22 | INFO: Blender create Mesh node Restroom_seam.009
21:37:22 | INFO: Blender create Mesh node Restroom_seam.010
21:37:22 | INFO: Blender create Mesh node Restroom_seam.011
21:37:22 | INFO: Blender create Mesh node Restroom_seam.012
21:37:22 | INFO: Blender create Mesh node Restroom_seam.013
21:37:22 | INFO: Blender create Mesh node Restroom_seam.014
21:37:22 | INFO: Blender create Mesh node Restroom_seam.015
21:37:22 | INFO: Blender create Mesh node Restroom_seam.016
21:37:22 | INFO: Blender create Mesh node Restroom_seam.017
21:37:22 | INFO: Blender create Mesh node Restroom_seam.018
21:37:22 | INFO: Blender create Mesh node Restroom_seam.019
21:37:22 | INFO: Blender create Mesh node Restroom_seam.020
21:37:22 | INFO: Blender create Mesh node Restroom_seam.021
21:37:22 | INFO: Blender create Mesh node Restroom_seam.022
21:37:22 | INFO: Blender create Mesh node Restroom_seam.023
21:37:22 | INFO: Blender create Mesh node Restroom_seam.024
21:37:22 | INFO: Blender create Mesh node Reststop_entry
21:37:22 | INFO: Blender create Mesh node Sink_tap
21:37:22 | INFO: Blender create Mesh node Sink_tap.001
21:37:22 | INFO: Blender create Mesh node Sink_tap.002
21:37:22 | INFO: Blender create Mesh node Sink_tap.003
21:37:22 | INFO: Blender create Mesh node Sink_tap.004
21:37:22 | INFO: Blender create Mesh node Sink_tap.005
21:37:22 | INFO: Blender create Mesh node Sink_tap.006
21:37:22 | INFO: Blender create Mesh node Sink_tap.007
21:37:22 | INFO: Blender create Mesh node Sink_tap.008
21:37:22 | INFO: Blender create Mesh node Sink_tap.009
21:37:22 | INFO: Blender create Mesh node Sink_tap.010
21:37:22 | INFO: Blender create Mesh node Sink_tap.011
21:37:22 | INFO: Blender create Mesh node Sink_tap.012
21:37:22 | INFO: Blender create Mesh node Sink_tap.013
21:37:22 | INFO: Blender create Mesh node Sink_tap.014
21:37:22 | INFO: Blender create Mesh node Sink_tap.015
21:37:22 | INFO: Blender create Mesh node Sink_tap.016
21:37:22 | INFO: Blender create Mesh node Sink_tap.017
21:37:22 | INFO: Blender create Mesh node Sink_tap.018
21:37:22 | INFO: Blender create Mesh node Sink_tap.019
21:37:22 | INFO: Blender create Mesh node Sink_tap.020
21:37:22 | INFO: Blender create Mesh node Sink_tap.021
21:37:22 | INFO: Blender create Mesh node Sink_tap.022
21:37:22 | INFO: Blender create Mesh node Sink_tap.023
21:37:22 | INFO: Blender create Mesh node Sink_tap.024
21:37:22 | INFO: Blender create Mesh node Sink_tap.025
21:37:22 | INFO: Blender create Mesh node Sink_tap.026
21:37:22 | INFO: Blender create Mesh node Sink_tap.027
21:37:22 | INFO: Blender create Mesh node Sink_tap.028
21:37:22 | INFO: Blender create Mesh node Sink_tap.029
21:37:22 | INFO: Blender create Mesh node Sink_tap.030
21:37:22 | INFO: Blender create Mesh node Sink_tap.031
21:37:22 | INFO: Blender create Mesh node Sink_tap.032
21:37:22 | INFO: Blender create Mesh node Sink_tap.033
21:37:22 | INFO: Blender create Mesh node Sink_tap.034
21:37:22 | INFO: Blender create Mesh node Sink_tap.035
21:37:22 | INFO: Blender create Mesh node Sink_tap.036
21:37:22 | INFO: Blender create Mesh node Sink_tap.037
21:37:22 | INFO: Blender create Mesh node Sink_tap.038
21:37:22 | INFO: Blender create Mesh node Sink_tap.039
21:37:22 | INFO: Blender create Mesh node Sink_tap.040
21:37:22 | INFO: Blender create Mesh node Sink_tap.041
21:37:22 | INFO: Blender create Mesh node Sink_tap.042
21:37:22 | INFO: Blender create Mesh node Sink_tap.043
21:37:22 | INFO: Blender create Mesh node Sink_tap.044
21:37:22 | INFO: Blender create Mesh node cuboid.099
21:37:22 | INFO: Blender create Mesh node cuboid
21:37:22 | INFO: Blender create Mesh node Women_zone
21:37:22 | INFO: Blender create Mesh node cuboid.111
21:37:22 | INFO: Blender create Mesh node geometry_0.001
21:37:22 | INFO: Blender create Mesh node geometry_0.002
21:37:22 | INFO: Blender create Mesh node cuboid.216
21:37:22 | INFO: Blender create Mesh node cuboid.217
21:37:22 | INFO: Blender create Mesh node cuboid.218
21:37:22 | INFO: Blender create Mesh node rounded_surface.007
21:37:22 | INFO: Blender create Mesh node cuboid.059
21:37:22 | INFO: Blender create Mesh node cylinder.016
21:37:22 | INFO: Blender create Mesh node cuboid.219
21:37:22 | INFO: Blender create Mesh node cuboid.220
21:37:22 | INFO: Blender create Mesh node cuboid.221
21:37:22 | INFO: Blender create Mesh node cuboid.222
21:37:22 | INFO: Blender create Mesh node cuboid.223
21:37:22 | INFO: Blender create Mesh node cuboid.224
21:37:22 | INFO: Blender create Mesh node cuboid.225
21:37:22 | INFO: Blender create Mesh node cuboid.226
21:37:22 | INFO: Blender create Mesh node cuboid.227
21:37:22 | INFO: Blender create Mesh node cuboid.228
21:37:22 | INFO: Blender create Mesh node cuboid.229
21:37:22 | INFO: Blender create Mesh node cuboid.230
21:37:22 | INFO: Blender create Mesh node cuboid.231
21:37:22 | INFO: Blender create Mesh node cuboid.232
21:37:22 | INFO: Blender create Mesh node cuboid.233
21:37:22 | INFO: Blender create Mesh node cuboid.234
21:37:22 | INFO: Blender create Mesh node cuboid.235
21:37:22 | INFO: Blender create Mesh node cuboid.236
21:37:22 | INFO: Blender create Mesh node cuboid.237
21:37:22 | INFO: Blender create Mesh node cuboid.238
21:37:22 | INFO: Blender create Mesh node cuboid.239
21:37:22 | INFO: Blender create Mesh node cuboid.240
21:37:22 | INFO: Blender create Mesh node cuboid.241
21:37:22 | INFO: Blender create Mesh node cuboid.242
21:37:22 | INFO: Blender create Mesh node cuboid.243
21:37:22 | INFO: Blender create Mesh node cuboid.244
21:37:22 | INFO: Blender create Mesh node cuboid.245
21:37:22 | INFO: Blender create Mesh node cuboid.246
21:37:22 | INFO: Blender create Mesh node cuboid.247
21:37:22 | INFO: Blender create Mesh node cuboid.248
21:37:22 | INFO: Blender create Mesh node cuboid.249
21:37:22 | INFO: Blender create Mesh node cuboid.250
21:37:22 | INFO: Blender create Mesh node cuboid.251
21:37:22 | INFO: Blender create Mesh node cuboid.252
21:37:22 | INFO: Blender create Mesh node cuboid.253
21:37:22 | INFO: Blender create Mesh node cuboid.254
21:37:22 | INFO: Blender create Mesh node cuboid.255
21:37:22 | INFO: Blender create Mesh node cuboid.256
21:37:22 | INFO: Blender create Mesh node cuboid.257
21:37:22 | INFO: Blender create Mesh node cuboid.258
21:37:22 | INFO: Blender create Mesh node cuboid.259
21:37:22 | INFO: Blender create Mesh node cuboid.260
21:37:22 | INFO: Blender create Mesh node cuboid.261
21:37:22 | INFO: Blender create Mesh node cuboid.262
21:37:22 | INFO: Blender create Mesh node cuboid.263
21:37:22 | INFO: Blender create Mesh node cuboid.264
21:37:22 | INFO: Blender create Mesh node cuboid.265
21:37:22 | INFO: Blender create Mesh node cuboid.266
21:37:22 | INFO: Blender create Mesh node cuboid.267
21:37:22 | INFO: Blender create Mesh node cuboid.268
21:37:22 | INFO: Blender create Mesh node cuboid.269
21:37:22 | INFO: Blender create Mesh node cuboid.270
21:37:22 | INFO: Blender create Mesh node cuboid.271
21:37:22 | INFO: Blender create Mesh node cuboid.272
21:37:22 | INFO: Blender create Mesh node cuboid.273
21:37:22 | INFO: Blender create Mesh node cuboid.274
21:37:22 | INFO: Blender create Mesh node cuboid.275
21:37:22 | INFO: Blender create Mesh node cuboid.185
21:37:22 | INFO: Blender create Mesh node cuboid.186
21:37:22 | INFO: Blender create Mesh node cuboid.187
21:37:22 | INFO: Blender create Mesh node cuboid.188
21:37:22 | INFO: Blender create Mesh node cuboid.189
21:37:22 | INFO: Blender create Mesh node cuboid.190
21:37:22 | INFO: Blender create Mesh node cuboid.191
21:37:22 | INFO: Blender create Mesh node cuboid.192
21:37:22 | INFO: Blender create Mesh node cuboid.193
21:37:22 | INFO: Blender create Mesh node cuboid.194
21:37:22 | INFO: Blender create Mesh node cuboid.195
21:37:22 | INFO: Blender create Mesh node cuboid.196
21:37:22 | INFO: Blender create Mesh node cuboid.207
21:37:22 | INFO: Blender create Mesh node cuboid.208
21:37:22 | INFO: Blender create Mesh node cuboid.209
21:37:22 | INFO: Blender create Mesh node cuboid.210
21:37:22 | INFO: Blender create Mesh node cuboid.211
21:37:22 | INFO: Blender create Mesh node cuboid.212
21:37:22 | INFO: Blender create Mesh node cuboid.213
21:37:22 | INFO: Blender create Mesh node cuboid.214
21:37:22 | INFO: Blender create Mesh node Fixed_water_pipe
21:37:22 | INFO: Blender create Mesh node Fixed_water_pipe.001
21:37:22 | INFO: Blender create Mesh node cuboid.283
21:37:22 | INFO: Blender create Mesh node cylinder.052
21:37:22 | INFO: Blender create Mesh node cylinder.051
21:37:22 | INFO: Blender create Mesh node cuboid.284
21:37:22 | INFO: Blender create Mesh node cuboid.285
21:37:22 | INFO: Blender create Mesh node cuboid.077
21:37:22 | INFO: Blender create Mesh node cuboid.286
21:37:22 | INFO: Blender create Mesh node cylinder.054
21:37:22 | INFO: Blender create Mesh node cylinder.053
21:37:22 | INFO: Blender create Mesh node cuboid.287
21:37:22 | INFO: Blender create Mesh node cuboid.288
21:37:22 | INFO: Blender create Mesh node cuboid.289
21:37:22 | INFO: Blender create Mesh node cylinder.056
21:37:22 | INFO: Blender create Mesh node cylinder.055
21:37:22 | INFO: Blender create Mesh node cuboid.290
21:37:22 | INFO: Blender create Mesh node cuboid.291
21:37:22 | INFO: Blender create Mesh node cuboid.292
21:37:22 | INFO: Blender create Mesh node cylinder.058
21:37:22 | INFO: Blender create Mesh node cylinder.057
21:37:22 | INFO: Blender create Mesh node cuboid.293
21:37:22 | INFO: Blender create Mesh node cuboid.294
21:37:22 | INFO: Blender create Mesh node cuboid.295
21:37:22 | INFO: Blender create Mesh node cylinder.060
21:37:22 | INFO: Blender create Mesh node cylinder.059
21:37:22 | INFO: Blender create Mesh node cuboid.296
21:37:22 | INFO: Blender create Mesh node cuboid.297
21:37:22 | INFO: Blender create Mesh node cuboid.298
21:37:22 | INFO: Blender create Mesh node cylinder.062
21:37:22 | INFO: Blender create Mesh node cylinder.061
21:37:22 | INFO: Blender create Mesh node cuboid.299
21:37:22 | INFO: Blender create Mesh node cuboid.300
21:37:22 | INFO: Blender create Mesh node cuboid.301
21:37:22 | INFO: Blender create Mesh node cylinder.064
21:37:22 | INFO: Blender create Mesh node cylinder.063
21:37:22 | INFO: Blender create Mesh node cuboid.302
21:37:22 | INFO: Blender create Mesh node cuboid.303
21:37:22 | INFO: Blender create Mesh node cuboid.304
21:37:22 | INFO: Blender create Mesh node cylinder.066
21:37:22 | INFO: Blender create Mesh node cylinder.065
21:37:22 | INFO: Blender create Mesh node cuboid.305
21:37:22 | INFO: Blender create Mesh node cuboid.306
21:37:22 | INFO: Blender create Mesh node cuboid.307
21:37:22 | INFO: Blender create Mesh node cylinder.068
21:37:22 | INFO: Blender create Mesh node cylinder.067
21:37:22 | INFO: Blender create Mesh node cuboid.308
21:37:22 | INFO: Blender create Mesh node cuboid.309
21:37:22 | INFO: Blender create Mesh node cuboid.310
21:37:22 | INFO: Blender create Mesh node cylinder.070
21:37:22 | INFO: Blender create Mesh node cylinder.069
21:37:22 | INFO: Blender create Mesh node cuboid.311
21:37:23 | INFO: Blender create Mesh node cuboid.312
21:37:23 | INFO: Blender create Mesh node cuboid.313
21:37:23 | INFO: Blender create Mesh node cylinder.072
21:37:23 | INFO: Blender create Mesh node cylinder.071
21:37:23 | INFO: Blender create Mesh node cuboid.314
21:37:23 | INFO: Blender create Mesh node cuboid.315
21:37:23 | INFO: Blender create Mesh node cuboid.316
21:37:23 | INFO: Blender create Mesh node cylinder.074
21:37:23 | INFO: Blender create Mesh node cylinder.073
21:37:23 | INFO: Blender create Mesh node cuboid.317
21:37:23 | INFO: Blender create Mesh node cuboid.318
21:37:23 | INFO: Blender create Mesh node cuboid.319
21:37:23 | INFO: Blender create Mesh node cylinder.076
21:37:23 | INFO: Blender create Mesh node cylinder.075
21:37:23 | INFO: Blender create Mesh node cuboid.320
21:37:23 | INFO: Blender create Mesh node cuboid.321
21:37:23 | INFO: Blender create Mesh node cuboid.322
21:37:23 | INFO: Blender create Mesh node cylinder.078
21:37:23 | INFO: Blender create Mesh node cylinder.077
21:37:23 | INFO: Blender create Mesh node cuboid.323
21:37:23 | INFO: Blender create Mesh node cuboid.324
21:37:23 | INFO: Blender create Mesh node cuboid.325
21:37:23 | INFO: Blender create Mesh node cylinder.080
21:37:23 | INFO: Blender create Mesh node cylinder.079
21:37:23 | INFO: Blender create Mesh node cuboid.326
21:37:23 | INFO: Blender create Mesh node cuboid.327
21:37:23 | INFO: Blender create Mesh node cuboid.328
21:37:23 | INFO: Blender create Mesh node cylinder.082
21:37:23 | INFO: Blender create Mesh node cylinder.081
21:37:23 | INFO: Blender create Mesh node cuboid.329
21:37:23 | INFO: Blender create Mesh node cuboid.330
21:37:23 | INFO: Blender create Mesh node cuboid.331
21:37:23 | INFO: Blender create Mesh node cylinder.084
21:37:23 | INFO: Blender create Mesh node cylinder.083
21:37:23 | INFO: Blender create Mesh node cuboid.332
21:37:23 | INFO: Blender create Mesh node cuboid.333
21:37:23 | INFO: Blender create Mesh node cuboid.334
21:37:23 | INFO: Blender create Mesh node cylinder.086
21:37:23 | INFO: Blender create Mesh node cylinder.085
21:37:23 | INFO: Blender create Mesh node cuboid.335
21:37:23 | INFO: Blender create Mesh node cuboid.336
21:37:23 | INFO: Blender create Mesh node cuboid.337
21:37:23 | INFO: Blender create Mesh node cylinder.088
21:37:23 | INFO: Blender create Mesh node cylinder.087
21:37:23 | INFO: Blender create Mesh node cuboid.338
21:37:23 | INFO: Blender create Mesh node cuboid.339
21:37:23 | INFO: Blender create Mesh node cuboid.340
21:37:23 | INFO: Blender create Mesh node cylinder.090
21:37:23 | INFO: Blender create Mesh node cylinder.089
21:37:23 | INFO: Blender create Mesh node cuboid.341
21:37:23 | INFO: Blender create Mesh node cuboid.342
21:37:23 | INFO: Blender create Mesh node cuboid.343
21:37:23 | INFO: Blender create Mesh node cylinder.092
21:37:23 | INFO: Blender create Mesh node cylinder.091
21:37:23 | INFO: Blender create Mesh node cuboid.344
21:37:23 | INFO: Blender create Mesh node cuboid.345
21:37:23 | INFO: Blender create Mesh node cuboid.346
21:37:23 | INFO: Blender create Mesh node cylinder.094
21:37:23 | INFO: Blender create Mesh node cylinder.093
21:37:23 | INFO: Blender create Mesh node cuboid.347
21:37:23 | INFO: Blender create Mesh node cuboid.348
21:37:23 | INFO: Blender create Mesh node cuboid.349
21:37:23 | INFO: Blender create Mesh node cylinder.096
21:37:23 | INFO: Blender create Mesh node cylinder.095
21:37:23 | INFO: Blender create Mesh node cuboid.350
21:37:23 | INFO: Blender create Mesh node cuboid.351
21:37:23 | INFO: Blender create Mesh node cuboid.352
21:37:23 | INFO: Blender create Mesh node cylinder.098
21:37:23 | INFO: Blender create Mesh node cylinder.097
21:37:23 | INFO: Blender create Mesh node cuboid.353
21:37:23 | INFO: Blender create Mesh node cuboid.354
21:37:23 | INFO: Blender create Mesh node cuboid.355
21:37:23 | INFO: Blender create Mesh node cylinder.100
21:37:23 | INFO: Blender create Mesh node cylinder.099
21:37:23 | INFO: Blender create Mesh node cuboid.356
21:37:23 | INFO: Blender create Mesh node cuboid.357
21:37:23 | INFO: Blender create Mesh node cuboid.358
21:37:23 | INFO: Blender create Mesh node cylinder.102
21:37:23 | INFO: Blender create Mesh node cylinder.101
21:37:23 | INFO: Blender create Mesh node cuboid.359
21:37:23 | INFO: Blender create Mesh node cuboid.360
21:37:23 | INFO: Blender create Mesh node cuboid.361
21:37:23 | INFO: Blender create Mesh node cylinder.104
21:37:23 | INFO: Blender create Mesh node cylinder.103
21:37:23 | INFO: Blender create Mesh node cuboid.362
21:37:23 | INFO: Blender create Mesh node cuboid.363
21:37:23 | INFO: glTF import finished in 1.32s
FRESH_GLB_VALID {"fresh_import": true, "mesh_objects": 820, "triangles": 1779610, "materials": 26, "min": [-285.0, -393.0, -21.0], "max": [455.0, 257.0, 15.0], "required_zones": {"01_": true, "02_": true, "03_": true, "04_05_": true, "06_": true, "07_": true, "08_": true, "09_": true, "10_": true}, "animation": "Static environment only"}
00:06.187  render           | Saved: 'C:\Users\ljh\tralalero Shooter\outputs\reststop-blender-v2-2026-09-23\fresh-glb-overview.png'
Info: Saved as "reststop-v2-environment-reimport.blend"
Blender 5.2.1 LTS (hash 9e2066aef7ef built 2026-08-25 02:38:20)

Blender quit
