TASK UV RASTER: independent barycentric math, no NVIDIA raster library imported
[SPARSE] Conv backend: flex_gemm; Attention backend: flash_attn
[ATTENTION] Using backend: sdpa
mmgp not installed
Loading Image Cond model ...
Loading Sparse Structure model ...
[Sparse HoleFill] Batch 0: Found 23 holes before filling.
[Sparse HoleFill] Batch 0: 23 holes filled, 0 remain after filling.
Loading Shape Slat Flow 1024 model ...
Loading Shape Slat decoder model ...
Num Tokens: 9039
Loading Shape Slat Flow 1024 model ...
Loading Shape Slat decoder model ...
Not building BVH : only used for texturing
Reconstructing mesh ...
Dual Contouring ...
Quad Topology ...
Re-indexing vertices ...
Removing Inner Layer for 9642120 quads ...
Re-indexing vertices after quad filtering ...
Triangulation ...
Removing floater ...
Current faces: 7332854
After removing floater: 6937840
After reconstruction: 3575777 vertices, 6937840 faces
Current Faces Number: 6937840
941 holes found
Current Faces Number: 2180426
Intersect QEF computation took 5.18 seconds.
Face QEF computation took 1.51 seconds.
Boundary QEF computation took 0.16 seconds.
Dual vertices computation took 1.01 seconds.
Loading Image Cond model ...
Converting mesh to flexible dual grid ...
Loading Shape Slat Encoder model ...
Loading Texture Slat Flow 1024 model ...
Loading Texture Slat decoder model ...
Unwrapping mesh ...
Get 7580 clusters after fast clustering
Finalizing mesh ...
Loading Image Cond model ...
Loading Sparse Structure model ...
[Sparse HoleFill] Batch 0: Found 19 holes before filling.
[Sparse HoleFill] Batch 0: 19 holes filled, 0 remain after filling.
Loading Shape Slat Flow 1024 model ...
Loading Shape Slat decoder model ...
Num Tokens: 15475
Loading Shape Slat Flow 1024 model ...
Loading Shape Slat decoder model ...
Not building BVH : only used for texturing
Reconstructing mesh ...
Dual Contouring ...
Quad Topology ...
Re-indexing vertices ...
Removing Inner Layer for 16316674 quads ...
Re-indexing vertices after quad filtering ...
Triangulation ...
Removing floater ...
Current faces: 8285756
After removing floater: 7717070
After reconstruction: 3988321 vertices, 7717070 faces
Current Faces Number: 7717070
1018 holes found
Current Faces Number: 2344822
Intersect QEF computation took 2.85 seconds.
Face QEF computation took 0.65 seconds.
Boundary QEF computation took 0.10 seconds.
Dual vertices computation took 0.82 seconds.
Loading Image Cond model ...
Converting mesh to flexible dual grid ...
Loading Shape Slat Encoder model ...
Loading Texture Slat decoder model ...
Unwrapping mesh ...
Get 8856 clusters after fast clustering
