
━━━━━━━━━━━━━━━━━━━━━━━━━━━━━━━━━━━━━━━━━━━━━━━━━━━━━━━━━━━━━━━━
  SA3 → TFLite/CPU  text-to-audio
━━━━━━━━━━━━━━━━━━━━━━━━━━━━━━━━━━━━━━━━━━━━━━━━━━━━━━━━━━━━━━━━
       prompt  'Instrumental soundtrack for a whimsical spooky cartoon arcade game, 75 BPM, gentle eerie music box and soft celesta, slightly detuned felt piano, a memorable original minor-key melody, quiet rounded plucked bass, subtle brushed percussion, mysterious and mischievous rather than frightening, nostalgic toy theatre, warm low end, spacious but clear mix, steady looping groove, no big finale'
   neg prompt  'vocals, singing, speech, lyrics, harsh distortion, loud impacts, abrupt ending'
          dit  sm-music       decoder  same-s     precision  fp32       threads  8
         σmax  1.00           cfg  1.5  (apg=1.0, batched CFG)
      seconds  64.0s         steps  8          seed  26091401
        T_lat  690 (64.09s → trimmed to 64.00s)

  [1/3] T5Gemma (tokenize + encode)
INFO: Created TensorFlow Lite XNNPACK delegate for CPU.
  [1/3] T5Gemma (tokenize + encode) ····················  2099 ms
        t5_hidden (1, 256, 768)   mask sum=74   neg (prompt)
  [2/3] DiT — load + sample (8 steps, σmax=1.00)
        loading baked DiT sm-music ...
        load 6.0s   CFG batched (1× batch=2 invoke/step)
        schedule  1.000 · 0.994 · 0.984 · 0.958 · 0.891 · 0.746 · 0.512 · 0.274 · 0.000
        sampling step 1/8  10129 ms
        sampling step 2/8  5571 ms
        sampling step 3/8  5592 ms
        sampling step 4/8  5520 ms
        sampling step 5/8  5744 ms
        sampling step 6/8  5775 ms
        sampling step 7/8  6153 ms
        sampling step 8/8  6008 ms
  [2/3] DiT — load + sample (8 steps, σmax=1.00) ······· 56506 ms
        sample 50492 ms  (6311 ms/step, 16 forwards)   latents (1, 256, 690)
  [3/3] Decoder (same-s, audio-out) + WAV
        loading baked decoder same-s ...
        load 21 ms
        whole decode ...
  [3/3] Decoder (same-s, audio-out) + WAV ··············  7190 ms
        decode whole  7169 ms   audio (2, 2822400)   peak 0.898 rms 0.128

━━━━━━━━━━━━━━━━━━━━━━━━━━━━━━━━━━━━━━━━━━━━━━━━━━━━━━━━━━━━━━━━
  done   67.48s wall  →  64.0s audio  →  0.95× realtime   seed 26091401
  ▸ saved  C:\Users\ljh\tralalero Shooter\map-concepts\mobile-presentation-2026-09-14\audio\a_midnight_tide.wav
━━━━━━━━━━━━━━━━━━━━━━━━━━━━━━━━━━━━━━━━━━━━━━━━━━━━━━━━━━━━━━━━
