
━━━━━━━━━━━━━━━━━━━━━━━━━━━━━━━━━━━━━━━━━━━━━━━━━━━━━━━━━━━━━━━━
  SA3 → TFLite/CPU  text-to-audio
━━━━━━━━━━━━━━━━━━━━━━━━━━━━━━━━━━━━━━━━━━━━━━━━━━━━━━━━━━━━━━━━
       prompt  'Original instrumental looping background soundtrack for a whimsical shark arcade game, 92 BPM, curious lantern-lit night market, bamboo flute fragments, plucked zither, pizzicato strings, soft wooden percussion, pentatonic minor motif, mischievous rhythmic groove, clear uncluttered mix leaving room for game effects, stable musical pulse, evolving small motifs, seamless loop feel, no intro silence, no big finale'
   neg prompt  'vocals, singing, speech, lyrics, harsh distortion, loud impacts, abrupt ending'
          dit  sm-music       decoder  same-s     precision  fp32       threads  8
         σmax  1.00           cfg  1.5  (apg=1.0, batched CFG)
      seconds  64.0s         steps  8          seed  26091422
        T_lat  690 (64.09s → trimmed to 64.00s)

  [1/3] T5Gemma (tokenize + encode)
INFO: Created TensorFlow Lite XNNPACK delegate for CPU.
  [1/3] T5Gemma (tokenize + encode) ····················   915 ms
        t5_hidden (1, 256, 768)   mask sum=79   neg (prompt)
  [2/3] DiT — load + sample (8 steps, σmax=1.00)
        loading baked DiT sm-music ...
        load 0.9s   CFG batched (1× batch=2 invoke/step)
        schedule  1.000 · 0.994 · 0.984 · 0.958 · 0.891 · 0.746 · 0.512 · 0.274 · 0.000
        sampling step 1/8  6714 ms
        sampling step 2/8  3405 ms
        sampling step 3/8  3388 ms
        sampling step 4/8  3370 ms
        sampling step 5/8  3375 ms
        sampling step 6/8  3374 ms
        sampling step 7/8  3388 ms
        sampling step 8/8  3373 ms
  [2/3] DiT — load + sample (8 steps, σmax=1.00) ······· 31314 ms
        sample 30386 ms  (3798 ms/step, 16 forwards)   latents (1, 256, 690)
  [3/3] Decoder (same-s, audio-out) + WAV
        loading baked decoder same-s ...
        load 1 ms
        whole decode ...
  [3/3] Decoder (same-s, audio-out) + WAV ··············  4490 ms
        decode whole  4489 ms   audio (2, 2822400)   peak 1.314 rms 0.129

━━━━━━━━━━━━━━━━━━━━━━━━━━━━━━━━━━━━━━━━━━━━━━━━━━━━━━━━━━━━━━━━
  done   37.44s wall  →  64.0s audio  →  1.71× realtime   seed 26091422
  ▸ saved  C:\Users\ljh\tralalero Shooter\map-concepts\combat-feedback-2026-09-14\audio\candidates\02_lantern_market.wav
━━━━━━━━━━━━━━━━━━━━━━━━━━━━━━━━━━━━━━━━━━━━━━━━━━━━━━━━━━━━━━━━
