
━━━━━━━━━━━━━━━━━━━━━━━━━━━━━━━━━━━━━━━━━━━━━━━━━━━━━━━━━━━━━━━━
  SA3 → TFLite/CPU  text-to-audio
━━━━━━━━━━━━━━━━━━━━━━━━━━━━━━━━━━━━━━━━━━━━━━━━━━━━━━━━━━━━━━━━
       prompt  'Original instrumental looping background soundtrack for a whimsical shark arcade game, 104 BPM, mysterious midnight highway, analog synth arpeggios, airy electric piano, shimmering pads, pulsing warm bass, restrained electronic drums, hypnotic minor-key driving motif, clear uncluttered mix leaving room for game effects, stable musical pulse, evolving small motifs, seamless loop feel, no intro silence, no big finale'
   neg prompt  'vocals, singing, speech, lyrics, harsh distortion, loud impacts, abrupt ending'
          dit  sm-music       decoder  same-s     precision  fp32       threads  8
         σmax  1.00           cfg  1.5  (apg=1.0, batched CFG)
      seconds  64.0s         steps  8          seed  26091423
        T_lat  690 (64.09s → trimmed to 64.00s)

  [1/3] T5Gemma (tokenize + encode)
INFO: Created TensorFlow Lite XNNPACK delegate for CPU.
  [1/3] T5Gemma (tokenize + encode) ····················   904 ms
        t5_hidden (1, 256, 768)   mask sum=82   neg (prompt)
  [2/3] DiT — load + sample (8 steps, σmax=1.00)
        loading baked DiT sm-music ...
        load 0.9s   CFG batched (1× batch=2 invoke/step)
        schedule  1.000 · 0.994 · 0.984 · 0.958 · 0.891 · 0.746 · 0.512 · 0.274 · 0.000
        sampling step 1/8  6448 ms
        sampling step 2/8  3381 ms
        sampling step 3/8  3366 ms
        sampling step 4/8  3523 ms
        sampling step 5/8  3613 ms
        sampling step 6/8  3570 ms
        sampling step 7/8  3423 ms
        sampling step 8/8  3425 ms
  [2/3] DiT — load + sample (8 steps, σmax=1.00) ······· 31684 ms
        sample 30748 ms  (3843 ms/step, 16 forwards)   latents (1, 256, 690)
  [3/3] Decoder (same-s, audio-out) + WAV
        loading baked decoder same-s ...
        load 1 ms
        whole decode ...
  [3/3] Decoder (same-s, audio-out) + WAV ··············  4489 ms
        decode whole  4489 ms   audio (2, 2822400)   peak 0.996 rms 0.127

━━━━━━━━━━━━━━━━━━━━━━━━━━━━━━━━━━━━━━━━━━━━━━━━━━━━━━━━━━━━━━━━
  done   37.78s wall  →  64.0s audio  →  1.69× realtime   seed 26091423
  ▸ saved  C:\Users\ljh\tralalero Shooter\map-concepts\combat-feedback-2026-09-14\audio\candidates\03_starlit_highway.wav
━━━━━━━━━━━━━━━━━━━━━━━━━━━━━━━━━━━━━━━━━━━━━━━━━━━━━━━━━━━━━━━━
