
━━━━━━━━━━━━━━━━━━━━━━━━━━━━━━━━━━━━━━━━━━━━━━━━━━━━━━━━━━━━━━━━
  SA3 → TFLite/CPU  text-to-audio
━━━━━━━━━━━━━━━━━━━━━━━━━━━━━━━━━━━━━━━━━━━━━━━━━━━━━━━━━━━━━━━━
       prompt  'Original instrumental looping background soundtrack for a whimsical shark arcade game, 86 BPM, enchanted abandoned roadside cafe, slightly detuned music box, vibraphone and pizzicato double bass, ticking rim percussion, playful chromatic question-answer melody, intimate dreamlike atmosphere, clear uncluttered mix leaving room for game effects, stable musical pulse, evolving small motifs, seamless loop feel, no intro silence, no big finale'
   neg prompt  'vocals, singing, speech, lyrics, harsh distortion, loud impacts, abrupt ending'
          dit  sm-music       decoder  same-s     precision  fp32       threads  8
         σmax  1.00           cfg  1.5  (apg=1.0, batched CFG)
      seconds  64.0s         steps  8          seed  26091424
        T_lat  690 (64.09s → trimmed to 64.00s)

  [1/3] T5Gemma (tokenize + encode)
INFO: Created TensorFlow Lite XNNPACK delegate for CPU.
  [1/3] T5Gemma (tokenize + encode) ····················   913 ms
        t5_hidden (1, 256, 768)   mask sum=83   neg (prompt)
  [2/3] DiT — load + sample (8 steps, σmax=1.00)
        loading baked DiT sm-music ...
        load 1.0s   CFG batched (1× batch=2 invoke/step)
        schedule  1.000 · 0.994 · 0.984 · 0.958 · 0.891 · 0.746 · 0.512 · 0.274 · 0.000
        sampling step 1/8  6474 ms
        sampling step 2/8  3392 ms
        sampling step 3/8  3381 ms
        sampling step 4/8  3375 ms
        sampling step 5/8  3393 ms
        sampling step 6/8  3376 ms
        sampling step 7/8  3370 ms
        sampling step 8/8  3361 ms
  [2/3] DiT — load + sample (8 steps, σmax=1.00) ······· 31075 ms
        sample 30122 ms  (3765 ms/step, 16 forwards)   latents (1, 256, 690)
  [3/3] Decoder (same-s, audio-out) + WAV
        loading baked decoder same-s ...
        load 1 ms
        whole decode ...
  [3/3] Decoder (same-s, audio-out) + WAV ··············  4494 ms
        decode whole  4493 ms   audio (2, 2822400)   peak 1.062 rms 0.119

━━━━━━━━━━━━━━━━━━━━━━━━━━━━━━━━━━━━━━━━━━━━━━━━━━━━━━━━━━━━━━━━
  done   37.19s wall  →  64.0s audio  →  1.72× realtime   seed 26091424
  ▸ saved  C:\Users\ljh\tralalero Shooter\map-concepts\combat-feedback-2026-09-14\audio\candidates\04_clockwork_rest_stop.wav
━━━━━━━━━━━━━━━━━━━━━━━━━━━━━━━━━━━━━━━━━━━━━━━━━━━━━━━━━━━━━━━━
