
━━━━━━━━━━━━━━━━━━━━━━━━━━━━━━━━━━━━━━━━━━━━━━━━━━━━━━━━━━━━━━━━
  SA3 → TFLite/CPU  text-to-audio
━━━━━━━━━━━━━━━━━━━━━━━━━━━━━━━━━━━━━━━━━━━━━━━━━━━━━━━━━━━━━━━━
       prompt  'Original instrumental looping background soundtrack for a whimsical shark arcade game, 72 BPM, magical ocean observatory, haunting soft flute, glass bells, slowly shifting orchestral strings, gently plucked harp, restrained deep toms, mysterious hopeful modal melody, wide open space, clear uncluttered mix leaving room for game effects, stable musical pulse, evolving small motifs, seamless loop feel, no intro silence, no big finale'
   neg prompt  'vocals, singing, speech, lyrics, harsh distortion, loud impacts, abrupt ending'
          dit  sm-music       decoder  same-s     precision  fp32       threads  8
         σmax  1.00           cfg  1.5  (apg=1.0, batched CFG)
      seconds  64.0s         steps  8          seed  26091425
        T_lat  690 (64.09s → trimmed to 64.00s)

  [1/3] T5Gemma (tokenize + encode)
INFO: Created TensorFlow Lite XNNPACK delegate for CPU.
  [1/3] T5Gemma (tokenize + encode) ····················   922 ms
        t5_hidden (1, 256, 768)   mask sum=81   neg (prompt)
  [2/3] DiT — load + sample (8 steps, σmax=1.00)
        loading baked DiT sm-music ...
        load 1.0s   CFG batched (1× batch=2 invoke/step)
        schedule  1.000 · 0.994 · 0.984 · 0.958 · 0.891 · 0.746 · 0.512 · 0.274 · 0.000
        sampling step 1/8  6460 ms
        sampling step 2/8  3449 ms
        sampling step 3/8  3357 ms
        sampling step 4/8  3360 ms
        sampling step 5/8  3368 ms
        sampling step 6/8  3359 ms
        sampling step 7/8  3486 ms
        sampling step 8/8  3531 ms
  [2/3] DiT — load + sample (8 steps, σmax=1.00) ······· 31326 ms
        sample 30370 ms  (3796 ms/step, 16 forwards)   latents (1, 256, 690)
  [3/3] Decoder (same-s, audio-out) + WAV
        loading baked decoder same-s ...
        load 1 ms
        whole decode ...
  [3/3] Decoder (same-s, audio-out) + WAV ··············  4472 ms
        decode whole  4471 ms   audio (2, 2822400)   peak 1.111 rms 0.126

━━━━━━━━━━━━━━━━━━━━━━━━━━━━━━━━━━━━━━━━━━━━━━━━━━━━━━━━━━━━━━━━
  done   37.42s wall  →  64.0s audio  →  1.71× realtime   seed 26091425
  ▸ saved  C:\Users\ljh\tralalero Shooter\map-concepts\combat-feedback-2026-09-14\audio\candidates\05_tidal_observatory.wav
━━━━━━━━━━━━━━━━━━━━━━━━━━━━━━━━━━━━━━━━━━━━━━━━━━━━━━━━━━━━━━━━
