APP_STAGE Import source GLB
09:41:16 | INFO: Data are loaded, start creating Blender stuff
09:41:16 | INFO: Blender create Mesh node geometry_0
09:41:16 | INFO: glTF import finished in 0.09s
Warning: No mesh data to join
APP_STAGE Clean mesh
APP_STAGE Reduce triangle count
APP_STAGE Unwrap UV atlas
APP_STAGE Bake BaseColor
Blender 4.4.0 (hash 05377985c527 built 2025-03-18 03:22:03)
Fra:1 Mem:485.10M (Peak 516.70M) | Time:01:19:12.71 | Mem:0.00M, Peak:0.00M | Scene | Synchronizing object | Detailed_Source
Fra:1 Mem:503.22M (Peak 530.13M) | Time:01:19:12.74 | Mem:0.00M, Peak:0.00M | Scene | Initializing
Fra:1 Mem:503.21M (Peak 530.13M) | Time:01:19:12.75 | Mem:0.00M, Peak:0.00M | Scene | Updating Images | Loading BaseColor
Fra:1 Mem:503.21M (Peak 530.13M) | Time:01:19:12.75 | Mem:0.00M, Peak:0.00M | Scene | Updating Images | Loading Image_1
Info: Baking map saved to internal image, save it externally or pack it
APP_STAGE Bake Roughness
Fra:1 Mem:488.11M (Peak 1132.13M) | Time:01:19:14.69 | Mem:0.00M, Peak:0.00M | Scene | Synchronizing object | Detailed_Source
Fra:1 Mem:503.24M (Peak 1132.13M) | Time:01:19:14.72 | Mem:0.00M, Peak:0.00M | Scene | Initializing
Fra:1 Mem:503.24M (Peak 1132.13M) | Time:01:19:14.72 | Mem:0.00M, Peak:0.00M | Scene | Updating Images | Loading Roughness
Fra:1 Mem:503.24M (Peak 1132.13M) | Time:01:19:14.72 | Mem:0.00M, Peak:0.00M | Scene | Updating Images | Loading Image_0
Fra:1 Mem:519.24M (Peak 1132.13M) | Time:01:19:14.72 | Mem:0.00M, Peak:0.00M | Scene | Updating Images | Loading Image_1
Info: Baking map saved to internal image, save it externally or pack it
APP_STAGE Bake Metallic
Fra:1 Mem:488.13M (Peak 1132.15M) | Time:01:19:16.42 | Mem:0.00M, Peak:0.00M | Scene | Synchronizing object | Detailed_Source
Fra:1 Mem:503.26M (Peak 1132.15M) | Time:01:19:16.45 | Mem:0.00M, Peak:0.00M | Scene | Initializing
Fra:1 Mem:503.26M (Peak 1132.15M) | Time:01:19:16.45 | Mem:0.00M, Peak:0.00M | Scene | Updating Images | Loading Metallic
Fra:1 Mem:503.26M (Peak 1132.15M) | Time:01:19:16.45 | Mem:0.00M, Peak:0.00M | Scene | Updating Images | Loading Image_0
Fra:1 Mem:519.26M (Peak 1132.15M) | Time:01:19:16.45 | Mem:0.00M, Peak:0.00M | Scene | Updating Images | Loading Image_1
Info: Baking map saved to internal image, save it externally or pack it
APP_STAGE Bake Normal
Fra:1 Mem:488.14M (Peak 1132.17M) | Time:01:19:18.08 | Mem:0.00M, Peak:0.00M | Scene | Synchronizing object | Detailed_Source
Fra:1 Mem:505.74M (Peak 1132.17M) | Time:01:19:18.11 | Mem:0.00M, Peak:0.00M | Scene | Initializing
Fra:1 Mem:505.74M (Peak 1132.17M) | Time:01:19:18.11 | Mem:0.00M, Peak:0.00M | Scene | Updating Images | Loading Normal
Fra:1 Mem:505.74M (Peak 1132.17M) | Time:01:19:18.11 | Mem:0.00M, Peak:0.00M | Scene | Updating Images | Loading Image_0
Fra:1 Mem:521.74M (Peak 1132.17M) | Time:01:19:18.11 | Mem:0.00M, Peak:0.00M | Scene | Updating Images | Loading Image_1
Info: Baking map saved to internal image, save it externally or pack it
APP_STAGE Export FBX and GLB

FBX export starting... 'C:\\Users\\ljh\\tralalero Shooter\\outputs\\harbor-opening-refinement-2026-09-16\\trellis\\01-workshop_10dc47a4a1\\model.fbx'
export finished in 0.0418 sec.
INFO Draco mesh compression is available, use library at C:\Program Files\Blender Foundation\Blender 4.4\4.4\scripts\addons_core\io_scene_gltf2\extern_draco.dll
09:41:28 | INFO: Starting glTF 2.0 export
09:41:28 | INFO: Extracting primitive: geometry_0.001
09:41:29 | WARNING: More than one shader node tex image used for a texture. The resulting glTF sampler will behave like the first shader node tex image.
09:41:29 | INFO: Primitives created: 1
09:41:29 | INFO: Finished glTF 2.0 export in 0.2968006134033203 s

APP_STAGE Render preview
Fra:1 Mem:120.34M (Peak 184.07M) | Time:00:00.00 | Mem:0.00M, Peak:0.00M | Scene, ViewLayer | Synchronizing object | Asset_Optimized
Fra:1 Mem:124.26M (Peak 184.07M) | Time:00:00.00 | Mem:0.00M, Peak:0.00M | Scene, ViewLayer | Initializing
Fra:1 Mem:124.02M (Peak 184.07M) | Time:00:00.00 | Mem:0.00M, Peak:0.00M | Scene, ViewLayer | Waiting for render to start
Fra:1 Mem:124.02M (Peak 184.07M) | Time:00:00.00 | Mem:0.00M, Peak:0.00M | Scene, ViewLayer | Loading render kernels (may take a few minutes the first time)
Fra:1 Mem:124.02M (Peak 184.07M) | Time:00:00.00 | Mem:0.00M, Peak:0.00M | Scene, ViewLayer | Updating Scene
Fra:1 Mem:124.02M (Peak 184.07M) | Time:00:00.00 | Mem:0.00M, Peak:0.00M | Scene, ViewLayer | Updating Shaders
Fra:1 Mem:124.10M (Peak 184.07M) | Time:00:00.01 | Mem:0.00M, Peak:0.00M | Scene, ViewLayer | Updating Procedurals
Fra:1 Mem:124.10M (Peak 184.07M) | Time:00:00.01 | Mem:0.00M, Peak:0.00M | Scene, ViewLayer | Updating Background
Fra:1 Mem:124.10M (Peak 184.07M) | Time:00:00.01 | Mem:0.00M, Peak:0.00M | Scene, ViewLayer | Updating Camera
Fra:1 Mem:124.10M (Peak 184.07M) | Time:00:00.01 | Mem:0.00M, Peak:0.00M | Scene, ViewLayer | Updating Meshes Flags
Fra:1 Mem:124.10M (Peak 184.07M) | Time:00:00.01 | Mem:0.00M, Peak:0.00M | Scene, ViewLayer | Updating Objects
Fra:1 Mem:124.10M (Peak 184.07M) | Time:00:00.01 | Mem:0.00M, Peak:0.00M | Scene, ViewLayer | Updating Objects | Copying Transformations to device
Fra:1 Mem:124.10M (Peak 184.07M) | Time:00:00.01 | Mem:0.00M, Peak:0.00M | Scene, ViewLayer | Updating Objects | Applying Static Transformations
Fra:1 Mem:124.10M (Peak 184.07M) | Time:00:00.01 | Mem:0.00M, Peak:0.00M | Scene, ViewLayer | Updating Particle Systems
Fra:1 Mem:124.10M (Peak 184.07M) | Time:00:00.01 | Mem:0.00M, Peak:0.00M | Scene, ViewLayer | Updating Particle Systems | Copying Particles to device
Fra:1 Mem:124.10M (Peak 184.07M) | Time:00:00.01 | Mem:0.00M, Peak:0.00M | Scene, ViewLayer | Updating Meshes
Fra:1 Mem:124.48M (Peak 184.07M) | Time:00:00.01 | Mem:0.00M, Peak:0.00M | Scene, ViewLayer | Updating Mesh | Computing attributes
Fra:1 Mem:126.49M (Peak 184.07M) | Time:00:00.01 | Mem:0.00M, Peak:0.00M | Scene, ViewLayer | Updating Mesh | Copying Attributes to device
Fra:1 Mem:126.49M (Peak 184.07M) | Time:00:00.01 | Mem:2.01M, Peak:2.01M | Scene, ViewLayer | Updating Scene BVH | Building
Fra:1 Mem:126.49M (Peak 184.07M) | Time:00:00.01 | Mem:2.01M, Peak:2.01M | Scene, ViewLayer | Updating Scene BVH | Building BVH
Fra:1 Mem:126.49M (Peak 184.07M) | Time:00:00.01 | Mem:2.77M, Peak:2.77M | Scene, ViewLayer | Updating Scene BVH | Building BVH 0%
Fra:1 Mem:126.49M (Peak 184.07M) | Time:00:00.01 | Mem:3.67M, Peak:4.42M | Scene, ViewLayer | Updating Scene BVH | Copying BVH to device
Fra:1 Mem:126.49M (Peak 184.07M) | Time:00:00.01 | Mem:3.67M, Peak:4.42M | Scene, ViewLayer | Updating Mesh | Computing normals
Fra:1 Mem:127.80M (Peak 184.07M) | Time:00:00.01 | Mem:3.67M, Peak:4.42M | Scene, ViewLayer | Updating Mesh | Copying Mesh to device
Fra:1 Mem:127.80M (Peak 184.07M) | Time:00:00.01 | Mem:4.98M, Peak:4.98M | Scene, ViewLayer | Updating Objects Flags
Fra:1 Mem:127.80M (Peak 184.07M) | Time:00:00.01 | Mem:4.98M, Peak:4.98M | Scene, ViewLayer | Updating Primitive Offsets
Fra:1 Mem:127.80M (Peak 184.07M) | Time:00:00.01 | Mem:4.98M, Peak:4.98M | Scene, ViewLayer | Updating Images
Fra:1 Mem:127.80M (Peak 184.07M) | Time:00:00.01 | Mem:4.98M, Peak:4.98M | Scene, ViewLayer | Updating Images | Loading Normal.png
Fra:1 Mem:127.80M (Peak 184.07M) | Time:00:00.01 | Mem:4.98M, Peak:4.98M | Scene, ViewLayer | Updating Images | Loading Metallic.png
Fra:1 Mem:143.80M (Peak 184.07M) | Time:00:00.01 | Mem:4.98M, Peak:4.98M | Scene, ViewLayer | Updating Images | Loading Roughness.png
Fra:1 Mem:191.81M (Peak 191.81M) | Time:00:00.06 | Mem:68.98M, Peak:68.98M | Scene, ViewLayer | Updating Camera Volume
Fra:1 Mem:191.81M (Peak 191.81M) | Time:00:00.06 | Mem:68.98M, Peak:68.98M | Scene, ViewLayer | Updating Lookup Tables
Fra:1 Mem:191.81M (Peak 191.81M) | Time:00:00.06 | Mem:69.06M, Peak:69.06M | Scene, ViewLayer | Updating Lights
Fra:1 Mem:191.81M (Peak 191.81M) | Time:00:00.06 | Mem:69.06M, Peak:69.06M | Scene, ViewLayer | Updating Lights | Computing tree
Fra:1 Mem:191.81M (Peak 191.81M) | Time:00:00.06 | Mem:69.06M, Peak:69.06M | Scene, ViewLayer | Updating Integrator
Fra:1 Mem:191.81M (Peak 191.81M) | Time:00:00.06 | Mem:69.06M, Peak:69.06M | Scene, ViewLayer | Updating Film
Fra:1 Mem:191.82M (Peak 191.82M) | Time:00:00.06 | Mem:68.98M, Peak:69.06M | Scene, ViewLayer | Updating Lookup Tables
Fra:1 Mem:191.82M (Peak 191.82M) | Time:00:00.06 | Mem:69.07M, Peak:69.07M | Scene, ViewLayer | Updating Baking
Fra:1 Mem:191.82M (Peak 191.82M) | Time:00:00.06 | Mem:69.07M, Peak:69.07M | Scene, ViewLayer | Updating Device | Writing constant memory
Fra:1 Mem:191.82M (Peak 191.82M) | Time:00:00.06 | Mem:69.07M, Peak:69.07M | Scene, ViewLayer | Loading denoising kernels (may take a few minutes the first time)
Fra:1 Mem:191.82M (Peak 191.82M) | Time:00:00.06 | Mem:69.07M, Peak:69.07M | Scene, ViewLayer | Sample 0/24
Fra:1 Mem:244.98M (Peak 244.98M) | Time:00:00.11 | Remaining:00:01.10 | Mem:121.96M, Peak:121.96M | Scene, ViewLayer | Sample 1/24
Fra:1 Mem:267.24M (Peak 300.65M) | Time:00:01.98 | Mem:121.96M, Peak:121.96M | Scene, ViewLayer | Sample 24/24
Fra:1 Mem:267.24M (Peak 300.65M) | Time:00:01.98 | Mem:121.96M, Peak:121.96M | Scene, ViewLayer | Finished
Saved: 'C:\Users\ljh\tralalero Shooter\outputs\harbor-opening-refinement-2026-09-16\trellis\01-workshop_10dc47a4a1\preview.png'
Time: 00:02.09 (Saving: 00:00.09)

Info: Packed 4 file(s)
Info: Saved "model.blend"
APP_STAGE Saved

Blender quit
APP_STAGE Verify exported FBX
FBX version: 7400
09:41:33 | INFO: Data are loaded, start creating Blender stuff
09:41:33 | INFO: Blender create Mesh node geometry_0.001
09:41:33 | INFO: glTF import finished in 0.02s
APP_STAGE Validated 24704 triangles
Blender 4.4.0 (hash 05377985c527 built 2025-03-18 03:22:03)

Blender quit
